May 24 06:49:19 ec3.stic.ull.es postfix/smtp[2607]: 76ABE1807C: to=<bcodina@ull.edu.es>, relay=localhost[127.0.0.1]:10025, delay=0.17, delays=0/0/0.04/0.13, dsn=2.0.0, status=sent (250 2.0.0 Ok: queued as 813B21807A)
May 24 06:49:19 ec3.stic.ull.es postfix/smtpd[2608]: disconnect from localhost[127.0.0.1]
May 24 06:49:19 ec3.stic.ull.es postfix/qmgr[9015]: 76ABE1807C: removed
May 24 06:49:20 ec3.stic.ull.es postfix/smtp[2610]: 813B21807A: to=<bcodina@ull.edu.es>, relay=aspmx.l.google.com[173.194.67.26]:25, delay=1.3, delays=0.13/0/0.39/0.8, dsn=2.0.0, status=sent (250 2.0.0 OK 1337838560 di2si1563025wib.1)
May 24 06:49:20 ec3.stic.ull.es postfix/qmgr[9015]: 813B21807A: removed
May 24 06:49:41 ec3.stic.ull.es postfix/smtpd[1779]: connect from systemon3.sis.ccti.ull.es[10.107.26.51]
May 24 06:49:41 ec3.stic.ull.es postfix/smtpd[1779]: disconnect from systemon3.sis.ccti.ull.es[10.107.26.51]
May 24 06:49:43 ec3.stic.ull.es postfix/smtpd[837]: connect from unknown[193.145.118.163]
May 24 06:49:43 ec3.stic.ull.es postfix/smtpd[837]: disconnect from unknown[193.145.118.163]
May 24 06:49:46 ec3.stic.ull.es postfix/smtpd[1779]: connect from unknown[193.145.118.163]
May 24 06:49:46 ec3.stic.ull.es postfix/smtpd[1779]: disconnect from unknown[193.145.118.163]
May 24 06:49:48 ec3.stic.ull.es postfix/smtpd[2134]: connect from unknown[193.145.118.163]
May 24 06:49:48 ec3.stic.ull.es postfix/smtpd[2134]: SSL_accept error from unknown[193.145.118.163]: -1
May 24 06:49:48 ec3.stic.ull.es postfix/smtpd[2134]: lost connection after CONNECT from unknown[193.145.118.163]
May 24 06:49:48 ec3.stic.ull.es postfix/smtpd[2134]: disconnect from unknown[193.145.118.163]
May 24 06:50:01 ec3.stic.ull.es postfix/smtpd[1779]: connect from systemon3.sis.ccti.ull.es[10.107.26.51]
May 24 06:50:01 ec3.stic.ull.es postfix/smtpd[1779]: disconnect from systemon3.sis.ccti.ull.es[10.107.26.51]
May 24 06:50:01 ec3.stic.ull.es postfix/smtpd[1779]: connect from unknown[10.219.4.249]
May 24 06:50:01 ec3.stic.ull.es postfix/smtpd[1779]: disconnect from unknown[10.219.4.249]
May 24 06:50:01 ec3.stic.ull.es postfix/smtpd[1779]: connect from unknown[10.219.4.249]
May 24 06:50:01 ec3.stic.ull.es postfix/smtpd[1779]: disconnect from unknown[10.219.4.249]
May 24 06:50:02 ec3.stic.ull.es postfix/smtpd[1779]: connect from unknown[10.219.4.249]
May 24 06:50:02 ec3.stic.ull.es postfix/smtpd[1779]: disconnect from unknown[10.219.4.249]
May 24 06:50:06 ec3.stic.ull.es postfix/smtpd[1779]: connect from systemon3.sis.ccti.ull.es[10.107.26.51]
May 24 06:50:06 ec3.stic.ull.es postfix/smtpd[1779]: disconnect from systemon3.sis.ccti.ull.es[10.107.26.51]
May 24 06:50:13 ec3.stic.ull.es postfix/smtpd[837]: connect from unknown[193.145.118.163]
May 24 06:50:13 ec3.stic.ull.es postfix/smtpd[837]: disconnect from unknown[193.145.118.163]
May 24 06:50:16 ec3.stic.ull.es postfix/smtpd[2720]: connect from unknown[193.145.118.163]
May 24 06:50:16 ec3.stic.ull.es postfix/smtpd[2720]: disconnect from unknown[193.145.118.163]
May 24 06:50:18 ec3.stic.ull.es postfix/smtpd[2134]: connect from unknown[193.145.118.163]
May 24 06:50:18 ec3.stic.ull.es postfix/smtpd[2134]: SSL_accept error from unknown[193.145.118.163]: -1
May 24 06:50:18 ec3.stic.ull.es postfix/smtpd[2134]: lost connection after CONNECT from unknown[193.145.118.163]
May 24 06:50:18 ec3.stic.ull.es postfix/smtpd[2134]: disconnect from unknown[193.145.118.163]
May 24 06:50:37 ec3.stic.ull.es postfix/smtpd[2720]: connect from systemon3.sis.ccti.ull.es[10.107.26.51]
May 24 06:50:37 ec3.stic.ull.es postfix/smtpd[2720]: disconnect from systemon3.sis.ccti.ull.es[10.107.26.51]
May 24 06:50:43 ec3.stic.ull.es postfix/smtpd[837]: connect from unknown[193.145.118.163]
May 24 06:50:43 ec3.stic.ull.es postfix/smtpd[837]: disconnect from unknown[193.145.118.163]
May 24 06:50:46 ec3.stic.ull.es postfix/smtpd[2720]: connect from unknown[193.145.118.163]
May 24 06:50:46 ec3.stic.ull.es postfix/smtpd[2720]: disconnect from unknown[193.145.118.163]
May 24 06:50:48 ec3.stic.ull.es postfix/smtpd[2134]: connect from unknown[193.145.118.163]
May 24 06:50:48 ec3.stic.ull.es postfix/smtpd[2134]: SSL_accept error from unknown[193.145.118.163]: -1
May 24 06:50:48 ec3.stic.ull.es postfix/smtpd[2134]: lost connection after CONNECT from unknown[193.145.118.163]
May 24 06:50:48 ec3.stic.ull.es postfix/smtpd[2134]: disconnect from unknown[193.145.118.163]
May 24 06:50:58 ec3.stic.ull.es postfix/smtpd[2720]: connect from systemon3.sis.ccti.ull.es[10.107.26.51]
May 24 06:50:58 ec3.stic.ull.es postfix/smtpd[2720]: disconnect from systemon3.sis.ccti.ull.es[10.107.26.51]
May 24 06:51:01 ec3.stic.ull.es postfix/smtpd[2720]: connect from unknown[10.219.4.249]
May 24 06:51:01 ec3.stic.ull.es postfix/smtpd[2720]: disconnect from unknown[10.219.4.249]
May 24 06:51:01 ec3.stic.ull.es postfix/smtpd[2720]: connect from unknown[10.219.4.249]
May 24 06:51:01 ec3.stic.ull.es postfix/smtpd[2720]: disconnect from unknown[10.219.4.249]
May 24 06:51:01 ec3.stic.ull.es postfix/smtpd[2720]: connect from unknown[10.219.4.249]
May 24 06:51:01 ec3.stic.ull.es postfix/smtpd[2720]: disconnect from unknown[10.219.4.249]
May 24 06:51:03 ec3.stic.ull.es postfix/smtpd[2720]: connect from mb05.sis.ccti.ull.es[10.4.9.107]
May 24 06:51:03 ec3.stic.ull.es postfix/smtpd[2720]: 3353C1807A: client=mb05.sis.ccti.ull.es[10.4.9.107]
May 24 06:51:03 ec3.stic.ull.es postfix/cleanup[2777]: 3353C1807A: message-id=<dovecot-1337838663-78891-0@mb05.sis.ccti.ull.es>
May 24 06:51:03 ec3.stic.ull.es postfix/smtpd[2720]: disconnect from mb05.sis.ccti.ull.es[10.4.9.107]
May 24 06:51:03 ec3.stic.ull.es postfix/qmgr[9015]: 3353C1807A: from=<>, size=5289, nrcpt=1 (queue active)
May 24 06:51:03 ec3.stic.ull.es postfix/pickup[2205]: 488DA1807C: uid=33 from=<MAILER-DAEMON>
May 24 06:51:03 ec3.stic.ull.es postfix/cleanup[2777]: 488DA1807C: message-id=<dovecot-1337838663-78891-0@mb05.sis.ccti.ull.es>
May 24 06:51:03 ec3.stic.ull.es postfix/qmgr[9015]: 488DA1807C: from=<>, size=5412, nrcpt=1 (queue active)
May 24 06:51:03 ec3.stic.ull.es postfix/pipe[2778]: 3353C1807A: to=<SRS0=oAOM=D4=vuestroslibros.es=boletin@puc.rediris.es>, relay=ripper, delay=0.1, delays=0.05/0/0/0.05, dsn=2.0.0, status=sent (delivered via ripper service)
May 24 06:51:03 ec3.stic.ull.es postfix/qmgr[9015]: 3353C1807A: removed
May 24 06:51:03 ec3.stic.ull.es postfix/smtpd[2783]: connect from localhost[127.0.0.1]
May 24 06:51:03 ec3.stic.ull.es postfix/smtpd[2783]: 59F2E1807A: client=localhost[127.0.0.1]
May 24 06:51:03 ec3.stic.ull.es postfix/cleanup[2777]: 59F2E1807A: message-id=<dovecot-1337838663-78891-0@mb05.sis.ccti.ull.es>
May 24 06:51:03 ec3.stic.ull.es postfix/qmgr[9015]: 59F2E1807A: from=<>, size=5625, nrcpt=1 (queue active)
May 24 06:51:03 ec3.stic.ull.es postfix/smtp[2782]: 488DA1807C: to=<SRS0=oAOM=D4=vuestroslibros.es=boletin@puc.rediris.es>, relay=localhost[127.0.0.1]:10025, delay=0.2, delays=0/0.01/0.06/0.13, dsn=2.0.0, status=sent (250 2.0.0 Ok: queued as 59F2E1807A)
May 24 06:51:03 ec3.stic.ull.es postfix/smtpd[2783]: disconnect from localhost[127.0.0.1]
May 24 06:51:03 ec3.stic.ull.es postfix/qmgr[9015]: 488DA1807C: removed
May 24 06:51:04 ec3.stic.ull.es postfix/smtp[2784]: 59F2E1807A: to=<SRS0=oAOM=D4=vuestroslibros.es=boletin@puc.rediris.es>, relay=mx01.puc.rediris.es[130.206.18.10]:25, delay=1.2, delays=0.12/0.01/0.42/0.62, dsn=2.0.0, status=sent (250 OK id=1SXQwy-00073V-6x)
May 24 06:51:04 ec3.stic.ull.es postfix/qmgr[9015]: 59F2E1807A: removed
May 24 06:51:13 ec3.stic.ull.es postfix/smtpd[837]: connect from unknown[193.145.118.163]
May 24 06:51:13 ec3.stic.ull.es postfix/smtpd[837]: disconnect from unknown[193.145.118.163]
May 24 06:51:16 ec3.stic.ull.es postfix/smtpd[2720]: connect from unknown[193.145.118.163]
May 24 06:51:16 ec3.stic.ull.es postfix/smtpd[2720]: disconnect from unknown[193.145.118.163]
May 24 06:51:18 ec3.stic.ull.es postfix/smtpd[2134]: connect from unknown[193.145.118.163]
May 24 06:51:18 ec3.stic.ull.es postfix/smtpd[2134]: SSL_accept error from unknown[193.145.118.163]: -1
May 24 06:51:18 ec3.stic.ull.es postfix/smtpd[2134]: lost connection after CONNECT from unknown[193.145.118.163]
May 24 06:51:18 ec3.stic.ull.es postfix/smtpd[2134]: disconnect from unknown[193.145.118.163]
May 24 06:51:37 ec3.stic.ull.es postfix/smtpd[2720]: connect from systemon3.sis.ccti.ull.es[10.107.26.51]
May 24 06:51:37 ec3.stic.ull.es postfix/smtpd[2720]: disconnect from systemon3.sis.ccti.ull.es[10.107.26.51]
May 24 06:51:37 ec3.stic.ull.es postfix/smtpd[2134]: connect from systemon3.sis.ccti.ull.es[10.107.26.51]
May 24 06:51:37 ec3.stic.ull.es postfix/smtpd[2134]: disconnect from systemon3.sis.ccti.ull.es[10.107.26.51]
May 24 06:51:43 ec3.stic.ull.es postfix/smtpd[837]: connect from unknown[193.145.118.163]
May 24 06:51:43 ec3.stic.ull.es postfix/smtpd[837]: disconnect from unknown[193.145.118.163]
May 24 06:51:46 ec3.stic.ull.es postfix/smtpd[2720]: connect from unknown[193.145.118.163]
May 24 06:51:46 ec3.stic.ull.es postfix/smtpd[2720]: disconnect from unknown[193.145.118.163]
May 24 06:51:48 ec3.stic.ull.es postfix/smtpd[2134]: connect from unknown[193.145.118.163]
May 24 06:51:48 ec3.stic.ull.es postfix/smtpd[2134]: SSL_accept error from unknown[193.145.118.163]: -1
May 24 06:51:48 ec3.stic.ull.es postfix/smtpd[2134]: lost connection after CONNECT from unknown[193.145.118.163]
May 24 06:51:48 ec3.stic.ull.es postfix/smtpd[2134]: disconnect from unknown[193.145.118.163]
May 24 06:52:01 ec3.stic.ull.es postfix/smtpd[2720]: connect from unknown[10.219.4.249]
May 24 06:52:01 ec3.stic.ull.es postfix/smtpd[2720]: disconnect from unknown[10.219.4.249]
May 24 06:52:01 ec3.stic.ull.es postfix/smtpd[2720]: connect from unknown[10.219.4.249]
May 24 06:52:01 ec3.stic.ull.es postfix/smtpd[2720]: disconnect from unknown[10.219.4.249]
May 24 06:52:01 ec3.stic.ull.es postfix/smtpd[2720]: connect from unknown[10.219.4.249]
May 24 06:52:01 ec3.stic.ull.es postfix/smtpd[2720]: disconnect from unknown[10.219.4.249]
May 24 06:52:01 ec3.stic.ull.es postfix/smtpd[2720]: connect from unknown[10.219.4.249]
May 24 06:52:01 ec3.stic.ull.es postfix/smtpd[2720]: disconnect from unknown[10.219.4.249]
May 24 06:52:13 ec3.stic.ull.es postfix/smtpd[837]: connect from unknown[193.145.118.163]
May 24 06:52:13 ec3.stic.ull.es postfix/smtpd[837]: disconnect from unknown[193.145.118.163]
May 24 06:52:16 ec3.stic.ull.es postfix/smtpd[2720]: connect from unknown[193.145.118.163]
May 24 06:52:16 ec3.stic.ull.es postfix/smtpd[2720]: disconnect from unknown[193.145.118.163]
May 24 06:52:18 ec3.stic.ull.es postfix/smtpd[2134]: connect from unknown[193.145.118.163]
May 24 06:52:18 ec3.stic.ull.es postfix/smtpd[2134]: SSL_accept error from unknown[193.145.118.163]: -1
May 24 06:52:18 ec3.stic.ull.es postfix/smtpd[2134]: lost connection after CONNECT from unknown[193.145.118.163]
May 24 06:52:18 ec3.stic.ull.es postfix/smtpd[2134]: disconnect from unknown[193.145.118.163]
May 24 06:52:27 ec3.stic.ull.es postfix/smtpd[2720]: connect from 228.Red-83-35-149.dynamicIP.rima-tde.net[83.35.149.228]
May 24 06:52:28 ec3.stic.ull.es postfix/smtpd[2720]: 4B4641807A: client=228.Red-83-35-149.dynamicIP.rima-tde.net[83.35.149.228], sasl_method=LOGIN, sasl_username=pglez
May 24 06:52:28 ec3.stic.ull.es postfix/cleanup[2777]: 4B4641807A: message-id=<000301cd3971$61a2a870$24e7f950$@es>
May 24 06:52:28 ec3.stic.ull.es postfix/qmgr[9015]: 4B4641807A: from=<pglez@ull.es>, size=1392, nrcpt=1 (queue active)
May 24 06:52:28 ec3.stic.ull.es postfix/pickup[2205]: C04811807C: uid=33 from=<pglez@ull.es>
May 24 06:52:28 ec3.stic.ull.es postfix/cleanup[2777]: C04811807C: message-id=<000301cd3971$61a2a870$24e7f950$@es>
May 24 06:52:28 ec3.stic.ull.es postfix/qmgr[9015]: C04811807C: from=<pglez@ull.es>, size=1506, nrcpt=1 (queue active)
May 24 06:52:28 ec3.stic.ull.es postfix/smtpd[2783]: connect from localhost[127.0.0.1]
May 24 06:52:28 ec3.stic.ull.es postfix/pipe[2778]: 4B4641807A: to=<rorive@ull.es>, relay=ripper, delay=0.61, delays=0.56/0/0/0.04, dsn=2.0.0, status=sent (delivered via ripper service)
May 24 06:52:28 ec3.stic.ull.es postfix/qmgr[9015]: 4B4641807A: removed
May 24 06:52:28 ec3.stic.ull.es postfix/smtpd[2783]: CAE811807A: client=localhost[127.0.0.1]
May 24 06:52:28 ec3.stic.ull.es postfix/cleanup[2777]: CAE811807A: message-id=<000301cd3971$61a2a870$24e7f950$@es>
May 24 06:52:28 ec3.stic.ull.es postfix/qmgr[9015]: CAE811807A: from=<pglez@ull.es>, size=1679, nrcpt=1 (queue active)
May 24 06:52:28 ec3.stic.ull.es postfix/smtp[2782]: C04811807C: to=<rorive@ull.es>, relay=localhost[127.0.0.1]:10025, delay=0.13, delays=0/0/0.04/0.08, dsn=2.0.0, status=sent (250 2.0.0 Ok: queued as CAE811807A)
May 24 06:52:28 ec3.stic.ull.es postfix/smtpd[2783]: disconnect from localhost[127.0.0.1]
May 24 06:52:28 ec3.stic.ull.es postfix/qmgr[9015]: C04811807C: removed
May 24 06:52:28 ec3.stic.ull.es postfix/smtp[2784]: CAE811807A: to=<rorive@ull.es>, relay=smtpmb.ccti.ull.es[10.4.8.40]:25, delay=0.15, delays=0.08/0/0.02/0.04, dsn=2.0.0, status=sent (250 2.0.0 Ok: queued as E61172F587)
May 24 06:52:28 ec3.stic.ull.es postfix/qmgr[9015]: CAE811807A: removed
May 24 06:52:31 ec3.stic.ull.es postfix/smtpd[2720]: disconnect from 228.Red-83-35-149.dynamicIP.rima-tde.net[83.35.149.228]
May 24 06:52:40 ec3.stic.ull.es postfix/smtpd[2720]: connect from 21.Red-83-52-73.dynamicIP.rima-tde.net[83.52.73.21]
May 24 06:52:42 ec3.stic.ull.es postfix/smtpd[2720]: 19C901807A: client=21.Red-83-52-73.dynamicIP.rima-tde.net[83.52.73.21], sasl_method=LOGIN, sasl_username=pbazom
May 24 06:52:43 ec3.stic.ull.es postfix/cleanup[2777]: 19C901807A: message-id=<005701cd3971$7137ea70$53a7bf50$@es>
May 24 06:52:43 ec3.stic.ull.es postfix/qmgr[9015]: 19C901807A: from=<pbazom@ull.es>, size=9226, nrcpt=1 (queue active)
May 24 06:52:43 ec3.stic.ull.es postfix/smtpd[837]: connect from unknown[193.145.118.163]
May 24 06:52:43 ec3.stic.ull.es postfix/smtpd[837]: disconnect from unknown[193.145.118.163]
May 24 06:52:43 ec3.stic.ull.es postfix/pickup[2205]: A0CBD1807C: uid=33 from=<pbazom@ull.es>
May 24 06:52:43 ec3.stic.ull.es postfix/cleanup[2777]: A0CBD1807C: message-id=<005701cd3971$7137ea70$53a7bf50$@es>
May 24 06:52:43 ec3.stic.ull.es postfix/qmgr[9015]: A0CBD1807C: from=<pbazom@ull.es>, size=9338, nrcpt=1 (queue active)
May 24 06:52:43 ec3.stic.ull.es postfix/smtpd[2783]: connect from localhost[127.0.0.1]
May 24 06:52:43 ec3.stic.ull.es postfix/pipe[2778]: 19C901807A: to=<elaine.allsworth@oup.com>, relay=ripper, delay=1.8, delays=1.8/0/0/0.05, dsn=2.0.0, status=sent (delivered via ripper service)
May 24 06:52:43 ec3.stic.ull.es postfix/qmgr[9015]: 19C901807A: removed
May 24 06:52:43 ec3.stic.ull.es postfix/smtpd[2783]: AB5F31807A: client=localhost[127.0.0.1]
May 24 06:52:43 ec3.stic.ull.es postfix/cleanup[2777]: AB5F31807A: message-id=<005701cd3971$7137ea70$53a7bf50$@es>
May 24 06:52:43 ec3.stic.ull.es postfix/smtp[2782]: A0CBD1807C: to=<elaine.allsworth@oup.com>, relay=localhost[127.0.0.1]:10025, delay=0.17, delays=0/0/0.04/0.13, dsn=2.0.0, status=sent (250 2.0.0 Ok: queued as AB5F31807A)
May 24 06:52:43 ec3.stic.ull.es postfix/qmgr[9015]: AB5F31807A: from=<pbazom@ull.es>, size=9522, nrcpt=1 (queue active)
May 24 06:52:43 ec3.stic.ull.es postfix/smtpd[2783]: disconnect from localhost[127.0.0.1]
May 24 06:52:43 ec3.stic.ull.es postfix/qmgr[9015]: A0CBD1807C: removed
May 24 06:52:44 ec3.stic.ull.es postfix/smtp[2784]: certificate verification failed for relay02.us.hub.oup.com: num=20:unable to get local issuer certificate
May 24 06:52:44 ec3.stic.ull.es postfix/smtp[2784]: certificate verification failed for relay02.us.hub.oup.com: num=27:certificate not trusted
May 24 06:52:44 ec3.stic.ull.es postfix/smtp[2784]: certificate verification failed for relay02.us.hub.oup.com: num=21:unable to verify the first certificate
May 24 06:52:46 ec3.stic.ull.es postfix/smtpd[2720]: disconnect from 21.Red-83-52-73.dynamicIP.rima-tde.net[83.52.73.21]
May 24 06:52:46 ec3.stic.ull.es postfix/smtpd[2720]: connect from unknown[193.145.118.163]
May 24 06:52:46 ec3.stic.ull.es postfix/smtpd[2720]: disconnect from unknown[193.145.118.163]
May 24 06:52:47 ec3.stic.ull.es postfix/smtp[2784]: AB5F31807A: to=<elaine.allsworth@oup.com>, relay=relay02.us.hub.oup.com[12.107.205.11]:25, delay=3.7, delays=0.13/0/1.3/2.3, dsn=2.0.0, status=sent (250 B4fbdccae0000 Message accepted for delivery)
May 24 06:52:47 ec3.stic.ull.es postfix/qmgr[9015]: AB5F31807A: removed
May 24 06:52:48 ec3.stic.ull.es postfix/smtpd[2134]: connect from unknown[193.145.118.163]
May 24 06:52:48 ec3.stic.ull.es postfix/smtpd[2134]: SSL_accept error from unknown[193.145.118.163]: -1
May 24 06:52:48 ec3.stic.ull.es postfix/smtpd[2134]: lost connection after CONNECT from unknown[193.145.118.163]
May 24 06:52:48 ec3.stic.ull.es postfix/smtpd[2134]: disconnect from unknown[193.145.118.163]
May 24 06:53:00 ec3.stic.ull.es postfix/smtpd[2720]: connect from unknown[10.219.4.249]
May 24 06:53:00 ec3.stic.ull.es postfix/smtpd[2720]: disconnect from unknown[10.219.4.249]
May 24 06:53:01 ec3.stic.ull.es postfix/smtpd[2720]: connect from systemon3.sis.ccti.ull.es[10.107.26.51]
May 24 06:53:01 ec3.stic.ull.es postfix/smtpd[2720]: disconnect from systemon3.sis.ccti.ull.es[10.107.26.51]
May 24 06:53:01 ec3.stic.ull.es postfix/smtpd[2720]: connect from unknown[10.219.4.249]
May 24 06:53:01 ec3.stic.ull.es postfix/smtpd[2720]: disconnect from unknown[10.219.4.249]
May 24 06:53:01 ec3.stic.ull.es postfix/smtpd[2720]: connect from unknown[10.219.4.249]
May 24 06:53:01 ec3.stic.ull.es postfix/smtpd[2720]: disconnect from unknown[10.219.4.249]
May 24 06:53:04 ec3.stic.ull.es postfix/smtpd[2720]: connect from mp01.ccti.ull.es[10.4.9.101]
May 24 06:53:04 ec3.stic.ull.es postfix/smtpd[2720]: EBDA71807A: client=mp01.ccti.ull.es[10.4.9.101]
May 24 06:53:04 ec3.stic.ull.es postfix/cleanup[2777]: EBDA71807A: message-id=<bw87z0rbfte33eauw6ramqvdgv32ww.14140496359.5695@mta924.netsalesfactory.chtah.com>
May 24 06:53:05 ec3.stic.ull.es postfix/qmgr[9015]: EBDA71807A: from=<SRS0=++a9=D4=b.netsalesfactory.chtah.com=bo-bw87z0rbfte33eauw6ramqvdgv32ww@puc.rediris.es>, size=9381, nrcpt=1 (queue active)
May 24 06:53:05 ec3.stic.ull.es postfix/smtpd[2720]: disconnect from mp01.ccti.ull.es[10.4.9.101]
May 24 06:53:05 ec3.stic.ull.es postfix/pickup[2205]: 0B73A1807C: uid=33 from=<SRS0=++a9=D4=b.netsalesfactory.chtah.com=bo-bw87z0rbfte33eauw6ramqvdgv32ww@puc.rediris.es>
May 24 06:53:05 ec3.stic.ull.es postfix/cleanup[2777]: 0B73A1807C: message-id=<bw87z0rbfte33eauw6ramqvdgv32ww.14140496359.5695@mta924.netsalesfactory.chtah.com>
May 24 06:53:05 ec3.stic.ull.es postfix/qmgr[9015]: 0B73A1807C: from=<SRS0=++a9=D4=b.netsalesfactory.chtah.com=bo-bw87z0rbfte33eauw6ramqvdgv32ww@puc.rediris.es>, size=9498, nrcpt=1 (queue active)
May 24 06:53:05 ec3.stic.ull.es postfix/smtpd[2783]: connect from localhost[127.0.0.1]
May 24 06:53:05 ec3.stic.ull.es postfix/pipe[2778]: EBDA71807A: to=<jcherrod@ull.edu.es>, relay=ripper, delay=0.09, delays=0.04/0/0/0.04, dsn=2.0.0, status=sent (delivered via ripper service)
May 24 06:53:05 ec3.stic.ull.es postfix/qmgr[9015]: EBDA71807A: removed
May 24 06:53:05 ec3.stic.ull.es postfix/smtpd[2783]: 160E81807A: client=localhost[127.0.0.1]
May 24 06:53:05 ec3.stic.ull.es postfix/cleanup[2777]: 160E81807A: message-id=<bw87z0rbfte33eauw6ramqvdgv32ww.14140496359.5695@mta924.netsalesfactory.chtah.com>
May 24 06:53:05 ec3.stic.ull.es postfix/qmgr[9015]: 160E81807A: from=<SRS0=++a9=D4=b.netsalesfactory.chtah.com=bo-bw87z0rbfte33eauw6ramqvdgv32ww@puc.rediris.es>, size=8857, nrcpt=1 (queue active)
May 24 06:53:05 ec3.stic.ull.es postfix/smtpd[2783]: disconnect from localhost[127.0.0.1]
May 24 06:53:05 ec3.stic.ull.es postfix/smtp[2782]: 0B73A1807C: to=<jcherrod@ull.edu.es>, relay=localhost[127.0.0.1]:10025, delay=0.13, delays=0/0/0.04/0.09, dsn=2.0.0, status=sent (250 2.0.0 Ok: queued as 160E81807A)
May 24 06:53:05 ec3.stic.ull.es postfix/qmgr[9015]: 0B73A1807C: removed
May 24 06:53:06 ec3.stic.ull.es postfix/qmgr[9015]: 9760F180A2: from=<pcastane@ull.es>, size=2114, nrcpt=2 (queue active)
May 24 06:53:06 ec3.stic.ull.es postfix/qmgr[9015]: EFC30180AE: from=<SRS0=5Y1u=DZ=mlcp38.mailingcp.com=env1@puc.rediris.es>, size=8846, nrcpt=1 (queue active)
May 24 06:53:06 ec3.stic.ull.es postfix/qmgr[9015]: 47EE31809B: from=<mtramos@ull.es>, size=4089, nrcpt=1 (queue active)
May 24 06:53:06 ec3.stic.ull.es postfix/qmgr[9015]: 8353F180B7: from=<cadarias@ull.es>, size=1669, nrcpt=28 (queue active)
May 24 06:53:06 ec3.stic.ull.es postfix/qmgr[9015]: 1B5EE180B6: from=<SRS0=kytf=D3=difusion.gms.es=difusionEmail-M400a1a0-9039-@puc.rediris.es>, size=25640, nrcpt=1 (queue active)
May 24 06:53:06 ec3.stic.ull.es postfix/qmgr[9015]: 2C75E180B5: from=<jrodriz@ull.es>, size=3887, nrcpt=1 (queue active)
May 24 06:53:06 ec3.stic.ull.es postfix/qmgr[9015]: 27CBE18091: from=<SRS0=itEK=DZ=bit-nanomedicine.com=Eva7@puc.rediris.es>, size=723756, nrcpt=1 (queue active)
May 24 06:53:06 ec3.stic.ull.es postfix/qmgr[9015]: 75C46180CD: from=<ispeva@ull.es>, size=497643, nrcpt=1 (queue active)
May 24 06:53:06 ec3.stic.ull.es postfix/qmgr[9015]: 396C518063: from=<mbethen@ull.es>, size=2739, nrcpt=1 (queue active)
May 24 06:53:06 ec3.stic.ull.es postfix/qmgr[9015]: 5B1B71806A: from=<lugorey@ull.es>, size=40885, nrcpt=8 (queue active)
May 24 06:53:06 ec3.stic.ull.es postfix/smtp[2926]: connect to alg1.algebra.matfun.ull.es[193.145.105.233]: Connection refused (port 25)
May 24 06:53:06 ec3.stic.ull.es postfix/smtp[2926]: EFC30180AE: to=<eaca99@alg1.algebra.matfun.ull.es>, relay=none, delay=217123, delays=217123/0.02/0/0, dsn=4.4.1, status=deferred (connect to alg1.algebra.matfun.ull.es[193.145.105.233]: Connection refused)
May 24 06:53:06 ec3.stic.ull.es postfix/smtp[2926]: connect to campusvirtual.ull.es[193.145.118.35]: Connection refused (port 25)
May 24 06:53:06 ec3.stic.ull.es postfix/smtp[2926]: 47EE31809B: to=<no_responder@campusvirtual.ull.es>, relay=none, delay=244577, delays=244577/0.03/0/0, dsn=4.4.1, status=deferred (connect to campusvirtual.ull.es[193.145.118.35]: Connection refused)
May 24 06:53:06 ec3.stic.ull.es postfix/smtp[2926]: connect to alg1.algebra.matfun.ull.es[193.145.105.233]: Connection refused (port 25)
May 24 06:53:06 ec3.stic.ull.es postfix/smtp[2926]: 1B5EE180B6: to=<eaca99@alg1.algebra.matfun.ull.es>, relay=none, delay=85211, delays=85211/0.04/0.01/0, dsn=4.4.1, status=deferred (connect to alg1.algebra.matfun.ull.es[193.145.105.233]: Connection refused)
May 24 06:53:06 ec3.stic.ull.es postfix/smtp[2926]: connect to campusvirtual.ull.es[193.145.118.35]: Connection refused (port 25)
May 24 06:53:06 ec3.stic.ull.es postfix/smtp[2926]: 2C75E180B5: to=<no_responder@campusvirtual.ull.es>, relay=none, delay=216347, delays=216347/0.04/0/0, dsn=4.4.1, status=deferred (connect to campusvirtual.ull.es[193.145.118.35]: Connection refused)
May 24 06:53:06 ec3.stic.ull.es postfix/smtp[2926]: connect to molec1.dfis.ull.es[193.145.98.191]: Connection refused (port 25)
May 24 06:53:06 ec3.stic.ull.es postfix/smtp[2926]: 27CBE18091: to=<jmuga@molec1.dfis.ull.es>, relay=none, delay=269225, delays=269225/0.05/0/0, dsn=4.4.1, status=deferred (connect to molec1.dfis.ull.es[193.145.98.191]: Connection refused)
May 24 06:53:06 ec3.stic.ull.es postfix/smtp[2929]: connect to campusvirtual.ull.es[193.145.118.35]: Connection refused (port 25)
May 24 06:53:06 ec3.stic.ull.es postfix/smtp[2929]: 396C518063: to=<no_responder@campusvirtual.ull.es>, relay=none, delay=46860, delays=46860/0.05/0/0, dsn=4.4.1, status=deferred (connect to campusvirtual.ull.es[193.145.118.35]: Connection refused)
May 24 06:53:06 ec3.stic.ull.es postfix/smtp[2784]: 160E81807A: to=<jcherrod@ull.edu.es>, relay=aspmx.l.google.com[173.194.67.27]:25, delay=1.2, delays=0.09/0/0.37/0.7, dsn=2.0.0, status=sent (250 2.0.0 OK 1337838786 c71si11599822wec.114)
May 24 06:53:06 ec3.stic.ull.es postfix/qmgr[9015]: 160E81807A: removed
May 24 06:53:06 ec3.stic.ull.es postfix/smtp[2929]: 5B1B71806A: to=<barbara@bugalicia.org>, relay=mail.bugalicia.org[193.144.33.228]:25, delay=41703, delays=41703/0.05/0.12/0, dsn=4.0.0, status=deferred (host mail.bugalicia.org[193.144.33.228] refused to talk to me: 421 Sorry, SMTP server too busy right now (30); try again later)
May 24 06:53:06 ec3.stic.ull.es postfix/smtp[2925]: connect to laopiniondetenerife.es[213.0.95.4]: Connection refused (port 25)
May 24 06:53:06 ec3.stic.ull.es postfix/smtp[2925]: 9760F180A2: to=<sociedad@laopiniondetenerife.es>, relay=none, delay=249096, delays=249096/0.01/0.3/0, dsn=4.4.1, status=deferred (connect to laopiniondetenerife.es[213.0.95.4]: Connection refused)
May 24 06:53:06 ec3.stic.ull.es postfix/smtp[2926]: connect to santacruzdelapalma.com[208.87.35.106]: Connection refused (port 25)
May 24 06:53:06 ec3.stic.ull.es postfix/smtp[2927]: certificate verification failed for mail.omniainfosys.com: num=20:unable to get local issuer certificate
May 24 06:53:06 ec3.stic.ull.es postfix/smtp[2927]: certificate verification failed for mail.omniainfosys.com: num=21:unable to verify the first certificate
May 24 06:53:06 ec3.stic.ull.es postfix/smtp[2926]: 75C46180CD: to=<regvirginia@santacruzdelapalma.com>, relay=none, delay=70224, delays=70224/0.05/0.28/0, dsn=4.4.1, status=deferred (connect to santacruzdelapalma.com[208.87.35.106]: Connection refused)
May 24 06:53:07 ec3.stic.ull.es postfix/smtp[2927]: warning: network_biopair_interop: error reading 5 bytes from the network: Connection reset by peer
May 24 06:53:07 ec3.stic.ull.es postfix/smtp[2927]: 8353F180B7: to=<ibaquero@omniainfosys.com>, relay=mail.omniainfosys.com[213.231.64.101]:25, delay=79427, delays=79426/0.04/0.42/1.1, dsn=4.4.2, status=deferred (lost connection with mail.omniainfosys.com[213.231.64.101] while sending end of data -- message may be sent more than once)
May 24 06:53:13 ec3.stic.ull.es postfix/smtpd[837]: connect from unknown[193.145.118.163]
May 24 06:53:13 ec3.stic.ull.es postfix/smtpd[837]: disconnect from unknown[193.145.118.163]
May 24 06:53:16 ec3.stic.ull.es postfix/smtpd[2720]: connect from mp01.ccti.ull.es[10.4.9.101]
May 24 06:53:16 ec3.stic.ull.es postfix/smtpd[2720]: 263FC1807A: client=mp01.ccti.ull.es[10.4.9.101]
May 24 06:53:16 ec3.stic.ull.es postfix/cleanup[2777]: 263FC1807A: message-id=<20120524055307.C8E97108936@smtp-commensus.worldone.com>
May 24 06:53:16 ec3.stic.ull.es postfix/smtpd[2720]: disconnect from mp01.ccti.ull.es[10.4.9.101]
May 24 06:53:16 ec3.stic.ull.es postfix/qmgr[9015]: 263FC1807A: from=<SRS0=FdX4=D4=leadphysician.com=victoria@puc.rediris.es>, size=17498, nrcpt=1 (queue active)
May 24 06:53:16 ec3.stic.ull.es postfix/pickup[2205]: 30D931807C: uid=33 from=<SRS0=FdX4=D4=leadphysician.com=victoria@puc.rediris.es>
May 24 06:53:16 ec3.stic.ull.es postfix/cleanup[2777]: 30D931807C: message-id=<20120524055307.C8E97108936@smtp-commensus.worldone.com>
May 24 06:53:16 ec3.stic.ull.es postfix/qmgr[9015]: 30D931807C: from=<SRS0=FdX4=D4=leadphysician.com=victoria@puc.rediris.es>, size=17617, nrcpt=1 (queue active)
May 24 06:53:16 ec3.stic.ull.es postfix/smtpd[2783]: connect from localhost[127.0.0.1]
May 24 06:53:16 ec3.stic.ull.es postfix/pipe[2778]: 263FC1807A: to=<edsalido@gmail.com>, relay=ripper, delay=0.05, delays=0/0/0/0.04, dsn=2.0.0, status=sent (delivered via ripper service)
May 24 06:53:16 ec3.stic.ull.es postfix/qmgr[9015]: 263FC1807A: removed
May 24 06:53:16 ec3.stic.ull.es postfix/smtpd[2783]: 3B6671807A: client=localhost[127.0.0.1]
May 24 06:53:16 ec3.stic.ull.es postfix/cleanup[2777]: 3B6671807A: message-id=<20120524055307.C8E97108936@smtp-commensus.worldone.com>
May 24 06:53:16 ec3.stic.ull.es postfix/smtp[2782]: 30D931807C: to=<edsalido@gmail.com>, relay=localhost[127.0.0.1]:10025, delay=0.17, delays=0/0/0.04/0.13, dsn=2.0.0, status=sent (250 2.0.0 Ok: queued as 3B6671807A)
May 24 06:53:16 ec3.stic.ull.es postfix/qmgr[9015]: 3B6671807A: from=<SRS0=FdX4=D4=leadphysician.com=victoria@puc.rediris.es>, size=16611, nrcpt=1 (queue active)
May 24 06:53:16 ec3.stic.ull.es postfix/smtpd[2783]: disconnect from localhost[127.0.0.1]
May 24 06:53:16 ec3.stic.ull.es postfix/qmgr[9015]: 30D931807C: removed
May 24 06:53:16 ec3.stic.ull.es postfix/smtpd[2720]: connect from unknown[193.145.118.163]
May 24 06:53:16 ec3.stic.ull.es postfix/smtpd[2720]: disconnect from unknown[193.145.118.163]
May 24 06:53:17 ec3.stic.ull.es postfix/smtp[2931]: 3B6671807A: to=<edsalido@gmail.com>, relay=gmail-smtp-in.l.google.com[173.194.78.26]:25, delay=1.1, delays=0.13/0/0.39/0.59, dsn=2.0.0, status=sent (250 2.0.0 OK 1337838797 ew4si1557235wib.26)
May 24 06:53:17 ec3.stic.ull.es postfix/qmgr[9015]: 3B6671807A: removed
May 24 06:53:18 ec3.stic.ull.es postfix/smtpd[2134]: connect from unknown[193.145.118.163]
May 24 06:53:18 ec3.stic.ull.es postfix/smtpd[2134]: SSL_accept error from unknown[193.145.118.163]: -1
May 24 06:53:18 ec3.stic.ull.es postfix/smtpd[2134]: lost connection after CONNECT from unknown[193.145.118.163]
May 24 06:53:18 ec3.stic.ull.es postfix/smtpd[2134]: disconnect from unknown[193.145.118.163]
May 24 06:53:21 ec3.stic.ull.es postfix/smtpd[2134]: connect from systemon3.sis.ccti.ull.es[10.107.26.51]
May 24 06:53:21 ec3.stic.ull.es postfix/smtpd[2134]: disconnect from systemon3.sis.ccti.ull.es[10.107.26.51]
May 24 06:53:43 ec3.stic.ull.es postfix/smtpd[837]: connect from unknown[193.145.118.163]
May 24 06:53:43 ec3.stic.ull.es postfix/smtpd[837]: disconnect from unknown[193.145.118.163]
May 24 06:53:46 ec3.stic.ull.es postfix/smtpd[2720]: connect from unknown[193.145.118.163]
May 24 06:53:46 ec3.stic.ull.es postfix/smtpd[2720]: disconnect from unknown[193.145.118.163]
May 24 06:53:48 ec3.stic.ull.es postfix/smtpd[2134]: connect from unknown[193.145.118.163]
May 24 06:53:48 ec3.stic.ull.es postfix/smtpd[2134]: SSL_accept error from unknown[193.145.118.163]: -1
May 24 06:53:48 ec3.stic.ull.es postfix/smtpd[2134]: lost connection after CONNECT from unknown[193.145.118.163]
May 24 06:53:48 ec3.stic.ull.es postfix/smtpd[2134]: disconnect from unknown[193.145.118.163]
May 24 06:54:00 ec3.stic.ull.es postfix/smtpd[2720]: connect from unknown[10.219.4.249]
May 24 06:54:00 ec3.stic.ull.es postfix/smtpd[2720]: disconnect from unknown[10.219.4.249]
May 24 06:54:01 ec3.stic.ull.es postfix/smtpd[2720]: connect from unknown[10.219.4.249]
May 24 06:54:01 ec3.stic.ull.es postfix/smtpd[2720]: disconnect from unknown[10.219.4.249]
May 24 06:54:01 ec3.stic.ull.es postfix/smtpd[2720]: connect from unknown[10.219.4.249]
May 24 06:54:01 ec3.stic.ull.es postfix/smtpd[2720]: disconnect from unknown[10.219.4.249]
May 24 06:54:01 ec3.stic.ull.es postfix/smtpd[2720]: connect from mp02.ccti.ull.es[10.4.9.102]
May 24 06:54:01 ec3.stic.ull.es postfix/smtpd[2720]: E29791807A: client=mp02.ccti.ull.es[10.4.9.102]
May 24 06:54:01 ec3.stic.ull.es postfix/cleanup[2777]: E29791807A: message-id=<449956e1808101b42078856700186f47@info.clie.es>
May 24 06:54:01 ec3.stic.ull.es postfix/qmgr[9015]: E29791807A: from=<SRS0=sQYl=D4=info.clie.es=mailmanager@puc.rediris.es>, size=18047, nrcpt=1 (queue active)
May 24 06:54:01 ec3.stic.ull.es postfix/smtpd[2720]: disconnect from mp02.ccti.ull.es[10.4.9.102]
May 24 06:54:01 ec3.stic.ull.es postfix/pickup[2205]: ED32D1807C: uid=33 from=<SRS0=sQYl=D4=info.clie.es=mailmanager@puc.rediris.es>
May 24 06:54:01 ec3.stic.ull.es postfix/cleanup[2777]: ED32D1807C: message-id=<449956e1808101b42078856700186f47@info.clie.es>
May 24 06:54:01 ec3.stic.ull.es postfix/qmgr[9015]: ED32D1807C: from=<SRS0=sQYl=D4=info.clie.es=mailmanager@puc.rediris.es>, size=18164, nrcpt=1 (queue active)
May 24 06:54:01 ec3.stic.ull.es postfix/smtpd[2783]: connect from localhost[127.0.0.1]
May 24 06:54:01 ec3.stic.ull.es postfix/pipe[2778]: E29791807A: to=<fjalvars@ull.edu.es>, relay=ripper, delay=0.05, delays=0/0/0/0.04, dsn=2.0.0, status=sent (delivered via ripper service)
May 24 06:54:01 ec3.stic.ull.es postfix/qmgr[9015]: E29791807A: removed
May 24 06:54:02 ec3.stic.ull.es postfix/smtpd[2783]: 03AC81807A: client=localhost[127.0.0.1]
May 24 06:54:02 ec3.stic.ull.es postfix/cleanup[2777]: 03AC81807A: message-id=<449956e1808101b42078856700186f47@info.clie.es>
May 24 06:54:02 ec3.stic.ull.es postfix/smtpd[2783]: disconnect from localhost[127.0.0.1]
May 24 06:54:02 ec3.stic.ull.es postfix/qmgr[9015]: 03AC81807A: from=<SRS0=sQYl=D4=info.clie.es=mailmanager@puc.rediris.es>, size=17146, nrcpt=1 (queue active)
May 24 06:54:02 ec3.stic.ull.es postfix/smtp[2782]: ED32D1807C: to=<fjalvars@ull.edu.es>, relay=localhost[127.0.0.1]:10025, delay=0.13, delays=0/0/0.04/0.09, dsn=2.0.0, status=sent (250 2.0.0 Ok: queued as 03AC81807A)
May 24 06:54:02 ec3.stic.ull.es postfix/qmgr[9015]: ED32D1807C: removed
May 24 06:54:03 ec3.stic.ull.es postfix/smtp[2926]: 03AC81807A: to=<fjalvars@ull.edu.es>, relay=aspmx.l.google.com[173.194.67.27]:25, delay=1.6, delays=0.09/0/0.37/1.1, dsn=2.0.0, status=sent (250 2.0.0 OK 1337838843 cv1si1559973wib.25)
May 24 06:54:03 ec3.stic.ull.es postfix/qmgr[9015]: 03AC81807A: removed
May 24 06:54:11 ec3.stic.ull.es postfix/smtpd[2720]: connect from systemon3.sis.ccti.ull.es[10.107.26.51]
May 24 06:54:11 ec3.stic.ull.es postfix/smtpd[2720]: disconnect from systemon3.sis.ccti.ull.es[10.107.26.51]
May 24 06:54:13 ec3.stic.ull.es postfix/smtpd[837]: connect from unknown[193.145.118.163]
May 24 06:54:13 ec3.stic.ull.es postfix/smtpd[837]: disconnect from unknown[193.145.118.163]
May 24 06:54:16 ec3.stic.ull.es postfix/smtpd[2720]: connect from unknown[193.145.118.163]
May 24 06:54:16 ec3.stic.ull.es postfix/smtpd[2720]: disconnect from unknown[193.145.118.163]
May 24 06:54:18 ec3.stic.ull.es postfix/smtpd[2134]: connect from unknown[193.145.118.163]
May 24 06:54:18 ec3.stic.ull.es postfix/smtpd[2134]: SSL_accept error from unknown[193.145.118.163]: -1
May 24 06:54:18 ec3.stic.ull.es postfix/smtpd[2134]: lost connection after CONNECT from unknown[193.145.118.163]
May 24 06:54:18 ec3.stic.ull.es postfix/smtpd[2134]: disconnect from unknown[193.145.118.163]
May 24 06:54:40 ec3.stic.ull.es postfix/smtpd[2720]: connect from mp02.ccti.ull.es[10.4.9.102]
May 24 06:54:40 ec3.stic.ull.es postfix/smtpd[2720]: 0951B1807A: client=mp02.ccti.ull.es[10.4.9.102]
May 24 06:54:40 ec3.stic.ull.es postfix/cleanup[2777]: 0951B1807A: message-id=<5ee9b44640ff4852ff67b9b5001e11a3@info.clie.es>
May 24 06:54:40 ec3.stic.ull.es postfix/smtpd[2720]: disconnect from mp02.ccti.ull.es[10.4.9.102]
May 24 06:54:40 ec3.stic.ull.es postfix/qmgr[9015]: 0951B1807A: from=<SRS0=sQYl=D4=info.clie.es=mailmanager@puc.rediris.es>, size=18051, nrcpt=1 (queue active)
May 24 06:54:40 ec3.stic.ull.es postfix/pickup[2205]: 13B341807C: uid=33 from=<SRS0=sQYl=D4=info.clie.es=mailmanager@puc.rediris.es>
May 24 06:54:40 ec3.stic.ull.es postfix/cleanup[2777]: 13B341807C: message-id=<5ee9b44640ff4852ff67b9b5001e11a3@info.clie.es>
May 24 06:54:40 ec3.stic.ull.es postfix/qmgr[9015]: 13B341807C: from=<SRS0=sQYl=D4=info.clie.es=mailmanager@puc.rediris.es>, size=18168, nrcpt=1 (queue active)
May 24 06:54:40 ec3.stic.ull.es postfix/smtpd[2783]: connect from localhost[127.0.0.1]
May 24 06:54:40 ec3.stic.ull.es postfix/pipe[2778]: 0951B1807A: to=<frivero@ull.edu.es>, relay=ripper, delay=0.05, delays=0/0/0/0.04, dsn=2.0.0, status=sent (delivered via ripper service)
May 24 06:54:40 ec3.stic.ull.es postfix/qmgr[9015]: 0951B1807A: removed
May 24 06:54:40 ec3.stic.ull.es postfix/smtpd[2783]: 1E5811807A: client=localhost[127.0.0.1]
May 24 06:54:40 ec3.stic.ull.es postfix/cleanup[2777]: 1E5811807A: message-id=<5ee9b44640ff4852ff67b9b5001e11a3@info.clie.es>
May 24 06:54:40 ec3.stic.ull.es postfix/smtpd[2783]: disconnect from localhost[127.0.0.1]
May 24 06:54:40 ec3.stic.ull.es postfix/qmgr[9015]: 1E5811807A: from=<SRS0=sQYl=D4=info.clie.es=mailmanager@puc.rediris.es>, size=17149, nrcpt=1 (queue active)
May 24 06:54:40 ec3.stic.ull.es postfix/smtp[2782]: 13B341807C: to=<frivero@ull.edu.es>, relay=localhost[127.0.0.1]:10025, delay=0.13, delays=0/0/0.04/0.09, dsn=2.0.0, status=sent (250 2.0.0 Ok: queued as 1E5811807A)
May 24 06:54:40 ec3.stic.ull.es postfix/qmgr[9015]: 13B341807C: removed
May 24 06:54:41 ec3.stic.ull.es postfix/smtp[2927]: 1E5811807A: to=<frivero@ull.edu.es>, relay=aspmx.l.google.com[173.194.67.26]:25, delay=1.7, delays=0.09/0/0.42/1.2, dsn=2.0.0, status=sent (250 2.0.0 OK 1337838881 bu2si1550184wib.37)
May 24 06:54:41 ec3.stic.ull.es postfix/qmgr[9015]: 1E5811807A: removed
May 24 06:54:43 ec3.stic.ull.es postfix/smtpd[837]: connect from unknown[193.145.118.163]
May 24 06:54:43 ec3.stic.ull.es postfix/smtpd[837]: disconnect from unknown[193.145.118.163]
May 24 06:54:44 ec3.stic.ull.es postfix/smtpd[2720]: connect from mp02.ccti.ull.es[10.4.9.102]
May 24 06:54:44 ec3.stic.ull.es postfix/smtpd[2720]: 3AF3D1807A: client=mp02.ccti.ull.es[10.4.9.102]
May 24 06:54:44 ec3.stic.ull.es postfix/cleanup[2777]: 3AF3D1807A: message-id=<ebcebae97712447364afea63e650fcae@localhost.localdomain>
May 24 06:54:44 ec3.stic.ull.es postfix/qmgr[9015]: 3AF3D1807A: from=<SRS0=W2V1=D4=04-newsofspain.net=bounce-12896-854396-656-248@puc.rediris.es>, size=21532, nrcpt=1 (queue active)
May 24 06:54:44 ec3.stic.ull.es postfix/smtpd[2720]: disconnect from mp02.ccti.ull.es[10.4.9.102]
May 24 06:54:44 ec3.stic.ull.es postfix/pickup[2205]: 4FAAF1807C: uid=33 from=<SRS0=W2V1=D4=04-newsofspain.net=bounce-12896-854396-656-248@puc.rediris.es>
May 24 06:54:44 ec3.stic.ull.es postfix/cleanup[2777]: 4FAAF1807C: message-id=<ebcebae97712447364afea63e650fcae@localhost.localdomain>
May 24 06:54:44 ec3.stic.ull.es postfix/qmgr[9015]: 4FAAF1807C: from=<SRS0=W2V1=D4=04-newsofspain.net=bounce-12896-854396-656-248@puc.rediris.es>, size=21665, nrcpt=1 (queue active)
May 24 06:54:44 ec3.stic.ull.es postfix/smtpd[2783]: connect from localhost[127.0.0.1]
May 24 06:54:44 ec3.stic.ull.es postfix/pipe[2778]: 3AF3D1807A: to=<aabadgon@ull.edu.es>, relay=ripper, delay=0.09, delays=0.04/0/0/0.05, dsn=2.0.0, status=sent (delivered via ripper service)
May 24 06:54:44 ec3.stic.ull.es postfix/qmgr[9015]: 3AF3D1807A: removed
May 24 06:54:44 ec3.stic.ull.es postfix/smtpd[2783]: 5A4601807A: client=localhost[127.0.0.1]
May 24 06:54:44 ec3.stic.ull.es postfix/cleanup[2777]: 5A4601807A: message-id=<ebcebae97712447364afea63e650fcae@localhost.localdomain>
May 24 06:54:44 ec3.stic.ull.es postfix/qmgr[9015]: 5A4601807A: from=<SRS0=W2V1=D4=04-newsofspain.net=bounce-12896-854396-656-248@puc.rediris.es>, size=20982, nrcpt=1 (queue active)
May 24 06:54:44 ec3.stic.ull.es postfix/smtp[2782]: 4FAAF1807C: to=<aabadgon@ull.edu.es>, relay=localhost[127.0.0.1]:10025, delay=0.14, delays=0/0/0.04/0.09, dsn=2.0.0, status=sent (250 2.0.0 Ok: queued as 5A4601807A)
May 24 06:54:44 ec3.stic.ull.es postfix/smtpd[2783]: disconnect from localhost[127.0.0.1]
May 24 06:54:44 ec3.stic.ull.es postfix/qmgr[9015]: 4FAAF1807C: removed
May 24 06:54:45 ec3.stic.ull.es postfix/smtp[2925]: 5A4601807A: to=<aabadgon@ull.edu.es>, relay=aspmx.l.google.com[173.194.67.27]:25, delay=1, delays=0.09/0/0.39/0.57, dsn=2.0.0, status=sent (250 2.0.0 OK 1337838885 m10si2903265wiw.37)
May 24 06:54:45 ec3.stic.ull.es postfix/qmgr[9015]: 5A4601807A: removed
May 24 06:54:46 ec3.stic.ull.es postfix/smtpd[2720]: connect from unknown[193.145.118.163]
May 24 06:54:46 ec3.stic.ull.es postfix/smtpd[2720]: disconnect from unknown[193.145.118.163]
May 24 06:54:46 ec3.stic.ull.es postfix/smtpd[2720]: connect from mp02.ccti.ull.es[10.4.9.102]
May 24 06:54:46 ec3.stic.ull.es postfix/smtpd[2720]: DE86B1807A: client=mp02.ccti.ull.es[10.4.9.102]
May 24 06:54:46 ec3.stic.ull.es postfix/cleanup[2777]: DE86B1807A: message-id=<JASONpuoRNuzI57OHFE00010a30@smtp.findmemory.com.tw>
May 24 06:54:46 ec3.stic.ull.es postfix/smtpd[2720]: disconnect from mp02.ccti.ull.es[10.4.9.102]
May 24 06:54:46 ec3.stic.ull.es postfix/qmgr[9015]: DE86B1807A: from=<SRS0=Hy6d=D4=yahoo.com=guasnauia72suisan@puc.rediris.es>, size=6836, nrcpt=1 (queue active)
May 24 06:54:46 ec3.stic.ull.es postfix/pickup[2205]: E87BE1807C: uid=33 from=<SRS0=Hy6d=D4=yahoo.com=guasnauia72suisan@puc.rediris.es>
May 24 06:54:46 ec3.stic.ull.es postfix/cleanup[2777]: E87BE1807C: message-id=<JASONpuoRNuzI57OHFE00010a30@smtp.findmemory.com.tw>
May 24 06:54:46 ec3.stic.ull.es postfix/qmgr[9015]: E87BE1807C: from=<SRS0=Hy6d=D4=yahoo.com=guasnauia72suisan@puc.rediris.es>, size=6960, nrcpt=1 (queue active)
May 24 06:54:46 ec3.stic.ull.es postfix/smtpd[2783]: connect from localhost[127.0.0.1]
May 24 06:54:46 ec3.stic.ull.es postfix/pipe[2778]: DE86B1807A: to=<jdorta@ull.edu.es>, relay=ripper, delay=0.05, delays=0/0/0/0.04, dsn=2.0.0, status=sent (delivered via ripper service)
May 24 06:54:46 ec3.stic.ull.es postfix/qmgr[9015]: DE86B1807A: removed
May 24 06:54:46 ec3.stic.ull.es postfix/smtpd[2783]: F31AF1807A: client=localhost[127.0.0.1]
May 24 06:54:47 ec3.stic.ull.es postfix/cleanup[2777]: F31AF1807A: message-id=<JASONpuoRNuzI57OHFE00010a30@smtp.findmemory.com.tw>
May 24 06:54:47 ec3.stic.ull.es postfix/qmgr[9015]: F31AF1807A: from=<SRS0=Hy6d=D4=yahoo.com=guasnauia72suisan@puc.rediris.es>, size=6382, nrcpt=1 (queue active)
May 24 06:54:47 ec3.stic.ull.es postfix/smtp[2782]: E87BE1807C: to=<jdorta@ull.edu.es>, relay=localhost[127.0.0.1]:10025, delay=0.17, delays=0/0/0.04/0.13, dsn=2.0.0, status=sent (250 2.0.0 Ok: queued as F31AF1807A)
May 24 06:54:47 ec3.stic.ull.es postfix/smtpd[2783]: disconnect from localhost[127.0.0.1]
May 24 06:54:47 ec3.stic.ull.es postfix/qmgr[9015]: E87BE1807C: removed
May 24 06:54:47 ec3.stic.ull.es postfix/smtp[2926]: F31AF1807A: to=<jdorta@ull.edu.es>, relay=aspmx.l.google.com[173.194.67.26]:25, delay=0.84, delays=0.13/0/0.36/0.35, dsn=2.0.0, status=sent (250 2.0.0 OK 1337838887 ch4si7595955wib.19)
May 24 06:54:47 ec3.stic.ull.es postfix/qmgr[9015]: F31AF1807A: removed
May 24 06:54:48 ec3.stic.ull.es postfix/smtpd[2134]: connect from unknown[193.145.118.163]
May 24 06:54:48 ec3.stic.ull.es postfix/smtpd[2134]: SSL_accept error from unknown[193.145.118.163]: -1
May 24 06:54:48 ec3.stic.ull.es postfix/smtpd[2134]: lost connection after CONNECT from unknown[193.145.118.163]
May 24 06:54:48 ec3.stic.ull.es postfix/smtpd[2134]: disconnect from unknown[193.145.118.163]
May 24 06:55:00 ec3.stic.ull.es postfix/smtpd[2720]: connect from unknown[10.219.4.249]
May 24 06:55:00 ec3.stic.ull.es postfix/smtpd[2720]: disconnect from unknown[10.219.4.249]
May 24 06:55:00 ec3.stic.ull.es postfix/smtpd[2720]: connect from unknown[10.219.4.249]
May 24 06:55:00 ec3.stic.ull.es postfix/smtpd[2720]: disconnect from unknown[10.219.4.249]
May 24 06:55:01 ec3.stic.ull.es postfix/smtpd[2720]: connect from unknown[10.219.4.249]
May 24 06:55:01 ec3.stic.ull.es postfix/smtpd[2720]: disconnect from unknown[10.219.4.249]
May 24 06:55:01 ec3.stic.ull.es postfix/smtpd[2720]: connect from systemon3.sis.ccti.ull.es[10.107.26.51]
May 24 06:55:01 ec3.stic.ull.es postfix/smtpd[2720]: disconnect from systemon3.sis.ccti.ull.es[10.107.26.51]
May 24 06:55:08 ec3.stic.ull.es postfix/smtpd[2720]: connect from mp01.ccti.ull.es[10.4.9.101]
May 24 06:55:08 ec3.stic.ull.es postfix/smtpd[2720]: E9CAA1807A: client=mp01.ccti.ull.es[10.4.9.101]
May 24 06:55:08 ec3.stic.ull.es postfix/cleanup[2777]: E9CAA1807A: message-id=<88e4bc4bfbc6424a86b5d20efbd3673d@b.emstechno-ecm.com>
May 24 06:55:08 ec3.stic.ull.es postfix/smtpd[2720]: disconnect from mp01.ccti.ull.es[10.4.9.101]
May 24 06:55:08 ec3.stic.ull.es postfix/qmgr[9015]: E9CAA1807A: from=<SRS0=X6DM=D4=b.emstechno-ecm.com=jnwm8a45exhrjttmy95l3lwgwnsr8wjfbxmehhemmv35kjvxaszhpv2-31HGG@puc.rediris.es>, size=9557, nrcpt=1 (queue active)
May 24 06:55:09 ec3.stic.ull.es postfix/pickup[2205]: 09AC31807C: uid=33 from=<SRS0=X6DM=D4=b.emstechno-ecm.com=jnwm8a45exhrjttmy95l3lwgwnsr8wjfbxmehhemmv35kjvxaszhpv2-31HGG@puc.rediris.es>
May 24 06:55:09 ec3.stic.ull.es postfix/cleanup[2777]: 09AC31807C: message-id=<88e4bc4bfbc6424a86b5d20efbd3673d@b.emstechno-ecm.com>
May 24 06:55:09 ec3.stic.ull.es postfix/qmgr[9015]: 09AC31807C: from=<SRS0=X6DM=D4=b.emstechno-ecm.com=jnwm8a45exhrjttmy95l3lwgwnsr8wjfbxmehhemmv35kjvxaszhpv2-31HGG@puc.rediris.es>, size=9685, nrcpt=1 (queue active)
May 24 06:55:09 ec3.stic.ull.es postfix/smtpd[2783]: connect from localhost[127.0.0.1]
May 24 06:55:09 ec3.stic.ull.es postfix/pipe[2778]: E9CAA1807A: to=<mgbustinduy@gmail.com>, relay=ripper, delay=0.09, delays=0.04/0/0/0.04, dsn=2.0.0, status=sent (delivered via ripper service)
May 24 06:55:09 ec3.stic.ull.es postfix/qmgr[9015]: E9CAA1807A: removed
May 24 06:55:09 ec3.stic.ull.es postfix/smtpd[2783]: 144D71807A: client=localhost[127.0.0.1]
May 24 06:55:09 ec3.stic.ull.es postfix/cleanup[2777]: 144D71807A: message-id=<88e4bc4bfbc6424a86b5d20efbd3673d@b.emstechno-ecm.com>
May 24 06:55:09 ec3.stic.ull.es postfix/qmgr[9015]: 144D71807A: from=<SRS0=X6DM=D4=b.emstechno-ecm.com=jnwm8a45exhrjttmy95l3lwgwnsr8wjfbxmehhemmv35kjvxaszhpv2-31HGG@puc.rediris.es>, size=8961, nrcpt=1 (queue active)
May 24 06:55:09 ec3.stic.ull.es postfix/smtp[2782]: 09AC31807C: to=<mgbustinduy@gmail.com>, relay=localhost[127.0.0.1]:10025, delay=0.17, delays=0/0/0.04/0.13, dsn=2.0.0, status=sent (250 2.0.0 Ok: queued as 144D71807A)
May 24 06:55:09 ec3.stic.ull.es postfix/smtpd[2783]: disconnect from localhost[127.0.0.1]
May 24 06:55:09 ec3.stic.ull.es postfix/qmgr[9015]: 09AC31807C: removed
May 24 06:55:11 ec3.stic.ull.es postfix/smtp[2927]: 144D71807A: to=<mgbustinduy@gmail.com>, relay=gmail-smtp-in.l.google.com[173.194.78.27]:25, delay=2.6, delays=0.13/0/0.68/1.7, dsn=2.0.0, status=sent (250 2.0.0 OK 1337838911 m21si11618197wee.89)
May 24 06:55:11 ec3.stic.ull.es postfix/qmgr[9015]: 144D71807A: removed
May 24 06:55:13 ec3.stic.ull.es postfix/smtpd[837]: connect from unknown[193.145.118.163]
May 24 06:55:13 ec3.stic.ull.es postfix/smtpd[837]: disconnect from unknown[193.145.118.163]
May 24 06:55:16 ec3.stic.ull.es postfix/smtpd[2720]: connect from unknown[193.145.118.163]
May 24 06:55:16 ec3.stic.ull.es postfix/smtpd[2720]: disconnect from unknown[193.145.118.163]
May 24 06:55:18 ec3.stic.ull.es postfix/smtpd[2134]: connect from unknown[193.145.118.163]
May 24 06:55:18 ec3.stic.ull.es postfix/smtpd[2134]: SSL_accept error from unknown[193.145.118.163]: -1
May 24 06:55:18 ec3.stic.ull.es postfix/smtpd[2134]: lost connection after CONNECT from unknown[193.145.118.163]
May 24 06:55:18 ec3.stic.ull.es postfix/smtpd[2134]: disconnect from unknown[193.145.118.163]
May 24 06:55:37 ec3.stic.ull.es postfix/smtpd[2720]: connect from systemon3.sis.ccti.ull.es[10.107.26.51]
May 24 06:55:37 ec3.stic.ull.es postfix/smtpd[2720]: disconnect from systemon3.sis.ccti.ull.es[10.107.26.51]
May 24 06:55:43 ec3.stic.ull.es postfix/smtpd[837]: connect from unknown[193.145.118.163]
May 24 06:55:43 ec3.stic.ull.es postfix/smtpd[837]: disconnect from unknown[193.145.118.163]
May 24 06:55:46 ec3.stic.ull.es postfix/smtpd[2720]: connect from unknown[193.145.118.163]
May 24 06:55:46 ec3.stic.ull.es postfix/smtpd[2720]: disconnect from unknown[193.145.118.163]
May 24 06:55:48 ec3.stic.ull.es postfix/smtpd[2134]: connect from unknown[193.145.118.163]
May 24 06:55:48 ec3.stic.ull.es postfix/smtpd[2134]: SSL_accept error from unknown[193.145.118.163]: -1
May 24 06:55:48 ec3.stic.ull.es postfix/smtpd[2134]: lost connection after CONNECT from unknown[193.145.118.163]
May 24 06:55:48 ec3.stic.ull.es postfix/smtpd[2134]: disconnect from unknown[193.145.118.163]
May 24 06:55:56 ec3.stic.ull.es postfix/smtpd[2720]: connect from mp02.ccti.ull.es[10.4.9.102]
May 24 06:55:56 ec3.stic.ull.es postfix/smtpd[2720]: B87271807A: client=mp02.ccti.ull.es[10.4.9.102]
May 24 06:55:56 ec3.stic.ull.es postfix/cleanup[2777]: B87271807A: message-id=<COL106-W750D86903E61FAD9CC740BC000@phx.gbl>
May 24 06:55:57 ec3.stic.ull.es postfix/qmgr[9015]: B87271807A: from=<SRS0=Rrzk=D4=hotmail.com=moralesmarina44@puc.rediris.es>, size=4195970, nrcpt=1 (queue active)
May 24 06:55:57 ec3.stic.ull.es postfix/smtpd[2720]: disconnect from mp02.ccti.ull.es[10.4.9.102]
May 24 06:55:57 ec3.stic.ull.es postfix/pickup[2205]: C44891807C: uid=33 from=<SRS0=Rrzk=D4=hotmail.com=moralesmarina44@puc.rediris.es>
May 24 06:55:57 ec3.stic.ull.es postfix/cleanup[2777]: C44891807C: message-id=<COL106-W750D86903E61FAD9CC740BC000@phx.gbl>
May 24 06:55:57 ec3.stic.ull.es postfix/pipe[2778]: B87271807A: to=<jmorales@ull.edu.es>, relay=ripper, delay=1.1, delays=0.47/0/0/0.58, dsn=2.0.0, status=sent (delivered via ripper service)
May 24 06:55:57 ec3.stic.ull.es postfix/qmgr[9015]: B87271807A: removed
May 24 06:55:57 ec3.stic.ull.es postfix/qmgr[9015]: C44891807C: from=<SRS0=Rrzk=D4=hotmail.com=moralesmarina44@puc.rediris.es>, size=4196099, nrcpt=1 (queue active)
May 24 06:55:57 ec3.stic.ull.es postfix/smtpd[2783]: connect from localhost[127.0.0.1]
May 24 06:55:57 ec3.stic.ull.es postfix/smtpd[2783]: D4F2D1807A: client=localhost[127.0.0.1]
May 24 06:55:58 ec3.stic.ull.es postfix/cleanup[2777]: D4F2D1807A: message-id=<COL106-W750D86903E61FAD9CC740BC000@phx.gbl>
May 24 06:55:58 ec3.stic.ull.es postfix/smtpd[2720]: connect from systemon3.sis.ccti.ull.es[10.107.26.51]
May 24 06:55:58 ec3.stic.ull.es postfix/smtpd[2720]: disconnect from systemon3.sis.ccti.ull.es[10.107.26.51]
May 24 06:55:58 ec3.stic.ull.es postfix/qmgr[9015]: D4F2D1807A: from=<SRS0=Rrzk=D4=hotmail.com=moralesmarina44@puc.rediris.es>, size=4195689, nrcpt=1 (queue active)
May 24 06:55:58 ec3.stic.ull.es postfix/smtp[2782]: C44891807C: to=<jmorales@ull.edu.es>, relay=localhost[127.0.0.1]:10025, delay=0.4, delays=0.06/0/0.04/0.29, dsn=2.0.0, status=sent (250 2.0.0 Ok: queued as D4F2D1807A)
May 24 06:55:58 ec3.stic.ull.es postfix/qmgr[9015]: C44891807C: removed
May 24 06:55:58 ec3.stic.ull.es postfix/smtpd[2783]: disconnect from localhost[127.0.0.1]
May 24 06:56:00 ec3.stic.ull.es postfix/smtpd[2720]: connect from unknown[10.219.4.249]
May 24 06:56:00 ec3.stic.ull.es postfix/smtpd[2720]: disconnect from unknown[10.219.4.249]
May 24 06:56:00 ec3.stic.ull.es postfix/smtpd[2720]: connect from unknown[10.219.4.249]
May 24 06:56:00 ec3.stic.ull.es postfix/smtpd[2720]: disconnect from unknown[10.219.4.249]
