May 24 07:04:18 ec3.stic.ull.es postfix/smtpd[2134]: lost connection after CONNECT from unknown[193.145.118.163]
May 24 07:04:18 ec3.stic.ull.es postfix/smtpd[2134]: disconnect from unknown[193.145.118.163]
May 24 07:04:22 ec3.stic.ull.es postfix/smtpd[2720]: connect from mp01.ccti.ull.es[10.4.9.101]
May 24 07:04:22 ec3.stic.ull.es postfix/smtpd[2720]: 11F791807A: client=mp01.ccti.ull.es[10.4.9.101]
May 24 07:04:22 ec3.stic.ull.es postfix/cleanup[4114]: 11F791807A: message-id=<427E0ED56EE2416195A1374A23A12DA1.MAI@home>
May 24 07:04:22 ec3.stic.ull.es postfix/qmgr[9015]: 11F791807A: from=<SRS0=sP77=D4=javaemail.org=ojped@puc.rediris.es>, size=9202, nrcpt=1 (queue active)
May 24 07:04:22 ec3.stic.ull.es postfix/smtpd[2720]: disconnect from mp01.ccti.ull.es[10.4.9.101]
May 24 07:04:22 ec3.stic.ull.es postfix/pickup[2205]: 1BC471807C: uid=33 from=<SRS0=sP77=D4=javaemail.org=ojped@puc.rediris.es>
May 24 07:04:22 ec3.stic.ull.es postfix/cleanup[4114]: 1BC471807C: message-id=<427E0ED56EE2416195A1374A23A12DA1.MAI@home>
May 24 07:04:22 ec3.stic.ull.es postfix/qmgr[9015]: 1BC471807C: from=<SRS0=sP77=D4=javaemail.org=ojped@puc.rediris.es>, size=9323, nrcpt=1 (queue active)
May 24 07:04:22 ec3.stic.ull.es postfix/smtpd[2783]: connect from localhost[127.0.0.1]
May 24 07:04:22 ec3.stic.ull.es postfix/pipe[2778]: 11F791807A: to=<edomenec@ull.edu.es>, relay=ripper, delay=0.05, delays=0/0/0/0.04, dsn=2.0.0, status=sent (delivered via ripper service)
May 24 07:04:22 ec3.stic.ull.es postfix/qmgr[9015]: 11F791807A: removed
May 24 07:04:22 ec3.stic.ull.es postfix/smtpd[2783]: 266A61807A: client=localhost[127.0.0.1]
May 24 07:04:22 ec3.stic.ull.es postfix/cleanup[4114]: 266A61807A: message-id=<427E0ED56EE2416195A1374A23A12DA1.MAI@home>
May 24 07:04:22 ec3.stic.ull.es postfix/smtp[2782]: 1BC471807C: to=<edomenec@ull.edu.es>, relay=localhost[127.0.0.1]:10025, delay=0.13, delays=0/0/0.04/0.09, dsn=2.0.0, status=sent (250 2.0.0 Ok: queued as 266A61807A)
May 24 07:04:22 ec3.stic.ull.es postfix/qmgr[9015]: 266A61807A: from=<SRS0=sP77=D4=javaemail.org=ojped@puc.rediris.es>, size=8443, nrcpt=1 (queue active)
May 24 07:04:22 ec3.stic.ull.es postfix/smtpd[2783]: disconnect from localhost[127.0.0.1]
May 24 07:04:22 ec3.stic.ull.es postfix/qmgr[9015]: 1BC471807C: removed
May 24 07:04:23 ec3.stic.ull.es postfix/smtp[4005]: 266A61807A: to=<edomenec@ull.edu.es>, relay=aspmx.l.google.com[173.194.66.27]:25, delay=1.6, delays=0.09/0/0.37/1.1, dsn=2.0.0, status=sent (250 2.0.0 OK 1337839463 a59si3157643wel.133)
May 24 07:04:23 ec3.stic.ull.es postfix/qmgr[9015]: 266A61807A: removed
May 24 07:04:27 ec3.stic.ull.es postfix/smtpd[3278]: connect from mp02.ccti.ull.es[10.4.9.102]
May 24 07:04:27 ec3.stic.ull.es postfix/smtpd[3278]: 7D7641807A: client=mp02.ccti.ull.es[10.4.9.102]
May 24 07:04:27 ec3.stic.ull.es postfix/cleanup[4114]: 7D7641807A: message-id=<003b01cd3972$f4278ca0$8101a8c0@jaldc1b16e2cad>
May 24 07:04:27 ec3.stic.ull.es postfix/qmgr[9015]: 7D7641807A: from=<SRS0=2s0K=D4=estudiosarabes.org=seea-l-return-726-maguiar=ull.es@puc.rediris.es>, size=7901, nrcpt=1 (queue active)
May 24 07:04:27 ec3.stic.ull.es postfix/smtpd[3278]: disconnect from mp02.ccti.ull.es[10.4.9.102]
May 24 07:04:27 ec3.stic.ull.es postfix/pickup[2205]: 8854D1807C: uid=33 from=<SRS0=2s0K=D4=estudiosarabes.org=seea-l-return-726-maguiar=ull.es@puc.rediris.es>
May 24 07:04:27 ec3.stic.ull.es postfix/cleanup[4114]: 8854D1807C: message-id=<003b01cd3972$f4278ca0$8101a8c0@jaldc1b16e2cad>
May 24 07:04:27 ec3.stic.ull.es postfix/qmgr[9015]: 8854D1807C: from=<SRS0=2s0K=D4=estudiosarabes.org=seea-l-return-726-maguiar=ull.es@puc.rediris.es>, size=8024, nrcpt=1 (queue active)
May 24 07:04:27 ec3.stic.ull.es postfix/smtpd[2783]: connect from localhost[127.0.0.1]
May 24 07:04:27 ec3.stic.ull.es postfix/pipe[2778]: 7D7641807A: to=<maguiar@ull.edu.es>, relay=ripper, delay=0.05, delays=0/0/0/0.05, dsn=2.0.0, status=sent (delivered via ripper service)
May 24 07:04:27 ec3.stic.ull.es postfix/qmgr[9015]: 7D7641807A: removed
May 24 07:04:27 ec3.stic.ull.es postfix/smtpd[2783]: 92F141807A: client=localhost[127.0.0.1]
May 24 07:04:27 ec3.stic.ull.es postfix/cleanup[4114]: 92F141807A: message-id=<003b01cd3972$f4278ca0$8101a8c0@jaldc1b16e2cad>
May 24 07:04:27 ec3.stic.ull.es postfix/smtp[2782]: 8854D1807C: to=<maguiar@ull.edu.es>, relay=localhost[127.0.0.1]:10025, delay=0.18, delays=0/0/0.04/0.13, dsn=2.0.0, status=sent (250 2.0.0 Ok: queued as 92F141807A)
May 24 07:04:27 ec3.stic.ull.es postfix/qmgr[9015]: 92F141807A: from=<SRS0=2s0K=D4=estudiosarabes.org=seea-l-return-726-maguiar=ull.es@puc.rediris.es>, size=7496, nrcpt=1 (queue active)
May 24 07:04:27 ec3.stic.ull.es postfix/smtpd[2783]: disconnect from localhost[127.0.0.1]
May 24 07:04:27 ec3.stic.ull.es postfix/qmgr[9015]: 8854D1807C: removed
May 24 07:04:28 ec3.stic.ull.es postfix/smtp[3960]: 92F141807A: to=<maguiar@ull.edu.es>, relay=aspmx.l.google.com[173.194.66.27]:25, delay=1.3, delays=0.13/0/0.37/0.82, dsn=2.0.0, status=sent (250 2.0.0 OK 1337839468 p8si32197204weh.0)
May 24 07:04:28 ec3.stic.ull.es postfix/qmgr[9015]: 92F141807A: removed
May 24 07:04:43 ec3.stic.ull.es postfix/smtpd[837]: connect from unknown[193.145.118.163]
May 24 07:04:43 ec3.stic.ull.es postfix/smtpd[837]: disconnect from unknown[193.145.118.163]
May 24 07:04:45 ec3.stic.ull.es postfix/smtpd[2720]: connect from mp02.ccti.ull.es[10.4.9.102]
May 24 07:04:45 ec3.stic.ull.es postfix/smtpd[2720]: 57C181807A: client=mp02.ccti.ull.es[10.4.9.102]
May 24 07:04:45 ec3.stic.ull.es postfix/cleanup[4114]: 57C181807A: message-id=<E1SXRA7-00026j-UD@server.hithuntheal.com>
May 24 07:04:45 ec3.stic.ull.es postfix/qmgr[9015]: 57C181807A: from=<SRS0=871h=D4=server.hithuntheal.com=root@puc.rediris.es>, size=5032, nrcpt=1 (queue active)
May 24 07:04:45 ec3.stic.ull.es postfix/smtpd[2720]: disconnect from mp02.ccti.ull.es[10.4.9.102]
May 24 07:04:45 ec3.stic.ull.es postfix/pickup[2205]: 61AFC1807C: uid=33 from=<SRS0=871h=D4=server.hithuntheal.com=root@puc.rediris.es>
May 24 07:04:45 ec3.stic.ull.es postfix/cleanup[4114]: 61AFC1807C: message-id=<E1SXRA7-00026j-UD@server.hithuntheal.com>
May 24 07:04:45 ec3.stic.ull.es postfix/qmgr[9015]: 61AFC1807C: from=<SRS0=871h=D4=server.hithuntheal.com=root@puc.rediris.es>, size=5152, nrcpt=1 (queue active)
May 24 07:04:45 ec3.stic.ull.es postfix/smtpd[2783]: connect from localhost[127.0.0.1]
May 24 07:04:45 ec3.stic.ull.es postfix/pipe[2778]: 57C181807A: to=<dmarrero@ull.edu.es>, relay=ripper, delay=0.05, delays=0/0/0/0.04, dsn=2.0.0, status=sent (delivered via ripper service)
May 24 07:04:45 ec3.stic.ull.es postfix/qmgr[9015]: 57C181807A: removed
May 24 07:04:45 ec3.stic.ull.es postfix/smtpd[2783]: 6C4D51807A: client=localhost[127.0.0.1]
May 24 07:04:45 ec3.stic.ull.es postfix/cleanup[4114]: 6C4D51807A: message-id=<E1SXRA7-00026j-UD@server.hithuntheal.com>
May 24 07:04:45 ec3.stic.ull.es postfix/qmgr[9015]: 6C4D51807A: from=<SRS0=871h=D4=server.hithuntheal.com=root@puc.rediris.es>, size=4611, nrcpt=1 (queue active)
May 24 07:04:45 ec3.stic.ull.es postfix/smtp[2782]: 61AFC1807C: to=<dmarrero@ull.edu.es>, relay=localhost[127.0.0.1]:10025, delay=0.17, delays=0/0/0.04/0.13, dsn=2.0.0, status=sent (250 2.0.0 Ok: queued as 6C4D51807A)
May 24 07:04:45 ec3.stic.ull.es postfix/smtpd[2783]: disconnect from localhost[127.0.0.1]
May 24 07:04:45 ec3.stic.ull.es postfix/qmgr[9015]: 61AFC1807C: removed
May 24 07:04:46 ec3.stic.ull.es postfix/smtpd[3278]: connect from unknown[193.145.118.163]
May 24 07:04:46 ec3.stic.ull.es postfix/smtpd[3278]: disconnect from unknown[193.145.118.163]
May 24 07:04:47 ec3.stic.ull.es postfix/smtp[3980]: 6C4D51807A: to=<dmarrero@ull.edu.es>, relay=aspmx.l.google.com[173.194.66.27]:25, delay=1.7, delays=0.13/0/0.39/1.2, dsn=2.0.0, status=sent (250 2.0.0 OK 1337839487 c9si1596141wie.18)
May 24 07:04:47 ec3.stic.ull.es postfix/qmgr[9015]: 6C4D51807A: removed
May 24 07:04:48 ec3.stic.ull.es postfix/smtpd[2134]: connect from unknown[193.145.118.163]
May 24 07:04:48 ec3.stic.ull.es postfix/smtpd[2134]: SSL_accept error from unknown[193.145.118.163]: -1
May 24 07:04:48 ec3.stic.ull.es postfix/smtpd[2134]: lost connection after CONNECT from unknown[193.145.118.163]
May 24 07:04:48 ec3.stic.ull.es postfix/smtpd[2134]: disconnect from unknown[193.145.118.163]
May 24 07:04:58 ec3.stic.ull.es postfix/smtpd[2720]: connect from unknown[10.219.4.249]
May 24 07:04:58 ec3.stic.ull.es postfix/smtpd[2720]: disconnect from unknown[10.219.4.249]
May 24 07:04:58 ec3.stic.ull.es postfix/smtpd[3278]: connect from unknown[10.219.4.249]
May 24 07:04:58 ec3.stic.ull.es postfix/smtpd[3278]: disconnect from unknown[10.219.4.249]
May 24 07:04:58 ec3.stic.ull.es postfix/smtpd[2720]: connect from unknown[10.219.4.249]
May 24 07:04:59 ec3.stic.ull.es postfix/smtpd[2720]: disconnect from unknown[10.219.4.249]
May 24 07:04:59 ec3.stic.ull.es postfix/smtpd[3278]: connect from unknown[10.219.4.249]
May 24 07:04:59 ec3.stic.ull.es postfix/smtpd[3278]: disconnect from unknown[10.219.4.249]
May 24 07:05:06 ec3.stic.ull.es postfix/smtpd[3278]: connect from systemon3.sis.ccti.ull.es[10.107.26.51]
May 24 07:05:06 ec3.stic.ull.es postfix/smtpd[3278]: disconnect from systemon3.sis.ccti.ull.es[10.107.26.51]
May 24 07:05:13 ec3.stic.ull.es postfix/smtpd[837]: connect from unknown[193.145.118.163]
May 24 07:05:13 ec3.stic.ull.es postfix/smtpd[837]: disconnect from unknown[193.145.118.163]
May 24 07:05:16 ec3.stic.ull.es postfix/smtpd[3278]: connect from unknown[193.145.118.163]
May 24 07:05:16 ec3.stic.ull.es postfix/smtpd[3278]: disconnect from unknown[193.145.118.163]
May 24 07:05:18 ec3.stic.ull.es postfix/smtpd[2134]: connect from unknown[193.145.118.163]
May 24 07:05:18 ec3.stic.ull.es postfix/smtpd[2134]: SSL_accept error from unknown[193.145.118.163]: -1
May 24 07:05:18 ec3.stic.ull.es postfix/smtpd[2134]: lost connection after CONNECT from unknown[193.145.118.163]
May 24 07:05:18 ec3.stic.ull.es postfix/smtpd[2134]: disconnect from unknown[193.145.118.163]
May 24 07:05:32 ec3.stic.ull.es postfix/smtpd[3278]: connect from mb06.sis.ccti.ull.es[10.4.9.108]
May 24 07:05:32 ec3.stic.ull.es postfix/smtpd[3278]: D4A911807A: client=mb06.sis.ccti.ull.es[10.4.9.108]
May 24 07:05:32 ec3.stic.ull.es postfix/cleanup[4114]: D4A911807A: message-id=<dovecot-1337839532-769145-0@mb06.sis.ccti.ull.es>
May 24 07:05:32 ec3.stic.ull.es postfix/qmgr[9015]: D4A911807A: from=<>, size=4966, nrcpt=1 (queue active)
May 24 07:05:32 ec3.stic.ull.es postfix/smtpd[3278]: disconnect from mb06.sis.ccti.ull.es[10.4.9.108]
May 24 07:05:32 ec3.stic.ull.es postfix/pickup[2205]: E98C11807C: uid=33 from=<MAILER-DAEMON>
May 24 07:05:32 ec3.stic.ull.es postfix/cleanup[4114]: E98C11807C: message-id=<dovecot-1337839532-769145-0@mb06.sis.ccti.ull.es>
May 24 07:05:32 ec3.stic.ull.es postfix/qmgr[9015]: E98C11807C: from=<>, size=5090, nrcpt=1 (queue active)
May 24 07:05:32 ec3.stic.ull.es postfix/smtpd[2783]: connect from localhost[127.0.0.1]
May 24 07:05:32 ec3.stic.ull.es postfix/pipe[2778]: D4A911807A: to=<SRS0=871h=D4=server.hithuntheal.com=root@puc.rediris.es>, relay=ripper, delay=0.09, delays=0.04/0/0/0.05, dsn=2.0.0, status=sent (delivered via ripper service)
May 24 07:05:32 ec3.stic.ull.es postfix/qmgr[9015]: D4A911807A: removed
May 24 07:05:32 ec3.stic.ull.es postfix/smtpd[2783]: F41CD1807A: client=localhost[127.0.0.1]
May 24 07:05:33 ec3.stic.ull.es postfix/cleanup[4114]: F41CD1807A: message-id=<dovecot-1337839532-769145-0@mb06.sis.ccti.ull.es>
May 24 07:05:33 ec3.stic.ull.es postfix/qmgr[9015]: F41CD1807A: from=<>, size=5305, nrcpt=1 (queue active)
May 24 07:05:33 ec3.stic.ull.es postfix/smtp[2782]: E98C11807C: to=<SRS0=871h=D4=server.hithuntheal.com=root@puc.rediris.es>, relay=localhost[127.0.0.1]:10025, delay=0.17, delays=0/0/0.04/0.13, dsn=2.0.0, status=sent (250 2.0.0 Ok: queued as F41CD1807A)
May 24 07:05:33 ec3.stic.ull.es postfix/smtpd[2783]: disconnect from localhost[127.0.0.1]
May 24 07:05:33 ec3.stic.ull.es postfix/qmgr[9015]: E98C11807C: removed
May 24 07:05:34 ec3.stic.ull.es postfix/smtp[3976]: F41CD1807A: to=<SRS0=871h=D4=server.hithuntheal.com=root@puc.rediris.es>, relay=mx01.puc.rediris.es[130.206.18.129]:25, delay=1.2, delays=0.13/0/0.54/0.53, dsn=2.0.0, status=sent (250 OK id=1SXRBL-0006MC-KT)
May 24 07:05:34 ec3.stic.ull.es postfix/qmgr[9015]: F41CD1807A: removed
May 24 07:05:37 ec3.stic.ull.es postfix/smtpd[3278]: connect from systemon3.sis.ccti.ull.es[10.107.26.51]
May 24 07:05:37 ec3.stic.ull.es postfix/smtpd[3278]: disconnect from systemon3.sis.ccti.ull.es[10.107.26.51]
May 24 07:05:43 ec3.stic.ull.es postfix/smtpd[837]: connect from unknown[193.145.118.163]
May 24 07:05:43 ec3.stic.ull.es postfix/smtpd[837]: disconnect from unknown[193.145.118.163]
May 24 07:05:46 ec3.stic.ull.es postfix/smtpd[3278]: connect from unknown[193.145.118.163]
May 24 07:05:46 ec3.stic.ull.es postfix/smtpd[3278]: disconnect from unknown[193.145.118.163]
May 24 07:05:48 ec3.stic.ull.es postfix/smtpd[2134]: connect from unknown[193.145.118.163]
May 24 07:05:48 ec3.stic.ull.es postfix/smtpd[2134]: SSL_accept error from unknown[193.145.118.163]: -1
May 24 07:05:48 ec3.stic.ull.es postfix/smtpd[2134]: lost connection after CONNECT from unknown[193.145.118.163]
May 24 07:05:48 ec3.stic.ull.es postfix/smtpd[2134]: disconnect from unknown[193.145.118.163]
May 24 07:05:57 ec3.stic.ull.es postfix/smtpd[3278]: connect from mp02.ccti.ull.es[10.4.9.102]
May 24 07:05:57 ec3.stic.ull.es postfix/smtpd[3278]: EE5C01807A: client=mp02.ccti.ull.es[10.4.9.102]
May 24 07:05:57 ec3.stic.ull.es postfix/cleanup[4114]: EE5C01807A: message-id=<DUB111-W4685236B0EB26D3E0EA055C3000@phx.gbl>
May 24 07:05:57 ec3.stic.ull.es postfix/qmgr[9015]: EE5C01807A: from=<SRS0=/hXI=D4=hotmail.com=pauluski@puc.rediris.es>, size=5332, nrcpt=1 (queue active)
May 24 07:05:57 ec3.stic.ull.es postfix/smtpd[3278]: disconnect from mp02.ccti.ull.es[10.4.9.102]
May 24 07:05:57 ec3.stic.ull.es postfix/pickup[2205]: 04CAA1807C: uid=33 from=<SRS0=/hXI=D4=hotmail.com=pauluski@puc.rediris.es>
May 24 07:05:57 ec3.stic.ull.es postfix/cleanup[4114]: 04CAA1807C: message-id=<DUB111-W4685236B0EB26D3E0EA055C3000@phx.gbl>
May 24 07:05:57 ec3.stic.ull.es postfix/qmgr[9015]: 04CAA1807C: from=<SRS0=/hXI=D4=hotmail.com=pauluski@puc.rediris.es>, size=5457, nrcpt=1 (queue active)
May 24 07:05:58 ec3.stic.ull.es postfix/smtpd[2783]: connect from localhost[127.0.0.1]
May 24 07:05:58 ec3.stic.ull.es postfix/pipe[2778]: EE5C01807A: to=<cbridiaz@ull.edu.es>, relay=ripper, delay=0.05, delays=0/0/0/0.05, dsn=2.0.0, status=sent (delivered via ripper service)
May 24 07:05:58 ec3.stic.ull.es postfix/qmgr[9015]: EE5C01807A: removed
May 24 07:05:58 ec3.stic.ull.es postfix/smtpd[2783]: 0F57C1807A: client=localhost[127.0.0.1]
May 24 07:05:58 ec3.stic.ull.es postfix/cleanup[4114]: 0F57C1807A: message-id=<DUB111-W4685236B0EB26D3E0EA055C3000@phx.gbl>
May 24 07:05:58 ec3.stic.ull.es postfix/qmgr[9015]: 0F57C1807A: from=<SRS0=/hXI=D4=hotmail.com=pauluski@puc.rediris.es>, size=4875, nrcpt=1 (queue active)
May 24 07:05:58 ec3.stic.ull.es postfix/smtp[2782]: 04CAA1807C: to=<cbridiaz@ull.edu.es>, relay=localhost[127.0.0.1]:10025, delay=0.17, delays=0/0/0.04/0.13, dsn=2.0.0, status=sent (250 2.0.0 Ok: queued as 0F57C1807A)
May 24 07:05:58 ec3.stic.ull.es postfix/qmgr[9015]: 04CAA1807C: removed
May 24 07:05:58 ec3.stic.ull.es postfix/smtpd[2783]: disconnect from localhost[127.0.0.1]
May 24 07:05:58 ec3.stic.ull.es postfix/smtpd[3278]: connect from systemon3.sis.ccti.ull.es[10.107.26.51]
May 24 07:05:58 ec3.stic.ull.es postfix/smtpd[3278]: disconnect from systemon3.sis.ccti.ull.es[10.107.26.51]
May 24 07:05:58 ec3.stic.ull.es postfix/smtpd[3278]: connect from unknown[10.219.4.249]
May 24 07:05:58 ec3.stic.ull.es postfix/smtpd[3278]: disconnect from unknown[10.219.4.249]
May 24 07:05:58 ec3.stic.ull.es postfix/smtpd[3278]: connect from unknown[10.219.4.249]
May 24 07:05:58 ec3.stic.ull.es postfix/smtpd[3278]: disconnect from unknown[10.219.4.249]
May 24 07:05:58 ec3.stic.ull.es postfix/smtpd[3278]: connect from unknown[10.219.4.249]
May 24 07:05:58 ec3.stic.ull.es postfix/smtpd[3278]: disconnect from unknown[10.219.4.249]
May 24 07:05:59 ec3.stic.ull.es postfix/smtp[3960]: 0F57C1807A: to=<cbridiaz@ull.edu.es>, relay=aspmx.l.google.com[173.194.66.27]:25, delay=1.6, delays=0.13/0/0.36/1.1, dsn=2.0.0, status=sent (250 2.0.0 OK 1337839559 ep5si24070849wib.27)
May 24 07:05:59 ec3.stic.ull.es postfix/qmgr[9015]: 0F57C1807A: removed
May 24 07:06:00 ec3.stic.ull.es postfix/smtpd[3278]: connect from mp02.ccti.ull.es[10.4.9.102]
May 24 07:06:00 ec3.stic.ull.es postfix/smtpd[3278]: B153E1807A: client=mp02.ccti.ull.es[10.4.9.102]
May 24 07:06:00 ec3.stic.ull.es postfix/cleanup[4114]: B153E1807A: message-id=<M400a471-1284@difusion.gms.es>
May 24 07:06:00 ec3.stic.ull.es postfix/smtpd[3278]: disconnect from mp02.ccti.ull.es[10.4.9.102]
May 24 07:06:00 ec3.stic.ull.es postfix/qmgr[9015]: B153E1807A: from=<SRS0=TJa+=D4=difusion.gms.es=difusionEmail-M400a471-1284-@puc.rediris.es>, size=26549, nrcpt=1 (queue active)
May 24 07:06:00 ec3.stic.ull.es postfix/pickup[2205]: C69661807C: uid=33 from=<SRS0=TJa+=D4=difusion.gms.es=difusionEmail-M400a471-1284-@puc.rediris.es>
May 24 07:06:00 ec3.stic.ull.es postfix/cleanup[4114]: C69661807C: message-id=<M400a471-1284@difusion.gms.es>
May 24 07:06:00 ec3.stic.ull.es postfix/qmgr[9015]: C69661807C: from=<SRS0=TJa+=D4=difusion.gms.es=difusionEmail-M400a471-1284-@puc.rediris.es>, size=26676, nrcpt=1 (queue active)
May 24 07:06:00 ec3.stic.ull.es postfix/smtpd[2783]: connect from localhost[127.0.0.1]
May 24 07:06:00 ec3.stic.ull.es postfix/pipe[2778]: B153E1807A: to=<dmassieu@ull.edu.es>, relay=ripper, delay=0.09, delays=0.04/0/0/0.05, dsn=2.0.0, status=sent (delivered via ripper service)
May 24 07:06:00 ec3.stic.ull.es postfix/qmgr[9015]: B153E1807A: removed
May 24 07:06:00 ec3.stic.ull.es postfix/smtpd[2783]: D125A1807A: client=localhost[127.0.0.1]
May 24 07:06:00 ec3.stic.ull.es postfix/cleanup[4114]: D125A1807A: message-id=<M400a471-1284@difusion.gms.es>
May 24 07:06:00 ec3.stic.ull.es postfix/qmgr[9015]: D125A1807A: from=<SRS0=TJa+=D4=difusion.gms.es=difusionEmail-M400a471-1284-@puc.rediris.es>, size=25646, nrcpt=1 (queue active)
May 24 07:06:00 ec3.stic.ull.es postfix/smtpd[2783]: disconnect from localhost[127.0.0.1]
May 24 07:06:00 ec3.stic.ull.es postfix/smtp[2782]: C69661807C: to=<dmassieu@ull.edu.es>, relay=localhost[127.0.0.1]:10025, delay=0.17, delays=0/0/0.04/0.13, dsn=2.0.0, status=sent (250 2.0.0 Ok: queued as D125A1807A)
May 24 07:06:00 ec3.stic.ull.es postfix/qmgr[9015]: C69661807C: removed
May 24 07:06:02 ec3.stic.ull.es postfix/smtp[4005]: D125A1807A: to=<dmassieu@ull.edu.es>, relay=aspmx.l.google.com[173.194.66.27]:25, delay=1.8, delays=0.13/0/0.47/1.2, dsn=2.0.0, status=sent (250 2.0.0 OK 1337839562 o47si11619785wee.140)
May 24 07:06:02 ec3.stic.ull.es postfix/qmgr[9015]: D125A1807A: removed
May 24 07:06:08 ec3.stic.ull.es postfix/smtpd[3278]: connect from mp02.ccti.ull.es[10.4.9.102]
May 24 07:06:08 ec3.stic.ull.es postfix/smtpd[3278]: 3C7FE1807A: client=mp02.ccti.ull.es[10.4.9.102]
May 24 07:06:08 ec3.stic.ull.es postfix/cleanup[4114]: 3C7FE1807A: message-id=<E1SXRBQ-00037z-V9@server.hithuntheal.com>
May 24 07:06:08 ec3.stic.ull.es postfix/qmgr[9015]: 3C7FE1807A: from=<SRS0=871h=D4=server.hithuntheal.com=root@puc.rediris.es>, size=5048, nrcpt=1 (queue active)
May 24 07:06:08 ec3.stic.ull.es postfix/smtpd[3278]: disconnect from mp02.ccti.ull.es[10.4.9.102]
May 24 07:06:08 ec3.stic.ull.es postfix/pickup[2205]: 4684E1807C: uid=33 from=<SRS0=871h=D4=server.hithuntheal.com=root@puc.rediris.es>
May 24 07:06:08 ec3.stic.ull.es postfix/cleanup[4114]: 4684E1807C: message-id=<E1SXRBQ-00037z-V9@server.hithuntheal.com>
May 24 07:06:08 ec3.stic.ull.es postfix/qmgr[9015]: 4684E1807C: from=<SRS0=871h=D4=server.hithuntheal.com=root@puc.rediris.es>, size=5170, nrcpt=1 (queue active)
May 24 07:06:08 ec3.stic.ull.es postfix/smtpd[2783]: connect from localhost[127.0.0.1]
May 24 07:06:08 ec3.stic.ull.es postfix/pipe[2778]: 3C7FE1807A: to=<eggarcia@ind.uned.es>, relay=ripper, delay=0.11, delays=0.06/0/0/0.04, dsn=2.0.0, status=sent (delivered via ripper service)
May 24 07:06:08 ec3.stic.ull.es postfix/qmgr[9015]: 3C7FE1807A: removed
May 24 07:06:08 ec3.stic.ull.es postfix/smtpd[2783]: 512441807A: client=localhost[127.0.0.1]
May 24 07:06:08 ec3.stic.ull.es postfix/cleanup[4114]: 512441807A: message-id=<E1SXRBQ-00037z-V9@server.hithuntheal.com>
May 24 07:06:08 ec3.stic.ull.es postfix/qmgr[9015]: 512441807A: from=<SRS0=871h=D4=server.hithuntheal.com=root@puc.rediris.es>, size=4630, nrcpt=1 (queue active)
May 24 07:06:08 ec3.stic.ull.es postfix/smtp[2782]: 4684E1807C: to=<eggarcia@ind.uned.es>, relay=localhost[127.0.0.1]:10025, delay=0.17, delays=0/0/0.04/0.13, dsn=2.0.0, status=sent (250 2.0.0 Ok: queued as 512441807A)
May 24 07:06:08 ec3.stic.ull.es postfix/smtpd[2783]: disconnect from localhost[127.0.0.1]
May 24 07:06:08 ec3.stic.ull.es postfix/qmgr[9015]: 4684E1807C: removed
May 24 07:06:09 ec3.stic.ull.es postfix/smtp[3960]: 512441807A: to=<eggarcia@ind.uned.es>, relay=mx01.puc.rediris.es[130.206.18.10]:25, delay=0.94, delays=0.13/0/0.65/0.15, dsn=5.0.0, status=bounced (host mx01.puc.rediris.es[130.206.18.10] said: 550 invalid user (in reply to RCPT TO command))
May 24 07:06:09 ec3.stic.ull.es postfix/cleanup[4114]: 48BB71807C: message-id=<20120524060609.48BB71807C@ec3.stic.ull.es>
May 24 07:06:09 ec3.stic.ull.es postfix/qmgr[9015]: 48BB71807C: from=<>, size=6528, nrcpt=1 (queue active)
May 24 07:06:09 ec3.stic.ull.es postfix/bounce[4267]: 512441807A: sender non-delivery notification: 48BB71807C
May 24 07:06:09 ec3.stic.ull.es postfix/qmgr[9015]: 512441807A: removed
May 24 07:06:13 ec3.stic.ull.es postfix/smtpd[837]: connect from unknown[193.145.118.163]
May 24 07:06:13 ec3.stic.ull.es postfix/smtpd[837]: disconnect from unknown[193.145.118.163]
May 24 07:06:13 ec3.stic.ull.es postfix/smtp[3976]: 48BB71807C: to=<SRS0=871h=D4=server.hithuntheal.com=root@puc.rediris.es>, relay=mx01.puc.rediris.es[130.206.18.131]:25, delay=4.4, delays=0/0/0.55/3.8, dsn=2.0.0, status=sent (250 OK id=1SXRE1-0001aO-Vc)
May 24 07:06:13 ec3.stic.ull.es postfix/qmgr[9015]: 48BB71807C: removed
May 24 07:06:14 ec3.stic.ull.es postfix/smtpd[3278]: connect from mp01.ccti.ull.es[10.4.9.101]
May 24 07:06:14 ec3.stic.ull.es postfix/smtpd[3278]: 514D91807A: client=mp01.ccti.ull.es[10.4.9.101]
May 24 07:06:14 ec3.stic.ull.es postfix/cleanup[4114]: 514D91807A: message-id=<31206_42829642.3081428296421-46386686@cab.mail-du-jour.com>
May 24 07:06:14 ec3.stic.ull.es postfix/qmgr[9015]: 514D91807A: from=<SRS0=Vl85=D4=cab.mail-du-jour.fr=ComeAndStayP@puc.rediris.es>, size=8467, nrcpt=1 (queue active)
May 24 07:06:14 ec3.stic.ull.es postfix/smtpd[3278]: disconnect from mp01.ccti.ull.es[10.4.9.101]
May 24 07:06:14 ec3.stic.ull.es postfix/pickup[2205]: 5BE001807C: uid=33 from=<SRS0=Vl85=D4=cab.mail-du-jour.fr=ComeAndStayP@puc.rediris.es>
May 24 07:06:14 ec3.stic.ull.es postfix/cleanup[4114]: 5BE001807C: message-id=<31206_42829642.3081428296421-46386686@cab.mail-du-jour.com>
May 24 07:06:14 ec3.stic.ull.es postfix/qmgr[9015]: 5BE001807C: from=<SRS0=Vl85=D4=cab.mail-du-jour.fr=ComeAndStayP@puc.rediris.es>, size=8592, nrcpt=1 (queue active)
May 24 07:06:14 ec3.stic.ull.es postfix/smtpd[2783]: connect from localhost[127.0.0.1]
May 24 07:06:14 ec3.stic.ull.es postfix/pipe[2778]: 514D91807A: to=<caruiz@ull.edu.es>, relay=ripper, delay=0.05, delays=0/0/0/0.05, dsn=2.0.0, status=sent (delivered via ripper service)
May 24 07:06:14 ec3.stic.ull.es postfix/qmgr[9015]: 514D91807A: removed
May 24 07:06:14 ec3.stic.ull.es postfix/smtpd[2783]: 668571807A: client=localhost[127.0.0.1]
May 24 07:06:14 ec3.stic.ull.es postfix/cleanup[4114]: 668571807A: message-id=<31206_42829642.3081428296421-46386686@cab.mail-du-jour.com>
May 24 07:06:14 ec3.stic.ull.es postfix/qmgr[9015]: 668571807A: from=<SRS0=Vl85=D4=cab.mail-du-jour.fr=ComeAndStayP@puc.rediris.es>, size=7876, nrcpt=1 (queue active)
May 24 07:06:14 ec3.stic.ull.es postfix/smtp[2782]: 5BE001807C: to=<caruiz@ull.edu.es>, relay=localhost[127.0.0.1]:10025, delay=0.17, delays=0/0/0.04/0.13, dsn=2.0.0, status=sent (250 2.0.0 Ok: queued as 668571807A)
May 24 07:06:14 ec3.stic.ull.es postfix/smtpd[2783]: disconnect from localhost[127.0.0.1]
May 24 07:06:14 ec3.stic.ull.es postfix/qmgr[9015]: 5BE001807C: removed
May 24 07:06:15 ec3.stic.ull.es postfix/smtp[3960]: 668571807A: to=<caruiz@ull.edu.es>, relay=aspmx.l.google.com[173.194.66.27]:25, delay=1.1, delays=0.13/0/0.39/0.6, dsn=2.0.0, status=sent (250 2.0.0 OK 1337839575 c71si11634165wec.114)
May 24 07:06:15 ec3.stic.ull.es postfix/qmgr[9015]: 668571807A: removed
May 24 07:06:16 ec3.stic.ull.es postfix/smtpd[3278]: connect from unknown[193.145.118.163]
May 24 07:06:16 ec3.stic.ull.es postfix/smtpd[3278]: disconnect from unknown[193.145.118.163]
May 24 07:06:18 ec3.stic.ull.es postfix/smtpd[2134]: connect from unknown[193.145.118.163]
May 24 07:06:18 ec3.stic.ull.es postfix/smtpd[2134]: SSL_accept error from unknown[193.145.118.163]: -1
May 24 07:06:18 ec3.stic.ull.es postfix/smtpd[2134]: lost connection after CONNECT from unknown[193.145.118.163]
May 24 07:06:18 ec3.stic.ull.es postfix/smtpd[2134]: disconnect from unknown[193.145.118.163]
May 24 07:06:28 ec3.stic.ull.es postfix/anvil[9020]: statistics: max connection rate 8/60s for (smtp:10.219.4.249) at May 24 07:02:59
May 24 07:06:28 ec3.stic.ull.es postfix/anvil[9020]: statistics: max connection count 1 for (smtp:10.4.9.101) at May 24 06:56:45
May 24 07:06:28 ec3.stic.ull.es postfix/anvil[9020]: statistics: max message rate 4/60s for (smtp:10.4.9.102) at May 24 07:02:22
May 24 07:06:28 ec3.stic.ull.es postfix/anvil[9020]: statistics: max recipient rate 8/60s for (smtp:10.4.9.101) at May 24 07:00:10
May 24 07:06:28 ec3.stic.ull.es postfix/anvil[9020]: statistics: max cache size 5 at May 24 07:03:59
May 24 07:06:37 ec3.stic.ull.es postfix/smtpd[3278]: connect from systemon3.sis.ccti.ull.es[10.107.26.51]
May 24 07:06:37 ec3.stic.ull.es postfix/smtpd[3278]: disconnect from systemon3.sis.ccti.ull.es[10.107.26.51]
May 24 07:06:37 ec3.stic.ull.es postfix/smtpd[2134]: connect from systemon3.sis.ccti.ull.es[10.107.26.51]
May 24 07:06:37 ec3.stic.ull.es postfix/smtpd[2134]: disconnect from systemon3.sis.ccti.ull.es[10.107.26.51]
May 24 07:06:41 ec3.stic.ull.es postfix/smtpd[3278]: connect from mb05.sis.ccti.ull.es[10.4.9.107]
May 24 07:06:41 ec3.stic.ull.es postfix/smtpd[3278]: 28F711807A: client=mb05.sis.ccti.ull.es[10.4.9.107]
May 24 07:06:41 ec3.stic.ull.es postfix/cleanup[4114]: 28F711807A: message-id=<dovecot-1337839601-46043-0@mb05.sis.ccti.ull.es>
May 24 07:06:41 ec3.stic.ull.es postfix/smtpd[3278]: disconnect from mb05.sis.ccti.ull.es[10.4.9.107]
May 24 07:06:41 ec3.stic.ull.es postfix/qmgr[9015]: 28F711807A: from=<>, size=6631, nrcpt=1 (queue active)
May 24 07:06:41 ec3.stic.ull.es postfix/pickup[2205]: 3414C1807C: uid=33 from=<MAILER-DAEMON>
May 24 07:06:41 ec3.stic.ull.es postfix/cleanup[4114]: 3414C1807C: message-id=<dovecot-1337839601-46043-0@mb05.sis.ccti.ull.es>
May 24 07:06:41 ec3.stic.ull.es postfix/qmgr[9015]: 3414C1807C: from=<>, size=6766, nrcpt=1 (queue active)
May 24 07:06:41 ec3.stic.ull.es postfix/smtpd[2783]: connect from localhost[127.0.0.1]
May 24 07:06:41 ec3.stic.ull.es postfix/pipe[2778]: 28F711807A: to=<SRS0=4is0=D4=04-newsofspain.net=bounce-12896-55331576-656-248@puc.rediris.es>, relay=ripper, delay=0.05, delays=0/0/0/0.05, dsn=2.0.0, status=sent (delivered via ripper service)
May 24 07:06:41 ec3.stic.ull.es postfix/qmgr[9015]: 28F711807A: removed
May 24 07:06:41 ec3.stic.ull.es postfix/smtpd[2783]: 3EE221807A: client=localhost[127.0.0.1]
May 24 07:06:41 ec3.stic.ull.es postfix/cleanup[4114]: 3EE221807A: message-id=<dovecot-1337839601-46043-0@mb05.sis.ccti.ull.es>
May 24 07:06:41 ec3.stic.ull.es postfix/qmgr[9015]: 3EE221807A: from=<>, size=7002, nrcpt=1 (queue active)
May 24 07:06:41 ec3.stic.ull.es postfix/smtpd[2783]: disconnect from localhost[127.0.0.1]
May 24 07:06:41 ec3.stic.ull.es postfix/smtp[2782]: 3414C1807C: to=<SRS0=4is0=D4=04-newsofspain.net=bounce-12896-55331576-656-248@puc.rediris.es>, relay=localhost[127.0.0.1]:10025, delay=0.17, delays=0/0/0.04/0.13, dsn=2.0.0, status=sent (250 2.0.0 Ok: queued as 3EE221807A)
May 24 07:06:41 ec3.stic.ull.es postfix/qmgr[9015]: 3414C1807C: removed
May 24 07:06:42 ec3.stic.ull.es postfix/smtp[4005]: 3EE221807A: to=<SRS0=4is0=D4=04-newsofspain.net=bounce-12896-55331576-656-248@puc.rediris.es>, relay=mx01.puc.rediris.es[130.206.18.7]:25, delay=1.3, delays=0.13/0/0.54/0.62, dsn=2.0.0, status=sent (250 OK id=1SXRC6-00042C-4j)
May 24 07:06:42 ec3.stic.ull.es postfix/qmgr[9015]: 3EE221807A: removed
May 24 07:06:43 ec3.stic.ull.es postfix/smtpd[837]: connect from unknown[193.145.118.163]
May 24 07:06:43 ec3.stic.ull.es postfix/smtpd[837]: disconnect from unknown[193.145.118.163]
May 24 07:06:46 ec3.stic.ull.es postfix/smtpd[3278]: connect from unknown[193.145.118.163]
May 24 07:06:46 ec3.stic.ull.es postfix/smtpd[3278]: disconnect from unknown[193.145.118.163]
May 24 07:06:48 ec3.stic.ull.es postfix/smtpd[2134]: connect from unknown[193.145.118.163]
May 24 07:06:48 ec3.stic.ull.es postfix/smtpd[2134]: SSL_accept error from unknown[193.145.118.163]: -1
May 24 07:06:48 ec3.stic.ull.es postfix/smtpd[2134]: lost connection after CONNECT from unknown[193.145.118.163]
May 24 07:06:48 ec3.stic.ull.es postfix/smtpd[2134]: disconnect from unknown[193.145.118.163]
May 24 07:06:53 ec3.stic.ull.es postfix/smtpd[3278]: connect from mp01.ccti.ull.es[10.4.9.101]
May 24 07:06:53 ec3.stic.ull.es postfix/smtpd[3278]: 91A831807A: client=mp01.ccti.ull.es[10.4.9.101]
May 24 07:06:53 ec3.stic.ull.es postfix/cleanup[4114]: 91A831807A: message-id=<20120524060621.D42D124906@mailman03.highwire.org>
May 24 07:06:53 ec3.stic.ull.es postfix/qmgr[9015]: 91A831807A: from=<SRS0=Cgsj=D4=alerts.stanford.edu=endojournals-mailer@puc.rediris.es>, size=18373, nrcpt=1 (queue active)
May 24 07:06:53 ec3.stic.ull.es postfix/smtpd[3278]: disconnect from mp01.ccti.ull.es[10.4.9.101]
May 24 07:06:53 ec3.stic.ull.es postfix/pickup[2205]: 9C96B1807C: uid=33 from=<SRS0=Cgsj=D4=alerts.stanford.edu=endojournals-mailer@puc.rediris.es>
May 24 07:06:53 ec3.stic.ull.es postfix/cleanup[4114]: 9C96B1807C: message-id=<20120524060621.D42D124906@mailman03.highwire.org>
May 24 07:06:53 ec3.stic.ull.es postfix/qmgr[9015]: 9C96B1807C: from=<SRS0=Cgsj=D4=alerts.stanford.edu=endojournals-mailer@puc.rediris.es>, size=18498, nrcpt=1 (queue active)
May 24 07:06:53 ec3.stic.ull.es postfix/smtpd[2783]: connect from localhost[127.0.0.1]
May 24 07:06:53 ec3.stic.ull.es postfix/pipe[2778]: 91A831807A: to=<mamoral@ull.edu.es>, relay=ripper, delay=0.05, delays=0/0/0/0.05, dsn=2.0.0, status=sent (delivered via ripper service)
May 24 07:06:53 ec3.stic.ull.es postfix/qmgr[9015]: 91A831807A: removed
May 24 07:06:53 ec3.stic.ull.es postfix/smtpd[2783]: A726E1807A: client=localhost[127.0.0.1]
May 24 07:06:53 ec3.stic.ull.es postfix/cleanup[4114]: A726E1807A: message-id=<20120524060621.D42D124906@mailman03.highwire.org>
May 24 07:06:53 ec3.stic.ull.es postfix/qmgr[9015]: A726E1807A: from=<SRS0=Cgsj=D4=alerts.stanford.edu=endojournals-mailer@puc.rediris.es>, size=17455, nrcpt=1 (queue active)
May 24 07:06:53 ec3.stic.ull.es postfix/smtp[2782]: 9C96B1807C: to=<mamoral@ull.edu.es>, relay=localhost[127.0.0.1]:10025, delay=0.18, delays=0/0/0.04/0.13, dsn=2.0.0, status=sent (250 2.0.0 Ok: queued as A726E1807A)
May 24 07:06:53 ec3.stic.ull.es postfix/smtpd[2783]: disconnect from localhost[127.0.0.1]
May 24 07:06:53 ec3.stic.ull.es postfix/qmgr[9015]: 9C96B1807C: removed
May 24 07:06:54 ec3.stic.ull.es postfix/smtp[3976]: A726E1807A: to=<mamoral@ull.edu.es>, relay=aspmx.l.google.com[173.194.66.27]:25, delay=1.2, delays=0.13/0/0.36/0.66, dsn=2.0.0, status=sent (250 2.0.0 OK 1337839614 eo3si11152420wid.20)
May 24 07:06:54 ec3.stic.ull.es postfix/qmgr[9015]: A726E1807A: removed
May 24 07:06:58 ec3.stic.ull.es postfix/smtpd[3278]: connect from systemon3.sis.ccti.ull.es[10.107.26.51]
May 24 07:06:58 ec3.stic.ull.es postfix/smtpd[3278]: disconnect from systemon3.sis.ccti.ull.es[10.107.26.51]
May 24 07:06:58 ec3.stic.ull.es postfix/smtpd[3278]: connect from unknown[10.219.4.249]
May 24 07:06:58 ec3.stic.ull.es postfix/smtpd[3278]: disconnect from unknown[10.219.4.249]
May 24 07:06:58 ec3.stic.ull.es postfix/smtpd[3278]: connect from unknown[10.219.4.249]
May 24 07:06:58 ec3.stic.ull.es postfix/smtpd[3278]: disconnect from unknown[10.219.4.249]
May 24 07:06:58 ec3.stic.ull.es postfix/smtpd[3278]: connect from unknown[10.219.4.249]
May 24 07:06:58 ec3.stic.ull.es postfix/smtpd[3278]: disconnect from unknown[10.219.4.249]
May 24 07:07:02 ec3.stic.ull.es postfix/smtpd[3278]: connect from mp02.ccti.ull.es[10.4.9.102]
May 24 07:07:02 ec3.stic.ull.es postfix/smtpd[3278]: 917F51807A: client=mp02.ccti.ull.es[10.4.9.102]
May 24 07:07:02 ec3.stic.ull.es postfix/cleanup[4114]: 917F51807A: message-id=<E1SXRCL-0000z4-4N@server.hithuntheal.com>
May 24 07:07:02 ec3.stic.ull.es postfix/qmgr[9015]: 917F51807A: from=<SRS0=871h=D4=server.hithuntheal.com=root@puc.rediris.es>, size=5062, nrcpt=1 (queue active)
May 24 07:07:02 ec3.stic.ull.es postfix/smtpd[3278]: disconnect from mp02.ccti.ull.es[10.4.9.102]
May 24 07:07:02 ec3.stic.ull.es postfix/pickup[2205]: 9B73D1807C: uid=33 from=<SRS0=871h=D4=server.hithuntheal.com=root@puc.rediris.es>
May 24 07:07:02 ec3.stic.ull.es postfix/cleanup[4114]: 9B73D1807C: message-id=<E1SXRCL-0000z4-4N@server.hithuntheal.com>
May 24 07:07:02 ec3.stic.ull.es postfix/qmgr[9015]: 9B73D1807C: from=<SRS0=871h=D4=server.hithuntheal.com=root@puc.rediris.es>, size=5184, nrcpt=1 (queue active)
May 24 07:07:02 ec3.stic.ull.es postfix/smtpd[2783]: connect from localhost[127.0.0.1]
May 24 07:07:02 ec3.stic.ull.es postfix/pipe[2778]: 917F51807A: to=<eperdepa@ull.edu.es>, relay=ripper, delay=0.05, delays=0/0/0/0.04, dsn=2.0.0, status=sent (delivered via ripper service)
May 24 07:07:02 ec3.stic.ull.es postfix/qmgr[9015]: 917F51807A: removed
May 24 07:07:02 ec3.stic.ull.es postfix/smtpd[2783]: A5FF61807A: client=localhost[127.0.0.1]
May 24 07:07:02 ec3.stic.ull.es postfix/cleanup[4114]: A5FF61807A: message-id=<E1SXRCL-0000z4-4N@server.hithuntheal.com>
May 24 07:07:02 ec3.stic.ull.es postfix/qmgr[9015]: A5FF61807A: from=<SRS0=871h=D4=server.hithuntheal.com=root@puc.rediris.es>, size=4643, nrcpt=1 (queue active)
May 24 07:07:02 ec3.stic.ull.es postfix/smtp[2782]: 9B73D1807C: to=<eperdepa@ull.edu.es>, relay=localhost[127.0.0.1]:10025, delay=0.17, delays=0/0/0.04/0.12, dsn=2.0.0, status=sent (250 2.0.0 Ok: queued as A5FF61807A)
May 24 07:07:02 ec3.stic.ull.es postfix/smtpd[2783]: disconnect from localhost[127.0.0.1]
May 24 07:07:02 ec3.stic.ull.es postfix/qmgr[9015]: 9B73D1807C: removed
May 24 07:07:04 ec3.stic.ull.es postfix/smtp[3960]: A5FF61807A: to=<eperdepa@ull.edu.es>, relay=aspmx.l.google.com[173.194.78.27]:25, delay=1.9, delays=0.12/0/0.4/1.4, dsn=2.0.0, status=sent (250 2.0.0 OK 1337839624 w35si32166112wew.62)
May 24 07:07:04 ec3.stic.ull.es postfix/qmgr[9015]: A5FF61807A: removed
May 24 07:07:08 ec3.stic.ull.es postfix/smtpd[3278]: connect from mp02.ccti.ull.es[10.4.9.102]
May 24 07:07:08 ec3.stic.ull.es postfix/smtpd[3278]: D69EB1807A: client=mp02.ccti.ull.es[10.4.9.102]
May 24 07:07:08 ec3.stic.ull.es postfix/cleanup[4114]: D69EB1807A: message-id=<E1SXRCR-0001tc-5L@server.hithuntheal.com>
May 24 07:07:08 ec3.stic.ull.es postfix/qmgr[9015]: D69EB1807A: from=<SRS0=871h=D4=server.hithuntheal.com=root@puc.rediris.es>, size=5020, nrcpt=1 (queue active)
May 24 07:07:08 ec3.stic.ull.es postfix/smtpd[3278]: disconnect from mp02.ccti.ull.es[10.4.9.102]
May 24 07:07:08 ec3.stic.ull.es postfix/pickup[2205]: E06D81807C: uid=33 from=<SRS0=871h=D4=server.hithuntheal.com=root@puc.rediris.es>
May 24 07:07:08 ec3.stic.ull.es postfix/cleanup[4114]: E06D81807C: message-id=<E1SXRCR-0001tc-5L@server.hithuntheal.com>
May 24 07:07:08 ec3.stic.ull.es postfix/qmgr[9015]: E06D81807C: from=<SRS0=871h=D4=server.hithuntheal.com=root@puc.rediris.es>, size=5140, nrcpt=1 (queue active)
May 24 07:07:08 ec3.stic.ull.es postfix/smtpd[2783]: connect from localhost[127.0.0.1]
May 24 07:07:08 ec3.stic.ull.es postfix/pipe[2778]: D69EB1807A: to=<erguedes@ull.edu.es>, relay=ripper, delay=0.05, delays=0/0/0/0.04, dsn=2.0.0, status=sent (delivered via ripper service)
May 24 07:07:08 ec3.stic.ull.es postfix/qmgr[9015]: D69EB1807A: removed
May 24 07:07:08 ec3.stic.ull.es postfix/smtpd[2783]: EAF7B1807A: client=localhost[127.0.0.1]
May 24 07:07:09 ec3.stic.ull.es postfix/cleanup[4114]: EAF7B1807A: message-id=<E1SXRCR-0001tc-5L@server.hithuntheal.com>
May 24 07:07:09 ec3.stic.ull.es postfix/qmgr[9015]: EAF7B1807A: from=<SRS0=871h=D4=server.hithuntheal.com=root@puc.rediris.es>, size=4599, nrcpt=1 (queue active)
May 24 07:07:09 ec3.stic.ull.es postfix/smtp[2782]: E06D81807C: to=<erguedes@ull.edu.es>, relay=localhost[127.0.0.1]:10025, delay=0.17, delays=0/0/0.04/0.12, dsn=2.0.0, status=sent (250 2.0.0 Ok: queued as EAF7B1807A)
May 24 07:07:09 ec3.stic.ull.es postfix/smtpd[2783]: disconnect from localhost[127.0.0.1]
May 24 07:07:09 ec3.stic.ull.es postfix/qmgr[9015]: E06D81807C: removed
May 24 07:07:11 ec3.stic.ull.es postfix/smtp[3976]: EAF7B1807A: to=<erguedes@ull.edu.es>, relay=aspmx.l.google.com[173.194.66.27]:25, delay=2.1, delays=0.12/0/0.49/1.5, dsn=2.0.0, status=sent (250 2.0.0 OK 1337839631 81si32193040wej.18)
May 24 07:07:11 ec3.stic.ull.es postfix/qmgr[9015]: EAF7B1807A: removed
May 24 07:07:13 ec3.stic.ull.es postfix/smtpd[837]: connect from unknown[193.145.118.163]
May 24 07:07:13 ec3.stic.ull.es postfix/smtpd[837]: disconnect from unknown[193.145.118.163]
May 24 07:07:16 ec3.stic.ull.es postfix/smtpd[3278]: connect from unknown[193.145.118.163]
May 24 07:07:16 ec3.stic.ull.es postfix/smtpd[3278]: disconnect from unknown[193.145.118.163]
May 24 07:07:18 ec3.stic.ull.es postfix/smtpd[2134]: connect from unknown[193.145.118.163]
May 24 07:07:18 ec3.stic.ull.es postfix/smtpd[2134]: SSL_accept error from unknown[193.145.118.163]: -1
May 24 07:07:18 ec3.stic.ull.es postfix/smtpd[2134]: lost connection after CONNECT from unknown[193.145.118.163]
May 24 07:07:18 ec3.stic.ull.es postfix/smtpd[2134]: disconnect from unknown[193.145.118.163]
May 24 07:07:38 ec3.stic.ull.es postfix/smtpd[3278]: connect from mp02.ccti.ull.es[10.4.9.102]
May 24 07:07:38 ec3.stic.ull.es postfix/smtpd[3278]: 7513A1807A: client=mp02.ccti.ull.es[10.4.9.102]
May 24 07:07:38 ec3.stic.ull.es postfix/cleanup[4114]: 7513A1807A: message-id=<z12rvxzysz3swrrhl04cdlcxkwrsyn4jnkk0k@plus.google.com>
May 24 07:07:38 ec3.stic.ull.es postfix/qmgr[9015]: 7513A1807A: from=<SRS0=kNES=D4=plus.google.com=noreply-5aeb03e8@puc.rediris.es>, size=11735, nrcpt=1 (queue active)
May 24 07:07:38 ec3.stic.ull.es postfix/smtpd[3278]: disconnect from mp02.ccti.ull.es[10.4.9.102]
May 24 07:07:38 ec3.stic.ull.es postfix/pickup[2205]: 7FECF1807C: uid=33 from=<SRS0=kNES=D4=plus.google.com=noreply-5aeb03e8@puc.rediris.es>
May 24 07:07:38 ec3.stic.ull.es postfix/cleanup[4114]: 7FECF1807C: message-id=<z12rvxzysz3swrrhl04cdlcxkwrsyn4jnkk0k@plus.google.com>
May 24 07:07:38 ec3.stic.ull.es postfix/qmgr[9015]: 7FECF1807C: from=<SRS0=kNES=D4=plus.google.com=noreply-5aeb03e8@puc.rediris.es>, size=11793, nrcpt=1 (queue active)
May 24 07:07:38 ec3.stic.ull.es postfix/smtpd[2783]: connect from localhost[127.0.0.1]
May 24 07:07:38 ec3.stic.ull.es postfix/pipe[2778]: 7513A1807A: to=<jdiego@ull.edu.es>, relay=ripper, delay=0.05, delays=0/0/0/0.05, dsn=2.0.0, status=sent (delivered via ripper service)
May 24 07:07:38 ec3.stic.ull.es postfix/qmgr[9015]: 7513A1807A: removed
May 24 07:07:38 ec3.stic.ull.es postfix/smtpd[2783]: 8A80A1807A: client=localhost[127.0.0.1]
May 24 07:07:38 ec3.stic.ull.es postfix/cleanup[4114]: 8A80A1807A: message-id=<z12rvxzysz3swrrhl04cdlcxkwrsyn4jnkk0k@plus.google.com>
May 24 07:07:38 ec3.stic.ull.es postfix/qmgr[9015]: 8A80A1807A: from=<SRS0=kNES=D4=plus.google.com=noreply-5aeb03e8@puc.rediris.es>, size=11148, nrcpt=1 (queue active)
May 24 07:07:38 ec3.stic.ull.es postfix/smtp[2782]: 7FECF1807C: to=<jdiego@ull.edu.es>, relay=localhost[127.0.0.1]:10025, delay=0.17, delays=0/0/0.04/0.13, dsn=2.0.0, status=sent (250 2.0.0 Ok: queued as 8A80A1807A)
May 24 07:07:38 ec3.stic.ull.es postfix/smtpd[2783]: disconnect from localhost[127.0.0.1]
May 24 07:07:38 ec3.stic.ull.es postfix/qmgr[9015]: 7FECF1807C: removed
May 24 07:07:40 ec3.stic.ull.es postfix/smtp[4005]: 8A80A1807A: to=<jdiego@ull.edu.es>, relay=aspmx.l.google.com[173.194.66.27]:25, delay=1.9, delays=0.13/0/0.37/1.4, dsn=2.0.0, status=sent (250 2.0.0 OK 1337839660 eb4si1590057wib.38)
May 24 07:07:40 ec3.stic.ull.es postfix/qmgr[9015]: 8A80A1807A: removed
May 24 07:07:43 ec3.stic.ull.es postfix/smtpd[837]: connect from unknown[193.145.118.163]
May 24 07:07:43 ec3.stic.ull.es postfix/smtpd[837]: disconnect from unknown[193.145.118.163]
May 24 07:07:46 ec3.stic.ull.es postfix/smtpd[3278]: connect from unknown[193.145.118.163]
May 24 07:07:46 ec3.stic.ull.es postfix/smtpd[3278]: disconnect from unknown[193.145.118.163]
May 24 07:07:48 ec3.stic.ull.es postfix/smtpd[2134]: connect from unknown[193.145.118.163]
May 24 07:07:48 ec3.stic.ull.es postfix/smtpd[2134]: SSL_accept error from unknown[193.145.118.163]: -1
May 24 07:07:48 ec3.stic.ull.es postfix/smtpd[2134]: lost connection after CONNECT from unknown[193.145.118.163]
May 24 07:07:48 ec3.stic.ull.es postfix/smtpd[2134]: disconnect from unknown[193.145.118.163]
May 24 07:07:49 ec3.stic.ull.es postfix/scache[3996]: statistics: start interval May 24 07:02:32
May 24 07:07:49 ec3.stic.ull.es postfix/scache[3996]: statistics: domain lookup hits=0 miss=3 success=0%
May 24 07:07:49 ec3.stic.ull.es postfix/scache[3996]: statistics: address lookup hits=0 miss=3 success=0%
May 24 07:07:57 ec3.stic.ull.es postfix/smtpd[3278]: connect from unknown[10.219.4.249]
May 24 07:07:58 ec3.stic.ull.es postfix/smtpd[3278]: disconnect from unknown[10.219.4.249]
May 24 07:07:58 ec3.stic.ull.es postfix/smtpd[3278]: connect from unknown[10.219.4.249]
May 24 07:07:58 ec3.stic.ull.es postfix/smtpd[3278]: disconnect from unknown[10.219.4.249]
May 24 07:07:58 ec3.stic.ull.es postfix/smtpd[3278]: connect from unknown[10.219.4.249]
May 24 07:07:58 ec3.stic.ull.es postfix/smtpd[3278]: disconnect from unknown[10.219.4.249]
May 24 07:08:00 ec3.stic.ull.es postfix/smtpd[3278]: connect from 73.Red-88-24-7.staticIP.rima-tde.net[88.24.7.73]
May 24 07:08:01 ec3.stic.ull.es postfix/smtpd[3278]: disconnect from 73.Red-88-24-7.staticIP.rima-tde.net[88.24.7.73]
May 24 07:08:04 ec3.stic.ull.es postfix/smtpd[3278]: connect from mp01.ccti.ull.es[10.4.9.101]
May 24 07:08:04 ec3.stic.ull.es postfix/smtpd[3278]: B07371807A: client=mp01.ccti.ull.es[10.4.9.101]
May 24 07:08:04 ec3.stic.ull.es postfix/cleanup[4114]: B07371807A: message-id=<M400a471-3696@difusion.gms.es>
May 24 07:08:04 ec3.stic.ull.es postfix/qmgr[9015]: B07371807A: from=<SRS0=B37U=D4=difusion.gms.es=difusionEmail-M400a471-3696-@puc.rediris.es>, size=26528, nrcpt=1 (queue active)
May 24 07:08:04 ec3.stic.ull.es postfix/smtpd[3278]: disconnect from mp01.ccti.ull.es[10.4.9.101]
May 24 07:08:04 ec3.stic.ull.es postfix/pickup[2205]: C5C3A1807C: uid=33 from=<SRS0=B37U=D4=difusion.gms.es=difusionEmail-M400a471-3696-@puc.rediris.es>
May 24 07:08:04 ec3.stic.ull.es postfix/cleanup[4114]: C5C3A1807C: message-id=<M400a471-3696@difusion.gms.es>
May 24 07:08:04 ec3.stic.ull.es postfix/qmgr[9015]: C5C3A1807C: from=<SRS0=B37U=D4=difusion.gms.es=difusionEmail-M400a471-3696-@puc.rediris.es>, size=26654, nrcpt=1 (queue active)
May 24 07:08:04 ec3.stic.ull.es postfix/smtpd[2783]: connect from localhost[127.0.0.1]
May 24 07:08:04 ec3.stic.ull.es postfix/pipe[2778]: B07371807A: to=<dmarrero@ull.edu.es>, relay=ripper, delay=0.09, delays=0.05/0/0/0.05, dsn=2.0.0, status=sent (delivered via ripper service)
May 24 07:08:04 ec3.stic.ull.es postfix/qmgr[9015]: B07371807A: removed
May 24 07:08:04 ec3.stic.ull.es postfix/smtpd[2783]: D052C1807A: client=localhost[127.0.0.1]
May 24 07:08:04 ec3.stic.ull.es postfix/cleanup[4114]: D052C1807A: message-id=<M400a471-3696@difusion.gms.es>
May 24 07:08:04 ec3.stic.ull.es postfix/qmgr[9015]: D052C1807A: from=<SRS0=B37U=D4=difusion.gms.es=difusionEmail-M400a471-3696-@puc.rediris.es>, size=25624, nrcpt=1 (queue active)
May 24 07:08:04 ec3.stic.ull.es postfix/smtpd[2783]: disconnect from localhost[127.0.0.1]
May 24 07:08:04 ec3.stic.ull.es postfix/smtp[2782]: C5C3A1807C: to=<dmarrero@ull.edu.es>, relay=localhost[127.0.0.1]:10025, delay=0.17, delays=0/0/0.04/0.13, dsn=2.0.0, status=sent (250 2.0.0 Ok: queued as D052C1807A)
May 24 07:08:04 ec3.stic.ull.es postfix/qmgr[9015]: C5C3A1807C: removed
May 24 07:08:05 ec3.stic.ull.es postfix/smtp[3976]: D052C1807A: to=<dmarrero@ull.edu.es>, relay=aspmx.l.google.com[173.194.78.27]:25, delay=0.92, delays=0.13/0/0.36/0.42, dsn=2.0.0, status=sent (250 2.0.0 OK 1337839685 cp5si24095289wib.5)
May 24 07:08:05 ec3.stic.ull.es postfix/qmgr[9015]: D052C1807A: removed
May 24 07:08:13 ec3.stic.ull.es postfix/smtpd[837]: connect from unknown[193.145.118.163]
May 24 07:08:13 ec3.stic.ull.es postfix/smtpd[837]: disconnect from unknown[193.145.118.163]
May 24 07:08:16 ec3.stic.ull.es postfix/smtpd[3278]: connect from unknown[193.145.118.163]
May 24 07:08:16 ec3.stic.ull.es postfix/smtpd[3278]: disconnect from unknown[193.145.118.163]
May 24 07:08:18 ec3.stic.ull.es postfix/smtpd[2134]: connect from unknown[193.145.118.163]
May 24 07:08:18 ec3.stic.ull.es postfix/smtpd[2134]: SSL_accept error from unknown[193.145.118.163]: -1
May 24 07:08:18 ec3.stic.ull.es postfix/smtpd[2134]: lost connection after CONNECT from unknown[193.145.118.163]
May 24 07:08:18 ec3.stic.ull.es postfix/smtpd[2134]: disconnect from unknown[193.145.118.163]
May 24 07:08:21 ec3.stic.ull.es postfix/smtpd[2134]: connect from systemon3.sis.ccti.ull.es[10.107.26.51]
May 24 07:08:21 ec3.stic.ull.es postfix/smtpd[2134]: disconnect from systemon3.sis.ccti.ull.es[10.107.26.51]
May 24 07:08:26 ec3.stic.ull.es postfix/smtpd[3278]: connect from mp01.ccti.ull.es[10.4.9.101]
May 24 07:08:26 ec3.stic.ull.es postfix/smtpd[3278]: 549EB1807A: client=mp01.ccti.ull.es[10.4.9.101]
May 24 07:08:26 ec3.stic.ull.es postfix/cleanup[4114]: 549EB1807A: message-id=<2.1.11.1101028722.482792.1575744813@news.artelista.com>
May 24 07:08:26 ec3.stic.ull.es postfix/qmgr[9015]: 549EB1807A: from=<SRS0=IeTL=D4=news.artelista.com=info@puc.rediris.es>, size=24804, nrcpt=1 (queue active)
May 24 07:08:26 ec3.stic.ull.es postfix/smtpd[3278]: disconnect from mp01.ccti.ull.es[10.4.9.101]
May 24 07:08:26 ec3.stic.ull.es postfix/pickup[2205]: 699261807C: uid=33 from=<SRS0=IeTL=D4=news.artelista.com=info@puc.rediris.es>
May 24 07:08:26 ec3.stic.ull.es postfix/cleanup[4114]: 699261807C: message-id=<2.1.11.1101028722.482792.1575744813@news.artelista.com>
May 24 07:08:26 ec3.stic.ull.es postfix/qmgr[9015]: 699261807C: from=<SRS0=IeTL=D4=news.artelista.com=info@puc.rediris.es>, size=24927, nrcpt=1 (queue active)
May 24 07:08:26 ec3.stic.ull.es postfix/smtpd[2783]: connect from localhost[127.0.0.1]
May 24 07:08:26 ec3.stic.ull.es postfix/pipe[2778]: 549EB1807A: to=<anmartin@ull.edu.es>, relay=ripper, delay=0.09, delays=0.05/0/0/0.05, dsn=2.0.0, status=sent (delivered via ripper service)
May 24 07:08:26 ec3.stic.ull.es postfix/qmgr[9015]: 549EB1807A: removed
May 24 07:08:26 ec3.stic.ull.es postfix/smtpd[2783]: 7431F1807A: client=localhost[127.0.0.1]
May 24 07:08:26 ec3.stic.ull.es postfix/cleanup[4114]: 7431F1807A: message-id=<2.1.11.1101028722.482792.1575744813@news.artelista.com>
May 24 07:08:26 ec3.stic.ull.es postfix/qmgr[9015]: 7431F1807A: from=<SRS0=IeTL=D4=news.artelista.com=info@puc.rediris.es>, size=23853, nrcpt=1 (queue active)
May 24 07:08:26 ec3.stic.ull.es postfix/smtp[2782]: 699261807C: to=<anmartin@ull.edu.es>, relay=localhost[127.0.0.1]:10025, delay=0.14, delays=0/0/0.04/0.09, dsn=2.0.0, status=sent (250 2.0.0 Ok: queued as 7431F1807A)
May 24 07:08:26 ec3.stic.ull.es postfix/smtpd[2783]: disconnect from localhost[127.0.0.1]
May 24 07:08:26 ec3.stic.ull.es postfix/qmgr[9015]: 699261807C: removed
May 24 07:08:27 ec3.stic.ull.es postfix/smtp[3960]: 7431F1807A: to=<anmartin@ull.edu.es>, relay=aspmx.l.google.com[173.194.67.26]:25, delay=1.2, delays=0.09/0/0.42/0.65, dsn=2.0.0, status=sent (250 2.0.0 OK 1337839707 w20si7603212wew.63)
May 24 07:08:27 ec3.stic.ull.es postfix/qmgr[9015]: 7431F1807A: removed
May 24 07:08:31 ec3.stic.ull.es postfix/smtpd[3278]: connect from mp02.ccti.ull.es[10.4.9.102]
May 24 07:08:31 ec3.stic.ull.es postfix/smtpd[3278]: 480771807A: client=mp02.ccti.ull.es[10.4.9.102]
May 24 07:08:31 ec3.stic.ull.es postfix/cleanup[4114]: 480771807A: message-id=<i7eq6v.h2lf1mr4j8kn1vt@gestionadb.com>
May 24 07:08:31 ec3.stic.ull.es postfix/qmgr[9015]: 480771807A: from=<SRS0=KCIJ=D4=bounce.ec.gestionadb.com=gbounce-2559856890-2753-1300221706-1337839414384@puc.rediris.es>, size=41561, nrcpt=1 (queue active)
May 24 07:08:31 ec3.stic.ull.es postfix/smtpd[3278]: disconnect from mp02.ccti.ull.es[10.4.9.102]
May 24 07:08:31 ec3.stic.ull.es postfix/pickup[2205]: 548151807C: uid=33 from=<SRS0=KCIJ=D4=bounce.ec.gestionadb.com=gbounce-2559856890-2753-1300221706-1337839414384@puc.rediris.es>
May 24 07:08:31 ec3.stic.ull.es postfix/cleanup[4114]: 548151807C: message-id=<i7eq6v.h2lf1mr4j8kn1vt@gestionadb.com>
May 24 07:08:31 ec3.stic.ull.es postfix/qmgr[9015]: 548151807C: from=<SRS0=KCIJ=D4=bounce.ec.gestionadb.com=gbounce-2559856890-2753-1300221706-1337839414384@puc.rediris.es>, size=41684, nrcpt=1 (queue active)
May 24 07:08:31 ec3.stic.ull.es postfix/smtpd[2783]: connect from localhost[127.0.0.1]
May 24 07:08:31 ec3.stic.ull.es postfix/pipe[2778]: 480771807A: to=<fjalvars@ull.edu.es>, relay=ripper, delay=0.06, delays=0.01/0/0/0.05, dsn=2.0.0, status=sent (delivered via ripper service)
May 24 07:08:31 ec3.stic.ull.es postfix/qmgr[9015]: 480771807A: removed
