May 24 06:56:00 ec3.stic.ull.es postfix/smtpd[2720]: connect from unknown[10.219.4.249]
May 24 06:56:00 ec3.stic.ull.es postfix/smtpd[2720]: disconnect from unknown[10.219.4.249]
May 24 06:56:04 ec3.stic.ull.es postfix/smtp[2926]: D4F2D1807A: to=<jmorales@ull.edu.es>, relay=aspmx.l.google.com[173.194.67.27]:25, delay=6.3, delays=0.29/0/0.43/5.6, dsn=2.0.0, status=sent (250 2.0.0 OK 1337838964 n59si1336116wel.148)
May 24 06:56:04 ec3.stic.ull.es postfix/qmgr[9015]: D4F2D1807A: removed
May 24 06:56:13 ec3.stic.ull.es postfix/smtpd[837]: connect from unknown[193.145.118.163]
May 24 06:56:13 ec3.stic.ull.es postfix/smtpd[837]: disconnect from unknown[193.145.118.163]
May 24 06:56:16 ec3.stic.ull.es postfix/smtpd[2720]: connect from unknown[193.145.118.163]
May 24 06:56:16 ec3.stic.ull.es postfix/smtpd[2720]: disconnect from unknown[193.145.118.163]
May 24 06:56:18 ec3.stic.ull.es postfix/smtpd[2134]: connect from unknown[193.145.118.163]
May 24 06:56:18 ec3.stic.ull.es postfix/smtpd[2134]: SSL_accept error from unknown[193.145.118.163]: -1
May 24 06:56:18 ec3.stic.ull.es postfix/smtpd[2134]: lost connection after CONNECT from unknown[193.145.118.163]
May 24 06:56:18 ec3.stic.ull.es postfix/smtpd[2134]: disconnect from unknown[193.145.118.163]
May 24 06:56:28 ec3.stic.ull.es postfix/anvil[9020]: statistics: max connection rate 7/60s for (smtp:10.219.4.249) at May 24 06:48:02
May 24 06:56:28 ec3.stic.ull.es postfix/anvil[9020]: statistics: max connection count 1 for (smtp:10.4.9.102) at May 24 06:46:35
May 24 06:56:28 ec3.stic.ull.es postfix/anvil[9020]: statistics: max message rate 4/60s for (smtp:10.4.9.102) at May 24 06:54:46
May 24 06:56:28 ec3.stic.ull.es postfix/anvil[9020]: statistics: max recipient rate 4/60s for (smtp:10.4.9.102) at May 24 06:54:46
May 24 06:56:28 ec3.stic.ull.es postfix/anvil[9020]: statistics: max cache size 4 at May 24 06:48:00
May 24 06:56:37 ec3.stic.ull.es postfix/smtpd[2720]: connect from systemon3.sis.ccti.ull.es[10.107.26.51]
May 24 06:56:37 ec3.stic.ull.es postfix/smtpd[2720]: disconnect from systemon3.sis.ccti.ull.es[10.107.26.51]
May 24 06:56:37 ec3.stic.ull.es postfix/smtpd[2134]: connect from systemon3.sis.ccti.ull.es[10.107.26.51]
May 24 06:56:37 ec3.stic.ull.es postfix/smtpd[2134]: disconnect from systemon3.sis.ccti.ull.es[10.107.26.51]
May 24 06:56:43 ec3.stic.ull.es postfix/smtpd[837]: connect from unknown[193.145.118.163]
May 24 06:56:43 ec3.stic.ull.es postfix/smtpd[837]: disconnect from unknown[193.145.118.163]
May 24 06:56:45 ec3.stic.ull.es postfix/smtpd[2720]: connect from mp01.ccti.ull.es[10.4.9.101]
May 24 06:56:45 ec3.stic.ull.es postfix/smtpd[2720]: ECC851807A: client=mp01.ccti.ull.es[10.4.9.101]
May 24 06:56:45 ec3.stic.ull.es postfix/cleanup[2777]: ECC851807A: message-id=<665d135a904e4c409f4631d01d60bff3@b.emstechno-ecm.com>
May 24 06:56:46 ec3.stic.ull.es postfix/qmgr[9015]: ECC851807A: from=<SRS0=iOue=D4=b.emstechno-ecm.com=sgf7qdvlcdkq4ftercwjb9qnj6nqzg3mnlx5qnygp6dfbu9pnzfqgp2-31HGG@puc.rediris.es>, size=9524, nrcpt=1 (queue active)
May 24 06:56:46 ec3.stic.ull.es postfix/smtpd[2720]: disconnect from mp01.ccti.ull.es[10.4.9.101]
May 24 06:56:46 ec3.stic.ull.es postfix/pickup[2205]: 0D3CF1807C: uid=33 from=<SRS0=iOue=D4=b.emstechno-ecm.com=sgf7qdvlcdkq4ftercwjb9qnj6nqzg3mnlx5qnygp6dfbu9pnzfqgp2-31HGG@puc.rediris.es>
May 24 06:56:46 ec3.stic.ull.es postfix/cleanup[2777]: 0D3CF1807C: message-id=<665d135a904e4c409f4631d01d60bff3@b.emstechno-ecm.com>
May 24 06:56:46 ec3.stic.ull.es postfix/qmgr[9015]: 0D3CF1807C: from=<SRS0=iOue=D4=b.emstechno-ecm.com=sgf7qdvlcdkq4ftercwjb9qnj6nqzg3mnlx5qnygp6dfbu9pnzfqgp2-31HGG@puc.rediris.es>, size=9653, nrcpt=1 (queue active)
May 24 06:56:46 ec3.stic.ull.es postfix/smtpd[2783]: connect from localhost[127.0.0.1]
May 24 06:56:46 ec3.stic.ull.es postfix/pipe[2778]: ECC851807A: to=<galvantudela.alberto@gmail.com>, relay=ripper, delay=0.09, delays=0.04/0/0/0.05, dsn=2.0.0, status=sent (delivered via ripper service)
May 24 06:56:46 ec3.stic.ull.es postfix/qmgr[9015]: ECC851807A: removed
May 24 06:56:46 ec3.stic.ull.es postfix/smtpd[2783]: 17E2E1807A: client=localhost[127.0.0.1]
May 24 06:56:46 ec3.stic.ull.es postfix/cleanup[2777]: 17E2E1807A: message-id=<665d135a904e4c409f4631d01d60bff3@b.emstechno-ecm.com>
May 24 06:56:46 ec3.stic.ull.es postfix/qmgr[9015]: 17E2E1807A: from=<SRS0=iOue=D4=b.emstechno-ecm.com=sgf7qdvlcdkq4ftercwjb9qnj6nqzg3mnlx5qnygp6dfbu9pnzfqgp2-31HGG@puc.rediris.es>, size=8938, nrcpt=1 (queue active)
May 24 06:56:46 ec3.stic.ull.es postfix/smtp[2782]: 0D3CF1807C: to=<galvantudela.alberto@gmail.com>, relay=localhost[127.0.0.1]:10025, delay=0.17, delays=0/0/0.04/0.13, dsn=2.0.0, status=sent (250 2.0.0 Ok: queued as 17E2E1807A)
May 24 06:56:46 ec3.stic.ull.es postfix/smtpd[2783]: disconnect from localhost[127.0.0.1]
May 24 06:56:46 ec3.stic.ull.es postfix/qmgr[9015]: 0D3CF1807C: removed
May 24 06:56:46 ec3.stic.ull.es postfix/smtpd[2720]: connect from unknown[193.145.118.163]
May 24 06:56:46 ec3.stic.ull.es postfix/smtpd[2720]: disconnect from unknown[193.145.118.163]
May 24 06:56:47 ec3.stic.ull.es postfix/smtp[2927]: 17E2E1807A: to=<galvantudela.alberto@gmail.com>, relay=gmail-smtp-in.l.google.com[173.194.78.27]:25, delay=1.5, delays=0.13/0/0.42/0.96, dsn=2.0.0, status=sent (250 2.0.0 OK 1337839007 n50si8613836wee.135)
May 24 06:56:47 ec3.stic.ull.es postfix/qmgr[9015]: 17E2E1807A: removed
May 24 06:56:48 ec3.stic.ull.es postfix/smtpd[2720]: connect from mp01.ccti.ull.es[10.4.9.101]
May 24 06:56:48 ec3.stic.ull.es postfix/smtpd[2720]: 369741807A: client=mp01.ccti.ull.es[10.4.9.101]
May 24 06:56:48 ec3.stic.ull.es postfix/cleanup[2777]: 369741807A: message-id=<deac35a00dd560552b8058130016b82b@info.clie.es>
May 24 06:56:48 ec3.stic.ull.es postfix/qmgr[9015]: 369741807A: from=<SRS0=sQYl=D4=info.clie.es=mailmanager@puc.rediris.es>, size=18075, nrcpt=1 (queue active)
May 24 06:56:48 ec3.stic.ull.es postfix/smtpd[2720]: disconnect from mp01.ccti.ull.es[10.4.9.101]
May 24 06:56:48 ec3.stic.ull.es postfix/pickup[2205]: 417641807C: uid=33 from=<SRS0=sQYl=D4=info.clie.es=mailmanager@puc.rediris.es>
May 24 06:56:48 ec3.stic.ull.es postfix/cleanup[2777]: 417641807C: message-id=<deac35a00dd560552b8058130016b82b@info.clie.es>
May 24 06:56:48 ec3.stic.ull.es postfix/qmgr[9015]: 417641807C: from=<SRS0=sQYl=D4=info.clie.es=mailmanager@puc.rediris.es>, size=18192, nrcpt=1 (queue active)
May 24 06:56:48 ec3.stic.ull.es postfix/smtpd[2783]: connect from localhost[127.0.0.1]
May 24 06:56:48 ec3.stic.ull.es postfix/pipe[2778]: 369741807A: to=<greferna@ull.edu.es>, relay=ripper, delay=0.05, delays=0/0/0/0.05, dsn=2.0.0, status=sent (delivered via ripper service)
May 24 06:56:48 ec3.stic.ull.es postfix/qmgr[9015]: 369741807A: removed
May 24 06:56:48 ec3.stic.ull.es postfix/smtpd[2783]: 4C0251807A: client=localhost[127.0.0.1]
May 24 06:56:48 ec3.stic.ull.es postfix/cleanup[2777]: 4C0251807A: message-id=<deac35a00dd560552b8058130016b82b@info.clie.es>
May 24 06:56:48 ec3.stic.ull.es postfix/qmgr[9015]: 4C0251807A: from=<SRS0=sQYl=D4=info.clie.es=mailmanager@puc.rediris.es>, size=17174, nrcpt=1 (queue active)
May 24 06:56:48 ec3.stic.ull.es postfix/smtp[2782]: 417641807C: to=<greferna@ull.edu.es>, relay=localhost[127.0.0.1]:10025, delay=0.17, delays=0/0/0.04/0.13, dsn=2.0.0, status=sent (250 2.0.0 Ok: queued as 4C0251807A)
May 24 06:56:48 ec3.stic.ull.es postfix/smtpd[2783]: disconnect from localhost[127.0.0.1]
May 24 06:56:48 ec3.stic.ull.es postfix/qmgr[9015]: 417641807C: removed
May 24 06:56:48 ec3.stic.ull.es postfix/smtpd[2134]: connect from unknown[193.145.118.163]
May 24 06:56:48 ec3.stic.ull.es postfix/smtpd[2134]: SSL_accept error from unknown[193.145.118.163]: -1
May 24 06:56:48 ec3.stic.ull.es postfix/smtpd[2134]: lost connection after CONNECT from unknown[193.145.118.163]
May 24 06:56:48 ec3.stic.ull.es postfix/smtpd[2134]: disconnect from unknown[193.145.118.163]
May 24 06:56:49 ec3.stic.ull.es postfix/scache[2930]: statistics: start interval May 24 06:53:06
May 24 06:56:49 ec3.stic.ull.es postfix/scache[2930]: statistics: domain lookup hits=0 miss=3 success=0%
May 24 06:56:49 ec3.stic.ull.es postfix/scache[2930]: statistics: address lookup hits=0 miss=3 success=0%
May 24 06:56:49 ec3.stic.ull.es postfix/smtp[2926]: 4C0251807A: to=<greferna@ull.edu.es>, relay=aspmx.l.google.com[173.194.67.27]:25, delay=1.5, delays=0.13/0/0.43/0.9, dsn=2.0.0, status=sent (250 2.0.0 OK 1337839009 o51si11620247wee.93)
May 24 06:56:49 ec3.stic.ull.es postfix/qmgr[9015]: 4C0251807A: removed
May 24 06:57:00 ec3.stic.ull.es postfix/smtpd[2720]: connect from unknown[10.219.4.249]
May 24 06:57:00 ec3.stic.ull.es postfix/smtpd[2720]: disconnect from unknown[10.219.4.249]
May 24 06:57:00 ec3.stic.ull.es postfix/smtpd[2720]: connect from unknown[10.219.4.249]
May 24 06:57:00 ec3.stic.ull.es postfix/smtpd[2720]: disconnect from unknown[10.219.4.249]
May 24 06:57:00 ec3.stic.ull.es postfix/smtpd[2720]: connect from unknown[10.219.4.249]
May 24 06:57:00 ec3.stic.ull.es postfix/smtpd[2720]: disconnect from unknown[10.219.4.249]
May 24 06:57:00 ec3.stic.ull.es postfix/smtpd[2720]: connect from unknown[10.219.4.249]
May 24 06:57:00 ec3.stic.ull.es postfix/smtpd[2720]: disconnect from unknown[10.219.4.249]
May 24 06:57:06 ec3.stic.ull.es postfix/smtpd[2720]: connect from mb05.sis.ccti.ull.es[10.4.9.107]
May 24 06:57:06 ec3.stic.ull.es postfix/smtpd[2720]: 6E6701807A: client=mb05.sis.ccti.ull.es[10.4.9.107]
May 24 06:57:06 ec3.stic.ull.es postfix/cleanup[2777]: 6E6701807A: message-id=<dovecot-1337839026-332115-0@mb05.sis.ccti.ull.es>
May 24 06:57:06 ec3.stic.ull.es postfix/qmgr[9015]: 6E6701807A: from=<>, size=5266, nrcpt=1 (queue active)
May 24 06:57:06 ec3.stic.ull.es postfix/smtpd[2720]: disconnect from mb05.sis.ccti.ull.es[10.4.9.107]
May 24 06:57:06 ec3.stic.ull.es postfix/pickup[2205]: 834D81807C: uid=33 from=<MAILER-DAEMON>
May 24 06:57:06 ec3.stic.ull.es postfix/cleanup[2777]: 834D81807C: message-id=<dovecot-1337839026-332115-0@mb05.sis.ccti.ull.es>
May 24 06:57:06 ec3.stic.ull.es postfix/qmgr[9015]: 834D81807C: from=<>, size=5391, nrcpt=1 (queue active)
May 24 06:57:06 ec3.stic.ull.es postfix/smtpd[2783]: connect from localhost[127.0.0.1]
May 24 06:57:06 ec3.stic.ull.es postfix/pipe[2778]: 6E6701807A: to=<SRS0=oAOM=D4=vuestroslibros.es=boletin@puc.rediris.es>, relay=ripper, delay=0.09, delays=0.04/0/0/0.05, dsn=2.0.0, status=sent (delivered via ripper service)
May 24 06:57:06 ec3.stic.ull.es postfix/qmgr[9015]: 6E6701807A: removed
May 24 06:57:06 ec3.stic.ull.es postfix/smtpd[2783]: 8DCB81807A: client=localhost[127.0.0.1]
May 24 06:57:06 ec3.stic.ull.es postfix/cleanup[2777]: 8DCB81807A: message-id=<dovecot-1337839026-332115-0@mb05.sis.ccti.ull.es>
May 24 06:57:06 ec3.stic.ull.es postfix/smtp[2782]: 834D81807C: to=<SRS0=oAOM=D4=vuestroslibros.es=boletin@puc.rediris.es>, relay=localhost[127.0.0.1]:10025, delay=0.17, delays=0/0/0.04/0.12, dsn=2.0.0, status=sent (250 2.0.0 Ok: queued as 8DCB81807A)
May 24 06:57:06 ec3.stic.ull.es postfix/qmgr[9015]: 8DCB81807A: from=<>, size=5604, nrcpt=1 (queue active)
May 24 06:57:06 ec3.stic.ull.es postfix/smtpd[2783]: disconnect from localhost[127.0.0.1]
May 24 06:57:06 ec3.stic.ull.es postfix/qmgr[9015]: 834D81807C: removed
May 24 06:57:07 ec3.stic.ull.es postfix/smtp[2927]: 8DCB81807A: to=<SRS0=oAOM=D4=vuestroslibros.es=boletin@puc.rediris.es>, relay=mx01.puc.rediris.es[130.206.18.129]:25, delay=1.1, delays=0.12/0/0.5/0.51, dsn=2.0.0, status=sent (250 OK id=1SXR3B-0002YG-4v)
May 24 06:57:07 ec3.stic.ull.es postfix/qmgr[9015]: 8DCB81807A: removed
May 24 06:57:13 ec3.stic.ull.es postfix/smtpd[837]: connect from unknown[193.145.118.163]
May 24 06:57:13 ec3.stic.ull.es postfix/smtpd[837]: disconnect from unknown[193.145.118.163]
May 24 06:57:16 ec3.stic.ull.es postfix/smtpd[2720]: connect from unknown[193.145.118.163]
May 24 06:57:16 ec3.stic.ull.es postfix/smtpd[2720]: disconnect from unknown[193.145.118.163]
May 24 06:57:18 ec3.stic.ull.es postfix/smtpd[2134]: connect from unknown[193.145.118.163]
May 24 06:57:18 ec3.stic.ull.es postfix/smtpd[2134]: SSL_accept error from unknown[193.145.118.163]: -1
May 24 06:57:18 ec3.stic.ull.es postfix/smtpd[2134]: lost connection after CONNECT from unknown[193.145.118.163]
May 24 06:57:18 ec3.stic.ull.es postfix/smtpd[2134]: disconnect from unknown[193.145.118.163]
May 24 06:57:43 ec3.stic.ull.es postfix/smtpd[837]: connect from unknown[193.145.118.163]
May 24 06:57:43 ec3.stic.ull.es postfix/smtpd[837]: disconnect from unknown[193.145.118.163]
May 24 06:57:46 ec3.stic.ull.es postfix/smtpd[2720]: connect from unknown[193.145.118.163]
May 24 06:57:46 ec3.stic.ull.es postfix/smtpd[2720]: disconnect from unknown[193.145.118.163]
May 24 06:57:48 ec3.stic.ull.es postfix/smtpd[2134]: connect from unknown[193.145.118.163]
May 24 06:57:48 ec3.stic.ull.es postfix/smtpd[2134]: SSL_accept error from unknown[193.145.118.163]: -1
May 24 06:57:48 ec3.stic.ull.es postfix/smtpd[2134]: lost connection after CONNECT from unknown[193.145.118.163]
May 24 06:57:48 ec3.stic.ull.es postfix/smtpd[2134]: disconnect from unknown[193.145.118.163]
May 24 06:57:59 ec3.stic.ull.es postfix/smtpd[2720]: connect from unknown[10.219.4.249]
May 24 06:57:59 ec3.stic.ull.es postfix/smtpd[2720]: disconnect from unknown[10.219.4.249]
May 24 06:58:00 ec3.stic.ull.es postfix/smtpd[2720]: connect from unknown[10.219.4.249]
May 24 06:58:00 ec3.stic.ull.es postfix/smtpd[2720]: disconnect from unknown[10.219.4.249]
May 24 06:58:00 ec3.stic.ull.es postfix/smtpd[2720]: connect from unknown[10.219.4.249]
May 24 06:58:00 ec3.stic.ull.es postfix/smtpd[2720]: disconnect from unknown[10.219.4.249]
May 24 06:58:00 ec3.stic.ull.es postfix/smtpd[2720]: connect from 73.Red-88-24-7.staticIP.rima-tde.net[88.24.7.73]
May 24 06:58:01 ec3.stic.ull.es postfix/smtpd[3278]: connect from systemon3.sis.ccti.ull.es[10.107.26.51]
May 24 06:58:01 ec3.stic.ull.es postfix/smtpd[3278]: disconnect from systemon3.sis.ccti.ull.es[10.107.26.51]
May 24 06:58:02 ec3.stic.ull.es postfix/smtpd[2720]: disconnect from 73.Red-88-24-7.staticIP.rima-tde.net[88.24.7.73]
May 24 06:58:13 ec3.stic.ull.es postfix/smtpd[837]: connect from unknown[193.145.118.163]
May 24 06:58:13 ec3.stic.ull.es postfix/smtpd[837]: disconnect from unknown[193.145.118.163]
May 24 06:58:16 ec3.stic.ull.es postfix/smtpd[3278]: connect from unknown[193.145.118.163]
May 24 06:58:16 ec3.stic.ull.es postfix/smtpd[3278]: disconnect from unknown[193.145.118.163]
May 24 06:58:18 ec3.stic.ull.es postfix/smtpd[2134]: connect from unknown[193.145.118.163]
May 24 06:58:18 ec3.stic.ull.es postfix/smtpd[2134]: SSL_accept error from unknown[193.145.118.163]: -1
May 24 06:58:18 ec3.stic.ull.es postfix/smtpd[2134]: lost connection after CONNECT from unknown[193.145.118.163]
May 24 06:58:18 ec3.stic.ull.es postfix/smtpd[2134]: disconnect from unknown[193.145.118.163]
May 24 06:58:21 ec3.stic.ull.es postfix/smtpd[2134]: connect from systemon3.sis.ccti.ull.es[10.107.26.51]
May 24 06:58:21 ec3.stic.ull.es postfix/smtpd[2134]: disconnect from systemon3.sis.ccti.ull.es[10.107.26.51]
May 24 06:58:36 ec3.stic.ull.es postfix/smtpd[2720]: connect from mp02.ccti.ull.es[10.4.9.102]
May 24 06:58:36 ec3.stic.ull.es postfix/smtpd[2720]: 1F1921807A: client=mp02.ccti.ull.es[10.4.9.102]
May 24 06:58:36 ec3.stic.ull.es postfix/cleanup[2777]: 1F1921807A: message-id=<20120524055738.30155.qmail@mail.elistas.net>
May 24 06:58:36 ec3.stic.ull.es postfix/smtpd[2720]: disconnect from mp02.ccti.ull.es[10.4.9.102]
May 24 06:58:36 ec3.stic.ull.es postfix/qmgr[9015]: 1F1921807A: from=<SRS0=xdV2=D4=listas.kzmpromo.com=muzikalia_boletin-return-128-rcampus=ull.es@puc.rediris.es>, size=42001, nrcpt=1 (queue active)
May 24 06:58:36 ec3.stic.ull.es postfix/pickup[2205]: 2AFD01807C: uid=33 from=<SRS0=xdV2=D4=listas.kzmpromo.com=muzikalia_boletin-return-128-rcampus=ull.es@puc.rediris.es>
May 24 06:58:36 ec3.stic.ull.es postfix/cleanup[2777]: 2AFD01807C: message-id=<20120524055738.30155.qmail@mail.elistas.net>
May 24 06:58:36 ec3.stic.ull.es postfix/qmgr[9015]: 2AFD01807C: from=<SRS0=xdV2=D4=listas.kzmpromo.com=muzikalia_boletin-return-128-rcampus=ull.es@puc.rediris.es>, size=42124, nrcpt=1 (queue active)
May 24 06:58:36 ec3.stic.ull.es postfix/smtpd[2783]: connect from localhost[127.0.0.1]
May 24 06:58:36 ec3.stic.ull.es postfix/pipe[2778]: 1F1921807A: to=<rcampus@ull.edu.es>, relay=ripper, delay=0.05, delays=0/0/0/0.05, dsn=2.0.0, status=sent (delivered via ripper service)
May 24 06:58:36 ec3.stic.ull.es postfix/qmgr[9015]: 1F1921807A: removed
May 24 06:58:36 ec3.stic.ull.es postfix/smtpd[2783]: 358DF1807A: client=localhost[127.0.0.1]
May 24 06:58:36 ec3.stic.ull.es postfix/cleanup[2777]: 358DF1807A: message-id=<20120524055738.30155.qmail@mail.elistas.net>
May 24 06:58:36 ec3.stic.ull.es postfix/qmgr[9015]: 358DF1807A: from=<SRS0=xdV2=D4=listas.kzmpromo.com=muzikalia_boletin-return-128-rcampus=ull.es@puc.rediris.es>, size=41008, nrcpt=1 (queue active)
May 24 06:58:36 ec3.stic.ull.es postfix/smtpd[2783]: disconnect from localhost[127.0.0.1]
May 24 06:58:36 ec3.stic.ull.es postfix/smtp[2782]: 2AFD01807C: to=<rcampus@ull.edu.es>, relay=localhost[127.0.0.1]:10025, delay=0.13, delays=0/0/0.04/0.09, dsn=2.0.0, status=sent (250 2.0.0 Ok: queued as 358DF1807A)
May 24 06:58:36 ec3.stic.ull.es postfix/qmgr[9015]: 2AFD01807C: removed
May 24 06:58:37 ec3.stic.ull.es postfix/smtp[2927]: 358DF1807A: to=<rcampus@ull.edu.es>, relay=aspmx.l.google.com[173.194.78.27]:25, delay=1.2, delays=0.09/0/0.42/0.68, dsn=2.0.0, status=sent (250 2.0.0 OK 1337839117 i63si3104775wem.97)
May 24 06:58:37 ec3.stic.ull.es postfix/qmgr[9015]: 358DF1807A: removed
May 24 06:58:39 ec3.stic.ull.es postfix/smtpd[3278]: connect from mp02.ccti.ull.es[10.4.9.102]
May 24 06:58:39 ec3.stic.ull.es postfix/smtpd[3278]: 4AB651807A: client=mp02.ccti.ull.es[10.4.9.102]
May 24 06:58:39 ec3.stic.ull.es postfix/cleanup[2777]: 4AB651807A: message-id=<E1SXR45-00048f-SW@server.hithuntheal.com>
May 24 06:58:39 ec3.stic.ull.es postfix/qmgr[9015]: 4AB651807A: from=<SRS0=871h=D4=server.hithuntheal.com=root@puc.rediris.es>, size=5023, nrcpt=1 (queue active)
May 24 06:58:39 ec3.stic.ull.es postfix/smtpd[3278]: disconnect from mp02.ccti.ull.es[10.4.9.102]
May 24 06:58:39 ec3.stic.ull.es postfix/pickup[2205]: 552221807C: uid=33 from=<SRS0=871h=D4=server.hithuntheal.com=root@puc.rediris.es>
May 24 06:58:39 ec3.stic.ull.es postfix/cleanup[2777]: 552221807C: message-id=<E1SXR45-00048f-SW@server.hithuntheal.com>
May 24 06:58:39 ec3.stic.ull.es postfix/qmgr[9015]: 552221807C: from=<SRS0=871h=D4=server.hithuntheal.com=root@puc.rediris.es>, size=5143, nrcpt=1 (queue active)
May 24 06:58:39 ec3.stic.ull.es postfix/smtpd[2783]: connect from localhost[127.0.0.1]
May 24 06:58:39 ec3.stic.ull.es postfix/pipe[2778]: 4AB651807A: to=<asantana4@gmail.com>, relay=ripper, delay=0.05, delays=0/0/0/0.04, dsn=2.0.0, status=sent (delivered via ripper service)
May 24 06:58:39 ec3.stic.ull.es postfix/qmgr[9015]: 4AB651807A: removed
May 24 06:58:39 ec3.stic.ull.es postfix/smtpd[2783]: 5FBB61807A: client=localhost[127.0.0.1]
May 24 06:58:39 ec3.stic.ull.es postfix/cleanup[2777]: 5FBB61807A: message-id=<E1SXR45-00048f-SW@server.hithuntheal.com>
May 24 06:58:39 ec3.stic.ull.es postfix/smtp[2782]: 552221807C: to=<asantana4@gmail.com>, relay=localhost[127.0.0.1]:10025, delay=0.17, delays=0/0/0.04/0.12, dsn=2.0.0, status=sent (250 2.0.0 Ok: queued as 5FBB61807A)
May 24 06:58:39 ec3.stic.ull.es postfix/qmgr[9015]: 5FBB61807A: from=<SRS0=871h=D4=server.hithuntheal.com=root@puc.rediris.es>, size=4602, nrcpt=1 (queue active)
May 24 06:58:39 ec3.stic.ull.es postfix/smtpd[2783]: disconnect from localhost[127.0.0.1]
May 24 06:58:39 ec3.stic.ull.es postfix/qmgr[9015]: 552221807C: removed
May 24 06:58:41 ec3.stic.ull.es postfix/smtp[2927]: 5FBB61807A: to=<asantana4@gmail.com>, relay=gmail-smtp-in.l.google.com[173.194.78.27]:25, delay=2.5, delays=0.12/0/0.36/2, dsn=2.0.0, status=sent (250 2.0.0 OK 1337839121 fo5si1575109wib.22)
May 24 06:58:41 ec3.stic.ull.es postfix/qmgr[9015]: 5FBB61807A: removed
May 24 06:58:43 ec3.stic.ull.es postfix/smtpd[837]: connect from unknown[193.145.118.163]
May 24 06:58:43 ec3.stic.ull.es postfix/smtpd[837]: disconnect from unknown[193.145.118.163]
May 24 06:58:46 ec3.stic.ull.es postfix/smtpd[2720]: connect from unknown[193.145.118.163]
May 24 06:58:46 ec3.stic.ull.es postfix/smtpd[2720]: disconnect from unknown[193.145.118.163]
May 24 06:58:48 ec3.stic.ull.es postfix/smtpd[2134]: connect from unknown[193.145.118.163]
May 24 06:58:48 ec3.stic.ull.es postfix/smtpd[2134]: SSL_accept error from unknown[193.145.118.163]: -1
May 24 06:58:48 ec3.stic.ull.es postfix/smtpd[2134]: lost connection after CONNECT from unknown[193.145.118.163]
May 24 06:58:48 ec3.stic.ull.es postfix/smtpd[2134]: disconnect from unknown[193.145.118.163]
May 24 06:58:59 ec3.stic.ull.es postfix/smtpd[3278]: connect from unknown[10.219.4.249]
May 24 06:58:59 ec3.stic.ull.es postfix/smtpd[3278]: disconnect from unknown[10.219.4.249]
May 24 06:58:59 ec3.stic.ull.es postfix/smtpd[2720]: connect from unknown[10.219.4.249]
May 24 06:58:59 ec3.stic.ull.es postfix/smtpd[2720]: disconnect from unknown[10.219.4.249]
May 24 06:59:00 ec3.stic.ull.es postfix/smtpd[3278]: connect from unknown[10.219.4.249]
May 24 06:59:00 ec3.stic.ull.es postfix/smtpd[3278]: disconnect from unknown[10.219.4.249]
May 24 06:59:00 ec3.stic.ull.es postfix/smtpd[2720]: connect from unknown[10.219.4.249]
May 24 06:59:00 ec3.stic.ull.es postfix/smtpd[2720]: disconnect from unknown[10.219.4.249]
May 24 06:59:11 ec3.stic.ull.es postfix/smtpd[3278]: connect from systemon3.sis.ccti.ull.es[10.107.26.51]
May 24 06:59:11 ec3.stic.ull.es postfix/smtpd[3278]: disconnect from systemon3.sis.ccti.ull.es[10.107.26.51]
May 24 06:59:13 ec3.stic.ull.es postfix/smtpd[837]: connect from unknown[193.145.118.163]
May 24 06:59:13 ec3.stic.ull.es postfix/smtpd[837]: disconnect from unknown[193.145.118.163]
May 24 06:59:16 ec3.stic.ull.es postfix/smtpd[2720]: connect from unknown[193.145.118.163]
May 24 06:59:16 ec3.stic.ull.es postfix/smtpd[2720]: disconnect from unknown[193.145.118.163]
May 24 06:59:18 ec3.stic.ull.es postfix/smtpd[2134]: connect from unknown[193.145.118.163]
May 24 06:59:18 ec3.stic.ull.es postfix/smtpd[2134]: SSL_accept error from unknown[193.145.118.163]: -1
May 24 06:59:18 ec3.stic.ull.es postfix/smtpd[2134]: lost connection after CONNECT from unknown[193.145.118.163]
May 24 06:59:18 ec3.stic.ull.es postfix/smtpd[2134]: disconnect from unknown[193.145.118.163]
May 24 06:59:43 ec3.stic.ull.es postfix/smtpd[837]: connect from unknown[193.145.118.163]
May 24 06:59:43 ec3.stic.ull.es postfix/smtpd[837]: disconnect from unknown[193.145.118.163]
May 24 06:59:46 ec3.stic.ull.es postfix/smtpd[3278]: connect from unknown[193.145.118.163]
May 24 06:59:46 ec3.stic.ull.es postfix/smtpd[3278]: disconnect from unknown[193.145.118.163]
May 24 06:59:48 ec3.stic.ull.es postfix/smtpd[2134]: connect from unknown[193.145.118.163]
May 24 06:59:48 ec3.stic.ull.es postfix/smtpd[2134]: SSL_accept error from unknown[193.145.118.163]: -1
May 24 06:59:48 ec3.stic.ull.es postfix/smtpd[2134]: lost connection after CONNECT from unknown[193.145.118.163]
May 24 06:59:48 ec3.stic.ull.es postfix/smtpd[2134]: disconnect from unknown[193.145.118.163]
May 24 06:59:51 ec3.stic.ull.es postfix/smtpd[2720]: connect from mp01.ccti.ull.es[10.4.9.101]
May 24 06:59:51 ec3.stic.ull.es postfix/smtpd[2720]: 0C6F11807A: client=mp01.ccti.ull.es[10.4.9.101]
May 24 06:59:51 ec3.stic.ull.es postfix/cleanup[2777]: 0C6F11807A: message-id=<31206_42829324.3081428293241-47404758@cab.mail-du-jour.com>
May 24 06:59:51 ec3.stic.ull.es postfix/smtpd[2720]: disconnect from mp01.ccti.ull.es[10.4.9.101]
May 24 06:59:51 ec3.stic.ull.es postfix/qmgr[9015]: 0C6F11807A: from=<SRS0=Vl85=D4=cab.mail-du-jour.fr=ComeAndStayP@puc.rediris.es>, size=8474, nrcpt=1 (queue active)
May 24 06:59:51 ec3.stic.ull.es postfix/pickup[2205]: 17C471807C: uid=33 from=<SRS0=Vl85=D4=cab.mail-du-jour.fr=ComeAndStayP@puc.rediris.es>
May 24 06:59:51 ec3.stic.ull.es postfix/cleanup[2777]: 17C471807C: message-id=<31206_42829324.3081428293241-47404758@cab.mail-du-jour.com>
May 24 06:59:51 ec3.stic.ull.es postfix/qmgr[9015]: 17C471807C: from=<SRS0=Vl85=D4=cab.mail-du-jour.fr=ComeAndStayP@puc.rediris.es>, size=8597, nrcpt=1 (queue active)
May 24 06:59:51 ec3.stic.ull.es postfix/smtpd[2783]: connect from localhost[127.0.0.1]
May 24 06:59:51 ec3.stic.ull.es postfix/pipe[2778]: 0C6F11807A: to=<jolugar43@gmail.com>, relay=ripper, delay=0.05, delays=0/0/0/0.05, dsn=2.0.0, status=sent (delivered via ripper service)
May 24 06:59:51 ec3.stic.ull.es postfix/qmgr[9015]: 0C6F11807A: removed
May 24 06:59:51 ec3.stic.ull.es postfix/smtpd[2783]: 225BB1807A: client=localhost[127.0.0.1]
May 24 06:59:51 ec3.stic.ull.es postfix/cleanup[2777]: 225BB1807A: message-id=<31206_42829324.3081428293241-47404758@cab.mail-du-jour.com>
May 24 06:59:51 ec3.stic.ull.es postfix/qmgr[9015]: 225BB1807A: from=<SRS0=Vl85=D4=cab.mail-du-jour.fr=ComeAndStayP@puc.rediris.es>, size=7883, nrcpt=1 (queue active)
May 24 06:59:51 ec3.stic.ull.es postfix/smtp[2782]: 17C471807C: to=<jolugar43@gmail.com>, relay=localhost[127.0.0.1]:10025, delay=0.17, delays=0/0/0.04/0.13, dsn=2.0.0, status=sent (250 2.0.0 Ok: queued as 225BB1807A)
May 24 06:59:51 ec3.stic.ull.es postfix/smtpd[2783]: disconnect from localhost[127.0.0.1]
May 24 06:59:51 ec3.stic.ull.es postfix/qmgr[9015]: 17C471807C: removed
May 24 06:59:52 ec3.stic.ull.es postfix/smtp[2927]: 225BB1807A: to=<jolugar43@gmail.com>, relay=gmail-smtp-in.l.google.com[173.194.78.27]:25, delay=1.3, delays=0.13/0/0.39/0.75, dsn=2.0.0, status=sent (250 2.0.0 OK 1337839192 m15si32143801wee.66)
May 24 06:59:52 ec3.stic.ull.es postfix/qmgr[9015]: 225BB1807A: removed
May 24 06:59:59 ec3.stic.ull.es postfix/smtpd[3278]: connect from unknown[10.219.4.249]
May 24 06:59:59 ec3.stic.ull.es postfix/smtpd[3278]: disconnect from unknown[10.219.4.249]
May 24 06:59:59 ec3.stic.ull.es postfix/smtpd[2720]: connect from unknown[10.219.4.249]
May 24 06:59:59 ec3.stic.ull.es postfix/smtpd[2720]: disconnect from unknown[10.219.4.249]
May 24 07:00:00 ec3.stic.ull.es postfix/smtpd[3278]: connect from unknown[10.219.4.249]
May 24 07:00:00 ec3.stic.ull.es postfix/smtpd[3278]: disconnect from unknown[10.219.4.249]
May 24 07:00:01 ec3.stic.ull.es postfix/smtpd[2720]: connect from systemon3.sis.ccti.ull.es[10.107.26.51]
May 24 07:00:01 ec3.stic.ull.es postfix/smtpd[2720]: disconnect from systemon3.sis.ccti.ull.es[10.107.26.51]
May 24 07:00:02 ec3.stic.ull.es postfix/smtpd[3278]: connect from mp02.ccti.ull.es[10.4.9.102]
May 24 07:00:02 ec3.stic.ull.es postfix/smtpd[3278]: 67D891807A: client=mp02.ccti.ull.es[10.4.9.102]
May 24 07:00:02 ec3.stic.ull.es postfix/cleanup[2777]: 67D891807A: message-id=<20120524060002.21A241D94E@web4.sis.ccti.ull.es>
May 24 07:00:02 ec3.stic.ull.es postfix/qmgr[9015]: 67D891807A: from=<root@web4.sis.ccti.ull.es>, size=1606, nrcpt=7 (queue active)
May 24 07:00:02 ec3.stic.ull.es postfix/smtpd[3278]: disconnect from mp02.ccti.ull.es[10.4.9.102]
May 24 07:00:02 ec3.stic.ull.es postfix/pickup[2205]: 73D0A1807C: uid=33 from=<root@web4.sis.ccti.ull.es>
May 24 07:00:02 ec3.stic.ull.es postfix/cleanup[2777]: 73D0A1807C: message-id=<20120524060002.21A241D94E@web4.sis.ccti.ull.es>
May 24 07:00:02 ec3.stic.ull.es postfix/qmgr[9015]: 73D0A1807C: from=<root@web4.sis.ccti.ull.es>, size=1718, nrcpt=7 (queue active)
May 24 07:00:02 ec3.stic.ull.es postfix/smtpd[2783]: connect from localhost[127.0.0.1]
May 24 07:00:02 ec3.stic.ull.es postfix/pipe[2778]: 67D891807A: to=<ahercon@ull.edu.es>, relay=ripper, delay=0.05, delays=0.01/0/0/0.04, dsn=2.0.0, status=sent (delivered via ripper service)
May 24 07:00:02 ec3.stic.ull.es postfix/pipe[2778]: 67D891807A: to=<alorenzo@ull.edu.es>, relay=ripper, delay=0.05, delays=0.01/0/0/0.04, dsn=2.0.0, status=sent (delivered via ripper service)
May 24 07:00:02 ec3.stic.ull.es postfix/pipe[2778]: 67D891807A: to=<dmartinb@ull.edu.es>, relay=ripper, delay=0.05, delays=0.01/0/0/0.04, dsn=2.0.0, status=sent (delivered via ripper service)
May 24 07:00:02 ec3.stic.ull.es postfix/pipe[2778]: 67D891807A: to=<jchernan@ull.edu.es>, relay=ripper, delay=0.05, delays=0.01/0/0/0.04, dsn=2.0.0, status=sent (delivered via ripper service)
May 24 07:00:02 ec3.stic.ull.es postfix/pipe[2778]: 67D891807A: to=<jgarram@ull.edu.es>, relay=ripper, delay=0.05, delays=0.01/0/0/0.04, dsn=2.0.0, status=sent (delivered via ripper service)
May 24 07:00:02 ec3.stic.ull.es postfix/pipe[2778]: 67D891807A: to=<nkovacne@ull.edu.es>, relay=ripper, delay=0.05, delays=0.01/0/0/0.04, dsn=2.0.0, status=sent (delivered via ripper service)
May 24 07:00:02 ec3.stic.ull.es postfix/pipe[2778]: 67D891807A: to=<rmrodri@ull.edu.es>, relay=ripper, delay=0.05, delays=0.01/0/0/0.04, dsn=2.0.0, status=sent (delivered via ripper service)
May 24 07:00:02 ec3.stic.ull.es postfix/qmgr[9015]: 67D891807A: removed
May 24 07:00:02 ec3.stic.ull.es postfix/smtpd[2783]: 7E70D1807A: client=localhost[127.0.0.1]
May 24 07:00:02 ec3.stic.ull.es postfix/cleanup[2777]: 7E70D1807A: message-id=<20120524060002.21A241D94E@web4.sis.ccti.ull.es>
May 24 07:00:02 ec3.stic.ull.es postfix/qmgr[9015]: 7E70D1807A: from=<root@web4.sis.ccti.ull.es>, size=1871, nrcpt=7 (queue active)
May 24 07:00:02 ec3.stic.ull.es postfix/smtp[2782]: 73D0A1807C: to=<ahercon@ull.edu.es>, relay=localhost[127.0.0.1]:10025, delay=0.13, delays=0/0/0.04/0.08, dsn=2.0.0, status=sent (250 2.0.0 Ok: queued as 7E70D1807A)
May 24 07:00:02 ec3.stic.ull.es postfix/smtp[2782]: 73D0A1807C: to=<alorenzo@ull.edu.es>, relay=localhost[127.0.0.1]:10025, delay=0.13, delays=0/0/0.04/0.08, dsn=2.0.0, status=sent (250 2.0.0 Ok: queued as 7E70D1807A)
May 24 07:00:02 ec3.stic.ull.es postfix/smtpd[2783]: disconnect from localhost[127.0.0.1]
May 24 07:00:02 ec3.stic.ull.es postfix/smtp[2782]: 73D0A1807C: to=<dmartinb@ull.edu.es>, relay=localhost[127.0.0.1]:10025, delay=0.13, delays=0/0/0.04/0.08, dsn=2.0.0, status=sent (250 2.0.0 Ok: queued as 7E70D1807A)
May 24 07:00:02 ec3.stic.ull.es postfix/smtp[2782]: 73D0A1807C: to=<jchernan@ull.edu.es>, relay=localhost[127.0.0.1]:10025, delay=0.13, delays=0/0/0.04/0.08, dsn=2.0.0, status=sent (250 2.0.0 Ok: queued as 7E70D1807A)
May 24 07:00:02 ec3.stic.ull.es postfix/smtp[2782]: 73D0A1807C: to=<jgarram@ull.edu.es>, relay=localhost[127.0.0.1]:10025, delay=0.13, delays=0/0/0.04/0.08, dsn=2.0.0, status=sent (250 2.0.0 Ok: queued as 7E70D1807A)
May 24 07:00:02 ec3.stic.ull.es postfix/smtp[2782]: 73D0A1807C: to=<nkovacne@ull.edu.es>, relay=localhost[127.0.0.1]:10025, delay=0.13, delays=0/0/0.04/0.08, dsn=2.0.0, status=sent (250 2.0.0 Ok: queued as 7E70D1807A)
May 24 07:00:02 ec3.stic.ull.es postfix/smtp[2782]: 73D0A1807C: to=<rmrodri@ull.edu.es>, relay=localhost[127.0.0.1]:10025, delay=0.13, delays=0/0/0.04/0.08, dsn=2.0.0, status=sent (250 2.0.0 Ok: queued as 7E70D1807A)
May 24 07:00:02 ec3.stic.ull.es postfix/qmgr[9015]: 73D0A1807C: removed
May 24 07:00:04 ec3.stic.ull.es postfix/smtp[2927]: 7E70D1807A: to=<ahercon@ull.edu.es>, relay=aspmx.l.google.com[173.194.78.27]:25, delay=2, delays=0.08/0/0.37/1.6, dsn=2.0.0, status=sent (250 2.0.0 OK 1337839204 w35si32146964wew.62)
May 24 07:00:04 ec3.stic.ull.es postfix/smtp[2927]: 7E70D1807A: to=<alorenzo@ull.edu.es>, relay=aspmx.l.google.com[173.194.78.27]:25, delay=2, delays=0.08/0/0.37/1.6, dsn=2.0.0, status=sent (250 2.0.0 OK 1337839204 w35si32146964wew.62)
May 24 07:00:04 ec3.stic.ull.es postfix/smtp[2927]: 7E70D1807A: to=<dmartinb@ull.edu.es>, relay=aspmx.l.google.com[173.194.78.27]:25, delay=2, delays=0.08/0/0.37/1.6, dsn=2.0.0, status=sent (250 2.0.0 OK 1337839204 w35si32146964wew.62)
May 24 07:00:04 ec3.stic.ull.es postfix/smtp[2927]: 7E70D1807A: to=<jchernan@ull.edu.es>, relay=aspmx.l.google.com[173.194.78.27]:25, delay=2, delays=0.08/0/0.37/1.6, dsn=2.0.0, status=sent (250 2.0.0 OK 1337839204 w35si32146964wew.62)
May 24 07:00:04 ec3.stic.ull.es postfix/smtp[2927]: 7E70D1807A: to=<jgarram@ull.edu.es>, relay=aspmx.l.google.com[173.194.78.27]:25, delay=2, delays=0.08/0/0.37/1.6, dsn=2.0.0, status=sent (250 2.0.0 OK 1337839204 w35si32146964wew.62)
May 24 07:00:04 ec3.stic.ull.es postfix/smtp[2927]: 7E70D1807A: to=<nkovacne@ull.edu.es>, relay=aspmx.l.google.com[173.194.78.27]:25, delay=2, delays=0.08/0/0.37/1.6, dsn=2.0.0, status=sent (250 2.0.0 OK 1337839204 w35si32146964wew.62)
May 24 07:00:04 ec3.stic.ull.es postfix/smtp[2927]: 7E70D1807A: to=<rmrodri@ull.edu.es>, relay=aspmx.l.google.com[173.194.78.27]:25, delay=2, delays=0.08/0/0.37/1.6, dsn=2.0.0, status=sent (250 2.0.0 OK 1337839204 w35si32146964wew.62)
May 24 07:00:04 ec3.stic.ull.es postfix/qmgr[9015]: 7E70D1807A: removed
May 24 07:00:06 ec3.stic.ull.es postfix/smtpd[2720]: connect from systemon3.sis.ccti.ull.es[10.107.26.51]
May 24 07:00:06 ec3.stic.ull.es postfix/smtpd[2720]: disconnect from systemon3.sis.ccti.ull.es[10.107.26.51]
May 24 07:00:10 ec3.stic.ull.es postfix/smtpd[3278]: connect from mp01.ccti.ull.es[10.4.9.101]
May 24 07:00:10 ec3.stic.ull.es postfix/smtpd[3278]: CE4761807A: client=mp01.ccti.ull.es[10.4.9.101]
May 24 07:00:10 ec3.stic.ull.es postfix/cleanup[2777]: CE4761807A: message-id=<20120524060004.BC81DF804F@fc5.ccti.ull.es>
May 24 07:00:10 ec3.stic.ull.es postfix/qmgr[9015]: CE4761807A: from=<SRS0=nv21=D4=camerfirma.com=CertMaster@puc.rediris.es>, size=3662, nrcpt=7 (queue active)
May 24 07:00:10 ec3.stic.ull.es postfix/smtpd[3278]: disconnect from mp01.ccti.ull.es[10.4.9.101]
May 24 07:00:10 ec3.stic.ull.es postfix/pickup[2205]: DA3601807C: uid=33 from=<SRS0=nv21=D4=camerfirma.com=CertMaster@puc.rediris.es>
May 24 07:00:10 ec3.stic.ull.es postfix/cleanup[2777]: DA3601807C: message-id=<20120524060004.BC81DF804F@fc5.ccti.ull.es>
May 24 07:00:10 ec3.stic.ull.es postfix/qmgr[9015]: DA3601807C: from=<SRS0=nv21=D4=camerfirma.com=CertMaster@puc.rediris.es>, size=3757, nrcpt=7 (queue active)
May 24 07:00:10 ec3.stic.ull.es postfix/smtpd[2783]: connect from localhost[127.0.0.1]
May 24 07:00:10 ec3.stic.ull.es postfix/pipe[2778]: CE4761807A: to=<ahercon@ull.edu.es>, relay=ripper, delay=0.06, delays=0.01/0/0/0.05, dsn=2.0.0, status=sent (delivered via ripper service)
May 24 07:00:10 ec3.stic.ull.es postfix/pipe[2778]: CE4761807A: to=<alorenzo@ull.edu.es>, relay=ripper, delay=0.06, delays=0.01/0/0/0.05, dsn=2.0.0, status=sent (delivered via ripper service)
May 24 07:00:10 ec3.stic.ull.es postfix/pipe[2778]: CE4761807A: to=<dmartinb@ull.edu.es>, relay=ripper, delay=0.06, delays=0.01/0/0/0.05, dsn=2.0.0, status=sent (delivered via ripper service)
May 24 07:00:10 ec3.stic.ull.es postfix/pipe[2778]: CE4761807A: to=<jchernan@ull.edu.es>, relay=ripper, delay=0.06, delays=0.01/0/0/0.05, dsn=2.0.0, status=sent (delivered via ripper service)
May 24 07:00:10 ec3.stic.ull.es postfix/pipe[2778]: CE4761807A: to=<jgarram@ull.edu.es>, relay=ripper, delay=0.06, delays=0.01/0/0/0.05, dsn=2.0.0, status=sent (delivered via ripper service)
May 24 07:00:10 ec3.stic.ull.es postfix/pipe[2778]: CE4761807A: to=<nkovacne@ull.edu.es>, relay=ripper, delay=0.06, delays=0.01/0/0/0.05, dsn=2.0.0, status=sent (delivered via ripper service)
May 24 07:00:10 ec3.stic.ull.es postfix/pipe[2778]: CE4761807A: to=<rmrodri@ull.edu.es>, relay=ripper, delay=0.06, delays=0.01/0/0/0.05, dsn=2.0.0, status=sent (delivered via ripper service)
May 24 07:00:10 ec3.stic.ull.es postfix/qmgr[9015]: CE4761807A: removed
May 24 07:00:10 ec3.stic.ull.es postfix/smtpd[2783]: E4CED1807A: client=localhost[127.0.0.1]
May 24 07:00:11 ec3.stic.ull.es postfix/cleanup[2777]: E4CED1807A: message-id=<20120524060004.BC81DF804F@fc5.ccti.ull.es>
May 24 07:00:11 ec3.stic.ull.es postfix/qmgr[9015]: E4CED1807A: from=<SRS0=nv21=D4=camerfirma.com=CertMaster@puc.rediris.es>, size=3435, nrcpt=7 (queue active)
May 24 07:00:11 ec3.stic.ull.es postfix/smtp[2782]: DA3601807C: to=<ahercon@ull.edu.es>, relay=localhost[127.0.0.1]:10025, delay=0.13, delays=0/0/0.04/0.08, dsn=2.0.0, status=sent (250 2.0.0 Ok: queued as E4CED1807A)
May 24 07:00:11 ec3.stic.ull.es postfix/smtp[2782]: DA3601807C: to=<alorenzo@ull.edu.es>, relay=localhost[127.0.0.1]:10025, delay=0.13, delays=0/0/0.04/0.08, dsn=2.0.0, status=sent (250 2.0.0 Ok: queued as E4CED1807A)
May 24 07:00:11 ec3.stic.ull.es postfix/smtp[2782]: DA3601807C: to=<dmartinb@ull.edu.es>, relay=localhost[127.0.0.1]:10025, delay=0.13, delays=0/0/0.04/0.08, dsn=2.0.0, status=sent (250 2.0.0 Ok: queued as E4CED1807A)
May 24 07:00:11 ec3.stic.ull.es postfix/smtp[2782]: DA3601807C: to=<jchernan@ull.edu.es>, relay=localhost[127.0.0.1]:10025, delay=0.13, delays=0/0/0.04/0.08, dsn=2.0.0, status=sent (250 2.0.0 Ok: queued as E4CED1807A)
May 24 07:00:11 ec3.stic.ull.es postfix/smtp[2782]: DA3601807C: to=<jgarram@ull.edu.es>, relay=localhost[127.0.0.1]:10025, delay=0.13, delays=0/0/0.04/0.08, dsn=2.0.0, status=sent (250 2.0.0 Ok: queued as E4CED1807A)
May 24 07:00:11 ec3.stic.ull.es postfix/smtp[2782]: DA3601807C: to=<nkovacne@ull.edu.es>, relay=localhost[127.0.0.1]:10025, delay=0.13, delays=0/0/0.04/0.08, dsn=2.0.0, status=sent (250 2.0.0 Ok: queued as E4CED1807A)
May 24 07:00:11 ec3.stic.ull.es postfix/smtp[2782]: DA3601807C: to=<rmrodri@ull.edu.es>, relay=localhost[127.0.0.1]:10025, delay=0.13, delays=0/0/0.04/0.08, dsn=2.0.0, status=sent (250 2.0.0 Ok: queued as E4CED1807A)
May 24 07:00:11 ec3.stic.ull.es postfix/smtpd[2783]: disconnect from localhost[127.0.0.1]
May 24 07:00:11 ec3.stic.ull.es postfix/qmgr[9015]: DA3601807C: removed
May 24 07:00:11 ec3.stic.ull.es postfix/smtp[2927]: E4CED1807A: to=<ahercon@ull.edu.es>, relay=aspmx.l.google.com[173.194.66.27]:25, delay=1.1, delays=0.08/0/0.36/0.62, dsn=2.0.0, status=sent (250 2.0.0 OK 1337839211 en10si27761209wid.1)
May 24 07:00:11 ec3.stic.ull.es postfix/smtp[2927]: E4CED1807A: to=<alorenzo@ull.edu.es>, relay=aspmx.l.google.com[173.194.66.27]:25, delay=1.1, delays=0.08/0/0.36/0.62, dsn=2.0.0, status=sent (250 2.0.0 OK 1337839211 en10si27761209wid.1)
May 24 07:00:11 ec3.stic.ull.es postfix/smtp[2927]: E4CED1807A: to=<dmartinb@ull.edu.es>, relay=aspmx.l.google.com[173.194.66.27]:25, delay=1.1, delays=0.08/0/0.36/0.62, dsn=2.0.0, status=sent (250 2.0.0 OK 1337839211 en10si27761209wid.1)
May 24 07:00:11 ec3.stic.ull.es postfix/smtp[2927]: E4CED1807A: to=<jchernan@ull.edu.es>, relay=aspmx.l.google.com[173.194.66.27]:25, delay=1.1, delays=0.08/0/0.36/0.62, dsn=2.0.0, status=sent (250 2.0.0 OK 1337839211 en10si27761209wid.1)
May 24 07:00:11 ec3.stic.ull.es postfix/smtp[2927]: E4CED1807A: to=<jgarram@ull.edu.es>, relay=aspmx.l.google.com[173.194.66.27]:25, delay=1.1, delays=0.08/0/0.36/0.62, dsn=2.0.0, status=sent (250 2.0.0 OK 1337839211 en10si27761209wid.1)
May 24 07:00:11 ec3.stic.ull.es postfix/smtp[2927]: E4CED1807A: to=<nkovacne@ull.edu.es>, relay=aspmx.l.google.com[173.194.66.27]:25, delay=1.1, delays=0.08/0/0.36/0.62, dsn=2.0.0, status=sent (250 2.0.0 OK 1337839211 en10si27761209wid.1)
May 24 07:00:11 ec3.stic.ull.es postfix/smtp[2927]: E4CED1807A: to=<rmrodri@ull.edu.es>, relay=aspmx.l.google.com[173.194.66.27]:25, delay=1.1, delays=0.08/0/0.36/0.62, dsn=2.0.0, status=sent (250 2.0.0 OK 1337839211 en10si27761209wid.1)
May 24 07:00:11 ec3.stic.ull.es postfix/qmgr[9015]: E4CED1807A: removed
May 24 07:00:13 ec3.stic.ull.es postfix/smtpd[837]: connect from unknown[193.145.118.163]
May 24 07:00:13 ec3.stic.ull.es postfix/smtpd[837]: disconnect from unknown[193.145.118.163]
May 24 07:00:16 ec3.stic.ull.es postfix/smtpd[2720]: connect from unknown[193.145.118.163]
May 24 07:00:16 ec3.stic.ull.es postfix/smtpd[2720]: disconnect from unknown[193.145.118.163]
May 24 07:00:18 ec3.stic.ull.es postfix/smtpd[2134]: connect from unknown[193.145.118.163]
May 24 07:00:18 ec3.stic.ull.es postfix/smtpd[2134]: SSL_accept error from unknown[193.145.118.163]: -1
May 24 07:00:18 ec3.stic.ull.es postfix/smtpd[2134]: lost connection after CONNECT from unknown[193.145.118.163]
May 24 07:00:18 ec3.stic.ull.es postfix/smtpd[2134]: disconnect from unknown[193.145.118.163]
May 24 07:00:26 ec3.stic.ull.es postfix/smtpd[3278]: connect from mp02.ccti.ull.es[10.4.9.102]
May 24 07:00:26 ec3.stic.ull.es postfix/smtpd[3278]: 3A5AD1807A: client=mp02.ccti.ull.es[10.4.9.102]
May 24 07:00:26 ec3.stic.ull.es postfix/cleanup[2777]: 3A5AD1807A: message-id=<31206_42829324.3081428293241-46242436@cab.mail-du-jour.com>
May 24 07:00:26 ec3.stic.ull.es postfix/qmgr[9015]: 3A5AD1807A: from=<SRS0=Vl85=D4=cab.mail-du-jour.fr=ComeAndStayP@puc.rediris.es>, size=8473, nrcpt=1 (queue active)
May 24 07:00:26 ec3.stic.ull.es postfix/smtpd[3278]: disconnect from mp02.ccti.ull.es[10.4.9.102]
May 24 07:00:26 ec3.stic.ull.es postfix/pickup[2205]: 45C2C1807C: uid=33 from=<SRS0=Vl85=D4=cab.mail-du-jour.fr=ComeAndStayP@puc.rediris.es>
May 24 07:00:26 ec3.stic.ull.es postfix/cleanup[2777]: 45C2C1807C: message-id=<31206_42829324.3081428293241-46242436@cab.mail-du-jour.com>
May 24 07:00:26 ec3.stic.ull.es postfix/qmgr[9015]: 45C2C1807C: from=<SRS0=Vl85=D4=cab.mail-du-jour.fr=ComeAndStayP@puc.rediris.es>, size=8598, nrcpt=1 (queue active)
May 24 07:00:26 ec3.stic.ull.es postfix/smtpd[2783]: connect from localhost[127.0.0.1]
May 24 07:00:26 ec3.stic.ull.es postfix/pipe[2778]: 3A5AD1807A: to=<mjmoreno@ull.edu.es>, relay=ripper, delay=0.05, delays=0.01/0/0/0.05, dsn=2.0.0, status=sent (delivered via ripper service)
May 24 07:00:26 ec3.stic.ull.es postfix/qmgr[9015]: 3A5AD1807A: removed
May 24 07:00:26 ec3.stic.ull.es postfix/smtpd[2783]: 505C61807A: client=localhost[127.0.0.1]
May 24 07:00:26 ec3.stic.ull.es postfix/cleanup[2777]: 505C61807A: message-id=<31206_42829324.3081428293241-46242436@cab.mail-du-jour.com>
May 24 07:00:26 ec3.stic.ull.es postfix/qmgr[9015]: 505C61807A: from=<SRS0=Vl85=D4=cab.mail-du-jour.fr=ComeAndStayP@puc.rediris.es>, size=7884, nrcpt=1 (queue active)
May 24 07:00:26 ec3.stic.ull.es postfix/smtp[2782]: 45C2C1807C: to=<mjmoreno@ull.edu.es>, relay=localhost[127.0.0.1]:10025, delay=0.17, delays=0/0/0.04/0.13, dsn=2.0.0, status=sent (250 2.0.0 Ok: queued as 505C61807A)
May 24 07:00:26 ec3.stic.ull.es postfix/smtpd[2783]: disconnect from localhost[127.0.0.1]
May 24 07:00:26 ec3.stic.ull.es postfix/qmgr[9015]: 45C2C1807C: removed
May 24 07:00:27 ec3.stic.ull.es postfix/smtp[2927]: 505C61807A: to=<mjmoreno@ull.edu.es>, relay=aspmx.l.google.com[173.194.78.27]:25, delay=0.75, delays=0.13/0/0.37/0.25, dsn=2.0.0, status=sent (250 2.0.0 OK 1337839227 c71si18130497wec.33)
May 24 07:00:27 ec3.stic.ull.es postfix/qmgr[9015]: 505C61807A: removed
May 24 07:00:37 ec3.stic.ull.es postfix/smtpd[2720]: connect from systemon3.sis.ccti.ull.es[10.107.26.51]
May 24 07:00:37 ec3.stic.ull.es postfix/smtpd[2720]: disconnect from systemon3.sis.ccti.ull.es[10.107.26.51]
May 24 07:00:43 ec3.stic.ull.es postfix/smtpd[837]: connect from unknown[193.145.118.163]
May 24 07:00:43 ec3.stic.ull.es postfix/smtpd[837]: disconnect from unknown[193.145.118.163]
May 24 07:00:46 ec3.stic.ull.es postfix/smtpd[3278]: connect from unknown[193.145.118.163]
May 24 07:00:46 ec3.stic.ull.es postfix/smtpd[3278]: disconnect from unknown[193.145.118.163]
May 24 07:00:48 ec3.stic.ull.es postfix/smtpd[2134]: connect from unknown[193.145.118.163]
May 24 07:00:48 ec3.stic.ull.es postfix/smtpd[2134]: SSL_accept error from unknown[193.145.118.163]: -1
May 24 07:00:48 ec3.stic.ull.es postfix/smtpd[2134]: lost connection after CONNECT from unknown[193.145.118.163]
May 24 07:00:48 ec3.stic.ull.es postfix/smtpd[2134]: disconnect from unknown[193.145.118.163]
May 24 07:00:58 ec3.stic.ull.es postfix/smtpd[2720]: connect from systemon3.sis.ccti.ull.es[10.107.26.51]
May 24 07:00:58 ec3.stic.ull.es postfix/smtpd[2720]: disconnect from systemon3.sis.ccti.ull.es[10.107.26.51]
May 24 07:00:58 ec3.stic.ull.es postfix/smtpd[3278]: connect from mp01.ccti.ull.es[10.4.9.101]
May 24 07:00:58 ec3.stic.ull.es postfix/smtpd[3278]: 9F45E1807A: client=mp01.ccti.ull.es[10.4.9.101]
May 24 07:00:58 ec3.stic.ull.es postfix/cleanup[2777]: 9F45E1807A: message-id=<31206_42829326.3081428293261-31777106@cab.mail-du-jour.com>
May 24 07:00:58 ec3.stic.ull.es postfix/qmgr[9015]: 9F45E1807A: from=<SRS0=Vl85=D4=cab.mail-du-jour.fr=ComeAndStayP@puc.rediris.es>, size=8477, nrcpt=1 (queue active)
May 24 07:00:58 ec3.stic.ull.es postfix/smtpd[3278]: disconnect from mp01.ccti.ull.es[10.4.9.101]
May 24 07:00:58 ec3.stic.ull.es postfix/pickup[2205]: AA7431807C: uid=33 from=<SRS0=Vl85=D4=cab.mail-du-jour.fr=ComeAndStayP@puc.rediris.es>
May 24 07:00:58 ec3.stic.ull.es postfix/cleanup[2777]: AA7431807C: message-id=<31206_42829326.3081428293261-31777106@cab.mail-du-jour.com>
May 24 07:00:58 ec3.stic.ull.es postfix/qmgr[9015]: AA7431807C: from=<SRS0=Vl85=D4=cab.mail-du-jour.fr=ComeAndStayP@puc.rediris.es>, size=8600, nrcpt=1 (queue active)
May 24 07:00:58 ec3.stic.ull.es postfix/smtpd[2783]: connect from localhost[127.0.0.1]
May 24 07:00:58 ec3.stic.ull.es postfix/pipe[2778]: 9F45E1807A: to=<frguezh@gmail.com>, relay=ripper, delay=0.05, delays=0/0/0/0.05, dsn=2.0.0, status=sent (delivered via ripper service)
May 24 07:00:58 ec3.stic.ull.es postfix/qmgr[9015]: 9F45E1807A: removed
May 24 07:00:58 ec3.stic.ull.es postfix/smtpd[2783]: B50041807A: client=localhost[127.0.0.1]
May 24 07:00:58 ec3.stic.ull.es postfix/cleanup[2777]: B50041807A: message-id=<31206_42829326.3081428293261-31777106@cab.mail-du-jour.com>
May 24 07:00:58 ec3.stic.ull.es postfix/qmgr[9015]: B50041807A: from=<SRS0=Vl85=D4=cab.mail-du-jour.fr=ComeAndStayP@puc.rediris.es>, size=7884, nrcpt=1 (queue active)
May 24 07:00:58 ec3.stic.ull.es postfix/smtp[2782]: AA7431807C: to=<frguezh@gmail.com>, relay=localhost[127.0.0.1]:10025, delay=0.17, delays=0/0/0.04/0.13, dsn=2.0.0, status=sent (250 2.0.0 Ok: queued as B50041807A)
May 24 07:00:58 ec3.stic.ull.es postfix/smtpd[2783]: disconnect from localhost[127.0.0.1]
May 24 07:00:58 ec3.stic.ull.es postfix/qmgr[9015]: AA7431807C: removed
May 24 07:00:59 ec3.stic.ull.es postfix/smtpd[2720]: connect from unknown[10.219.4.249]
May 24 07:00:59 ec3.stic.ull.es postfix/smtpd[2720]: disconnect from unknown[10.219.4.249]
May 24 07:00:59 ec3.stic.ull.es postfix/smtpd[3278]: connect from unknown[10.219.4.249]
May 24 07:00:59 ec3.stic.ull.es postfix/smtpd[3278]: disconnect from unknown[10.219.4.249]
May 24 07:00:59 ec3.stic.ull.es postfix/smtp[2927]: B50041807A: to=<frguezh@gmail.com>, relay=gmail-smtp-in.l.google.com[173.194.78.26]:25, delay=0.94, delays=0.13/0/0.5/0.32, dsn=2.0.0, status=sent (250 2.0.0 OK 1337839259 p8si11608024weh.137)
May 24 07:00:59 ec3.stic.ull.es postfix/qmgr[9015]: B50041807A: removed
May 24 07:00:59 ec3.stic.ull.es postfix/smtpd[2720]: connect from unknown[10.219.4.249]
May 24 07:00:59 ec3.stic.ull.es postfix/smtpd[2720]: disconnect from unknown[10.219.4.249]
May 24 07:00:59 ec3.stic.ull.es postfix/smtpd[3278]: connect from unknown[10.219.4.249]
May 24 07:01:00 ec3.stic.ull.es postfix/smtpd[3278]: disconnect from unknown[10.219.4.249]
May 24 07:01:13 ec3.stic.ull.es postfix/smtpd[837]: connect from unknown[193.145.118.163]
May 24 07:01:13 ec3.stic.ull.es postfix/smtpd[837]: disconnect from unknown[193.145.118.163]
May 24 07:01:16 ec3.stic.ull.es postfix/smtpd[2720]: connect from unknown[193.145.118.163]
May 24 07:01:16 ec3.stic.ull.es postfix/smtpd[2720]: disconnect from unknown[193.145.118.163]
May 24 07:01:18 ec3.stic.ull.es postfix/smtpd[2134]: connect from unknown[193.145.118.163]
May 24 07:01:18 ec3.stic.ull.es postfix/smtpd[2134]: SSL_accept error from unknown[193.145.118.163]: -1
May 24 07:01:18 ec3.stic.ull.es postfix/smtpd[2134]: lost connection after CONNECT from unknown[193.145.118.163]
May 24 07:01:18 ec3.stic.ull.es postfix/smtpd[2134]: disconnect from unknown[193.145.118.163]
May 24 07:01:33 ec3.stic.ull.es postfix/smtpd[3278]: connect from mp01.ccti.ull.es[10.4.9.101]
May 24 07:01:33 ec3.stic.ull.es postfix/smtpd[3278]: 9991A1807A: client=mp01.ccti.ull.es[10.4.9.101]
May 24 07:01:33 ec3.stic.ull.es postfix/cleanup[2777]: 9991A1807A: message-id=<16779254.2180@enews.checkpoint.com>
May 24 07:01:33 ec3.stic.ull.es postfix/qmgr[9015]: 9991A1807A: from=<SRS0=59qN=D4=checkpoint.com=bounce@puc.rediris.es>, size=15245, nrcpt=1 (queue active)
May 24 07:01:33 ec3.stic.ull.es postfix/smtpd[3278]: disconnect from mp01.ccti.ull.es[10.4.9.101]
May 24 07:01:33 ec3.stic.ull.es postfix/pickup[2205]: AF3231807C: uid=33 from=<SRS0=59qN=D4=checkpoint.com=bounce@puc.rediris.es>
May 24 07:01:33 ec3.stic.ull.es postfix/cleanup[2777]: AF3231807C: message-id=<16779254.2180@enews.checkpoint.com>
May 24 07:01:33 ec3.stic.ull.es postfix/qmgr[9015]: AF3231807C: from=<SRS0=59qN=D4=checkpoint.com=bounce@puc.rediris.es>, size=15373, nrcpt=1 (queue active)
May 24 07:01:33 ec3.stic.ull.es postfix/smtpd[2783]: connect from localhost[127.0.0.1]
May 24 07:01:33 ec3.stic.ull.es postfix/pipe[2778]: 9991A1807A: to=<support@ull.edu.es>, relay=ripper, delay=0.1, delays=0.05/0/0/0.05, dsn=2.0.0, status=sent (delivered via ripper service)
May 24 07:01:33 ec3.stic.ull.es postfix/qmgr[9015]: 9991A1807A: removed
May 24 07:01:33 ec3.stic.ull.es postfix/smtpd[2783]: B9C251807A: client=localhost[127.0.0.1]
May 24 07:01:33 ec3.stic.ull.es postfix/cleanup[2777]: B9C251807A: message-id=<16779254.2180@enews.checkpoint.com>
May 24 07:01:33 ec3.stic.ull.es postfix/qmgr[9015]: B9C251807A: from=<SRS0=59qN=D4=checkpoint.com=bounce@puc.rediris.es>, size=14531, nrcpt=1 (queue active)
May 24 07:01:33 ec3.stic.ull.es postfix/smtp[2782]: AF3231807C: to=<support@ull.edu.es>, relay=localhost[127.0.0.1]:10025, delay=0.13, delays=0/0/0.04/0.09, dsn=2.0.0, status=sent (250 2.0.0 Ok: queued as B9C251807A)
May 24 07:01:33 ec3.stic.ull.es postfix/smtpd[2783]: disconnect from localhost[127.0.0.1]
May 24 07:01:33 ec3.stic.ull.es postfix/qmgr[9015]: AF3231807C: removed
May 24 07:01:34 ec3.stic.ull.es postfix/smtp[2927]: B9C251807A: to=<support@ull.edu.es>, relay=aspmx.l.google.com[173.194.78.27]:25, delay=0.89, delays=0.09/0/0.39/0.41, dsn=2.0.0, status=sent (250 2.0.0 OK 1337839294 m58si32167330wee.35)
