May 24 07:19:48 ec3.stic.ull.es postfix/smtpd[2134]: connect from unknown[193.145.118.163]
May 24 07:19:48 ec3.stic.ull.es postfix/smtpd[2134]: SSL_accept error from unknown[193.145.118.163]: -1
May 24 07:19:48 ec3.stic.ull.es postfix/smtpd[2134]: lost connection after CONNECT from unknown[193.145.118.163]
May 24 07:19:48 ec3.stic.ull.es postfix/smtpd[2134]: disconnect from unknown[193.145.118.163]
May 24 07:19:55 ec3.stic.ull.es postfix/smtpd[4676]: connect from unknown[10.219.4.249]
May 24 07:19:55 ec3.stic.ull.es postfix/smtpd[4676]: disconnect from unknown[10.219.4.249]
May 24 07:19:55 ec3.stic.ull.es postfix/smtpd[4676]: connect from unknown[10.219.4.249]
May 24 07:19:55 ec3.stic.ull.es postfix/smtpd[4676]: disconnect from unknown[10.219.4.249]
May 24 07:19:55 ec3.stic.ull.es postfix/smtpd[4676]: connect from unknown[10.219.4.249]
May 24 07:19:55 ec3.stic.ull.es postfix/smtpd[4676]: disconnect from unknown[10.219.4.249]
May 24 07:19:56 ec3.stic.ull.es postfix/smtpd[4676]: connect from unknown[10.219.4.249]
May 24 07:19:56 ec3.stic.ull.es postfix/smtpd[4676]: disconnect from unknown[10.219.4.249]
May 24 07:20:06 ec3.stic.ull.es postfix/smtpd[4676]: connect from systemon3.sis.ccti.ull.es[10.107.26.51]
May 24 07:20:06 ec3.stic.ull.es postfix/smtpd[4676]: disconnect from systemon3.sis.ccti.ull.es[10.107.26.51]
May 24 07:20:13 ec3.stic.ull.es postfix/smtpd[5016]: connect from unknown[193.145.118.163]
May 24 07:20:13 ec3.stic.ull.es postfix/smtpd[5016]: disconnect from unknown[193.145.118.163]
May 24 07:20:16 ec3.stic.ull.es postfix/smtpd[4676]: connect from unknown[193.145.118.163]
May 24 07:20:16 ec3.stic.ull.es postfix/smtpd[4676]: disconnect from unknown[193.145.118.163]
May 24 07:20:18 ec3.stic.ull.es postfix/smtpd[2134]: connect from unknown[193.145.118.163]
May 24 07:20:18 ec3.stic.ull.es postfix/smtpd[2134]: SSL_accept error from unknown[193.145.118.163]: -1
May 24 07:20:18 ec3.stic.ull.es postfix/smtpd[2134]: lost connection after CONNECT from unknown[193.145.118.163]
May 24 07:20:18 ec3.stic.ull.es postfix/smtpd[2134]: disconnect from unknown[193.145.118.163]
May 24 07:20:27 ec3.stic.ull.es postfix/smtpd[4676]: connect from mp02.ccti.ull.es[10.4.9.102]
May 24 07:20:27 ec3.stic.ull.es postfix/smtpd[4676]: AF6AB1807A: client=mp02.ccti.ull.es[10.4.9.102]
May 24 07:20:27 ec3.stic.ull.es postfix/cleanup[5031]: AF6AB1807A: message-id=<4fbdd31d21989@vuestroslibros.es>
May 24 07:20:27 ec3.stic.ull.es postfix/qmgr[9015]: AF6AB1807A: from=<SRS0=oAOM=D4=vuestroslibros.es=boletin@puc.rediris.es>, size=58118, nrcpt=1 (queue active)
May 24 07:20:27 ec3.stic.ull.es postfix/smtpd[4676]: disconnect from mp02.ccti.ull.es[10.4.9.102]
May 24 07:20:27 ec3.stic.ull.es postfix/pickup[4756]: C69241807C: uid=33 from=<SRS0=oAOM=D4=vuestroslibros.es=boletin@puc.rediris.es>
May 24 07:20:27 ec3.stic.ull.es postfix/cleanup[5031]: C69241807C: message-id=<4fbdd31d21989@vuestroslibros.es>
May 24 07:20:27 ec3.stic.ull.es postfix/qmgr[9015]: C69241807C: from=<SRS0=oAOM=D4=vuestroslibros.es=boletin@puc.rediris.es>, size=58239, nrcpt=1 (queue active)
May 24 07:20:27 ec3.stic.ull.es postfix/smtpd[2783]: connect from localhost[127.0.0.1]
May 24 07:20:27 ec3.stic.ull.es postfix/pipe[2778]: AF6AB1807A: to=<carlos.j.alvarez@gmail.com>, relay=ripper, delay=0.1, delays=0.05/0/0/0.05, dsn=2.0.0, status=sent (delivered via ripper service)
May 24 07:20:27 ec3.stic.ull.es postfix/qmgr[9015]: AF6AB1807A: removed
May 24 07:20:27 ec3.stic.ull.es postfix/smtpd[2783]: D153B1807A: client=localhost[127.0.0.1]
May 24 07:20:27 ec3.stic.ull.es postfix/cleanup[5031]: D153B1807A: message-id=<4fbdd31d21989@vuestroslibros.es>
May 24 07:20:27 ec3.stic.ull.es postfix/qmgr[9015]: D153B1807A: from=<SRS0=oAOM=D4=vuestroslibros.es=boletin@puc.rediris.es>, size=57251, nrcpt=1 (queue active)
May 24 07:20:27 ec3.stic.ull.es postfix/smtp[2782]: C69241807C: to=<carlos.j.alvarez@gmail.com>, relay=localhost[127.0.0.1]:10025, delay=0.14, delays=0/0/0.04/0.1, dsn=2.0.0, status=sent (250 2.0.0 Ok: queued as D153B1807A)
May 24 07:20:27 ec3.stic.ull.es postfix/smtpd[2783]: disconnect from localhost[127.0.0.1]
May 24 07:20:27 ec3.stic.ull.es postfix/qmgr[9015]: C69241807C: removed
May 24 07:20:29 ec3.stic.ull.es postfix/smtp[3976]: D153B1807A: to=<carlos.j.alvarez@gmail.com>, relay=gmail-smtp-in.l.google.com[173.194.78.27]:25, delay=1.4, delays=0.1/0/0.45/0.9, dsn=2.0.0, status=sent (250 2.0.0 OK 1337840429 l2si24110675wiw.41)
May 24 07:20:29 ec3.stic.ull.es postfix/qmgr[9015]: D153B1807A: removed
May 24 07:20:31 ec3.stic.ull.es postfix/smtpd[4676]: connect from mp02.ccti.ull.es[10.4.9.102]
May 24 07:20:31 ec3.stic.ull.es postfix/smtpd[4676]: E66851807A: client=mp02.ccti.ull.es[10.4.9.102]
May 24 07:20:31 ec3.stic.ull.es postfix/cleanup[5031]: E66851807A: message-id=<20120524062011.F04A83C01D9@b.lsmtp.net>
May 24 07:20:31 ec3.stic.ull.es postfix/qmgr[9015]: E66851807A: from=<SRS0=xJCO=D4=xploramailnews.es=rp.m338e1134320p1647574i0s5228@puc.rediris.es>, size=38242, nrcpt=1 (queue active)
May 24 07:20:31 ec3.stic.ull.es postfix/smtpd[4676]: disconnect from mp02.ccti.ull.es[10.4.9.102]
May 24 07:20:31 ec3.stic.ull.es postfix/pickup[4756]: 0808B1807C: uid=33 from=<SRS0=xJCO=D4=xploramailnews.es=rp.m338e1134320p1647574i0s5228@puc.rediris.es>
May 24 07:20:31 ec3.stic.ull.es postfix/cleanup[5031]: 0808B1807C: message-id=<20120524062011.F04A83C01D9@b.lsmtp.net>
May 24 07:20:31 ec3.stic.ull.es postfix/qmgr[9015]: 0808B1807C: from=<SRS0=xJCO=D4=xploramailnews.es=rp.m338e1134320p1647574i0s5228@puc.rediris.es>, size=38370, nrcpt=1 (queue active)
May 24 07:20:31 ec3.stic.ull.es postfix/smtpd[2783]: connect from localhost[127.0.0.1]
May 24 07:20:31 ec3.stic.ull.es postfix/pipe[2778]: E66851807A: to=<cjrodrig@ull.edu.es>, relay=ripper, delay=0.1, delays=0.05/0/0/0.05, dsn=2.0.0, status=sent (delivered via ripper service)
May 24 07:20:31 ec3.stic.ull.es postfix/qmgr[9015]: E66851807A: removed
May 24 07:20:32 ec3.stic.ull.es postfix/smtpd[2783]: 129601807A: client=localhost[127.0.0.1]
May 24 07:20:32 ec3.stic.ull.es postfix/cleanup[5031]: 129601807A: message-id=<20120524062011.F04A83C01D9@b.lsmtp.net>
May 24 07:20:32 ec3.stic.ull.es postfix/qmgr[9015]: 129601807A: from=<SRS0=xJCO=D4=xploramailnews.es=rp.m338e1134320p1647574i0s5228@puc.rediris.es>, size=37277, nrcpt=1 (queue active)
May 24 07:20:32 ec3.stic.ull.es postfix/smtp[2782]: 0808B1807C: to=<cjrodrig@ull.edu.es>, relay=localhost[127.0.0.1]:10025, delay=0.17, delays=0/0/0.04/0.13, dsn=2.0.0, status=sent (250 2.0.0 Ok: queued as 129601807A)
May 24 07:20:32 ec3.stic.ull.es postfix/smtpd[2783]: disconnect from localhost[127.0.0.1]
May 24 07:20:32 ec3.stic.ull.es postfix/qmgr[9015]: 0808B1807C: removed
May 24 07:20:33 ec3.stic.ull.es postfix/smtp[3976]: 129601807A: to=<cjrodrig@ull.edu.es>, relay=aspmx.l.google.com[173.194.66.26]:25, delay=1.4, delays=0.13/0/0.39/0.93, dsn=2.0.0, status=sent (250 2.0.0 OK 1337840433 z9si24126611wiw.15)
May 24 07:20:33 ec3.stic.ull.es postfix/qmgr[9015]: 129601807A: removed
May 24 07:20:37 ec3.stic.ull.es postfix/smtpd[4676]: connect from systemon3.sis.ccti.ull.es[10.107.26.51]
May 24 07:20:37 ec3.stic.ull.es postfix/smtpd[4676]: disconnect from systemon3.sis.ccti.ull.es[10.107.26.51]
May 24 07:20:43 ec3.stic.ull.es postfix/smtpd[5016]: connect from unknown[193.145.118.163]
May 24 07:20:43 ec3.stic.ull.es postfix/smtpd[5016]: disconnect from unknown[193.145.118.163]
May 24 07:20:46 ec3.stic.ull.es postfix/smtpd[4676]: connect from unknown[193.145.118.163]
May 24 07:20:46 ec3.stic.ull.es postfix/smtpd[4676]: disconnect from unknown[193.145.118.163]
May 24 07:20:48 ec3.stic.ull.es postfix/smtpd[2134]: connect from unknown[193.145.118.163]
May 24 07:20:48 ec3.stic.ull.es postfix/smtpd[2134]: SSL_accept error from unknown[193.145.118.163]: -1
May 24 07:20:48 ec3.stic.ull.es postfix/smtpd[2134]: lost connection after CONNECT from unknown[193.145.118.163]
May 24 07:20:48 ec3.stic.ull.es postfix/smtpd[2134]: disconnect from unknown[193.145.118.163]
May 24 07:20:48 ec3.stic.ull.es postfix/smtpd[4676]: connect from mp01.ccti.ull.es[10.4.9.101]
May 24 07:20:48 ec3.stic.ull.es postfix/smtpd[4676]: C405F1807A: client=mp01.ccti.ull.es[10.4.9.101]
May 24 07:20:48 ec3.stic.ull.es postfix/cleanup[5031]: C405F1807A: message-id=<2.1.14.1101027485.148305.39508487@news.letsbonus.com>
May 24 07:20:48 ec3.stic.ull.es postfix/qmgr[9015]: C405F1807A: from=<SRS0=G/va=D4=news.letsbonus.com=info@puc.rediris.es>, size=42774, nrcpt=1 (queue active)
May 24 07:20:48 ec3.stic.ull.es postfix/smtpd[4676]: disconnect from mp01.ccti.ull.es[10.4.9.101]
May 24 07:20:48 ec3.stic.ull.es postfix/pickup[4756]: D8F5C1807C: uid=33 from=<SRS0=G/va=D4=news.letsbonus.com=info@puc.rediris.es>
May 24 07:20:48 ec3.stic.ull.es postfix/cleanup[5031]: D8F5C1807C: message-id=<2.1.14.1101027485.148305.39508487@news.letsbonus.com>
May 24 07:20:48 ec3.stic.ull.es postfix/qmgr[9015]: D8F5C1807C: from=<SRS0=G/va=D4=news.letsbonus.com=info@puc.rediris.es>, size=42895, nrcpt=1 (queue active)
May 24 07:20:48 ec3.stic.ull.es postfix/smtpd[2783]: connect from localhost[127.0.0.1]
May 24 07:20:48 ec3.stic.ull.es postfix/pipe[2778]: C405F1807A: to=<mcaltabl@ull.edu.es>, relay=ripper, delay=0.09, delays=0.05/0/0/0.05, dsn=2.0.0, status=sent (delivered via ripper service)
May 24 07:20:48 ec3.stic.ull.es postfix/qmgr[9015]: C405F1807A: removed
May 24 07:20:48 ec3.stic.ull.es postfix/smtpd[2783]: E38C81807A: client=localhost[127.0.0.1]
May 24 07:20:48 ec3.stic.ull.es postfix/cleanup[5031]: E38C81807A: message-id=<2.1.14.1101027485.148305.39508487@news.letsbonus.com>
May 24 07:20:48 ec3.stic.ull.es postfix/smtp[2782]: D8F5C1807C: to=<mcaltabl@ull.edu.es>, relay=localhost[127.0.0.1]:10025, delay=0.13, delays=0/0/0.04/0.09, dsn=2.0.0, status=sent (250 2.0.0 Ok: queued as E38C81807A)
May 24 07:20:48 ec3.stic.ull.es postfix/qmgr[9015]: E38C81807A: from=<SRS0=G/va=D4=news.letsbonus.com=info@puc.rediris.es>, size=41798, nrcpt=1 (queue active)
May 24 07:20:48 ec3.stic.ull.es postfix/smtpd[2783]: disconnect from localhost[127.0.0.1]
May 24 07:20:48 ec3.stic.ull.es postfix/qmgr[9015]: D8F5C1807C: removed
May 24 07:20:50 ec3.stic.ull.es postfix/smtp[3976]: E38C81807A: to=<mcaltabl@ull.edu.es>, relay=aspmx.l.google.com[173.194.66.26]:25, delay=1.5, delays=0.09/0/0.36/1, dsn=2.0.0, status=sent (250 2.0.0 OK 1337840450 bl10si24137281wib.2)
May 24 07:20:50 ec3.stic.ull.es postfix/qmgr[9015]: E38C81807A: removed
May 24 07:20:55 ec3.stic.ull.es postfix/smtpd[4676]: connect from unknown[10.219.4.249]
May 24 07:20:55 ec3.stic.ull.es postfix/smtpd[4676]: disconnect from unknown[10.219.4.249]
May 24 07:20:55 ec3.stic.ull.es postfix/smtpd[4676]: connect from unknown[10.219.4.249]
May 24 07:20:55 ec3.stic.ull.es postfix/smtpd[4676]: disconnect from unknown[10.219.4.249]
May 24 07:20:55 ec3.stic.ull.es postfix/smtpd[4676]: connect from unknown[10.219.4.249]
May 24 07:20:55 ec3.stic.ull.es postfix/smtpd[4676]: disconnect from unknown[10.219.4.249]
May 24 07:20:57 ec3.stic.ull.es postfix/smtpd[4676]: connect from mp01.ccti.ull.es[10.4.9.101]
May 24 07:20:57 ec3.stic.ull.es postfix/smtpd[4676]: 77B851807A: client=mp01.ccti.ull.es[10.4.9.101]
May 24 07:20:57 ec3.stic.ull.es postfix/cleanup[5031]: 77B851807A: message-id=<2.1.3.1101004055.1126527.2700108013@comunicaciones.dprivado.com>
May 24 07:20:57 ec3.stic.ull.es postfix/qmgr[9015]: 77B851807A: from=<SRS0=UBkC=D4=comunicaciones.dprivado.com=carla@puc.rediris.es>, size=18531, nrcpt=1 (queue active)
May 24 07:20:57 ec3.stic.ull.es postfix/smtpd[4676]: disconnect from mp01.ccti.ull.es[10.4.9.101]
May 24 07:20:57 ec3.stic.ull.es postfix/pickup[4756]: 82CFF1807C: uid=33 from=<SRS0=UBkC=D4=comunicaciones.dprivado.com=carla@puc.rediris.es>
May 24 07:20:57 ec3.stic.ull.es postfix/cleanup[5031]: 82CFF1807C: message-id=<2.1.3.1101004055.1126527.2700108013@comunicaciones.dprivado.com>
May 24 07:20:57 ec3.stic.ull.es postfix/qmgr[9015]: 82CFF1807C: from=<SRS0=UBkC=D4=comunicaciones.dprivado.com=carla@puc.rediris.es>, size=18663, nrcpt=1 (queue active)
May 24 07:20:57 ec3.stic.ull.es postfix/smtpd[2783]: connect from localhost[127.0.0.1]
May 24 07:20:57 ec3.stic.ull.es postfix/pipe[2778]: 77B851807A: to=<eabad@telefonica.net>, relay=ripper, delay=0.09, delays=0.05/0/0/0.05, dsn=2.0.0, status=sent (delivered via ripper service)
May 24 07:20:57 ec3.stic.ull.es postfix/qmgr[9015]: 77B851807A: removed
May 24 07:20:57 ec3.stic.ull.es postfix/smtpd[2783]: 8D70E1807A: client=localhost[127.0.0.1]
May 24 07:20:57 ec3.stic.ull.es postfix/cleanup[5031]: 8D70E1807A: message-id=<2.1.3.1101004055.1126527.2700108013@comunicaciones.dprivado.com>
May 24 07:20:57 ec3.stic.ull.es postfix/qmgr[9015]: 8D70E1807A: from=<SRS0=UBkC=D4=comunicaciones.dprivado.com=carla@puc.rediris.es>, size=17859, nrcpt=1 (queue active)
May 24 07:20:57 ec3.stic.ull.es postfix/smtpd[2783]: disconnect from localhost[127.0.0.1]
May 24 07:20:57 ec3.stic.ull.es postfix/smtp[2782]: 82CFF1807C: to=<eabad@telefonica.net>, relay=localhost[127.0.0.1]:10025, delay=0.14, delays=0/0/0.04/0.09, dsn=2.0.0, status=sent (250 2.0.0 Ok: queued as 8D70E1807A)
May 24 07:20:57 ec3.stic.ull.es postfix/qmgr[9015]: 82CFF1807C: removed
May 24 07:20:57 ec3.stic.ull.es postfix/smtp[3976]: certificate verification failed for tnetmx.telefonica.net: num=19:self signed certificate in certificate chain
May 24 07:20:57 ec3.stic.ull.es postfix/smtp[3976]: certificate verification failed for tnetmx.telefonica.net: num=24:invalid CA certificate
May 24 07:20:57 ec3.stic.ull.es postfix/smtp[3976]: certificate verification failed for tnetmx.telefonica.net: num=26:unsupported certificate purpose
May 24 07:20:57 ec3.stic.ull.es postfix/smtp[3976]: certificate verification failed for tnetmx.telefonica.net: num=10:certificate has expired
May 24 07:20:57 ec3.stic.ull.es postfix/smtp[3976]: certificate verification failed for tnetmx.telefonica.net:certificate has expired
May 24 07:20:57 ec3.stic.ull.es postfix/smtp[3976]: certificate verification failed for tnetmx.telefonica.net:certificate has expired
May 24 07:20:57 ec3.stic.ull.es postfix/smtp[3976]: certificate verification failed for tnetmx.telefonica.net: num=10:certificate has expired
May 24 07:20:57 ec3.stic.ull.es postfix/smtp[3976]: certificate verification failed for tnetmx.telefonica.net:certificate has expired
May 24 07:20:58 ec3.stic.ull.es postfix/smtp[3976]: certificate verification failed for tnetmx.telefonica.net:certificate has expired
May 24 07:20:58 ec3.stic.ull.es postfix/smtpd[4676]: connect from systemon3.sis.ccti.ull.es[10.107.26.51]
May 24 07:20:58 ec3.stic.ull.es postfix/smtpd[4676]: disconnect from systemon3.sis.ccti.ull.es[10.107.26.51]
May 24 07:20:58 ec3.stic.ull.es postfix/smtp[3976]: 8D70E1807A: to=<eabad@telefonica.net>, relay=tnetmx.telefonica.net[213.4.149.227]:25, delay=0.74, delays=0.09/0/0.24/0.41, dsn=2.0.0, status=sent (250 2.0.0 DiLx1j04A3kZGvV02iLxkT mail accepted for delivery)
May 24 07:20:58 ec3.stic.ull.es postfix/qmgr[9015]: 8D70E1807A: removed
May 24 07:21:13 ec3.stic.ull.es postfix/smtpd[5016]: connect from unknown[193.145.118.163]
May 24 07:21:13 ec3.stic.ull.es postfix/smtpd[5016]: disconnect from unknown[193.145.118.163]
May 24 07:21:16 ec3.stic.ull.es postfix/smtpd[4676]: connect from unknown[193.145.118.163]
May 24 07:21:16 ec3.stic.ull.es postfix/smtpd[4676]: disconnect from unknown[193.145.118.163]
May 24 07:21:18 ec3.stic.ull.es postfix/smtpd[4676]: connect from mp02.ccti.ull.es[10.4.9.102]
May 24 07:21:18 ec3.stic.ull.es postfix/smtpd[4676]: 27C8C1807A: client=mp02.ccti.ull.es[10.4.9.102]
May 24 07:21:18 ec3.stic.ull.es postfix/cleanup[5031]: 27C8C1807A: message-id=<6F22511BB36D4BBA92AA188C6CDE1AC3@permissionone.local>
May 24 07:21:18 ec3.stic.ull.es postfix/qmgr[9015]: 27C8C1807A: from=<SRS0=fhDI=D4=vwr-news.com=vwr_es@puc.rediris.es>, size=59741, nrcpt=1 (queue active)
May 24 07:21:18 ec3.stic.ull.es postfix/smtpd[4676]: disconnect from mp02.ccti.ull.es[10.4.9.102]
May 24 07:21:18 ec3.stic.ull.es postfix/pickup[4756]: 351431807C: uid=33 from=<SRS0=fhDI=D4=vwr-news.com=vwr_es@puc.rediris.es>
May 24 07:21:18 ec3.stic.ull.es postfix/cleanup[5031]: 351431807C: message-id=<6F22511BB36D4BBA92AA188C6CDE1AC3@permissionone.local>
May 24 07:21:18 ec3.stic.ull.es postfix/qmgr[9015]: 351431807C: from=<SRS0=fhDI=D4=vwr-news.com=vwr_es@puc.rediris.es>, size=59863, nrcpt=1 (queue active)
May 24 07:21:18 ec3.stic.ull.es postfix/smtpd[2783]: connect from localhost[127.0.0.1]
May 24 07:21:18 ec3.stic.ull.es postfix/pipe[2778]: 27C8C1807A: to=<joanpere@ull.edu.es>, relay=ripper, delay=0.06, delays=0.01/0/0/0.05, dsn=2.0.0, status=sent (delivered via ripper service)
May 24 07:21:18 ec3.stic.ull.es postfix/qmgr[9015]: 27C8C1807A: removed
May 24 07:21:18 ec3.stic.ull.es postfix/smtpd[2783]: 3FE261807A: client=localhost[127.0.0.1]
May 24 07:21:18 ec3.stic.ull.es postfix/cleanup[5031]: 3FE261807A: message-id=<6F22511BB36D4BBA92AA188C6CDE1AC3@permissionone.local>
May 24 07:21:18 ec3.stic.ull.es postfix/qmgr[9015]: 3FE261807A: from=<SRS0=fhDI=D4=vwr-news.com=vwr_es@puc.rediris.es>, size=58726, nrcpt=1 (queue active)
May 24 07:21:18 ec3.stic.ull.es postfix/smtpd[2783]: disconnect from localhost[127.0.0.1]
May 24 07:21:18 ec3.stic.ull.es postfix/smtp[2782]: 351431807C: to=<joanpere@ull.edu.es>, relay=localhost[127.0.0.1]:10025, delay=0.14, delays=0/0/0.04/0.09, dsn=2.0.0, status=sent (250 2.0.0 Ok: queued as 3FE261807A)
May 24 07:21:18 ec3.stic.ull.es postfix/qmgr[9015]: 351431807C: removed
May 24 07:21:18 ec3.stic.ull.es postfix/smtpd[2134]: connect from unknown[193.145.118.163]
May 24 07:21:18 ec3.stic.ull.es postfix/smtpd[2134]: SSL_accept error from unknown[193.145.118.163]: -1
May 24 07:21:18 ec3.stic.ull.es postfix/smtpd[2134]: lost connection after CONNECT from unknown[193.145.118.163]
May 24 07:21:18 ec3.stic.ull.es postfix/smtpd[2134]: disconnect from unknown[193.145.118.163]
May 24 07:21:20 ec3.stic.ull.es postfix/smtp[3976]: 3FE261807A: to=<joanpere@ull.edu.es>, relay=aspmx.l.google.com[173.194.66.26]:25, delay=1.8, delays=0.09/0/0.44/1.3, dsn=2.0.0, status=sent (250 2.0.0 OK 1337840480 o5si20150683wix.24)
May 24 07:21:20 ec3.stic.ull.es postfix/qmgr[9015]: 3FE261807A: removed
May 24 07:21:21 ec3.stic.ull.es postfix/smtpd[4676]: connect from mp01.ccti.ull.es[10.4.9.101]
May 24 07:21:21 ec3.stic.ull.es postfix/smtpd[4676]: 75C6B1807A: client=mp01.ccti.ull.es[10.4.9.101]
May 24 07:21:21 ec3.stic.ull.es postfix/cleanup[5031]: 75C6B1807A: message-id=<CALPaj8kOkuZYgm7emULCoEM4LXHrjrCbW-+tf-GADWYkwRxadA@mail.gmail.com>
May 24 07:21:21 ec3.stic.ull.es postfix/qmgr[9015]: 75C6B1807A: from=<SRS0=dtms=D4=ull.edu.es=rguardia@puc.rediris.es>, size=269813, nrcpt=1 (queue active)
May 24 07:21:21 ec3.stic.ull.es postfix/smtpd[4676]: disconnect from mp01.ccti.ull.es[10.4.9.101]
May 24 07:21:21 ec3.stic.ull.es postfix/pickup[4756]: 8FD261807C: uid=33 from=<SRS0=dtms=D4=ull.edu.es=rguardia@puc.rediris.es>
May 24 07:21:21 ec3.stic.ull.es postfix/cleanup[5031]: 8FD261807C: message-id=<CALPaj8kOkuZYgm7emULCoEM4LXHrjrCbW-+tf-GADWYkwRxadA@mail.gmail.com>
May 24 07:21:21 ec3.stic.ull.es postfix/qmgr[9015]: 8FD261807C: from=<SRS0=dtms=D4=ull.edu.es=rguardia@puc.rediris.es>, size=269825, nrcpt=1 (queue active)
May 24 07:21:21 ec3.stic.ull.es postfix/smtpd[2783]: connect from localhost[127.0.0.1]
May 24 07:21:21 ec3.stic.ull.es postfix/pipe[2778]: 75C6B1807A: to=<rguardia@ull.edu.es>, relay=ripper, delay=0.11, delays=0.03/0/0/0.08, dsn=2.0.0, status=sent (delivered via ripper service)
May 24 07:21:21 ec3.stic.ull.es postfix/qmgr[9015]: 75C6B1807A: removed
May 24 07:21:21 ec3.stic.ull.es postfix/smtpd[2783]: 9AEDB1807A: client=localhost[127.0.0.1]
May 24 07:21:22 ec3.stic.ull.es postfix/cleanup[5031]: 9AEDB1807A: message-id=<CALPaj8kOkuZYgm7emULCoEM4LXHrjrCbW-+tf-GADWYkwRxadA@mail.gmail.com>
May 24 07:21:22 ec3.stic.ull.es postfix/qmgr[9015]: 9AEDB1807A: from=<SRS0=dtms=D4=ull.edu.es=rguardia@puc.rediris.es>, size=269551, nrcpt=1 (queue active)
May 24 07:21:22 ec3.stic.ull.es postfix/smtp[2782]: 8FD261807C: to=<rguardia@ull.edu.es>, relay=localhost[127.0.0.1]:10025, delay=0.7, delays=0.01/0/0.04/0.65, dsn=2.0.0, status=sent (250 2.0.0 Ok: queued as 9AEDB1807A)
May 24 07:21:22 ec3.stic.ull.es postfix/smtpd[2783]: disconnect from localhost[127.0.0.1]
May 24 07:21:22 ec3.stic.ull.es postfix/qmgr[9015]: 8FD261807C: removed
May 24 07:21:24 ec3.stic.ull.es postfix/smtp[3976]: 9AEDB1807A: to=<rguardia@ull.edu.es>, relay=aspmx.l.google.com[173.194.66.26]:25, delay=2.6, delays=0.65/0/0.39/1.5, dsn=2.0.0, status=sent (250 2.0.0 OK 1337840484 83si32214193wet.50)
May 24 07:21:24 ec3.stic.ull.es postfix/qmgr[9015]: 9AEDB1807A: removed
May 24 07:21:37 ec3.stic.ull.es postfix/smtpd[4676]: connect from systemon3.sis.ccti.ull.es[10.107.26.51]
May 24 07:21:37 ec3.stic.ull.es postfix/smtpd[4676]: disconnect from systemon3.sis.ccti.ull.es[10.107.26.51]
May 24 07:21:37 ec3.stic.ull.es postfix/smtpd[2134]: connect from systemon3.sis.ccti.ull.es[10.107.26.51]
May 24 07:21:37 ec3.stic.ull.es postfix/smtpd[2134]: disconnect from systemon3.sis.ccti.ull.es[10.107.26.51]
May 24 07:21:43 ec3.stic.ull.es postfix/smtpd[5016]: connect from unknown[193.145.118.163]
May 24 07:21:43 ec3.stic.ull.es postfix/smtpd[5016]: disconnect from unknown[193.145.118.163]
May 24 07:21:46 ec3.stic.ull.es postfix/smtpd[4676]: connect from unknown[193.145.118.163]
May 24 07:21:46 ec3.stic.ull.es postfix/smtpd[4676]: disconnect from unknown[193.145.118.163]
May 24 07:21:48 ec3.stic.ull.es postfix/smtpd[2134]: connect from unknown[193.145.118.163]
May 24 07:21:48 ec3.stic.ull.es postfix/smtpd[2134]: SSL_accept error from unknown[193.145.118.163]: -1
May 24 07:21:48 ec3.stic.ull.es postfix/smtpd[2134]: lost connection after CONNECT from unknown[193.145.118.163]
May 24 07:21:48 ec3.stic.ull.es postfix/smtpd[2134]: disconnect from unknown[193.145.118.163]
May 24 07:21:55 ec3.stic.ull.es postfix/smtpd[4676]: connect from unknown[10.219.4.249]
May 24 07:21:55 ec3.stic.ull.es postfix/smtpd[4676]: disconnect from unknown[10.219.4.249]
May 24 07:21:55 ec3.stic.ull.es postfix/smtpd[4676]: connect from unknown[10.219.4.249]
May 24 07:21:55 ec3.stic.ull.es postfix/smtpd[4676]: disconnect from unknown[10.219.4.249]
May 24 07:21:55 ec3.stic.ull.es postfix/smtpd[4676]: connect from unknown[10.219.4.249]
May 24 07:21:55 ec3.stic.ull.es postfix/smtpd[4676]: disconnect from unknown[10.219.4.249]
May 24 07:21:55 ec3.stic.ull.es postfix/smtpd[5445]: connect from unknown[10.219.4.249]
May 24 07:21:55 ec3.stic.ull.es postfix/smtpd[5445]: disconnect from unknown[10.219.4.249]
May 24 07:22:08 ec3.stic.ull.es postfix/smtpd[5445]: connect from mp01.ccti.ull.es[10.4.9.101]
May 24 07:22:08 ec3.stic.ull.es postfix/smtpd[5445]: 666921807A: client=mp01.ccti.ull.es[10.4.9.101]
May 24 07:22:08 ec3.stic.ull.es postfix/cleanup[5031]: 666921807A: message-id=<5AE28CD1CC284CC1AA704BD0372F0D9E@permissionone.local>
May 24 07:22:08 ec3.stic.ull.es postfix/qmgr[9015]: 666921807A: from=<SRS0=fhDI=D4=vwr-news.com=vwr_es@puc.rediris.es>, size=59688, nrcpt=1 (queue active)
May 24 07:22:08 ec3.stic.ull.es postfix/smtpd[5445]: disconnect from mp01.ccti.ull.es[10.4.9.101]
May 24 07:22:08 ec3.stic.ull.es postfix/pickup[4756]: 736431807C: uid=33 from=<SRS0=fhDI=D4=vwr-news.com=vwr_es@puc.rediris.es>
May 24 07:22:08 ec3.stic.ull.es postfix/cleanup[5031]: 736431807C: message-id=<5AE28CD1CC284CC1AA704BD0372F0D9E@permissionone.local>
May 24 07:22:08 ec3.stic.ull.es postfix/qmgr[9015]: 736431807C: from=<SRS0=fhDI=D4=vwr-news.com=vwr_es@puc.rediris.es>, size=59810, nrcpt=1 (queue active)
May 24 07:22:08 ec3.stic.ull.es postfix/smtpd[2783]: connect from localhost[127.0.0.1]
May 24 07:22:08 ec3.stic.ull.es postfix/pipe[2778]: 666921807A: to=<jdmacha@ull.edu.es>, relay=ripper, delay=0.06, delays=0.01/0/0/0.05, dsn=2.0.0, status=sent (delivered via ripper service)
May 24 07:22:08 ec3.stic.ull.es postfix/qmgr[9015]: 666921807A: removed
May 24 07:22:08 ec3.stic.ull.es postfix/smtpd[2783]: 7DFFA1807A: client=localhost[127.0.0.1]
May 24 07:22:08 ec3.stic.ull.es postfix/cleanup[5031]: 7DFFA1807A: message-id=<5AE28CD1CC284CC1AA704BD0372F0D9E@permissionone.local>
May 24 07:22:08 ec3.stic.ull.es postfix/smtpd[2783]: disconnect from localhost[127.0.0.1]
May 24 07:22:08 ec3.stic.ull.es postfix/smtp[2782]: 736431807C: to=<jdmacha@ull.edu.es>, relay=localhost[127.0.0.1]:10025, delay=0.14, delays=0/0/0.04/0.09, dsn=2.0.0, status=sent (250 2.0.0 Ok: queued as 7DFFA1807A)
May 24 07:22:08 ec3.stic.ull.es postfix/qmgr[9015]: 7DFFA1807A: from=<SRS0=fhDI=D4=vwr-news.com=vwr_es@puc.rediris.es>, size=58672, nrcpt=1 (queue active)
May 24 07:22:08 ec3.stic.ull.es postfix/qmgr[9015]: 736431807C: removed
May 24 07:22:09 ec3.stic.ull.es postfix/smtpd[5445]: connect from mp01.ccti.ull.es[10.4.9.101]
May 24 07:22:09 ec3.stic.ull.es postfix/smtpd[5445]: EF2BB1807B: client=mp01.ccti.ull.es[10.4.9.101]
May 24 07:22:09 ec3.stic.ull.es postfix/cleanup[5031]: EF2BB1807B: message-id=<3519D56442934DE9802FE13FEA562EE1@permissionone.local>
May 24 07:22:09 ec3.stic.ull.es postfix/qmgr[9015]: EF2BB1807B: from=<SRS0=fhDI=D4=vwr-news.com=vwr_es@puc.rediris.es>, size=59688, nrcpt=1 (queue active)
May 24 07:22:09 ec3.stic.ull.es postfix/smtpd[5445]: disconnect from mp01.ccti.ull.es[10.4.9.101]
May 24 07:22:09 ec3.stic.ull.es postfix/pickup[4756]: 117401807D: uid=33 from=<SRS0=fhDI=D4=vwr-news.com=vwr_es@puc.rediris.es>
May 24 07:22:09 ec3.stic.ull.es postfix/cleanup[5031]: 117401807D: message-id=<3519D56442934DE9802FE13FEA562EE1@permissionone.local>
May 24 07:22:09 ec3.stic.ull.es postfix/qmgr[9015]: 117401807D: from=<SRS0=fhDI=D4=vwr-news.com=vwr_es@puc.rediris.es>, size=59810, nrcpt=1 (queue active)
May 24 07:22:09 ec3.stic.ull.es postfix/smtpd[2783]: connect from localhost[127.0.0.1]
May 24 07:22:09 ec3.stic.ull.es postfix/pipe[2778]: EF2BB1807B: to=<cflores@ull.edu.es>, relay=ripper, delay=0.1, delays=0.05/0/0/0.05, dsn=2.0.0, status=sent (delivered via ripper service)
May 24 07:22:09 ec3.stic.ull.es postfix/qmgr[9015]: EF2BB1807B: removed
May 24 07:22:10 ec3.stic.ull.es postfix/smtpd[2783]: 1C1291807B: client=localhost[127.0.0.1]
May 24 07:22:10 ec3.stic.ull.es postfix/cleanup[5031]: 1C1291807B: message-id=<3519D56442934DE9802FE13FEA562EE1@permissionone.local>
May 24 07:22:10 ec3.stic.ull.es postfix/qmgr[9015]: 1C1291807B: from=<SRS0=fhDI=D4=vwr-news.com=vwr_es@puc.rediris.es>, size=58672, nrcpt=1 (queue active)
May 24 07:22:10 ec3.stic.ull.es postfix/smtp[2782]: 117401807D: to=<cflores@ull.edu.es>, relay=localhost[127.0.0.1]:10025, delay=0.14, delays=0/0/0.04/0.09, dsn=2.0.0, status=sent (250 2.0.0 Ok: queued as 1C1291807B)
May 24 07:22:10 ec3.stic.ull.es postfix/smtpd[2783]: disconnect from localhost[127.0.0.1]
May 24 07:22:10 ec3.stic.ull.es postfix/qmgr[9015]: 117401807D: removed
May 24 07:22:11 ec3.stic.ull.es postfix/smtp[3976]: 7DFFA1807A: to=<jdmacha@ull.edu.es>, relay=aspmx.l.google.com[173.194.66.26]:25, delay=2.9, delays=0.09/0/0.51/2.3, dsn=2.0.0, status=sent (250 2.0.0 OK 1337840531 hc3si16868742wib.1)
May 24 07:22:11 ec3.stic.ull.es postfix/qmgr[9015]: 7DFFA1807A: removed
May 24 07:22:12 ec3.stic.ull.es postfix/smtp[5454]: 1C1291807B: to=<cflores@ull.edu.es>, relay=aspmx.l.google.com[173.194.66.26]:25, delay=2.2, delays=0.09/0.01/0.39/1.7, dsn=2.0.0, status=sent (250 2.0.0 OK 1337840532 c54si11031942wec.157)
May 24 07:22:12 ec3.stic.ull.es postfix/qmgr[9015]: 1C1291807B: removed
May 24 07:22:13 ec3.stic.ull.es postfix/smtpd[5016]: connect from unknown[193.145.118.163]
May 24 07:22:13 ec3.stic.ull.es postfix/smtpd[5016]: disconnect from unknown[193.145.118.163]
May 24 07:22:16 ec3.stic.ull.es postfix/smtpd[5445]: connect from unknown[193.145.118.163]
May 24 07:22:16 ec3.stic.ull.es postfix/smtpd[5445]: disconnect from unknown[193.145.118.163]
May 24 07:22:17 ec3.stic.ull.es postfix/smtpd[5445]: connect from mp01.ccti.ull.es[10.4.9.101]
May 24 07:22:17 ec3.stic.ull.es postfix/smtpd[5445]: 69A991807A: client=mp01.ccti.ull.es[10.4.9.101]
May 24 07:22:17 ec3.stic.ull.es postfix/cleanup[5031]: 69A991807A: message-id=<2.1.3.1101004055.1126527.2830906904@comunicaciones.dprivado.com>
May 24 07:22:17 ec3.stic.ull.es postfix/qmgr[9015]: 69A991807A: from=<SRS0=UBkC=D4=comunicaciones.dprivado.com=carla@puc.rediris.es>, size=18581, nrcpt=1 (queue active)
May 24 07:22:17 ec3.stic.ull.es postfix/smtpd[5445]: disconnect from mp01.ccti.ull.es[10.4.9.101]
May 24 07:22:17 ec3.stic.ull.es postfix/pickup[4756]: 7E67C1807C: uid=33 from=<SRS0=UBkC=D4=comunicaciones.dprivado.com=carla@puc.rediris.es>
May 24 07:22:17 ec3.stic.ull.es postfix/cleanup[5031]: 7E67C1807C: message-id=<2.1.3.1101004055.1126527.2830906904@comunicaciones.dprivado.com>
May 24 07:22:17 ec3.stic.ull.es postfix/qmgr[9015]: 7E67C1807C: from=<SRS0=UBkC=D4=comunicaciones.dprivado.com=carla@puc.rediris.es>, size=18711, nrcpt=1 (queue active)
May 24 07:22:17 ec3.stic.ull.es postfix/smtpd[2783]: connect from localhost[127.0.0.1]
May 24 07:22:17 ec3.stic.ull.es postfix/pipe[2778]: 69A991807A: to=<fmonzon@ull.edu.es>, relay=ripper, delay=0.09, delays=0.04/0/0/0.05, dsn=2.0.0, status=sent (delivered via ripper service)
May 24 07:22:17 ec3.stic.ull.es postfix/qmgr[9015]: 69A991807A: removed
May 24 07:22:17 ec3.stic.ull.es postfix/smtpd[2783]: 891351807A: client=localhost[127.0.0.1]
May 24 07:22:17 ec3.stic.ull.es postfix/cleanup[5031]: 891351807A: message-id=<2.1.3.1101004055.1126527.2830906904@comunicaciones.dprivado.com>
May 24 07:22:17 ec3.stic.ull.es postfix/qmgr[9015]: 891351807A: from=<SRS0=UBkC=D4=comunicaciones.dprivado.com=carla@puc.rediris.es>, size=17905, nrcpt=1 (queue active)
May 24 07:22:17 ec3.stic.ull.es postfix/smtp[2782]: 7E67C1807C: to=<fmonzon@ull.edu.es>, relay=localhost[127.0.0.1]:10025, delay=0.13, delays=0/0/0.04/0.09, dsn=2.0.0, status=sent (250 2.0.0 Ok: queued as 891351807A)
May 24 07:22:17 ec3.stic.ull.es postfix/smtpd[2783]: disconnect from localhost[127.0.0.1]
May 24 07:22:17 ec3.stic.ull.es postfix/qmgr[9015]: 7E67C1807C: removed
May 24 07:22:18 ec3.stic.ull.es postfix/smtp[3976]: 891351807A: to=<fmonzon@ull.edu.es>, relay=aspmx.l.google.com[173.194.66.26]:25, delay=0.98, delays=0.09/0/0.39/0.5, dsn=2.0.0, status=sent (250 2.0.0 OK 1337840538 p5si2923853wel.38)
May 24 07:22:18 ec3.stic.ull.es postfix/qmgr[9015]: 891351807A: removed
May 24 07:22:18 ec3.stic.ull.es postfix/smtpd[2134]: connect from unknown[193.145.118.163]
May 24 07:22:18 ec3.stic.ull.es postfix/smtpd[2134]: SSL_accept error from unknown[193.145.118.163]: -1
May 24 07:22:18 ec3.stic.ull.es postfix/smtpd[2134]: lost connection after CONNECT from unknown[193.145.118.163]
May 24 07:22:18 ec3.stic.ull.es postfix/smtpd[2134]: disconnect from unknown[193.145.118.163]
May 24 07:22:37 ec3.stic.ull.es postfix/smtpd[5445]: connect from mp01.ccti.ull.es[10.4.9.101]
May 24 07:22:38 ec3.stic.ull.es postfix/smtpd[5445]: 16EEC1807A: client=mp01.ccti.ull.es[10.4.9.101]
May 24 07:22:38 ec3.stic.ull.es postfix/cleanup[5031]: 16EEC1807A: message-id=<2.1.3.1101004055.1126527.2700096155@comunicaciones.dprivado.com>
May 24 07:22:38 ec3.stic.ull.es postfix/qmgr[9015]: 16EEC1807A: from=<SRS0=UBkC=D4=comunicaciones.dprivado.com=carla@puc.rediris.es>, size=18581, nrcpt=1 (queue active)
May 24 07:22:38 ec3.stic.ull.es postfix/smtpd[5445]: disconnect from mp01.ccti.ull.es[10.4.9.101]
May 24 07:22:38 ec3.stic.ull.es postfix/pickup[4756]: 2C07C1807C: uid=33 from=<SRS0=UBkC=D4=comunicaciones.dprivado.com=carla@puc.rediris.es>
May 24 07:22:38 ec3.stic.ull.es postfix/cleanup[5031]: 2C07C1807C: message-id=<2.1.3.1101004055.1126527.2700096155@comunicaciones.dprivado.com>
May 24 07:22:38 ec3.stic.ull.es postfix/qmgr[9015]: 2C07C1807C: from=<SRS0=UBkC=D4=comunicaciones.dprivado.com=carla@puc.rediris.es>, size=18711, nrcpt=1 (queue active)
May 24 07:22:38 ec3.stic.ull.es postfix/smtpd[2783]: connect from localhost[127.0.0.1]
May 24 07:22:38 ec3.stic.ull.es postfix/pipe[2778]: 16EEC1807A: to=<gbethenc@ull.edu.es>, relay=ripper, delay=0.09, delays=0.04/0/0/0.05, dsn=2.0.0, status=sent (delivered via ripper service)
May 24 07:22:38 ec3.stic.ull.es postfix/qmgr[9015]: 16EEC1807A: removed
May 24 07:22:38 ec3.stic.ull.es postfix/smtpd[2783]: 369261807A: client=localhost[127.0.0.1]
May 24 07:22:38 ec3.stic.ull.es postfix/cleanup[5031]: 369261807A: message-id=<2.1.3.1101004055.1126527.2700096155@comunicaciones.dprivado.com>
May 24 07:22:38 ec3.stic.ull.es postfix/smtp[2782]: 2C07C1807C: to=<gbethenc@ull.edu.es>, relay=localhost[127.0.0.1]:10025, delay=0.14, delays=0/0/0.04/0.09, dsn=2.0.0, status=sent (250 2.0.0 Ok: queued as 369261807A)
May 24 07:22:38 ec3.stic.ull.es postfix/smtpd[2783]: disconnect from localhost[127.0.0.1]
May 24 07:22:38 ec3.stic.ull.es postfix/qmgr[9015]: 369261807A: from=<SRS0=UBkC=D4=comunicaciones.dprivado.com=carla@puc.rediris.es>, size=17906, nrcpt=1 (queue active)
May 24 07:22:38 ec3.stic.ull.es postfix/qmgr[9015]: 2C07C1807C: removed
May 24 07:22:39 ec3.stic.ull.es postfix/smtp[5454]: 369261807A: to=<gbethenc@ull.edu.es>, relay=aspmx.l.google.com[173.194.66.26]:25, delay=1.4, delays=0.09/0/0.39/0.91, dsn=2.0.0, status=sent (250 2.0.0 OK 1337840559 n17si32220202wee.46)
May 24 07:22:39 ec3.stic.ull.es postfix/qmgr[9015]: 369261807A: removed
May 24 07:22:43 ec3.stic.ull.es postfix/smtpd[5016]: connect from unknown[193.145.118.163]
May 24 07:22:43 ec3.stic.ull.es postfix/smtpd[5016]: disconnect from unknown[193.145.118.163]
May 24 07:22:46 ec3.stic.ull.es postfix/smtpd[5445]: connect from unknown[193.145.118.163]
May 24 07:22:46 ec3.stic.ull.es postfix/smtpd[5445]: disconnect from unknown[193.145.118.163]
May 24 07:22:48 ec3.stic.ull.es postfix/smtpd[2134]: connect from unknown[193.145.118.163]
May 24 07:22:48 ec3.stic.ull.es postfix/smtpd[2134]: SSL_accept error from unknown[193.145.118.163]: -1
May 24 07:22:48 ec3.stic.ull.es postfix/smtpd[2134]: lost connection after CONNECT from unknown[193.145.118.163]
May 24 07:22:48 ec3.stic.ull.es postfix/smtpd[2134]: disconnect from unknown[193.145.118.163]
May 24 07:22:54 ec3.stic.ull.es postfix/smtpd[5445]: connect from unknown[10.219.4.249]
May 24 07:22:55 ec3.stic.ull.es postfix/smtpd[5445]: disconnect from unknown[10.219.4.249]
May 24 07:22:55 ec3.stic.ull.es postfix/smtpd[5445]: connect from unknown[10.219.4.249]
May 24 07:22:55 ec3.stic.ull.es postfix/smtpd[5445]: disconnect from unknown[10.219.4.249]
May 24 07:22:55 ec3.stic.ull.es postfix/smtpd[5445]: connect from unknown[10.219.4.249]
May 24 07:22:55 ec3.stic.ull.es postfix/smtpd[5445]: disconnect from unknown[10.219.4.249]
May 24 07:23:01 ec3.stic.ull.es postfix/smtpd[5445]: connect from systemon3.sis.ccti.ull.es[10.107.26.51]
May 24 07:23:01 ec3.stic.ull.es postfix/smtpd[5445]: disconnect from systemon3.sis.ccti.ull.es[10.107.26.51]
May 24 07:23:13 ec3.stic.ull.es postfix/smtpd[5016]: connect from unknown[193.145.118.163]
May 24 07:23:13 ec3.stic.ull.es postfix/smtpd[5016]: disconnect from unknown[193.145.118.163]
May 24 07:23:16 ec3.stic.ull.es postfix/smtpd[5445]: connect from unknown[193.145.118.163]
May 24 07:23:16 ec3.stic.ull.es postfix/smtpd[5445]: disconnect from unknown[193.145.118.163]
May 24 07:23:18 ec3.stic.ull.es postfix/smtpd[2134]: connect from unknown[193.145.118.163]
May 24 07:23:18 ec3.stic.ull.es postfix/smtpd[2134]: SSL_accept error from unknown[193.145.118.163]: -1
May 24 07:23:18 ec3.stic.ull.es postfix/smtpd[2134]: lost connection after CONNECT from unknown[193.145.118.163]
May 24 07:23:18 ec3.stic.ull.es postfix/smtpd[2134]: disconnect from unknown[193.145.118.163]
May 24 07:23:21 ec3.stic.ull.es postfix/smtpd[2134]: connect from systemon3.sis.ccti.ull.es[10.107.26.51]
May 24 07:23:21 ec3.stic.ull.es postfix/smtpd[2134]: disconnect from systemon3.sis.ccti.ull.es[10.107.26.51]
May 24 07:23:28 ec3.stic.ull.es postfix/smtpd[5445]: connect from mp01.ccti.ull.es[10.4.9.101]
May 24 07:23:29 ec3.stic.ull.es postfix/smtpd[5445]: 19D531807A: client=mp01.ccti.ull.es[10.4.9.101]
May 24 07:23:29 ec3.stic.ull.es postfix/cleanup[5031]: 19D531807A: message-id=<2.1.14.1101027485.148305.42124020@news.letsbonus.com>
May 24 07:23:29 ec3.stic.ull.es postfix/qmgr[9015]: 19D531807A: from=<SRS0=G/va=D4=news.letsbonus.com=info@puc.rediris.es>, size=42801, nrcpt=1 (queue active)
May 24 07:23:29 ec3.stic.ull.es postfix/smtpd[5445]: disconnect from mp01.ccti.ull.es[10.4.9.101]
May 24 07:23:29 ec3.stic.ull.es postfix/pickup[4756]: 2F05F1807C: uid=33 from=<SRS0=G/va=D4=news.letsbonus.com=info@puc.rediris.es>
May 24 07:23:29 ec3.stic.ull.es postfix/cleanup[5031]: 2F05F1807C: message-id=<2.1.14.1101027485.148305.42124020@news.letsbonus.com>
May 24 07:23:29 ec3.stic.ull.es postfix/qmgr[9015]: 2F05F1807C: from=<SRS0=G/va=D4=news.letsbonus.com=info@puc.rediris.es>, size=42920, nrcpt=1 (queue active)
May 24 07:23:29 ec3.stic.ull.es postfix/smtpd[2783]: connect from localhost[127.0.0.1]
May 24 07:23:29 ec3.stic.ull.es postfix/pipe[2778]: 19D531807A: to=<nmarrero@ull.edu.es>, relay=ripper, delay=0.09, delays=0.05/0/0/0.05, dsn=2.0.0, status=sent (delivered via ripper service)
May 24 07:23:29 ec3.stic.ull.es postfix/qmgr[9015]: 19D531807A: removed
May 24 07:23:29 ec3.stic.ull.es postfix/smtpd[2783]: 39A221807A: client=localhost[127.0.0.1]
May 24 07:23:29 ec3.stic.ull.es postfix/cleanup[5031]: 39A221807A: message-id=<2.1.14.1101027485.148305.42124020@news.letsbonus.com>
May 24 07:23:29 ec3.stic.ull.es postfix/smtp[2782]: 2F05F1807C: to=<nmarrero@ull.edu.es>, relay=localhost[127.0.0.1]:10025, delay=0.09, delays=0/0/0.04/0.05, dsn=2.0.0, status=sent (250 2.0.0 Ok: queued as 39A221807A)
May 24 07:23:29 ec3.stic.ull.es postfix/qmgr[9015]: 39A221807A: from=<SRS0=G/va=D4=news.letsbonus.com=info@puc.rediris.es>, size=41823, nrcpt=1 (queue active)
May 24 07:23:29 ec3.stic.ull.es postfix/smtpd[2783]: disconnect from localhost[127.0.0.1]
May 24 07:23:29 ec3.stic.ull.es postfix/qmgr[9015]: 2F05F1807C: removed
May 24 07:23:30 ec3.stic.ull.es postfix/smtp[3976]: 39A221807A: to=<nmarrero@ull.edu.es>, relay=aspmx.l.google.com[173.194.66.26]:25, delay=0.91, delays=0.05/0/0.45/0.41, dsn=2.0.0, status=sent (250 2.0.0 OK 1337840610 m60si2883356wee.145)
May 24 07:23:30 ec3.stic.ull.es postfix/qmgr[9015]: 39A221807A: removed
May 24 07:23:43 ec3.stic.ull.es postfix/smtpd[5016]: connect from unknown[193.145.118.163]
May 24 07:23:43 ec3.stic.ull.es postfix/smtpd[5016]: disconnect from unknown[193.145.118.163]
May 24 07:23:46 ec3.stic.ull.es postfix/smtpd[5445]: connect from unknown[193.145.118.163]
May 24 07:23:46 ec3.stic.ull.es postfix/smtpd[5445]: disconnect from unknown[193.145.118.163]
May 24 07:23:48 ec3.stic.ull.es postfix/smtpd[2134]: connect from unknown[193.145.118.163]
May 24 07:23:48 ec3.stic.ull.es postfix/smtpd[2134]: SSL_accept error from unknown[193.145.118.163]: -1
May 24 07:23:48 ec3.stic.ull.es postfix/smtpd[2134]: lost connection after CONNECT from unknown[193.145.118.163]
May 24 07:23:48 ec3.stic.ull.es postfix/smtpd[2134]: disconnect from unknown[193.145.118.163]
May 24 07:23:54 ec3.stic.ull.es postfix/smtpd[5445]: connect from unknown[10.219.4.249]
May 24 07:23:54 ec3.stic.ull.es postfix/smtpd[5445]: disconnect from unknown[10.219.4.249]
May 24 07:23:54 ec3.stic.ull.es postfix/smtpd[5445]: connect from unknown[10.219.4.249]
May 24 07:23:54 ec3.stic.ull.es postfix/smtpd[5445]: disconnect from unknown[10.219.4.249]
May 24 07:23:55 ec3.stic.ull.es postfix/smtpd[5445]: connect from unknown[10.219.4.249]
May 24 07:23:55 ec3.stic.ull.es postfix/smtpd[5445]: disconnect from unknown[10.219.4.249]
May 24 07:23:55 ec3.stic.ull.es postfix/smtpd[5445]: connect from unknown[10.219.4.249]
May 24 07:23:55 ec3.stic.ull.es postfix/smtpd[5445]: disconnect from unknown[10.219.4.249]
May 24 07:24:00 ec3.stic.ull.es postfix/smtpd[5445]: connect from mp01.ccti.ull.es[10.4.9.101]
May 24 07:24:00 ec3.stic.ull.es postfix/smtpd[5445]: 612481807A: client=mp01.ccti.ull.es[10.4.9.101]
May 24 07:24:00 ec3.stic.ull.es postfix/cleanup[5031]: 612481807A: message-id=<758c6d35c677c8e5967de1c8001137f2@info.clie.es>
May 24 07:24:00 ec3.stic.ull.es postfix/smtpd[5445]: disconnect from mp01.ccti.ull.es[10.4.9.101]
May 24 07:24:00 ec3.stic.ull.es postfix/qmgr[9015]: 612481807A: from=<SRS0=sQYl=D4=info.clie.es=mailmanager@puc.rediris.es>, size=18086, nrcpt=1 (queue active)
May 24 07:24:00 ec3.stic.ull.es postfix/pickup[4756]: 6BB0B1807C: uid=33 from=<SRS0=sQYl=D4=info.clie.es=mailmanager@puc.rediris.es>
May 24 07:24:00 ec3.stic.ull.es postfix/cleanup[5031]: 6BB0B1807C: message-id=<758c6d35c677c8e5967de1c8001137f2@info.clie.es>
May 24 07:24:00 ec3.stic.ull.es postfix/qmgr[9015]: 6BB0B1807C: from=<SRS0=sQYl=D4=info.clie.es=mailmanager@puc.rediris.es>, size=18203, nrcpt=1 (queue active)
May 24 07:24:00 ec3.stic.ull.es postfix/smtpd[2783]: connect from localhost[127.0.0.1]
May 24 07:24:00 ec3.stic.ull.es postfix/pipe[2778]: 612481807A: to=<mcherga@ull.edu.es>, relay=ripper, delay=0.05, delays=0/0/0/0.04, dsn=2.0.0, status=sent (delivered via ripper service)
May 24 07:24:00 ec3.stic.ull.es postfix/qmgr[9015]: 612481807A: removed
May 24 07:24:00 ec3.stic.ull.es postfix/smtpd[2783]: 767CF1807A: client=localhost[127.0.0.1]
May 24 07:24:00 ec3.stic.ull.es postfix/cleanup[5031]: 767CF1807A: message-id=<758c6d35c677c8e5967de1c8001137f2@info.clie.es>
May 24 07:24:00 ec3.stic.ull.es postfix/smtp[2782]: 6BB0B1807C: to=<mcherga@ull.edu.es>, relay=localhost[127.0.0.1]:10025, delay=0.14, delays=0/0/0.04/0.09, dsn=2.0.0, status=sent (250 2.0.0 Ok: queued as 767CF1807A)
May 24 07:24:00 ec3.stic.ull.es postfix/qmgr[9015]: 767CF1807A: from=<SRS0=sQYl=D4=info.clie.es=mailmanager@puc.rediris.es>, size=17184, nrcpt=1 (queue active)
May 24 07:24:00 ec3.stic.ull.es postfix/smtpd[2783]: disconnect from localhost[127.0.0.1]
May 24 07:24:00 ec3.stic.ull.es postfix/qmgr[9015]: 6BB0B1807C: removed
May 24 07:24:02 ec3.stic.ull.es postfix/smtp[5454]: 767CF1807A: to=<mcherga@ull.edu.es>, relay=aspmx.l.google.com[173.194.66.26]:25, delay=2, delays=0.09/0/0.39/1.5, dsn=2.0.0, status=sent (250 2.0.0 OK 1337840642 hv8si1663980wib.7)
May 24 07:24:02 ec3.stic.ull.es postfix/qmgr[9015]: 767CF1807A: removed
May 24 07:24:11 ec3.stic.ull.es postfix/smtpd[5445]: connect from systemon3.sis.ccti.ull.es[10.107.26.51]
May 24 07:24:11 ec3.stic.ull.es postfix/smtpd[5445]: disconnect from systemon3.sis.ccti.ull.es[10.107.26.51]
May 24 07:24:13 ec3.stic.ull.es postfix/smtpd[5016]: connect from unknown[193.145.118.163]
May 24 07:24:13 ec3.stic.ull.es postfix/smtpd[5016]: disconnect from unknown[193.145.118.163]
May 24 07:24:16 ec3.stic.ull.es postfix/smtpd[5445]: connect from unknown[193.145.118.163]
May 24 07:24:16 ec3.stic.ull.es postfix/smtpd[5445]: disconnect from unknown[193.145.118.163]
May 24 07:24:18 ec3.stic.ull.es postfix/smtpd[5580]: connect from unknown[193.145.118.163]
May 24 07:24:18 ec3.stic.ull.es postfix/smtpd[5580]: SSL_accept error from unknown[193.145.118.163]: -1
May 24 07:24:18 ec3.stic.ull.es postfix/smtpd[5580]: lost connection after CONNECT from unknown[193.145.118.163]
May 24 07:24:18 ec3.stic.ull.es postfix/smtpd[5580]: disconnect from unknown[193.145.118.163]
May 24 07:24:32 ec3.stic.ull.es postfix/smtpd[5445]: connect from mp02.ccti.ull.es[10.4.9.102]
May 24 07:24:32 ec3.stic.ull.es postfix/smtpd[5445]: CA38B1807A: client=mp02.ccti.ull.es[10.4.9.102]
May 24 07:24:32 ec3.stic.ull.es postfix/cleanup[5031]: CA38B1807A: message-id=<20120524062033.913.86731@pyres001.ec2.pin220.com>
May 24 07:24:32 ec3.stic.ull.es postfix/qmgr[9015]: CA38B1807A: from=<SRS0=Mfb6=D4=email.pinterest.com=bounces+129298-8076-aruiz=ull.es@puc.rediris.es>, size=10266, nrcpt=1 (queue active)
May 24 07:24:32 ec3.stic.ull.es postfix/smtpd[5445]: disconnect from mp02.ccti.ull.es[10.4.9.102]
May 24 07:24:32 ec3.stic.ull.es postfix/pickup[4756]: D452D1807C: uid=33 from=<SRS0=Mfb6=D4=email.pinterest.com=bounces+129298-8076-aruiz=ull.es@puc.rediris.es>
May 24 07:24:32 ec3.stic.ull.es postfix/cleanup[5031]: D452D1807C: message-id=<20120524062033.913.86731@pyres001.ec2.pin220.com>
May 24 07:24:32 ec3.stic.ull.es postfix/qmgr[9015]: D452D1807C: from=<SRS0=Mfb6=D4=email.pinterest.com=bounces+129298-8076-aruiz=ull.es@puc.rediris.es>, size=10378, nrcpt=1 (queue active)
May 24 07:24:32 ec3.stic.ull.es postfix/smtpd[2783]: connect from localhost[127.0.0.1]
May 24 07:24:32 ec3.stic.ull.es postfix/pipe[2778]: CA38B1807A: to=<aruiz@ull.edu.es>, relay=ripper, delay=0.05, delays=0/0/0/0.04, dsn=2.0.0, status=sent (delivered via ripper service)
May 24 07:24:32 ec3.stic.ull.es postfix/qmgr[9015]: CA38B1807A: removed
May 24 07:24:32 ec3.stic.ull.es postfix/smtpd[2783]: DEE7C1807A: client=localhost[127.0.0.1]
May 24 07:24:32 ec3.stic.ull.es postfix/cleanup[5031]: DEE7C1807A: message-id=<20120524062033.913.86731@pyres001.ec2.pin220.com>
May 24 07:24:32 ec3.stic.ull.es postfix/smtp[2782]: D452D1807C: to=<aruiz@ull.edu.es>, relay=localhost[127.0.0.1]:10025, delay=0.13, delays=0/0/0.04/0.09, dsn=2.0.0, status=sent (250 2.0.0 Ok: queued as DEE7C1807A)
May 24 07:24:32 ec3.stic.ull.es postfix/qmgr[9015]: DEE7C1807A: from=<SRS0=Mfb6=D4=email.pinterest.com=bounces+129298-8076-aruiz=ull.es@puc.rediris.es>, size=9979, nrcpt=1 (queue active)
May 24 07:24:32 ec3.stic.ull.es postfix/smtpd[2783]: disconnect from localhost[127.0.0.1]
May 24 07:24:32 ec3.stic.ull.es postfix/qmgr[9015]: D452D1807C: removed
May 24 07:24:34 ec3.stic.ull.es postfix/smtp[3976]: DEE7C1807A: to=<aruiz@ull.edu.es>, relay=aspmx.l.google.com[173.194.66.26]:25, delay=1.3, delays=0.09/0/0.48/0.72, dsn=2.0.0, status=sent (250 2.0.0 OK 1337840674 81si11693770wej.99)
May 24 07:24:34 ec3.stic.ull.es postfix/qmgr[9015]: DEE7C1807A: removed
May 24 07:24:37 ec3.stic.ull.es postfix/smtpd[5445]: connect from mp02.ccti.ull.es[10.4.9.102]
May 24 07:24:37 ec3.stic.ull.es postfix/smtpd[5445]: 6B0421807A: client=mp02.ccti.ull.es[10.4.9.102]
May 24 07:24:37 ec3.stic.ull.es postfix/cleanup[5031]: 6B0421807A: message-id=<2.1.3.1101004055.1126527.2700124502@comunicaciones.dprivado.com>
May 24 07:24:37 ec3.stic.ull.es postfix/qmgr[9015]: 6B0421807A: from=<SRS0=UBkC=D4=comunicaciones.dprivado.com=carla@puc.rediris.es>, size=18593, nrcpt=1 (queue active)
May 24 07:24:37 ec3.stic.ull.es postfix/smtpd[5445]: disconnect from mp02.ccti.ull.es[10.4.9.102]
May 24 07:24:37 ec3.stic.ull.es postfix/pickup[4756]: 7FC231807C: uid=33 from=<SRS0=UBkC=D4=comunicaciones.dprivado.com=carla@puc.rediris.es>
May 24 07:24:37 ec3.stic.ull.es postfix/cleanup[5031]: 7FC231807C: message-id=<2.1.3.1101004055.1126527.2700124502@comunicaciones.dprivado.com>
May 24 07:24:37 ec3.stic.ull.es postfix/qmgr[9015]