Dec 31 08:47:48 ec1.ccti.ull.es postfix/smtpd[16685]: disconnect from cw1.ccti.ull.es[10.100.2.91]
Dec 31 08:47:48 ec1.ccti.ull.es postfix/qmgr[30207]: C7BF88C128: from=<lcabre@ull.es>, size=2897, nrcpt=1 (queue active)
Dec 31 08:47:48 ec1.ccti.ull.es postfix/smtpd[23929]: connect from localhost.localdomain[127.0.0.1]
Dec 31 08:47:48 ec1.ccti.ull.es postfix/smtpd[23929]: DF8F88C12A: client=localhost.localdomain[127.0.0.1]
Dec 31 08:47:49 ec1.ccti.ull.es postfix/cleanup[23927]: DF8F88C12A: message-id=<20101231084748.uy4nao9nkk0ko484@correoweb.ccti.ull.es>
Dec 31 08:47:49 ec1.ccti.ull.es postfix/smtp[23928]: C7BF88C128: to=<yestgon@sctfe.es>, relay=localhost[127.0.0.1], delay=1, status=sent (250 Ok: queued as DF8F88C12A)
Dec 31 08:47:49 ec1.ccti.ull.es postfix/qmgr[30207]: DF8F88C12A: from=<lcabre@ull.es>, size=3079, nrcpt=1 (queue active)
Dec 31 08:47:49 ec1.ccti.ull.es postfix/smtpd[23929]: disconnect from localhost.localdomain[127.0.0.1]
Dec 31 08:47:49 ec1.ccti.ull.es postfix/qmgr[30207]: C7BF88C128: removed
Dec 31 08:47:50 ec1.ccti.ull.es postfix/smtp[23932]: DF8F88C12A: to=<yestgon@sctfe.es>, relay=correo.sctfe.es[194.224.250.14], delay=2, status=sent (250 2.0.0 Ok: queued as C3079F81B9)
Dec 31 08:47:50 ec1.ccti.ull.es postfix/qmgr[30207]: DF8F88C12A: removed
Dec 31 08:47:53 ec1.ccti.ull.es postfix/smtpd[16685]: connect from unknown[10.100.2.1]
Dec 31 08:47:53 ec1.ccti.ull.es postfix/smtpd[16685]: lost connection after HELO from unknown[10.100.2.1]
Dec 31 08:47:53 ec1.ccti.ull.es postfix/smtpd[16685]: disconnect from unknown[10.100.2.1]
Dec 31 08:47:55 ec1.ccti.ull.es postfix/smtpd[16685]: connect from systemon2.sis.ccti.ull.es[193.145.96.92]
Dec 31 08:47:55 ec1.ccti.ull.es postfix/smtpd[16685]: disconnect from systemon2.sis.ccti.ull.es[193.145.96.92]
Dec 31 08:48:48 ec1.ccti.ull.es postfix/smtpd[16685]: connect from systemon3.sis.ccti.ull.es[10.107.26.51]
Dec 31 08:48:48 ec1.ccti.ull.es postfix/smtpd[16685]: disconnect from systemon3.sis.ccti.ull.es[10.107.26.51]
Dec 31 08:48:48 ec1.ccti.ull.es postfix/smtpd[23929]: connect from localhost.localdomain[127.0.0.1]
Dec 31 08:48:48 ec1.ccti.ull.es postfix/smtpd[23929]: lost connection after CONNECT from localhost.localdomain[127.0.0.1]
Dec 31 08:48:48 ec1.ccti.ull.es postfix/smtpd[23929]: disconnect from localhost.localdomain[127.0.0.1]
Dec 31 08:48:54 ec1.ccti.ull.es postfix/smtpd[16685]: connect from unknown[10.100.2.1]
Dec 31 08:48:54 ec1.ccti.ull.es postfix/smtpd[16685]: lost connection after HELO from unknown[10.100.2.1]
Dec 31 08:48:54 ec1.ccti.ull.es postfix/smtpd[16685]: disconnect from unknown[10.100.2.1]
Dec 31 08:48:56 ec1.ccti.ull.es postfix/smtpd[16685]: connect from mp01.ccti.ull.es[10.4.9.101]
Dec 31 08:48:56 ec1.ccti.ull.es postfix/smtpd[16685]: 4639B8C128: client=mp01.ccti.ull.es[10.4.9.101]
Dec 31 08:48:56 ec1.ccti.ull.es postfix/cleanup[23927]: 4639B8C128: message-id=<000c01cba8c7$a90e0e20$8952890a@huc.es>
Dec 31 08:48:56 ec1.ccti.ull.es postfix/smtpd[16685]: disconnect from mp01.ccti.ull.es[10.4.9.101]
Dec 31 08:48:56 ec1.ccti.ull.es postfix/qmgr[30207]: 4639B8C128: from=<apsoto@huc.canarias.org>, size=9776, nrcpt=2 (queue active)
Dec 31 08:48:56 ec1.ccti.ull.es postfix/smtpd[23929]: connect from localhost.localdomain[127.0.0.1]
Dec 31 08:48:56 ec1.ccti.ull.es postfix/smtpd[23929]: 58F0E8C12A: client=localhost.localdomain[127.0.0.1]
Dec 31 08:48:56 ec1.ccti.ull.es postfix/cleanup[23927]: 58F0E8C12A: message-id=<000c01cba8c7$a90e0e20$8952890a@huc.es>
Dec 31 08:48:56 ec1.ccti.ull.es postfix/qmgr[30207]: 58F0E8C12A: from=<apsoto@huc.canarias.org>, size=9935, nrcpt=2 (queue active)
Dec 31 08:48:56 ec1.ccti.ull.es postfix/smtp[23928]: 4639B8C128: to=<atorresram@gmail.com>, relay=localhost[127.0.0.1], delay=0, status=sent (250 Ok: queued as 58F0E8C12A)
Dec 31 08:48:56 ec1.ccti.ull.es postfix/smtp[23928]: 4639B8C128: to=<edsalido@gmail.com>, relay=localhost[127.0.0.1], delay=0, status=sent (250 Ok: queued as 58F0E8C12A)
Dec 31 08:48:56 ec1.ccti.ull.es postfix/qmgr[30207]: 4639B8C128: removed
Dec 31 08:48:56 ec1.ccti.ull.es postfix/smtpd[23929]: disconnect from localhost.localdomain[127.0.0.1]
Dec 31 08:48:56 ec1.ccti.ull.es postfix/smtp[23932]: certificate peer name verification failed for gmail-smtp-in.l.google.com: CommonName mis-match: mx.google.com
Dec 31 08:48:57 ec1.ccti.ull.es postfix/smtp[23932]: 58F0E8C12A: to=<atorresram@gmail.com>, relay=gmail-smtp-in.l.google.com[209.85.229.27], delay=1, status=sent (250 2.0.0 OK 1293785328 h16si22760964wbc.26)
Dec 31 08:48:57 ec1.ccti.ull.es postfix/smtp[23932]: 58F0E8C12A: to=<edsalido@gmail.com>, relay=gmail-smtp-in.l.google.com[209.85.229.27], delay=1, status=sent (250 2.0.0 OK 1293785328 h16si22760964wbc.26)
Dec 31 08:48:57 ec1.ccti.ull.es postfix/qmgr[30207]: 58F0E8C12A: removed
Dec 31 08:49:31 ec1.ccti.ull.es postfix/smtpd[24206]: connect from systemon2.sis.ccti.ull.es[193.145.96.92]
Dec 31 08:49:31 ec1.ccti.ull.es postfix/smtpd[24206]: disconnect from systemon2.sis.ccti.ull.es[193.145.96.92]
Dec 31 08:49:55 ec1.ccti.ull.es postfix/smtpd[16685]: connect from unknown[10.100.2.1]
Dec 31 08:49:55 ec1.ccti.ull.es postfix/smtpd[16685]: lost connection after HELO from unknown[10.100.2.1]
Dec 31 08:49:55 ec1.ccti.ull.es postfix/smtpd[16685]: disconnect from unknown[10.100.2.1]
Dec 31 08:50:01 ec1.ccti.ull.es postfix/smtpd[23929]: connect from localhost.localdomain[127.0.0.1]
Dec 31 08:50:01 ec1.ccti.ull.es postfix/smtpd[23929]: disconnect from localhost.localdomain[127.0.0.1]
Dec 31 08:50:32 ec1.ccti.ull.es postfix/smtpd[16685]: connect from systemon3.sis.ccti.ull.es[10.107.26.51]
Dec 31 08:50:32 ec1.ccti.ull.es postfix/smtpd[16685]: disconnect from systemon3.sis.ccti.ull.es[10.107.26.51]
Dec 31 08:50:56 ec1.ccti.ull.es postfix/smtpd[16685]: connect from unknown[10.100.2.1]
Dec 31 08:50:56 ec1.ccti.ull.es postfix/smtpd[16685]: lost connection after HELO from unknown[10.100.2.1]
Dec 31 08:50:56 ec1.ccti.ull.es postfix/smtpd[16685]: disconnect from unknown[10.100.2.1]
Dec 31 08:51:11 ec1.ccti.ull.es postfix/smtpd[16685]: connect from systemon2.sis.ccti.ull.es[193.145.96.92]
Dec 31 08:51:11 ec1.ccti.ull.es postfix/smtpd[16685]: disconnect from systemon2.sis.ccti.ull.es[193.145.96.92]
Dec 31 08:51:48 ec1.ccti.ull.es postfix/smtpd[24779]: connect from localhost.localdomain[127.0.0.1]
Dec 31 08:51:48 ec1.ccti.ull.es postfix/smtpd[24779]: lost connection after CONNECT from localhost.localdomain[127.0.0.1]
Dec 31 08:51:48 ec1.ccti.ull.es postfix/smtpd[24779]: disconnect from localhost.localdomain[127.0.0.1]
Dec 31 08:51:57 ec1.ccti.ull.es postfix/smtpd[16685]: connect from unknown[10.100.2.1]
Dec 31 08:51:57 ec1.ccti.ull.es postfix/smtpd[16685]: lost connection after HELO from unknown[10.100.2.1]
Dec 31 08:51:57 ec1.ccti.ull.es postfix/smtpd[16685]: disconnect from unknown[10.100.2.1]
Dec 31 08:52:30 ec1.ccti.ull.es postfix/anvil[2953]: statistics: max connection rate 1/60s for (smtp:193.145.96.92) at Dec 31 08:42:55
Dec 31 08:52:30 ec1.ccti.ull.es postfix/anvil[2953]: statistics: max connection count 1 for (smtp:193.145.96.92) at Dec 31 08:42:55
Dec 31 08:52:30 ec1.ccti.ull.es postfix/anvil[2953]: statistics: max message rate 1/60s for (smtp:10.4.9.101) at Dec 31 08:48:56
Dec 31 08:52:30 ec1.ccti.ull.es postfix/anvil[2953]: statistics: max recipient rate 2/60s for (smtp:10.4.9.101) at Dec 31 08:48:56
Dec 31 08:52:30 ec1.ccti.ull.es postfix/anvil[2953]: statistics: max cache size 3 at Dec 31 08:49:31
Dec 31 08:52:55 ec1.ccti.ull.es postfix/smtpd[16685]: connect from systemon2.sis.ccti.ull.es[193.145.96.92]
Dec 31 08:52:55 ec1.ccti.ull.es postfix/smtpd[16685]: disconnect from systemon2.sis.ccti.ull.es[193.145.96.92]
Dec 31 08:52:58 ec1.ccti.ull.es postfix/smtpd[16685]: connect from unknown[10.100.2.1]
Dec 31 08:52:58 ec1.ccti.ull.es postfix/smtpd[16685]: lost connection after HELO from unknown[10.100.2.1]
Dec 31 08:52:58 ec1.ccti.ull.es postfix/smtpd[16685]: disconnect from unknown[10.100.2.1]
Dec 31 08:53:36 ec1.ccti.ull.es postfix/smtpd[16685]: connect from mp01.ccti.ull.es[10.4.9.101]
Dec 31 08:53:36 ec1.ccti.ull.es postfix/smtpd[16685]: A11118C128: client=mp01.ccti.ull.es[10.4.9.101]
Dec 31 08:53:36 ec1.ccti.ull.es postfix/cleanup[25069]: A11118C128: message-id=<nls1231101007@localhost>
Dec 31 08:53:36 ec1.ccti.ull.es postfix/smtpd[16685]: disconnect from mp01.ccti.ull.es[10.4.9.101]
Dec 31 08:53:36 ec1.ccti.ull.es postfix/qmgr[30207]: A11118C128: from=<quotation@logosquotes.org>, size=21977, nrcpt=1 (queue active)
Dec 31 08:53:36 ec1.ccti.ull.es postfix/smtpd[25071]: connect from localhost.localdomain[127.0.0.1]
Dec 31 08:53:36 ec1.ccti.ull.es postfix/smtpd[25071]: BCE688C12A: client=localhost.localdomain[127.0.0.1]
Dec 31 08:53:36 ec1.ccti.ull.es postfix/cleanup[25069]: BCE688C12A: message-id=<nls1231101007@localhost>
Dec 31 08:53:36 ec1.ccti.ull.es postfix/qmgr[30207]: BCE688C12A: from=<quotation@logosquotes.org>, size=22164, nrcpt=1 (queue active)
Dec 31 08:53:36 ec1.ccti.ull.es postfix/smtp[25070]: A11118C128: to=<toosakaba@hotmail.com>, relay=localhost[127.0.0.1], delay=0, status=sent (250 Ok: queued as BCE688C12A)
Dec 31 08:53:36 ec1.ccti.ull.es postfix/qmgr[30207]: A11118C128: removed
Dec 31 08:53:36 ec1.ccti.ull.es postfix/smtpd[25071]: disconnect from localhost.localdomain[127.0.0.1]
Dec 31 08:53:39 ec1.ccti.ull.es postfix/smtp[25072]: BCE688C12A: to=<toosakaba@hotmail.com>, relay=mx1.hotmail.com[65.55.92.168], delay=3, status=sent (250  <nls1231101007@localhost> Queued mail for delivery)
Dec 31 08:53:39 ec1.ccti.ull.es postfix/qmgr[30207]: BCE688C12A: removed
Dec 31 08:53:48 ec1.ccti.ull.es postfix/smtpd[16685]: connect from systemon3.sis.ccti.ull.es[10.107.26.51]
Dec 31 08:53:48 ec1.ccti.ull.es postfix/smtpd[16685]: disconnect from systemon3.sis.ccti.ull.es[10.107.26.51]
Dec 31 08:53:59 ec1.ccti.ull.es postfix/smtpd[16685]: connect from unknown[10.100.2.1]
Dec 31 08:53:59 ec1.ccti.ull.es postfix/smtpd[16685]: lost connection after HELO from unknown[10.100.2.1]
Dec 31 08:53:59 ec1.ccti.ull.es postfix/smtpd[16685]: disconnect from unknown[10.100.2.1]
Dec 31 08:54:49 ec1.ccti.ull.es postfix/smtpd[25071]: connect from localhost.localdomain[127.0.0.1]
Dec 31 08:54:49 ec1.ccti.ull.es postfix/smtpd[25071]: lost connection after CONNECT from localhost.localdomain[127.0.0.1]
Dec 31 08:54:49 ec1.ccti.ull.es postfix/smtpd[25071]: disconnect from localhost.localdomain[127.0.0.1]
Dec 31 08:55:00 ec1.ccti.ull.es postfix/smtpd[16685]: connect from unknown[10.100.2.1]
Dec 31 08:55:00 ec1.ccti.ull.es postfix/smtpd[16685]: lost connection after HELO from unknown[10.100.2.1]
Dec 31 08:55:00 ec1.ccti.ull.es postfix/smtpd[16685]: disconnect from unknown[10.100.2.1]
Dec 31 08:55:01 ec1.ccti.ull.es postfix/smtpd[25071]: connect from localhost.localdomain[127.0.0.1]
Dec 31 08:55:01 ec1.ccti.ull.es postfix/smtpd[25071]: disconnect from localhost.localdomain[127.0.0.1]
Dec 31 08:56:01 ec1.ccti.ull.es postfix/smtpd[16685]: connect from unknown[10.100.2.1]
Dec 31 08:56:01 ec1.ccti.ull.es postfix/smtpd[16685]: lost connection after HELO from unknown[10.100.2.1]
Dec 31 08:56:01 ec1.ccti.ull.es postfix/smtpd[16685]: disconnect from unknown[10.100.2.1]
Dec 31 08:56:11 ec1.ccti.ull.es postfix/smtpd[16685]: connect from systemon2.sis.ccti.ull.es[193.145.96.92]
Dec 31 08:56:11 ec1.ccti.ull.es postfix/smtpd[16685]: disconnect from systemon2.sis.ccti.ull.es[193.145.96.92]
Dec 31 08:57:02 ec1.ccti.ull.es postfix/smtpd[16685]: connect from unknown[10.100.2.1]
Dec 31 08:57:02 ec1.ccti.ull.es postfix/smtpd[16685]: lost connection after HELO from unknown[10.100.2.1]
Dec 31 08:57:02 ec1.ccti.ull.es postfix/smtpd[16685]: disconnect from unknown[10.100.2.1]
Dec 31 08:57:07 ec1.ccti.ull.es postfix/smtpd[16685]: connect from systemon3.sis.ccti.ull.es[10.107.26.51]
Dec 31 08:57:07 ec1.ccti.ull.es postfix/smtpd[16685]: disconnect from systemon3.sis.ccti.ull.es[10.107.26.51]
Dec 31 08:57:49 ec1.ccti.ull.es postfix/smtpd[25955]: connect from localhost.localdomain[127.0.0.1]
Dec 31 08:57:49 ec1.ccti.ull.es postfix/smtpd[25955]: lost connection after CONNECT from localhost.localdomain[127.0.0.1]
Dec 31 08:57:49 ec1.ccti.ull.es postfix/smtpd[25955]: disconnect from localhost.localdomain[127.0.0.1]
Dec 31 08:57:55 ec1.ccti.ull.es postfix/smtpd[16685]: connect from systemon2.sis.ccti.ull.es[193.145.96.92]
Dec 31 08:57:55 ec1.ccti.ull.es postfix/smtpd[16685]: disconnect from systemon2.sis.ccti.ull.es[193.145.96.92]
Dec 31 08:57:56 ec1.ccti.ull.es postfix/qmgr[30207]: F1A5C8C142: from=<>, size=5171, nrcpt=1 (queue active)
Dec 31 08:57:56 ec1.ccti.ull.es postfix/qmgr[30207]: 590278C0FF: from=<>, size=4103, nrcpt=1 (queue active)
Dec 31 08:57:56 ec1.ccti.ull.es postfix/qmgr[30207]: AE1458C124: from=<jtally@ull.es>, size=1051, nrcpt=1 (queue active)
Dec 31 08:57:56 ec1.ccti.ull.es postfix/qmgr[30207]: 7EBDF8C154: from=<mmolipol@ull.es>, size=1388481, nrcpt=10 (queue active)
Dec 31 08:57:56 ec1.ccti.ull.es postfix/qmgr[30207]: 421B88C166: from=<jtally@ull.es>, size=2452, nrcpt=37 (queue active)
Dec 31 08:57:56 ec1.ccti.ull.es postfix/smtp[25975]: certificate verification failed for mx.mad.interhost.com: num=18:self signed certificate
Dec 31 08:57:57 ec1.ccti.ull.es postfix/smtp[25975]: Server certificate could not be verified
Dec 31 08:57:57 ec1.ccti.ull.es postfix/smtp[25976]: certificate verification failed for mailserver.ikeafamily.net: num=18:self signed certificate
Dec 31 08:57:57 ec1.ccti.ull.es postfix/smtp[25976]: certificate peer name verification failed for mailserver.ikeafamily.net: CommonName mis-match: imap.ikeasi.com
Dec 31 08:57:57 ec1.ccti.ull.es postfix/smtp[25976]: Server certificate could not be verified
Dec 31 08:57:57 ec1.ccti.ull.es postfix/smtp[25975]: F1A5C8C142: host mx.mad.interhost.com[213.134.32.172] said: 450 4.1.1 <boletin-bounces@appinformatica.com>: Recipient address rejected: undeliverable address: host mbox.mad.interhost.com[213.134.33.73] said: 550 <boletin-bounces@appinformatica.com>: Recipient address rejected: User unknown in virtual mailbox table (in reply to RCPT TO command) (in reply to RCPT TO command)
Dec 31 08:57:57 ec1.ccti.ull.es postfix/smtp[25976]: 590278C0FF: to=<emailing.ve@ikeafamily.net>, relay=mailserver.ikeafamily.net[84.124.59.151], delay=83282, status=deferred (host mailserver.ikeafamily.net[84.124.59.151] said: 454 4.7.1 <emailing.ve@ikeafamily.net>: Relay access denied (in reply to RCPT TO command))
Dec 31 08:57:57 ec1.ccti.ull.es postfix/smtp[25975]: certificate verification failed for mx2.mad.interhost.com: num=18:self signed certificate
Dec 31 08:57:57 ec1.ccti.ull.es postfix/smtp[25975]: Server certificate could not be verified
Dec 31 08:57:57 ec1.ccti.ull.es postfix/smtp[25975]: F1A5C8C142: to=<boletin-bounces@appinformatica.com>, relay=mx2.mad.interhost.com[213.134.32.230], delay=229630, status=deferred (host mx2.mad.interhost.com[213.134.32.230] said: 450 4.1.1 <boletin-bounces@appinformatica.com>: Recipient address rejected: undeliverable address: host mbox.mad.interhost.com[213.134.33.73] said: 550 <boletin-bounces@appinformatica.com>: Recipient address rejected: User unknown in virtual mailbox table (in reply to RCPT TO command) (in reply to RCPT TO command))
Dec 31 08:58:03 ec1.ccti.ull.es postfix/smtpd[16685]: connect from unknown[10.100.2.1]
Dec 31 08:58:03 ec1.ccti.ull.es postfix/smtpd[16685]: lost connection after HELO from unknown[10.100.2.1]
Dec 31 08:58:03 ec1.ccti.ull.es postfix/smtpd[16685]: disconnect from unknown[10.100.2.1]
Dec 31 08:58:24 ec1.ccti.ull.es postfix/smtp[25977]: AE1458C124: to=<leticiamh-@hotmaill.com>, relay=none, delay=57270, status=deferred (Host or domain name not found. Name service error for name=hotmaill.com type=MX: Host not found, try again)
Dec 31 08:58:24 ec1.ccti.ull.es postfix/smtp[25979]: 421B88C166: to=<leticiamh-@hotmaill.com>, relay=none, delay=326757, status=deferred (Host or domain name not found. Name service error for name=hotmaill.com type=MX: Host not found, try again)
Dec 31 08:58:26 ec1.ccti.ull.es postfix/smtp[25978]: connect to a445.b.akamai.net[130.206.192.39]: Connection timed out (port 25)
Dec 31 08:58:48 ec1.ccti.ull.es postfix/smtpd[16685]: connect from systemon3.sis.ccti.ull.es[10.107.26.51]
Dec 31 08:58:48 ec1.ccti.ull.es postfix/smtpd[16685]: disconnect from systemon3.sis.ccti.ull.es[10.107.26.51]
Dec 31 08:58:50 ec1.ccti.ull.es postfix/smtpd[26130]: connect from systemon3.sis.ccti.ull.es[10.107.26.51]
Dec 31 08:58:50 ec1.ccti.ull.es postfix/smtpd[26130]: disconnect from systemon3.sis.ccti.ull.es[10.107.26.51]
Dec 31 08:58:56 ec1.ccti.ull.es postfix/smtp[25978]: connect to a445.b.akamai.net[130.206.192.31]: Connection timed out (port 25)
Dec 31 08:58:56 ec1.ccti.ull.es postfix/smtp[25978]: 7EBDF8C154: to=<carmen.perezdie@man.mcu.es>, relay=none, delay=226365, status=deferred (connect to a445.b.akamai.net[130.206.192.31]: Connection timed out)
Dec 31 08:59:04 ec1.ccti.ull.es postfix/smtpd[16685]: connect from unknown[10.100.2.1]
Dec 31 08:59:04 ec1.ccti.ull.es postfix/smtpd[16685]: lost connection after HELO from unknown[10.100.2.1]
Dec 31 08:59:04 ec1.ccti.ull.es postfix/smtpd[16685]: disconnect from unknown[10.100.2.1]
Dec 31 08:59:31 ec1.ccti.ull.es postfix/smtpd[26130]: connect from systemon2.sis.ccti.ull.es[193.145.96.92]
Dec 31 08:59:31 ec1.ccti.ull.es postfix/smtpd[26130]: disconnect from systemon2.sis.ccti.ull.es[193.145.96.92]
Dec 31 09:00:01 ec1.ccti.ull.es postfix/smtpd[26365]: connect from localhost.localdomain[127.0.0.1]
Dec 31 09:00:01 ec1.ccti.ull.es postfix/smtpd[26365]: disconnect from localhost.localdomain[127.0.0.1]
Dec 31 09:00:06 ec1.ccti.ull.es postfix/smtpd[16685]: connect from unknown[10.100.2.1]
Dec 31 09:00:06 ec1.ccti.ull.es postfix/smtpd[16685]: lost connection after HELO from unknown[10.100.2.1]
Dec 31 09:00:06 ec1.ccti.ull.es postfix/smtpd[16685]: disconnect from unknown[10.100.2.1]
Dec 31 09:00:49 ec1.ccti.ull.es postfix/smtpd[26365]: disconnect from localhost.localdomain[127.0.0.1]
Dec 31 09:00:49 ec1.ccti.ull.es postfix/smtpd[26365]: connect from localhost.localdomain[127.0.0.1]
Dec 31 09:00:49 ec1.ccti.ull.es postfix/smtpd[26365]: lost connection after CONNECT from localhost.localdomain[127.0.0.1]
Dec 31 09:01:06 ec1.ccti.ull.es postfix/smtpd[16685]: connect from unknown[10.100.2.1]
Dec 31 09:01:06 ec1.ccti.ull.es postfix/smtpd[16685]: lost connection after HELO from unknown[10.100.2.1]
Dec 31 09:01:06 ec1.ccti.ull.es postfix/smtpd[16685]: disconnect from unknown[10.100.2.1]
Dec 31 09:01:11 ec1.ccti.ull.es postfix/smtpd[16685]: connect from systemon2.sis.ccti.ull.es[193.145.96.92]
Dec 31 09:01:11 ec1.ccti.ull.es postfix/smtpd[16685]: disconnect from systemon2.sis.ccti.ull.es[193.145.96.92]
Dec 31 09:02:07 ec1.ccti.ull.es postfix/smtpd[16685]: connect from systemon3.sis.ccti.ull.es[10.107.26.51]
Dec 31 09:02:07 ec1.ccti.ull.es postfix/smtpd[16685]: disconnect from systemon3.sis.ccti.ull.es[10.107.26.51]
Dec 31 09:02:07 ec1.ccti.ull.es postfix/smtpd[16685]: connect from unknown[10.100.2.1]
Dec 31 09:02:07 ec1.ccti.ull.es postfix/smtpd[16685]: lost connection after HELO from unknown[10.100.2.1]
Dec 31 09:02:07 ec1.ccti.ull.es postfix/smtpd[16685]: disconnect from unknown[10.100.2.1]
Dec 31 09:02:30 ec1.ccti.ull.es postfix/anvil[2953]: statistics: max connection rate 1/60s for (smtp:193.145.96.92) at Dec 31 08:52:55
Dec 31 09:02:30 ec1.ccti.ull.es postfix/anvil[2953]: statistics: max connection count 1 for (smtp:193.145.96.92) at Dec 31 08:52:55
Dec 31 09:02:30 ec1.ccti.ull.es postfix/anvil[2953]: statistics: max message rate 1/60s for (smtp:10.4.9.101) at Dec 31 08:53:36
Dec 31 09:02:30 ec1.ccti.ull.es postfix/anvil[2953]: statistics: max recipient rate 1/60s for (smtp:10.4.9.101) at Dec 31 08:53:36
Dec 31 09:02:30 ec1.ccti.ull.es postfix/anvil[2953]: statistics: max cache size 3 at Dec 31 08:53:48
Dec 31 09:02:55 ec1.ccti.ull.es postfix/smtpd[16685]: connect from systemon2.sis.ccti.ull.es[193.145.96.92]
Dec 31 09:02:55 ec1.ccti.ull.es postfix/smtpd[16685]: disconnect from systemon2.sis.ccti.ull.es[193.145.96.92]
Dec 31 09:03:08 ec1.ccti.ull.es postfix/smtpd[16685]: connect from unknown[10.100.2.1]
Dec 31 09:03:08 ec1.ccti.ull.es postfix/smtpd[16685]: lost connection after HELO from unknown[10.100.2.1]
Dec 31 09:03:08 ec1.ccti.ull.es postfix/smtpd[16685]: disconnect from unknown[10.100.2.1]
Dec 31 09:03:48 ec1.ccti.ull.es postfix/smtpd[16685]: connect from systemon3.sis.ccti.ull.es[10.107.26.51]
Dec 31 09:03:48 ec1.ccti.ull.es postfix/smtpd[16685]: disconnect from systemon3.sis.ccti.ull.es[10.107.26.51]
Dec 31 09:03:49 ec1.ccti.ull.es postfix/smtpd[27137]: connect from localhost.localdomain[127.0.0.1]
Dec 31 09:03:49 ec1.ccti.ull.es postfix/smtpd[27137]: lost connection after CONNECT from localhost.localdomain[127.0.0.1]
Dec 31 09:03:49 ec1.ccti.ull.es postfix/smtpd[27137]: disconnect from localhost.localdomain[127.0.0.1]
Dec 31 09:04:09 ec1.ccti.ull.es postfix/smtpd[16685]: connect from unknown[10.100.2.1]
Dec 31 09:04:09 ec1.ccti.ull.es postfix/smtpd[16685]: lost connection after HELO from unknown[10.100.2.1]
Dec 31 09:04:09 ec1.ccti.ull.es postfix/smtpd[16685]: disconnect from unknown[10.100.2.1]
Dec 31 09:04:31 ec1.ccti.ull.es postfix/smtpd[27249]: connect from systemon2.sis.ccti.ull.es[193.145.96.92]
Dec 31 09:04:31 ec1.ccti.ull.es postfix/smtpd[27249]: disconnect from systemon2.sis.ccti.ull.es[193.145.96.92]
Dec 31 09:04:37 ec1.ccti.ull.es postfix/smtpd[27264]: connect from mp01.ccti.ull.es[10.4.9.101]
Dec 31 09:04:38 ec1.ccti.ull.es postfix/smtpd[27264]: 2445B8C128: client=mp01.ccti.ull.es[10.4.9.101]
Dec 31 09:04:38 ec1.ccti.ull.es postfix/cleanup[27268]: 2445B8C128: message-id=<1899158520.1293786199743.JavaMail.root@cz-web-001.ama.org>
Dec 31 09:04:38 ec1.ccti.ull.es postfix/qmgr[30207]: 2445B8C128: from=<elmar@ama.org>, size=14572, nrcpt=1 (queue active)
Dec 31 09:04:38 ec1.ccti.ull.es postfix/smtpd[27264]: disconnect from mp01.ccti.ull.es[10.4.9.101]
Dec 31 09:04:38 ec1.ccti.ull.es postfix/smtpd[27137]: connect from localhost.localdomain[127.0.0.1]
Dec 31 09:04:38 ec1.ccti.ull.es postfix/smtpd[27137]: 3AA178C12A: client=localhost.localdomain[127.0.0.1]
Dec 31 09:04:38 ec1.ccti.ull.es postfix/cleanup[27268]: 3AA178C12A: message-id=<1899158520.1293786199743.JavaMail.root@cz-web-001.ama.org>
Dec 31 09:04:38 ec1.ccti.ull.es postfix/qmgr[30207]: 3AA178C12A: from=<elmar@ama.org>, size=14753, nrcpt=1 (queue active)
Dec 31 09:04:38 ec1.ccti.ull.es postfix/smtp[27269]: 2445B8C128: to=<pepe@sanbeth.es>, relay=localhost[127.0.0.1], delay=1, status=sent (250 Ok: queued as 3AA178C12A)
Dec 31 09:04:38 ec1.ccti.ull.es postfix/qmgr[30207]: 2445B8C128: removed
Dec 31 09:04:38 ec1.ccti.ull.es postfix/smtpd[27137]: disconnect from localhost.localdomain[127.0.0.1]
Dec 31 09:04:39 ec1.ccti.ull.es postfix/smtp[27270]: 3AA178C12A: to=<pepe@sanbeth.es>, relay=mailmx.sanbeth.es[82.223.191.18], delay=1, status=sent (250 2.0.0 Ok: queued as 952092FF98)
Dec 31 09:04:39 ec1.ccti.ull.es postfix/qmgr[30207]: 3AA178C12A: removed
Dec 31 09:05:02 ec1.ccti.ull.es postfix/smtpd[27137]: connect from localhost.localdomain[127.0.0.1]
Dec 31 09:05:02 ec1.ccti.ull.es postfix/smtpd[27137]: disconnect from localhost.localdomain[127.0.0.1]
Dec 31 09:05:10 ec1.ccti.ull.es postfix/smtpd[27264]: connect from unknown[10.100.2.1]
Dec 31 09:05:10 ec1.ccti.ull.es postfix/smtpd[27264]: lost connection after HELO from unknown[10.100.2.1]
Dec 31 09:05:10 ec1.ccti.ull.es postfix/smtpd[27264]: disconnect from unknown[10.100.2.1]
Dec 31 09:05:32 ec1.ccti.ull.es postfix/smtpd[27264]: connect from systemon3.sis.ccti.ull.es[10.107.26.51]
Dec 31 09:05:32 ec1.ccti.ull.es postfix/smtpd[27264]: disconnect from systemon3.sis.ccti.ull.es[10.107.26.51]
Dec 31 09:06:11 ec1.ccti.ull.es postfix/smtpd[27264]: connect from systemon2.sis.ccti.ull.es[193.145.96.92]
Dec 31 09:06:11 ec1.ccti.ull.es postfix/smtpd[27264]: disconnect from systemon2.sis.ccti.ull.es[193.145.96.92]
Dec 31 09:06:11 ec1.ccti.ull.es postfix/smtpd[27264]: connect from unknown[10.100.2.1]
Dec 31 09:06:11 ec1.ccti.ull.es postfix/smtpd[27264]: lost connection after HELO from unknown[10.100.2.1]
Dec 31 09:06:11 ec1.ccti.ull.es postfix/smtpd[27264]: disconnect from unknown[10.100.2.1]
Dec 31 09:06:49 ec1.ccti.ull.es postfix/smtpd[27826]: connect from localhost.localdomain[127.0.0.1]
Dec 31 09:06:49 ec1.ccti.ull.es postfix/smtpd[27826]: lost connection after CONNECT from localhost.localdomain[127.0.0.1]
Dec 31 09:06:49 ec1.ccti.ull.es postfix/smtpd[27826]: disconnect from localhost.localdomain[127.0.0.1]
Dec 31 09:07:12 ec1.ccti.ull.es postfix/smtpd[27264]: connect from unknown[10.100.2.1]
Dec 31 09:07:12 ec1.ccti.ull.es postfix/smtpd[27264]: lost connection after HELO from unknown[10.100.2.1]
Dec 31 09:07:12 ec1.ccti.ull.es postfix/smtpd[27264]: disconnect from unknown[10.100.2.1]
Dec 31 09:07:29 ec1.ccti.ull.es postfix/smtpd[27264]: connect from mb05.sis.ccti.ull.es[10.4.9.107]
Dec 31 09:07:29 ec1.ccti.ull.es postfix/smtpd[27264]: E0B4C8C128: client=mb05.sis.ccti.ull.es[10.4.9.107]
Dec 31 09:07:29 ec1.ccti.ull.es postfix/cleanup[27958]: E0B4C8C128: message-id=<dovecot-1293786448-713112-0@mb05.sis.ccti.ull.es>
Dec 31 09:07:29 ec1.ccti.ull.es postfix/smtpd[27264]: disconnect from mb05.sis.ccti.ull.es[10.4.9.107]
Dec 31 09:07:29 ec1.ccti.ull.es postfix/qmgr[30207]: E0B4C8C128: from=<>, size=3970, nrcpt=1 (queue active)
Dec 31 09:07:29 ec1.ccti.ull.es postfix/smtpd[27826]: connect from localhost.localdomain[127.0.0.1]
Dec 31 09:07:29 ec1.ccti.ull.es postfix/smtpd[27826]: 0200B8C12A: client=localhost.localdomain[127.0.0.1]
Dec 31 09:07:29 ec1.ccti.ull.es postfix/cleanup[27958]: 0200B8C12A: message-id=<dovecot-1293786448-713112-0@mb05.sis.ccti.ull.es>
Dec 31 09:07:29 ec1.ccti.ull.es postfix/qmgr[30207]: 0200B8C12A: from=<>, size=4163, nrcpt=1 (queue active)
Dec 31 09:07:29 ec1.ccti.ull.es postfix/smtp[27959]: E0B4C8C128: to=<info@emprendedoresworld.com>, relay=localhost[127.0.0.1], delay=1, status=sent (250 Ok: queued as 0200B8C12A)
Dec 31 09:07:29 ec1.ccti.ull.es postfix/smtpd[27826]: disconnect from localhost.localdomain[127.0.0.1]
Dec 31 09:07:29 ec1.ccti.ull.es postfix/qmgr[30207]: E0B4C8C128: removed
Dec 31 09:07:30 ec1.ccti.ull.es postfix/smtp[27960]: 0200B8C12A: to=<info@emprendedoresworld.com>, relay=mx00.1and1.es[212.227.15.169], delay=1, status=sent (250 Message 0LslAr-1QVflI0lwX-012KOa accepted by mxeu2.kundenserver.de)
Dec 31 09:07:30 ec1.ccti.ull.es postfix/qmgr[30207]: 0200B8C12A: removed
Dec 31 09:07:50 ec1.ccti.ull.es postfix/smtpd[27264]: connect from cw2.ccti.ull.es[10.100.2.92]
Dec 31 09:07:50 ec1.ccti.ull.es postfix/smtpd[27264]: 46FD88C128: client=cw2.ccti.ull.es[10.100.2.92]
Dec 31 09:07:50 ec1.ccti.ull.es postfix/cleanup[27958]: 46FD88C128: message-id=<20101231090749.ebhpxhanwcggcwwc@correoweb.ccti.ull.es>
Dec 31 09:07:50 ec1.ccti.ull.es postfix/smtpd[27264]: disconnect from cw2.ccti.ull.es[10.100.2.92]
Dec 31 09:07:50 ec1.ccti.ull.es postfix/qmgr[30207]: 46FD88C128: from=<amarfer@ull.es>, size=2837, nrcpt=1 (queue active)
Dec 31 09:07:50 ec1.ccti.ull.es postfix/smtpd[27826]: connect from localhost.localdomain[127.0.0.1]
Dec 31 09:07:50 ec1.ccti.ull.es postfix/smtpd[27826]: 58EFA8C12A: client=localhost.localdomain[127.0.0.1]
Dec 31 09:07:50 ec1.ccti.ull.es postfix/cleanup[27958]: 58EFA8C12A: message-id=<20101231090749.ebhpxhanwcggcwwc@correoweb.ccti.ull.es>
Dec 31 09:07:50 ec1.ccti.ull.es postfix/qmgr[30207]: 58EFA8C12A: from=<amarfer@ull.es>, size=3024, nrcpt=1 (queue active)
Dec 31 09:07:50 ec1.ccti.ull.es postfix/smtp[27959]: 46FD88C128: to=<voutiras@hist.auth.gr>, relay=localhost[127.0.0.1], delay=0, status=sent (250 Ok: queued as 58EFA8C12A)
Dec 31 09:07:50 ec1.ccti.ull.es postfix/qmgr[30207]: 46FD88C128: removed
Dec 31 09:07:50 ec1.ccti.ull.es postfix/smtpd[27826]: disconnect from localhost.localdomain[127.0.0.1]
Dec 31 09:08:02 ec1.ccti.ull.es postfix/smtp[27960]: certificate verification failed for mailsrv1.ccf.auth.gr: num=19:self signed certificate in certificate chain
Dec 31 09:08:02 ec1.ccti.ull.es postfix/smtp[27960]: Server certificate could not be verified
Dec 31 09:08:04 ec1.ccti.ull.es postfix/smtp[27960]: 58EFA8C12A: to=<voutiras@hist.auth.gr>, relay=mailsrv1.ccf.auth.gr[155.207.1.1], delay=14, status=sent (250 2.0.0 oBV97gDY027108 Message accepted for delivery)
Dec 31 09:08:04 ec1.ccti.ull.es postfix/qmgr[30207]: 58EFA8C12A: removed
Dec 31 09:08:13 ec1.ccti.ull.es postfix/smtpd[27264]: connect from unknown[10.100.2.1]
Dec 31 09:08:13 ec1.ccti.ull.es postfix/smtpd[27264]: lost connection after HELO from unknown[10.100.2.1]
Dec 31 09:08:13 ec1.ccti.ull.es postfix/smtpd[27264]: disconnect from unknown[10.100.2.1]
Dec 31 09:08:48 ec1.ccti.ull.es postfix/smtpd[27264]: connect from systemon3.sis.ccti.ull.es[10.107.26.51]
Dec 31 09:08:48 ec1.ccti.ull.es postfix/smtpd[27264]: disconnect from systemon3.sis.ccti.ull.es[10.107.26.51]
Dec 31 09:08:50 ec1.ccti.ull.es postfix/smtpd[28186]: connect from systemon3.sis.ccti.ull.es[10.107.26.51]
Dec 31 09:08:50 ec1.ccti.ull.es postfix/smtpd[28186]: disconnect from systemon3.sis.ccti.ull.es[10.107.26.51]
Dec 31 09:09:14 ec1.ccti.ull.es postfix/smtpd[27264]: connect from unknown[10.100.2.1]
Dec 31 09:09:14 ec1.ccti.ull.es postfix/smtpd[27264]: lost connection after HELO from unknown[10.100.2.1]
Dec 31 09:09:14 ec1.ccti.ull.es postfix/smtpd[27264]: disconnect from unknown[10.100.2.1]
Dec 31 09:09:49 ec1.ccti.ull.es postfix/smtpd[28347]: connect from localhost.localdomain[127.0.0.1]
Dec 31 09:09:49 ec1.ccti.ull.es postfix/smtpd[28347]: lost connection after CONNECT from localhost.localdomain[127.0.0.1]
Dec 31 09:09:49 ec1.ccti.ull.es postfix/smtpd[28347]: disconnect from localhost.localdomain[127.0.0.1]
Dec 31 09:10:01 ec1.ccti.ull.es postfix/smtpd[28347]: connect from localhost.localdomain[127.0.0.1]
Dec 31 09:10:01 ec1.ccti.ull.es postfix/smtpd[28347]: disconnect from localhost.localdomain[127.0.0.1]
Dec 31 09:10:15 ec1.ccti.ull.es postfix/smtpd[27264]: connect from unknown[10.100.2.1]
Dec 31 09:10:15 ec1.ccti.ull.es postfix/smtpd[27264]: lost connection after HELO from unknown[10.100.2.1]
Dec 31 09:10:15 ec1.ccti.ull.es postfix/smtpd[27264]: disconnect from unknown[10.100.2.1]
Dec 31 09:10:16 ec1.ccti.ull.es postfix/smtpd[27264]: connect from cw2.ccti.ull.es[10.100.2.92]
Dec 31 09:10:16 ec1.ccti.ull.es postfix/smtpd[27264]: 570E78C128: client=cw2.ccti.ull.es[10.100.2.92]
Dec 31 09:10:16 ec1.ccti.ull.es postfix/cleanup[28611]: 570E78C128: message-id=<20101231091016.gpvzlfpm40o4osw8@correoweb.ccti.ull.es>
Dec 31 09:10:16 ec1.ccti.ull.es postfix/smtpd[27264]: disconnect from cw2.ccti.ull.es[10.100.2.92]
Dec 31 09:10:16 ec1.ccti.ull.es postfix/qmgr[30207]: 570E78C128: from=<jcmoreno@ull.es>, size=1258, nrcpt=1 (queue active)
Dec 31 09:10:16 ec1.ccti.ull.es postfix/smtpd[28347]: connect from localhost.localdomain[127.0.0.1]
Dec 31 09:10:16 ec1.ccti.ull.es postfix/smtpd[28347]: 6CF7A8C12A: client=localhost.localdomain[127.0.0.1]
Dec 31 09:10:16 ec1.ccti.ull.es postfix/cleanup[28611]: 6CF7A8C12A: message-id=<20101231091016.gpvzlfpm40o4osw8@correoweb.ccti.ull.es>
Dec 31 09:10:16 ec1.ccti.ull.es postfix/smtp[28612]: 570E78C128: to=<cimcerrajeros@gmail.com>, relay=localhost[127.0.0.1], delay=0, status=sent (250 Ok: queued as 6CF7A8C12A)
Dec 31 09:10:16 ec1.ccti.ull.es postfix/qmgr[30207]: 6CF7A8C12A: from=<jcmoreno@ull.es>, size=1447, nrcpt=1 (queue active)
Dec 31 09:10:16 ec1.ccti.ull.es postfix/smtpd[28347]: disconnect from localhost.localdomain[127.0.0.1]
Dec 31 09:10:16 ec1.ccti.ull.es postfix/qmgr[30207]: 570E78C128: removed
Dec 31 09:10:16 ec1.ccti.ull.es postfix/smtp[28615]: certificate peer name verification failed for gmail-smtp-in.l.google.com: CommonName mis-match: mx.google.com
Dec 31 09:10:17 ec1.ccti.ull.es postfix/smtp[28615]: 6CF7A8C12A: to=<cimcerrajeros@gmail.com>, relay=gmail-smtp-in.l.google.com[209.85.229.27], delay=1, status=bounced (host gmail-smtp-in.l.google.com[209.85.229.27] said: 550-5.1.1 The email account that you tried to reach does not exist. Please try 550-5.1.1 double-checking the recipient's email address for typos or 550-5.1.1 unnecessary spaces. Learn more at                              550 5.1.1 http://mail.google.com/support/bin/answer.py?answer=6596 u21si22784426weq.8 (in reply to RCPT TO command))
Dec 31 09:10:17 ec1.ccti.ull.es postfix/cleanup[28611]: 2204F8C134: message-id=<20101231091017.2204F8C134@re1.ccti.ull.es>
Dec 31 09:10:17 ec1.ccti.ull.es postfix/qmgr[30207]: 2204F8C134: from=<>, size=3796, nrcpt=1 (queue active)
Dec 31 09:10:17 ec1.ccti.ull.es postfix/qmgr[30207]: 6CF7A8C12A: removed
Dec 31 09:10:17 ec1.ccti.ull.es postfix/smtp[28615]: 2204F8C134: to=<jcmoreno@ull.es>, relay=smtpmb.ccti.ull.es[10.4.8.40], delay=0, status=sent (250 2.0.0 Ok: queued as 35AA41FA20)
Dec 31 09:10:17 ec1.ccti.ull.es postfix/qmgr[30207]: 2204F8C134: removed
Dec 31 09:10:53 ec1.ccti.ull.es postfix/smtpd[27264]: connect from cw2.ccti.ull.es[10.100.2.92]
Dec 31 09:10:53 ec1.ccti.ull.es postfix/smtpd[27264]: 033BA8C128: client=cw2.ccti.ull.es[10.100.2.92]
Dec 31 09:10:53 ec1.ccti.ull.es postfix/cleanup[28611]: 033BA8C128: message-id=<20101231091052.lra2g73y8wc8oo4c@correoweb.ccti.ull.es>
Dec 31 09:10:53 ec1.ccti.ull.es postfix/smtpd[27264]: disconnect from cw2.ccti.ull.es[10.100.2.92]
Dec 31 09:10:53 ec1.ccti.ull.es postfix/qmgr[30207]: 033BA8C128: from=<amarfer@ull.es>, size=1342, nrcpt=1 (queue active)
Dec 31 09:10:53 ec1.ccti.ull.es postfix/smtpd[28347]: connect from localhost.localdomain[127.0.0.1]
Dec 31 09:10:53 ec1.ccti.ull.es postfix/smtpd[28347]: 15C648C12A: client=localhost.localdomain[127.0.0.1]
Dec 31 09:10:53 ec1.ccti.ull.es postfix/cleanup[28611]: 15C648C12A: message-id=<20101231091052.lra2g73y8wc8oo4c@correoweb.ccti.ull.es>
Dec 31 09:10:53 ec1.ccti.ull.es postfix/smtp[28612]: 033BA8C128: to=<jdorta@ull.es>, relay=localhost[127.0.0.1], delay=0, status=sent (250 Ok: queued as 15C648C12A)
Dec 31 09:10:53 ec1.ccti.ull.es postfix/qmgr[30207]: 15C648C12A: from=<amarfer@ull.es>, size=1521, nrcpt=1 (queue active)
Dec 31 09:10:53 ec1.ccti.ull.es postfix/qmgr[30207]: 033BA8C128: removed
Dec 31 09:10:53 ec1.ccti.ull.es postfix/smtpd[28347]: disconnect from localhost.localdomain[127.0.0.1]
Dec 31 09:10:53 ec1.ccti.ull.es postfix/smtp[28615]: 15C648C12A: to=<jdorta@ull.es>, relay=smtpmb.ccti.ull.es[10.4.8.40], delay=0, status=sent (250 2.0.0 Ok: queued as 436FE1FA20)
Dec 31 09:10:53 ec1.ccti.ull.es postfix/qmgr[30207]: 15C648C12A: removed
Dec 31 09:11:11 ec1.ccti.ull.es postfix/smtpd[27264]: connect from systemon2.sis.ccti.ull.es[193.145.96.92]
Dec 31 09:11:11 ec1.ccti.ull.es postfix/smtpd[27264]: disconnect from systemon2.sis.ccti.ull.es[193.145.96.92]
Dec 31 09:11:16 ec1.ccti.ull.es postfix/smtpd[27264]: connect from unknown[10.100.2.1]
Dec 31 09:11:16 ec1.ccti.ull.es postfix/smtpd[27264]: lost connection after HELO from unknown[10.100.2.1]
Dec 31 09:11:16 ec1.ccti.ull.es postfix/smtpd[27264]: disconnect from unknown[10.100.2.1]
Dec 31 09:12:17 ec1.ccti.ull.es postfix/smtpd[27264]: connect from unknown[10.100.2.1]
Dec 31 09:12:17 ec1.ccti.ull.es postfix/smtpd[27264]: lost connection after HELO from unknown[10.100.2.1]
Dec 31 09:12:17 ec1.ccti.ull.es postfix/smtpd[27264]: disconnect from unknown[10.100.2.1]
Dec 31 09:12:30 ec1.ccti.ull.es postfix/anvil[2953]: statistics: max connection rate 1/60s for (smtp:193.145.96.92) at Dec 31 09:02:55
Dec 31 09:12:30 ec1.ccti.ull.es postfix/anvil[2953]: statistics: max connection count 1 for (smtp:193.145.96.92) at Dec 31 09:02:55
Dec 31 09:12:30 ec1.ccti.ull.es postfix/anvil[2953]: statistics: max message rate 1/60s for (smtp:10.4.9.101) at Dec 31 09:04:37
Dec 31 09:12:30 ec1.ccti.ull.es postfix/anvil[2953]: statistics: max recipient rate 1/60s for (smtp:10.4.9.101) at Dec 31 09:04:37
Dec 31 09:12:30 ec1.ccti.ull.es postfix/anvil[2953]: statistics: max cache size 3 at Dec 31 09:04:37
Dec 31 09:12:50 ec1.ccti.ull.es postfix/smtpd[29036]: connect from localhost.localdomain[127.0.0.1]
Dec 31 09:12:50 ec1.ccti.ull.es postfix/smtpd[29036]: lost connection after CONNECT from localhost.localdomain[127.0.0.1]
Dec 31 09:12:50 ec1.ccti.ull.es postfix/smtpd[29036]: disconnect from localhost.localdomain[127.0.0.1]
Dec 31 09:12:55 ec1.ccti.ull.es postfix/smtpd[27264]: connect from systemon2.sis.ccti.ull.es[193.145.96.92]
Dec 31 09:12:55 ec1.ccti.ull.es postfix/smtpd[27264]: disconnect from systemon2.sis.ccti.ull.es[193.145.96.92]
Dec 31 09:13:18 ec1.ccti.ull.es postfix/smtpd[27264]: connect from unknown[10.100.2.1]
Dec 31 09:13:18 ec1.ccti.ull.es postfix/smtpd[27264]: lost connection after HELO from unknown[10.100.2.1]
Dec 31 09:13:18 ec1.ccti.ull.es postfix/smtpd[27264]: disconnect from unknown[10.100.2.1]
Dec 31 09:13:48 ec1.ccti.ull.es postfix/smtpd[27264]: connect from systemon3.sis.ccti.ull.es[10.107.26.51]
Dec 31 09:13:48 ec1.ccti.ull.es postfix/smtpd[27264]: disconnect from systemon3.sis.ccti.ull.es[10.107.26.51]
Dec 31 09:14:19 ec1.ccti.ull.es postfix/smtpd[27264]: connect from unknown[10.100.2.1]
Dec 31 09:14:19 ec1.ccti.ull.es postfix/smtpd[27264]: lost connection after HELO from unknown[10.100.2.1]
Dec 31 09:14:19 ec1.ccti.ull.es postfix/smtpd[27264]: disconnect from unknown[10.100.2.1]
Dec 31 09:14:36 ec1.ccti.ull.es postfix/qmgr[30207]: 64EFF8C138: from=<mamolina@ull.es>, size=533761, nrcpt=1 (queue active)
Dec 31 09:14:36 ec1.ccti.ull.es postfix/qmgr[30207]: 56E8E8C171: from=<>, size=3910, nrcpt=1 (queue active)
Dec 31 09:14:36 ec1.ccti.ull.es postfix/qmgr[30207]: 509E48C178: from=<>, size=4134, nrcpt=1 (queue active)
Dec 31 09:14:36 ec1.ccti.ull.es postfix/qmgr[30207]: 2561B8C135: from=<>, size=3924, nrcpt=1 (queue active)
Dec 31 09:14:36 ec1.ccti.ull.es postfix/qmgr[30207]: 0FE2D8C141: from=<>, size=3592, nrcpt=1 (queue active)
Dec 31 09:14:36 ec1.ccti.ull.es postfix/qmgr[30207]: 057838C137: from=<>, size=5399, nrcpt=1 (queue active)
Dec 31 09:14:36 ec1.ccti.ull.es postfix/qmgr[30207]: 8AE9F8C172: from=<vemartin@ull.es>, size=2301, nrcpt=1 (queue active)
Dec 31 09:14:36 ec1.ccti.ull.es postfix/qmgr[30207]: 8DE078C12D: from=<pfernan@ull.es>, size=196409, nrcpt=1 (queue active)
Dec 31 09:14:36 ec1.ccti.ull.es postfix/qmgr[30207]: 3504C8C16D: from=<>, size=4792, nrcpt=1 (queue active)
Dec 31 09:14:36 ec1.ccti.ull.es postfix/smtp[29325]: certificate verification failed for mail.izona.es: num=18:self signed certificate
Dec 31 09:14:36 ec1.ccti.ull.es postfix/smtp[29325]: certificate peer name verification failed for mail.izona.es: CommonName mis-match: plesk
Dec 31 09:14:36 ec1.ccti.ull.es postfix/smtp[29327]: certificate verification failed for mail.izona.es: num=18:self signed certificate
Dec 31 09:14:36 ec1.ccti.ull.es postfix/smtp[29327]: certificate peer name verification failed for mail.izona.es: CommonName mis-match: plesk
Dec 31 09:14:36 ec1.ccti.ull.es postfix/smtp[29325]: Server certificate could not be verified
Dec 31 09:14:36 ec1.ccti.ull.es postfix/smtp[29327]: Server certificate could not be verified
Dec 31 09:14:36 ec1.ccti.ull.es postfix/smtp[29328]: connect to biomedicalnews1.org[209.200.236.186]: server dropped connection without sending the initial SMTP greeting (port 25)
Dec 31 09:14:36 ec1.ccti.ull.es postfix/smtp[29325]: 56E8E8C171: to=<boletinao@izona.es>, relay=mail.izona.es[82.223.114.160], delay=289104, status=deferred (host mail.izona.es[82.223.114.160] said: 451 qq read error (#4.3.0) (in reply to end of DATA command))
Dec 31 09:14:36 ec1.ccti.ull.es postfix/smtp[29327]: 2561B8C135: to=<boletinao@izona.es>, relay=mail.izona.es[82.223.114.160], delay=31378, status=deferred (host mail.izona.es[82.223.114.160] said: 451 qq read error (#4.3.0) (in reply to end of DATA command))
Dec 31 09:14:37 ec1.ccti.ull.es postfix/smtp[29332]: certificate peer name verification failed for gmail-smtp-in.l.google.com: CommonName mis-match: mx.google.com
Dec 31 09:14:37 ec1.ccti.ull.es postfix/smtp[29328]: connect to biomedicalnews1.org[209.200.236.185]: server dropped connection without sending the initial SMTP greeting (port 25)
Dec 31 09:14:37 ec1.ccti.ull.es postfix/smtp[29332]: 3504C8C16D: host gmail-smtp-in.l.google.com[209.85.229.27] said: 450-4.2.1 The user you are trying to contact is receiving mail at a rate that 450-4.2.1 prevents additional messages from being delivered. Please resend your 450-4.2.1 message at a later time. If the user is able to receive mail at that 450-4.2.1 time, your message will be delivered. For more information, please 450 4.2.1 visit http://mail.google.com/support/bin/answer.py?answer=6592 f33si22762628wej.157 (in reply to RCPT TO command)
Dec 31 09:14:37 ec1.ccti.ull.es postfix/smtp[29328]: 0FE2D8C141: to=<news@biomedicalnews1.org>, relay=none, delay=51449, status=deferred (connect to biomedicalnews1.org[209.200.236.185]: server dropped connection without sending the initial SMTP greeting)
Dec 31 09:14:37 ec1.ccti.ull.es postfix/smtp[29330]: 8AE9F8C172: to=<confirmar@peticionpublica.es>, relay=mail.peticionpublica.es[204.117.120.137], delay=160615, status=deferred (host mail.peticionpublica.es[204.117.120.137] said: 452 <confirmar@peticionpublica.es> Mailbox size limit exceeded (in reply to RCPT TO command))
Dec 31 09:14:37 ec1.ccti.ull.es postfix/smtp[29326]: connect to mailserver.bibliomednoticias.com.br[200.184.155.152]: server dropped connection without sending the initial SMTP greeting (port 25)
Dec 31 09:14:37 ec1.ccti.ull.es postfix/smtp[29326]: 509E48C178: to=<noticias@bibliomednoticias.com.br>, relay=none, delay=223271, status=deferred (connect to mailserver.bibliomednoticias.com.br[200.184.155.152]: server dropped connection without sending the initial SMTP greeting)
Dec 31 09:14:37 ec1.ccti.ull.es postfix/smtp[29332]: certificate peer name verification failed for alt1.gmail-smtp-in.l.google.com: CommonName mis-match: mx.google.com
Dec 31 09:14:38 ec1.ccti.ull.es postfix/smtp[29332]: 3504C8C16D: to=<har3barnes@gmail.com>, relay=alt1.gmail-smtp-in.l.google.com[74.125.43.27], delay=107045, status=deferred (host alt1.gmail-smtp-in.l.google.com[74.125.43.27] said: 450-4.2.1 The user you are trying to contact is receiving mail at a rate that 450-4.2.1 prevents additional messages from being delivered. Please resend your 450-4.2.1 message at a later time. If the user is able to receive mail at that 450-4.2.1 time, your message will be delivered. For more information, please 450 4.2.1 visit http://mail.google.com/support/bin/answer.py?answer=6592 n21si50006742bkw.90 (in reply to RCPT TO command))
Dec 31 09:14:39 ec1.ccti.ull.es postfix/smtp[29329]: certificate verification failed for mail.valoresintegrados.com: num=18:self signed certificate
Dec 31 09:14:39 ec1.ccti.ull.es postfix/smtp[29329]: certificate peer name verification failed for mail.valoresintegrados.com: CommonName mis-match: hd-t1595cl.privatedns.com
Dec 31 09:14:40 ec1.ccti.ull.es postfix/smtp[29329]: Server certificate could not be verified
Dec 31 09:14:40 ec1.ccti.ull.es postfix/smtp[29329]: 057838C137: to=<internacional.es-bounces@valoresintegrados.com>, relay=mail.valoresintegrados.com[209.172.34.202], delay=17263, status=deferred (host mail.valoresintegrados.com[209.172.34.202] said: 421 Unexpected failure, please try later (in reply to RCPT TO command))
Dec 31 09:15:01 ec1.ccti.ull.es postfix/smtpd[29443]: connect from localhost.localdomain[127.0.0.1]
Dec 31 09:15:01 ec1.ccti.ull.es postfix/smtpd[29443]: disconnect from localhost.localdomain[127.0.0.1]
Dec 31 09:15:06 ec1.ccti.ull.es postfix/smtp[29331]: connect to bbtk.ull.es[193.145.118.38]: Connection timed out (port 25)
Dec 31 09:15:06 ec1.ccti.ull.es postfix/smtp[29331]: 8DE078C12D: to=<dgarcia@bbtk.ull.es>, relay=none, delay=78261, status=deferred (connect to bbtk.ull.es[193.145.118.38]: Connection timed out)
Dec 31 09:15:20 ec1.ccti.ull.es postfix/smtpd[27264]: connect from unknown[10.100.2.1]
Dec 31 09:15:20 ec1.ccti.ull.es postfix/smtpd[27264]: lost connection after HELO from unknown[10.100.2.1]
Dec 31 09:15:20 ec1.ccti.ull.es postfix/smtpd[27264]: disconnect from unknown[10.100.2.1]
Dec 31 09:15:29 ec1.ccti.ull.es postfix/smtp[29324]: 64EFF8C138: to=<rcuentas@ill.es>, relay=none, delay=256987, status=deferred (Host or domain name not found. Name service error for name=ill.es type=MX: Host not found, try again)
Dec 31 09:15:50 ec1.ccti.ull.es postfix/smtpd[29443]: connect from localhost.localdomain[127.0.0.1]
Dec 31 09:15:50 ec1.ccti.ull.es postfix/smtpd[29443]: lost connection after CONNECT from localhost.localdomain[127.0.0.1]
Dec 31 09:15:50 ec1.ccti.ull.es postfix/smtpd[29443]: disconnect from localhost.localdomain[127.0.0.1]
Dec 31 09:16:11 ec1.ccti.ull.es postfix/smtpd[27264]: connect from systemon2.sis.ccti.ull.es[193.145.96.92]
Dec 31 09:16:11 ec1.ccti.ull.es postfix/smtpd[27264]: disconnect from systemon2.sis.ccti.ull.es[193.145.96.92]
Dec 31 09:16:21 ec1.ccti.ull.es postfix/smtpd[27264]: connect from unknown[10.100.2.1]
Dec 31 09:16:21 ec1.ccti.ull.es postfix/smtpd[27264]: lost connection after HELO from unknown[10.100.2.1]
Dec 31 09:16:21 ec1.ccti.ull.es postfix/smtpd[27264]: disconnect from unknown[10.100.2.1]
Dec 31 09:17:07 ec1.ccti.ull.es postfix/smtpd[27264]: connect from systemon3.sis.ccti.ull.es[10.107.26.51]
Dec 31 09:17:07 ec1.ccti.ull.es postfix/smtpd[27264]: disconnect from systemon3.sis.ccti.ull.es[10.107.26.51]
Dec 31 09:17:20 ec1.ccti.ull.es postfix/smtpd[27264]: connect from mp02.ccti.ull.es[10.4.9.102]
Dec 31 09:17:20 ec1.ccti.ull.es postfix/smtpd[27264]: 4432F8C128: client=mp02.ccti.ull.es[10.4.9.102]
Dec 31 09:17:20 ec1.ccti.ull.es postfix/cleanup[30016]: 4432F8C128: message-id=<89443c6ac0aa793ad24599038fa2f4a9@unisi.it>
Dec 31 09:17:20 ec1.ccti.ull.es postfix/smtpd[27264]: disconnect from mp02.ccti.ull.es[10.4.9.102]
Dec 31 09:17:20 ec1.ccti.ull.es postfix/qmgr[30207]: 4432F8C128: from=<bacaro@unisi.it>, size=3830, nrcpt=1 (queue active)
Dec 31 09:17:20 ec1.ccti.ull.es postfix/smtpd[29443]: connect from localhost.localdomain[127.0.0.1]
Dec 31 09:17:20 ec1.ccti.ull.es postfix/smtpd[29443]: 580B48C12A: client=localhost.localdomain[127.0.0.1]
Dec 31 09:17:20 ec1.ccti.ull.es postfix/cleanup[30016]: 580B48C12A: message-id=<89443c6ac0aa793ad24599038fa2f4a9@unisi.it>
Dec 31 09:17:20 ec1.ccti.ull.es postfix/smtp[30017]: 4432F8C128: to=<jmferpal@gmail.com>, relay=localhost[127.0.0.1], delay=0, status=sent (250 Ok: queued as 580B48C12A)
Dec 31 09:17:20 ec1.ccti.ull.es postfix/qmgr[30207]: 580B48C12A: from=<bacaro@unisi.it>, size=4014, nrcpt=1 (queue active)
Dec 31 09:17:20 ec1.ccti.ull.es postfix/smtpd[29443]: disconnect from localhost.localdomain[127.0.0.1]
Dec 31 09:17:20 ec1.ccti.ull.es postfix/qmgr[30207]: 4432F8C128: removed
Dec 31 09:17:20 ec1.ccti.ull.es postfix/smtp[30020]: certificate peer name verification failed for gmail-smtp-in.l.google.com: CommonName mis-match: mx.google.com
Dec 31 09:17:21 ec1.ccti.ull.es postfix/smtp[30020]: 580B48C12A: to=<jmferpal@gmail.com>, relay=gmail-smtp-in.l.google.com[209.85.229.27], delay=1, status=sent (250 2.0.0 OK 1293787032 j4si15941749wer.117)
Dec 31 09:17:21 ec1.ccti.ull.es postfix/qmgr[30207]: 580B48C12A: removed
Dec 31 09:17:22 ec1.ccti.ull.es postfix/smtpd[27264]: connect from unknown[10.100.2.1]
Dec 31 09:17:22 ec1.ccti.ull.es postfix/smtpd[27264]: lost connection after HELO from unknown[10.100.2.1]
Dec 31 09:17:22 ec1.ccti.ull.es postfix/smtpd[27264]: disconnect from unknown[10.100.2.1]
Dec 31 09:18:23 ec1.ccti.ull.es postfix/smtpd[27264]: connect from unknown[10.100.2.1]
Dec 31 09:18:23 ec1.ccti.ull.es postfix/smtpd[27264]: lost connection after HELO from unknown[10.100.2.1]
Dec 31 09:18:23 ec1.ccti.ull.es postfix/smtpd[27264]: disconnect from unknown[10.100.2.1]
Dec 31 09:18:48 ec1.ccti.ull.es postfix/smtpd[27264]: connect from systemon3.sis.ccti.ull.es[10.107.26.51]
Dec 31 09:18:48 ec1.ccti.ull.es postfix/smtpd[27264]: disconnect from systemon3.sis.ccti.ull.es[10.107.26.51]
Dec 31 09:18:50 ec1.ccti.ull.es postfix/smtpd[30260]: connect from systemon3.sis.ccti.ull.es[10.107.26.51]
Dec 31 09:18:50 ec1.ccti.ull.es postfix/smtpd[29443]: connect from localhost.localdomain[127.0.0.1]
Dec 31 09:18:50 ec1.ccti.ull.es postfix/smtpd[29443]: lost connection after CONNECT from localhost.localdomain[127.0.0.1]
Dec 31 09:18:50 ec1.ccti.ull.es postfix/smtpd[29443]: disconnect from localhost.localdomain[127.0.0.1]
Dec 31 09:18:50 ec1.ccti.ull.es postfix/smtpd[30260]: disconnect from systemon3.sis.ccti.ull.es[10.107.26.51]
Dec 31 09:19:24 ec1.ccti.ull.es postfix/smtpd[27264]: connect from unknown[10.100.2.1]
Dec 31 09:19:24 ec1.ccti.ull.es postfix/smtpd[27264]: lost connection after HELO from unknown[10.100.2.1]
Dec 31 09:19:24 ec1.ccti.ull.es postfix/smtpd[27264]: disconnect from unknown[10.100.2.1]
Dec 31 09:19:31 ec1.ccti.ull.es postfix/smtpd[30260]: connect from systemon2.sis.ccti.ull.es[193.145.96.92]
Dec 31 09:19:31 ec1.ccti.ull.es postfix/smtpd[30260]: disconnect from systemon2.sis.ccti.ull.es[193.145.96.92]
Dec 31 09:20:01 ec1.ccti.ull.es postfix/smtpd[29443]: connect from localhost.localdomain[127.0.0.1]
Dec 31 09:20:01 ec1.ccti.ull.es postfix/smtpd[29443]: disconnect from localhost.localdomain[127.0.0.1]
Dec 31 09:20:05 ec1.ccti.ull.es postfix/smtpd[27264]: connect from mb02.sis.ccti.ull.es[10.4.9.104]
Dec 31 09:20:05 ec1.ccti.ull.es postfix/smtpd[27264]: 9408F8C128: client=mb02.sis.ccti.ull.es[10.4.9.104]
Dec 31 09:20:05 ec1.ccti.ull.es postfix/cleanup[30640]: 9408F8C128: message-id=<dovecot-1293787205-405636-0@mb02.sis.ccti.ull.es>
Dec 31 09:20:05 ec1.ccti.ull.es postfix/qmgr[30207]: 9408F8C128: from=<>, size=4006, nrcpt=1 (queue active)
Dec 31 09:20:05 ec1.ccti.ull.es postfix/smtpd[27264]: disconnect from mb02.sis.ccti.ull.es[10.4.9.104]
Dec 31 09:20:05 ec1.ccti.ull.es postfix/smtpd[29443]: connect from localhost.localdomain[127.0.0.1]
Dec 31 09:20:05 ec1.ccti.ull.es postfix/smtpd[29443]: A8CDC8C12A: client=localhost.localdomain[127.0.0.1]
Dec 31 09:20:05 ec1.ccti.ull.es postfix/cleanup[30640]: A8CDC8C12A: message-id=<dovecot-1293787205-405636-0@mb02.sis.ccti.ull.es>
