Dec 31 09:54:07 ec1.ccti.ull.es postfix/smtp[3847]: C1BCE8C12A: to=<usuarios_ccti-owner@listas.ccti.ull.es>, relay=mx01.puc.rediris.es[130.206.18.10], delay=1, status=sent (250 OK id=1PYbgM-0000y0-Ed)
Dec 31 09:54:07 ec1.ccti.ull.es postfix/qmgr[30207]: C1BCE8C12A: removed
Dec 31 09:54:08 ec1.ccti.ull.es postfix/cleanup[3854]: C74D38C134: message-id=<dovecot-1293789246-672322-0@mb06.sis.ccti.ull.es>
Dec 31 09:54:08 ec1.ccti.ull.es postfix/smtp[4773]: B5D188C128: to=<usuarios_ccti-owner@listas.ccti.ull.es>, relay=localhost[127.0.0.1], delay=0, status=sent (250 Ok: queued as C74D38C134)
Dec 31 09:54:08 ec1.ccti.ull.es postfix/qmgr[30207]: C74D38C134: from=<>, size=3705, nrcpt=1 (queue active)
Dec 31 09:54:08 ec1.ccti.ull.es postfix/qmgr[30207]: B5D188C128: removed
Dec 31 09:54:08 ec1.ccti.ull.es postfix/smtpd[3857]: disconnect from localhost.localdomain[127.0.0.1]
Dec 31 09:54:08 ec1.ccti.ull.es postfix/smtp[5130]: certificate verification failed for mx01.puc.rediris.es: num=20:unable to get local issuer certificate
Dec 31 09:54:08 ec1.ccti.ull.es postfix/smtp[5130]: certificate verification failed for mx01.puc.rediris.es: num=27:certificate not trusted
Dec 31 09:54:08 ec1.ccti.ull.es postfix/smtp[5130]: Server certificate could not be verified
Dec 31 09:54:11 ec1.ccti.ull.es postfix/smtp[5130]: C74D38C134: to=<usuarios_ccti-owner@listas.ccti.ull.es>, relay=mx01.puc.rediris.es[130.206.18.12], delay=4, status=sent (250 OK id=1PYbgN-0008J9-Fg)
Dec 31 09:54:11 ec1.ccti.ull.es postfix/qmgr[30207]: C74D38C134: removed
Dec 31 09:54:31 ec1.ccti.ull.es postfix/smtpd[5204]: connect from systemon2.sis.ccti.ull.es[193.145.96.92]
Dec 31 09:54:31 ec1.ccti.ull.es postfix/smtpd[5204]: disconnect from systemon2.sis.ccti.ull.es[193.145.96.92]
Dec 31 09:54:52 ec1.ccti.ull.es postfix/smtpd[3857]: connect from localhost.localdomain[127.0.0.1]
Dec 31 09:54:52 ec1.ccti.ull.es postfix/smtpd[3857]: lost connection after CONNECT from localhost.localdomain[127.0.0.1]
Dec 31 09:54:52 ec1.ccti.ull.es postfix/smtpd[3857]: disconnect from localhost.localdomain[127.0.0.1]
Dec 31 09:54:59 ec1.ccti.ull.es postfix/smtpd[692]: connect from unknown[10.100.2.1]
Dec 31 09:54:59 ec1.ccti.ull.es postfix/smtpd[692]: lost connection after HELO from unknown[10.100.2.1]
Dec 31 09:54:59 ec1.ccti.ull.es postfix/smtpd[692]: disconnect from unknown[10.100.2.1]
Dec 31 09:55:01 ec1.ccti.ull.es postfix/smtpd[3857]: connect from localhost.localdomain[127.0.0.1]
Dec 31 09:55:01 ec1.ccti.ull.es postfix/smtpd[3857]: disconnect from localhost.localdomain[127.0.0.1]
Dec 31 09:55:04 ec1.ccti.ull.es postfix/smtpd[692]: connect from mb02.sis.ccti.ull.es[10.4.9.104]
Dec 31 09:55:04 ec1.ccti.ull.es postfix/smtpd[692]: CA3318C128: client=mb02.sis.ccti.ull.es[10.4.9.104]
Dec 31 09:55:04 ec1.ccti.ull.es postfix/cleanup[3854]: CA3318C128: message-id=<dovecot-1293789304-65292-0@mb02.sis.ccti.ull.es>
Dec 31 09:55:04 ec1.ccti.ull.es postfix/smtpd[692]: disconnect from mb02.sis.ccti.ull.es[10.4.9.104]
Dec 31 09:55:04 ec1.ccti.ull.es postfix/qmgr[30207]: CA3318C128: from=<>, size=3528, nrcpt=1 (queue active)
Dec 31 09:55:04 ec1.ccti.ull.es postfix/smtpd[3857]: connect from localhost.localdomain[127.0.0.1]
Dec 31 09:55:05 ec1.ccti.ull.es postfix/smtpd[3857]: DBF298C12A: client=localhost.localdomain[127.0.0.1]
Dec 31 09:55:05 ec1.ccti.ull.es postfix/cleanup[3854]: DBF298C12A: message-id=<dovecot-1293789304-65292-0@mb02.sis.ccti.ull.es>
Dec 31 09:55:05 ec1.ccti.ull.es postfix/smtp[4773]: CA3318C128: to=<usuarios_ccti-owner@listas.ccti.ull.es>, relay=localhost[127.0.0.1], delay=1, status=sent (250 Ok: queued as DBF298C12A)
Dec 31 09:55:05 ec1.ccti.ull.es postfix/qmgr[30207]: DBF298C12A: from=<>, size=3732, nrcpt=1 (queue active)
Dec 31 09:55:05 ec1.ccti.ull.es postfix/qmgr[30207]: CA3318C128: removed
Dec 31 09:55:05 ec1.ccti.ull.es postfix/smtpd[3857]: disconnect from localhost.localdomain[127.0.0.1]
Dec 31 09:55:07 ec1.ccti.ull.es postfix/smtpd[692]: connect from mb03.sis.ccti.ull.es[10.4.9.105]
Dec 31 09:55:07 ec1.ccti.ull.es postfix/smtpd[692]: 19D878C128: client=mb03.sis.ccti.ull.es[10.4.9.105]
Dec 31 09:55:07 ec1.ccti.ull.es postfix/cleanup[3854]: 19D878C128: message-id=<dovecot-1293789306-359997-0@mb03.sis.ccti.ull.es>
Dec 31 09:55:07 ec1.ccti.ull.es postfix/smtpd[692]: disconnect from mb03.sis.ccti.ull.es[10.4.9.105]
Dec 31 09:55:07 ec1.ccti.ull.es postfix/qmgr[30207]: 19D878C128: from=<>, size=3504, nrcpt=1 (queue active)
Dec 31 09:55:07 ec1.ccti.ull.es postfix/smtpd[3857]: connect from localhost.localdomain[127.0.0.1]
Dec 31 09:55:07 ec1.ccti.ull.es postfix/smtpd[3857]: 2B9318C134: client=localhost.localdomain[127.0.0.1]
Dec 31 09:55:07 ec1.ccti.ull.es postfix/cleanup[3854]: 2B9318C134: message-id=<dovecot-1293789306-359997-0@mb03.sis.ccti.ull.es>
Dec 31 09:55:07 ec1.ccti.ull.es postfix/smtp[4773]: 19D878C128: to=<usuarios_ccti-owner@listas.ccti.ull.es>, relay=localhost[127.0.0.1], delay=0, status=sent (250 Ok: queued as 2B9318C134)
Dec 31 09:55:07 ec1.ccti.ull.es postfix/qmgr[30207]: 2B9318C134: from=<>, size=3708, nrcpt=1 (queue active)
Dec 31 09:55:07 ec1.ccti.ull.es postfix/qmgr[30207]: 19D878C128: removed
Dec 31 09:55:07 ec1.ccti.ull.es postfix/smtpd[3857]: disconnect from localhost.localdomain[127.0.0.1]
Dec 31 09:55:07 ec1.ccti.ull.es postfix/smtp[5130]: certificate verification failed for mx02.puc.rediris.es: num=20:unable to get local issuer certificate
Dec 31 09:55:07 ec1.ccti.ull.es postfix/smtp[5130]: certificate verification failed for mx02.puc.rediris.es: num=27:certificate not trusted
Dec 31 09:55:08 ec1.ccti.ull.es postfix/smtp[5130]: Server certificate could not be verified
Dec 31 09:55:08 ec1.ccti.ull.es postfix/smtp[5130]: 2B9318C134: to=<usuarios_ccti-owner@listas.ccti.ull.es>, relay=mx02.puc.rediris.es[130.206.18.4], delay=1, status=sent (250 OK id=1PYbhK-0007hi-Ss)
Dec 31 09:55:08 ec1.ccti.ull.es postfix/qmgr[30207]: 2B9318C134: removed
Dec 31 09:55:08 ec1.ccti.ull.es postfix/smtp[3847]: certificate verification failed for mx01.puc.rediris.es: num=20:unable to get local issuer certificate
Dec 31 09:55:08 ec1.ccti.ull.es postfix/smtp[3847]: certificate verification failed for mx01.puc.rediris.es: num=27:certificate not trusted
Dec 31 09:55:08 ec1.ccti.ull.es postfix/smtp[3847]: Server certificate could not be verified
Dec 31 09:55:09 ec1.ccti.ull.es postfix/smtp[3847]: DBF298C12A: to=<usuarios_ccti-owner@listas.ccti.ull.es>, relay=mx01.puc.rediris.es[130.206.18.7], delay=5, status=sent (250 OK id=1PYbhL-0003H1-KK)
Dec 31 09:55:09 ec1.ccti.ull.es postfix/qmgr[30207]: DBF298C12A: removed
Dec 31 09:55:09 ec1.ccti.ull.es postfix/smtpd[692]: connect from mb04.sis.ccti.ull.es[10.4.9.106]
Dec 31 09:55:09 ec1.ccti.ull.es postfix/smtpd[692]: 3D0DB8C128: client=mb04.sis.ccti.ull.es[10.4.9.106]
Dec 31 09:55:09 ec1.ccti.ull.es postfix/cleanup[3854]: 3D0DB8C128: message-id=<dovecot-1293789308-453457-0@mb04.sis.ccti.ull.es>
Dec 31 09:55:09 ec1.ccti.ull.es postfix/qmgr[30207]: 3D0DB8C128: from=<>, size=3529, nrcpt=1 (queue active)
Dec 31 09:55:09 ec1.ccti.ull.es postfix/smtpd[692]: disconnect from mb04.sis.ccti.ull.es[10.4.9.106]
Dec 31 09:55:09 ec1.ccti.ull.es postfix/smtpd[3857]: connect from localhost.localdomain[127.0.0.1]
Dec 31 09:55:09 ec1.ccti.ull.es postfix/smtpd[3857]: 4FC578C12A: client=localhost.localdomain[127.0.0.1]
Dec 31 09:55:09 ec1.ccti.ull.es postfix/cleanup[3854]: 4FC578C12A: message-id=<dovecot-1293789308-453457-0@mb04.sis.ccti.ull.es>
Dec 31 09:55:09 ec1.ccti.ull.es postfix/qmgr[30207]: 4FC578C12A: from=<>, size=3733, nrcpt=1 (queue active)
Dec 31 09:55:09 ec1.ccti.ull.es postfix/smtpd[3857]: disconnect from localhost.localdomain[127.0.0.1]
Dec 31 09:55:09 ec1.ccti.ull.es postfix/smtp[4773]: 3D0DB8C128: to=<usuarios_ccti-owner@listas.ccti.ull.es>, relay=localhost[127.0.0.1], delay=0, status=sent (250 Ok: queued as 4FC578C12A)
Dec 31 09:55:09 ec1.ccti.ull.es postfix/qmgr[30207]: 3D0DB8C128: removed
Dec 31 09:55:10 ec1.ccti.ull.es postfix/smtp[5130]: certificate verification failed for mx01.puc.rediris.es: num=20:unable to get local issuer certificate
Dec 31 09:55:10 ec1.ccti.ull.es postfix/smtp[5130]: certificate verification failed for mx01.puc.rediris.es: num=27:certificate not trusted
Dec 31 09:55:10 ec1.ccti.ull.es postfix/smtp[5130]: Server certificate could not be verified
Dec 31 09:55:10 ec1.ccti.ull.es postfix/smtp[5130]: 4FC578C12A: to=<usuarios_ccti-owner@listas.ccti.ull.es>, relay=mx01.puc.rediris.es[130.206.18.7], delay=1, status=sent (250 OK id=1PYbhN-0003H9-1J)
Dec 31 09:55:10 ec1.ccti.ull.es postfix/qmgr[30207]: 4FC578C12A: removed
Dec 31 09:55:12 ec1.ccti.ull.es postfix/smtpd[692]: connect from mb01.sis.ccti.ull.es[10.4.9.103]
Dec 31 09:55:12 ec1.ccti.ull.es postfix/smtpd[692]: E36A28C128: client=mb01.sis.ccti.ull.es[10.4.9.103]
Dec 31 09:55:12 ec1.ccti.ull.es postfix/cleanup[3854]: E36A28C128: message-id=<dovecot-1293789311-463395-0@mb01.sis.ccti.ull.es>
Dec 31 09:55:12 ec1.ccti.ull.es postfix/smtpd[692]: disconnect from mb01.sis.ccti.ull.es[10.4.9.103]
Dec 31 09:55:12 ec1.ccti.ull.es postfix/qmgr[30207]: E36A28C128: from=<>, size=3523, nrcpt=1 (queue active)
Dec 31 09:55:12 ec1.ccti.ull.es postfix/smtpd[3857]: connect from localhost.localdomain[127.0.0.1]
Dec 31 09:55:12 ec1.ccti.ull.es postfix/smtpd[3857]: 0075C8C12A: client=localhost.localdomain[127.0.0.1]
Dec 31 09:55:12 ec1.ccti.ull.es postfix/cleanup[3854]: 0075C8C12A: message-id=<dovecot-1293789311-463395-0@mb01.sis.ccti.ull.es>
Dec 31 09:55:12 ec1.ccti.ull.es postfix/smtp[4773]: E36A28C128: to=<usuarios_ccti-owner@listas.ccti.ull.es>, relay=localhost[127.0.0.1], delay=1, status=sent (250 Ok: queued as 0075C8C12A)
Dec 31 09:55:12 ec1.ccti.ull.es postfix/qmgr[30207]: 0075C8C12A: from=<>, size=3727, nrcpt=1 (queue active)
Dec 31 09:55:12 ec1.ccti.ull.es postfix/qmgr[30207]: E36A28C128: removed
Dec 31 09:55:12 ec1.ccti.ull.es postfix/smtpd[3857]: disconnect from localhost.localdomain[127.0.0.1]
Dec 31 09:55:12 ec1.ccti.ull.es postfix/smtp[3847]: certificate verification failed for mx02.puc.rediris.es: num=20:unable to get local issuer certificate
Dec 31 09:55:12 ec1.ccti.ull.es postfix/smtp[3847]: certificate verification failed for mx02.puc.rediris.es: num=27:certificate not trusted
Dec 31 09:55:12 ec1.ccti.ull.es postfix/smtp[3847]: Server certificate could not be verified
Dec 31 09:55:13 ec1.ccti.ull.es postfix/smtp[3847]: 0075C8C12A: to=<usuarios_ccti-owner@listas.ccti.ull.es>, relay=mx02.puc.rediris.es[130.206.18.8], delay=1, status=sent (250 OK id=1PYbhP-0002eq-OE)
Dec 31 09:55:13 ec1.ccti.ull.es postfix/qmgr[30207]: 0075C8C12A: removed
Dec 31 09:55:37 ec1.ccti.ull.es postfix/smtpd[3857]: connect from localhost.localdomain[127.0.0.1]
Dec 31 09:55:37 ec1.ccti.ull.es postfix/smtpd[3857]: 40FCA8C128: client=localhost.localdomain[127.0.0.1]
Dec 31 09:55:37 ec1.ccti.ull.es postfix/cleanup[3854]: 40FCA8C128: message-id=<60514CEE2D6E412295D99228BE560771@Leslie>
Dec 31 09:55:37 ec1.ccti.ull.es postfix/qmgr[30207]: 40FCA8C128: from=<lbobb@ull.es>, size=7855, nrcpt=1 (queue active)
Dec 31 09:55:37 ec1.ccti.ull.es postfix/smtpd[3857]: disconnect from localhost.localdomain[127.0.0.1]
Dec 31 09:55:38 ec1.ccti.ull.es postfix/smtp[5130]: 40FCA8C128: to=<salbur_es@yahoo.co.uk>, relay=mx2.mail.eu.yahoo.com[77.238.184.241], delay=1, status=sent (250 ok dirdel)
Dec 31 09:55:38 ec1.ccti.ull.es postfix/qmgr[30207]: 40FCA8C128: removed
Dec 31 09:56:00 ec1.ccti.ull.es postfix/smtpd[692]: connect from unknown[10.100.2.1]
Dec 31 09:56:00 ec1.ccti.ull.es postfix/smtpd[692]: lost connection after HELO from unknown[10.100.2.1]
Dec 31 09:56:00 ec1.ccti.ull.es postfix/smtpd[692]: disconnect from unknown[10.100.2.1]
Dec 31 09:56:07 ec1.ccti.ull.es postfix/smtpd[692]: connect from mb06.sis.ccti.ull.es[10.4.9.108]
Dec 31 09:56:07 ec1.ccti.ull.es postfix/smtpd[692]: 54B5C8C128: client=mb06.sis.ccti.ull.es[10.4.9.108]
Dec 31 09:56:07 ec1.ccti.ull.es postfix/cleanup[3854]: 54B5C8C128: message-id=<dovecot-1293789366-504227-0@mb06.sis.ccti.ull.es>
Dec 31 09:56:07 ec1.ccti.ull.es postfix/smtpd[692]: disconnect from mb06.sis.ccti.ull.es[10.4.9.108]
Dec 31 09:56:07 ec1.ccti.ull.es postfix/qmgr[30207]: 54B5C8C128: from=<>, size=3504, nrcpt=1 (queue active)
Dec 31 09:56:07 ec1.ccti.ull.es postfix/smtpd[3857]: connect from localhost.localdomain[127.0.0.1]
Dec 31 09:56:07 ec1.ccti.ull.es postfix/smtpd[3857]: 678028C12A: client=localhost.localdomain[127.0.0.1]
Dec 31 09:56:07 ec1.ccti.ull.es postfix/cleanup[3854]: 678028C12A: message-id=<dovecot-1293789366-504227-0@mb06.sis.ccti.ull.es>
Dec 31 09:56:07 ec1.ccti.ull.es postfix/smtp[4773]: 54B5C8C128: to=<usuarios_ccti-owner@listas.ccti.ull.es>, relay=localhost[127.0.0.1], delay=0, status=sent (250 Ok: queued as 678028C12A)
Dec 31 09:56:07 ec1.ccti.ull.es postfix/qmgr[30207]: 678028C12A: from=<>, size=3708, nrcpt=1 (queue active)
Dec 31 09:56:07 ec1.ccti.ull.es postfix/smtpd[3857]: disconnect from localhost.localdomain[127.0.0.1]
Dec 31 09:56:07 ec1.ccti.ull.es postfix/qmgr[30207]: 54B5C8C128: removed
Dec 31 09:56:08 ec1.ccti.ull.es postfix/smtpd[692]: connect from mb06.sis.ccti.ull.es[10.4.9.108]
Dec 31 09:56:08 ec1.ccti.ull.es postfix/smtpd[692]: E6A1A8C128: client=mb06.sis.ccti.ull.es[10.4.9.108]
Dec 31 09:56:08 ec1.ccti.ull.es postfix/cleanup[3854]: E6A1A8C128: message-id=<dovecot-1293789367-54717-0@mb06.sis.ccti.ull.es>
Dec 31 09:56:08 ec1.ccti.ull.es postfix/qmgr[30207]: E6A1A8C128: from=<>, size=3521, nrcpt=1 (queue active)
Dec 31 09:56:08 ec1.ccti.ull.es postfix/smtpd[692]: disconnect from mb06.sis.ccti.ull.es[10.4.9.108]
Dec 31 09:56:08 ec1.ccti.ull.es postfix/smtpd[3857]: connect from localhost.localdomain[127.0.0.1]
Dec 31 09:56:08 ec1.ccti.ull.es postfix/smtpd[3857]: 044DD8C134: client=localhost.localdomain[127.0.0.1]
Dec 31 09:56:08 ec1.ccti.ull.es postfix/smtp[3847]: certificate verification failed for mx01.puc.rediris.es: num=20:unable to get local issuer certificate
Dec 31 09:56:08 ec1.ccti.ull.es postfix/smtp[3847]: certificate verification failed for mx01.puc.rediris.es: num=27:certificate not trusted
Dec 31 09:56:08 ec1.ccti.ull.es postfix/cleanup[3854]: 044DD8C134: message-id=<dovecot-1293789367-54717-0@mb06.sis.ccti.ull.es>
Dec 31 09:56:08 ec1.ccti.ull.es postfix/smtp[4773]: E6A1A8C128: to=<usuarios_ccti-owner@listas.ccti.ull.es>, relay=localhost[127.0.0.1], delay=1, status=sent (250 Ok: queued as 044DD8C134)
Dec 31 09:56:08 ec1.ccti.ull.es postfix/qmgr[30207]: 044DD8C134: from=<>, size=3725, nrcpt=1 (queue active)
Dec 31 09:56:08 ec1.ccti.ull.es postfix/qmgr[30207]: E6A1A8C128: removed
Dec 31 09:56:08 ec1.ccti.ull.es postfix/smtpd[3857]: disconnect from localhost.localdomain[127.0.0.1]
Dec 31 09:56:08 ec1.ccti.ull.es postfix/smtp[3847]: Server certificate could not be verified
Dec 31 09:56:08 ec1.ccti.ull.es postfix/smtp[3847]: 678028C12A: to=<usuarios_ccti-owner@listas.ccti.ull.es>, relay=mx01.puc.rediris.es[130.206.18.10], delay=1, status=sent (250 OK id=1PYbiJ-0001MD-5T)
Dec 31 09:56:08 ec1.ccti.ull.es postfix/qmgr[30207]: 678028C12A: removed
Dec 31 09:56:08 ec1.ccti.ull.es postfix/smtp[5130]: certificate verification failed for mx02.puc.rediris.es: num=20:unable to get local issuer certificate
Dec 31 09:56:08 ec1.ccti.ull.es postfix/smtp[5130]: certificate verification failed for mx02.puc.rediris.es: num=27:certificate not trusted
Dec 31 09:56:08 ec1.ccti.ull.es postfix/smtp[5130]: Server certificate could not be verified
Dec 31 09:56:09 ec1.ccti.ull.es postfix/smtp[5130]: 044DD8C134: to=<usuarios_ccti-owner@listas.ccti.ull.es>, relay=mx02.puc.rediris.es[130.206.18.4], delay=1, status=sent (250 OK id=1PYbiJ-0007nD-Oj)
Dec 31 09:56:09 ec1.ccti.ull.es postfix/qmgr[30207]: 044DD8C134: removed
Dec 31 09:56:10 ec1.ccti.ull.es postfix/smtpd[692]: connect from mb03.sis.ccti.ull.es[10.4.9.105]
Dec 31 09:56:10 ec1.ccti.ull.es postfix/smtpd[692]: 1BCDA8C128: client=mb03.sis.ccti.ull.es[10.4.9.105]
Dec 31 09:56:10 ec1.ccti.ull.es postfix/cleanup[3854]: 1BCDA8C128: message-id=<dovecot-1293789369-355883-0@mb03.sis.ccti.ull.es>
Dec 31 09:56:10 ec1.ccti.ull.es postfix/smtpd[692]: disconnect from mb03.sis.ccti.ull.es[10.4.9.105]
Dec 31 09:56:10 ec1.ccti.ull.es postfix/qmgr[30207]: 1BCDA8C128: from=<>, size=3526, nrcpt=1 (queue active)
Dec 31 09:56:10 ec1.ccti.ull.es postfix/smtpd[3857]: connect from localhost.localdomain[127.0.0.1]
Dec 31 09:56:10 ec1.ccti.ull.es postfix/smtpd[3857]: 2DF5D8C12A: client=localhost.localdomain[127.0.0.1]
Dec 31 09:56:10 ec1.ccti.ull.es postfix/cleanup[3854]: 2DF5D8C12A: message-id=<dovecot-1293789369-355883-0@mb03.sis.ccti.ull.es>
Dec 31 09:56:10 ec1.ccti.ull.es postfix/smtp[4773]: 1BCDA8C128: to=<usuarios_ccti-owner@listas.ccti.ull.es>, relay=localhost[127.0.0.1], delay=0, status=sent (250 Ok: queued as 2DF5D8C12A)
Dec 31 09:56:10 ec1.ccti.ull.es postfix/qmgr[30207]: 2DF5D8C12A: from=<>, size=3730, nrcpt=1 (queue active)
Dec 31 09:56:10 ec1.ccti.ull.es postfix/qmgr[30207]: 1BCDA8C128: removed
Dec 31 09:56:10 ec1.ccti.ull.es postfix/smtpd[3857]: disconnect from localhost.localdomain[127.0.0.1]
Dec 31 09:56:10 ec1.ccti.ull.es postfix/smtp[3847]: certificate verification failed for mx02.puc.rediris.es: num=20:unable to get local issuer certificate
Dec 31 09:56:10 ec1.ccti.ull.es postfix/smtp[3847]: certificate verification failed for mx02.puc.rediris.es: num=27:certificate not trusted
Dec 31 09:56:11 ec1.ccti.ull.es postfix/smtp[3847]: Server certificate could not be verified
Dec 31 09:56:11 ec1.ccti.ull.es postfix/smtpd[692]: connect from mp01.ccti.ull.es[10.4.9.101]
Dec 31 09:56:11 ec1.ccti.ull.es postfix/smtpd[692]: 06D158C128: client=mp01.ccti.ull.es[10.4.9.101]
Dec 31 09:56:11 ec1.ccti.ull.es postfix/cleanup[3854]: 06D158C128: message-id=<20101231091309.7C849B7734@mailventaja02.ventajaeuropa.com>
Dec 31 09:56:11 ec1.ccti.ull.es postfix/qmgr[30207]: 06D158C128: from=<emailing.ve@ikeafamily.net>, size=7265, nrcpt=1 (queue active)
Dec 31 09:56:11 ec1.ccti.ull.es postfix/smtpd[692]: disconnect from mp01.ccti.ull.es[10.4.9.101]
Dec 31 09:56:11 ec1.ccti.ull.es postfix/smtpd[3857]: connect from localhost.localdomain[127.0.0.1]
Dec 31 09:56:11 ec1.ccti.ull.es postfix/smtpd[3857]: 185098C134: client=localhost.localdomain[127.0.0.1]
Dec 31 09:56:11 ec1.ccti.ull.es postfix/smtp[3847]: 2DF5D8C12A: to=<usuarios_ccti-owner@listas.ccti.ull.es>, relay=mx02.puc.rediris.es[130.206.18.8], delay=1, status=sent (250 OK id=1PYbiL-0002n4-Qh)
Dec 31 09:56:11 ec1.ccti.ull.es postfix/smtpd[692]: connect from systemon2.sis.ccti.ull.es[193.145.96.92]
Dec 31 09:56:11 ec1.ccti.ull.es postfix/smtpd[692]: disconnect from systemon2.sis.ccti.ull.es[193.145.96.92]
Dec 31 09:56:11 ec1.ccti.ull.es postfix/cleanup[3854]: 185098C134: message-id=<20101231091309.7C849B7734@mailventaja02.ventajaeuropa.com>
Dec 31 09:56:11 ec1.ccti.ull.es postfix/qmgr[30207]: 2DF5D8C12A: removed
Dec 31 09:56:11 ec1.ccti.ull.es postfix/smtp[4773]: 06D158C128: to=<herpergon@gmail.com>, relay=localhost[127.0.0.1], delay=0, status=sent (250 Ok: queued as 185098C134)
Dec 31 09:56:11 ec1.ccti.ull.es postfix/qmgr[30207]: 185098C134: from=<emailing.ve@ikeafamily.net>, size=7450, nrcpt=1 (queue active)
Dec 31 09:56:11 ec1.ccti.ull.es postfix/smtpd[3857]: disconnect from localhost.localdomain[127.0.0.1]
Dec 31 09:56:11 ec1.ccti.ull.es postfix/qmgr[30207]: 06D158C128: removed
Dec 31 09:56:12 ec1.ccti.ull.es postfix/smtp[5130]: certificate peer name verification failed for gmail-smtp-in.l.google.com: CommonName mis-match: mx.google.com
Dec 31 09:56:13 ec1.ccti.ull.es postfix/smtp[5130]: 185098C134: to=<herpergon@gmail.com>, relay=gmail-smtp-in.l.google.com[209.85.229.27], delay=1, status=sent (250 2.0.0 OK 1293789363 z1si22801502wej.133)
Dec 31 09:56:13 ec1.ccti.ull.es postfix/qmgr[30207]: 185098C134: removed
Dec 31 09:56:31 ec1.ccti.ull.es postfix/smtpd[3857]: connect from localhost.localdomain[127.0.0.1]
Dec 31 09:56:31 ec1.ccti.ull.es postfix/smtpd[3857]: 5AD2B8C128: client=localhost.localdomain[127.0.0.1]
Dec 31 09:56:31 ec1.ccti.ull.es postfix/cleanup[3854]: 5AD2B8C128: message-id=<89056CDF1B7D42AC8875A6307A88434B@Leslie>
Dec 31 09:56:31 ec1.ccti.ull.es postfix/qmgr[30207]: 5AD2B8C128: from=<lbobb@ull.es>, size=9875, nrcpt=1 (queue active)
Dec 31 09:56:31 ec1.ccti.ull.es postfix/smtpd[3857]: disconnect from localhost.localdomain[127.0.0.1]
Dec 31 09:56:32 ec1.ccti.ull.es postfix/smtp[3847]: 5AD2B8C128: to=<anatever@yahoo.es>, relay=mx2.mail.eu.yahoo.com[77.238.184.241], delay=1, status=sent (250 ok dirdel)
Dec 31 09:56:32 ec1.ccti.ull.es postfix/qmgr[30207]: 5AD2B8C128: removed
Dec 31 09:56:36 ec1.ccti.ull.es postfix/smtpd[692]: connect from mb06.sis.ccti.ull.es[10.4.9.108]
Dec 31 09:56:36 ec1.ccti.ull.es postfix/smtpd[692]: 0202F8C128: client=mb06.sis.ccti.ull.es[10.4.9.108]
Dec 31 09:56:36 ec1.ccti.ull.es postfix/cleanup[3854]: 0202F8C128: message-id=<dovecot-1293789395-872725-0@mb06.sis.ccti.ull.es>
Dec 31 09:56:36 ec1.ccti.ull.es postfix/smtpd[692]: disconnect from mb06.sis.ccti.ull.es[10.4.9.108]
Dec 31 09:56:36 ec1.ccti.ull.es postfix/qmgr[30207]: 0202F8C128: from=<>, size=3927, nrcpt=1 (queue active)
Dec 31 09:56:36 ec1.ccti.ull.es postfix/smtpd[3857]: connect from localhost.localdomain[127.0.0.1]
Dec 31 09:56:36 ec1.ccti.ull.es postfix/smtpd[3857]: 15B168C12A: client=localhost.localdomain[127.0.0.1]
Dec 31 09:56:36 ec1.ccti.ull.es postfix/cleanup[3854]: 15B168C12A: message-id=<dovecot-1293789395-872725-0@mb06.sis.ccti.ull.es>
Dec 31 09:56:36 ec1.ccti.ull.es postfix/qmgr[30207]: 15B168C12A: from=<>, size=4119, nrcpt=1 (queue active)
Dec 31 09:56:36 ec1.ccti.ull.es postfix/smtp[4773]: 0202F8C128: to=<emailing.ve@ikeafamily.net>, relay=localhost[127.0.0.1], delay=0, status=sent (250 Ok: queued as 15B168C12A)
Dec 31 09:56:36 ec1.ccti.ull.es postfix/qmgr[30207]: 0202F8C128: removed
Dec 31 09:56:36 ec1.ccti.ull.es postfix/smtpd[3857]: disconnect from localhost.localdomain[127.0.0.1]
Dec 31 09:56:36 ec1.ccti.ull.es postfix/smtp[5130]: certificate verification failed for mailserver.ikeafamily.net: num=18:self signed certificate
Dec 31 09:56:36 ec1.ccti.ull.es postfix/smtp[5130]: certificate peer name verification failed for mailserver.ikeafamily.net: CommonName mis-match: imap.ikeasi.com
Dec 31 09:56:36 ec1.ccti.ull.es postfix/smtp[5130]: Server certificate could not be verified
Dec 31 09:56:36 ec1.ccti.ull.es postfix/smtp[5130]: 15B168C12A: to=<emailing.ve@ikeafamily.net>, relay=mailserver.ikeafamily.net[84.124.59.151], delay=0, status=deferred (host mailserver.ikeafamily.net[84.124.59.151] said: 454 4.7.1 <emailing.ve@ikeafamily.net>: Relay access denied (in reply to RCPT TO command))
Dec 31 09:57:01 ec1.ccti.ull.es postfix/smtpd[692]: connect from unknown[10.100.2.1]
Dec 31 09:57:01 ec1.ccti.ull.es postfix/smtpd[692]: lost connection after HELO from unknown[10.100.2.1]
Dec 31 09:57:01 ec1.ccti.ull.es postfix/smtpd[692]: disconnect from unknown[10.100.2.1]
Dec 31 09:57:03 ec1.ccti.ull.es postfix/smtpd[692]: connect from mb06.sis.ccti.ull.es[10.4.9.108]
Dec 31 09:57:03 ec1.ccti.ull.es postfix/smtpd[692]: D597C8C128: client=mb06.sis.ccti.ull.es[10.4.9.108]
Dec 31 09:57:03 ec1.ccti.ull.es postfix/cleanup[3854]: D597C8C128: message-id=<dovecot-1293789423-118156-0@mb06.sis.ccti.ull.es>
Dec 31 09:57:04 ec1.ccti.ull.es postfix/smtpd[692]: disconnect from mb06.sis.ccti.ull.es[10.4.9.108]
Dec 31 09:57:04 ec1.ccti.ull.es postfix/qmgr[30207]: D597C8C128: from=<>, size=3504, nrcpt=1 (queue active)
Dec 31 09:57:04 ec1.ccti.ull.es postfix/smtpd[3857]: connect from localhost.localdomain[127.0.0.1]
Dec 31 09:57:04 ec1.ccti.ull.es postfix/smtpd[3857]: E6D4B8C134: client=localhost.localdomain[127.0.0.1]
Dec 31 09:57:04 ec1.ccti.ull.es postfix/cleanup[3854]: E6D4B8C134: message-id=<dovecot-1293789423-118156-0@mb06.sis.ccti.ull.es>
Dec 31 09:57:04 ec1.ccti.ull.es postfix/smtp[4773]: D597C8C128: to=<usuarios_ccti-owner@listas.ccti.ull.es>, relay=localhost[127.0.0.1], delay=1, status=sent (250 Ok: queued as E6D4B8C134)
Dec 31 09:57:04 ec1.ccti.ull.es postfix/smtpd[3857]: disconnect from localhost.localdomain[127.0.0.1]
Dec 31 09:57:04 ec1.ccti.ull.es postfix/qmgr[30207]: E6D4B8C134: from=<>, size=3708, nrcpt=1 (queue active)
Dec 31 09:57:04 ec1.ccti.ull.es postfix/qmgr[30207]: D597C8C128: removed
Dec 31 09:57:04 ec1.ccti.ull.es postfix/smtpd[692]: connect from mb05.sis.ccti.ull.es[10.4.9.107]
Dec 31 09:57:04 ec1.ccti.ull.es postfix/smtpd[692]: 622468C128: client=mb05.sis.ccti.ull.es[10.4.9.107]
Dec 31 09:57:04 ec1.ccti.ull.es postfix/cleanup[3854]: 622468C128: message-id=<dovecot-1293789423-571728-0@mb05.sis.ccti.ull.es>
Dec 31 09:57:04 ec1.ccti.ull.es postfix/qmgr[30207]: 622468C128: from=<>, size=3500, nrcpt=1 (queue active)
Dec 31 09:57:04 ec1.ccti.ull.es postfix/smtpd[692]: disconnect from mb05.sis.ccti.ull.es[10.4.9.107]
Dec 31 09:57:04 ec1.ccti.ull.es postfix/smtpd[3857]: connect from localhost.localdomain[127.0.0.1]
Dec 31 09:57:04 ec1.ccti.ull.es postfix/smtpd[3857]: 729D48C146: client=localhost.localdomain[127.0.0.1]
Dec 31 09:57:04 ec1.ccti.ull.es postfix/cleanup[3854]: 729D48C146: message-id=<dovecot-1293789423-571728-0@mb05.sis.ccti.ull.es>
Dec 31 09:57:04 ec1.ccti.ull.es postfix/smtp[3847]: certificate verification failed for mx02.puc.rediris.es: num=20:unable to get local issuer certificate
Dec 31 09:57:04 ec1.ccti.ull.es postfix/smtp[3847]: certificate verification failed for mx02.puc.rediris.es: num=27:certificate not trusted
Dec 31 09:57:04 ec1.ccti.ull.es postfix/smtp[4773]: 622468C128: to=<usuarios_ccti-owner@listas.ccti.ull.es>, relay=localhost[127.0.0.1], delay=0, status=sent (250 Ok: queued as 729D48C146)
Dec 31 09:57:04 ec1.ccti.ull.es postfix/qmgr[30207]: 729D48C146: from=<>, size=3704, nrcpt=1 (queue active)
Dec 31 09:57:04 ec1.ccti.ull.es postfix/qmgr[30207]: 622468C128: removed
Dec 31 09:57:04 ec1.ccti.ull.es postfix/smtpd[3857]: disconnect from localhost.localdomain[127.0.0.1]
Dec 31 09:57:04 ec1.ccti.ull.es postfix/smtp[3847]: Server certificate could not be verified
Dec 31 09:57:05 ec1.ccti.ull.es postfix/smtp[3847]: E6D4B8C134: to=<usuarios_ccti-owner@listas.ccti.ull.es>, relay=mx02.puc.rediris.es[130.206.18.13], delay=2, status=sent (250 OK id=1PYbjD-0001Kz-Ll)
Dec 31 09:57:05 ec1.ccti.ull.es postfix/qmgr[30207]: E6D4B8C134: removed
Dec 31 09:57:05 ec1.ccti.ull.es postfix/smtp[5130]: certificate verification failed for mx01.puc.rediris.es: num=20:unable to get local issuer certificate
Dec 31 09:57:05 ec1.ccti.ull.es postfix/smtp[5130]: certificate verification failed for mx01.puc.rediris.es: num=27:certificate not trusted
Dec 31 09:57:05 ec1.ccti.ull.es postfix/smtp[5130]: Server certificate could not be verified
Dec 31 09:57:05 ec1.ccti.ull.es postfix/smtp[5130]: 729D48C146: to=<usuarios_ccti-owner@listas.ccti.ull.es>, relay=mx01.puc.rediris.es[130.206.18.10], delay=1, status=sent (250 OK id=1PYbjE-0001Wk-7H)
Dec 31 09:57:05 ec1.ccti.ull.es postfix/qmgr[30207]: 729D48C146: removed
Dec 31 09:57:06 ec1.ccti.ull.es postfix/smtpd[692]: connect from mb04.sis.ccti.ull.es[10.4.9.106]
Dec 31 09:57:06 ec1.ccti.ull.es postfix/smtpd[692]: B1F2A8C128: client=mb04.sis.ccti.ull.es[10.4.9.106]
Dec 31 09:57:06 ec1.ccti.ull.es postfix/cleanup[3854]: B1F2A8C128: message-id=<dovecot-1293789425-666113-0@mb04.sis.ccti.ull.es>
Dec 31 09:57:06 ec1.ccti.ull.es postfix/smtpd[692]: disconnect from mb04.sis.ccti.ull.es[10.4.9.106]
Dec 31 09:57:06 ec1.ccti.ull.es postfix/qmgr[30207]: B1F2A8C128: from=<>, size=3504, nrcpt=1 (queue active)
Dec 31 09:57:06 ec1.ccti.ull.es postfix/smtpd[3857]: connect from localhost.localdomain[127.0.0.1]
Dec 31 09:57:06 ec1.ccti.ull.es postfix/smtpd[3857]: C35808C134: client=localhost.localdomain[127.0.0.1]
Dec 31 09:57:07 ec1.ccti.ull.es postfix/cleanup[3854]: C35808C134: message-id=<dovecot-1293789425-666113-0@mb04.sis.ccti.ull.es>
Dec 31 09:57:07 ec1.ccti.ull.es postfix/smtp[4773]: B1F2A8C128: to=<usuarios_ccti-owner@listas.ccti.ull.es>, relay=localhost[127.0.0.1], delay=0, status=sent (250 Ok: queued as C35808C134)
Dec 31 09:57:07 ec1.ccti.ull.es postfix/qmgr[30207]: C35808C134: from=<>, size=3708, nrcpt=1 (queue active)
Dec 31 09:57:07 ec1.ccti.ull.es postfix/smtpd[3857]: disconnect from localhost.localdomain[127.0.0.1]
Dec 31 09:57:07 ec1.ccti.ull.es postfix/qmgr[30207]: B1F2A8C128: removed
Dec 31 09:57:07 ec1.ccti.ull.es postfix/smtpd[692]: connect from mb06.sis.ccti.ull.es[10.4.9.108]
Dec 31 09:57:07 ec1.ccti.ull.es postfix/smtpd[692]: 02A048C128: client=mb06.sis.ccti.ull.es[10.4.9.108]
Dec 31 09:57:07 ec1.ccti.ull.es postfix/cleanup[3854]: 02A048C128: message-id=<dovecot-1293789425-820898-0@mb06.sis.ccti.ull.es>
Dec 31 09:57:07 ec1.ccti.ull.es postfix/qmgr[30207]: 02A048C128: from=<>, size=3504, nrcpt=1 (queue active)
Dec 31 09:57:07 ec1.ccti.ull.es postfix/smtpd[692]: disconnect from mb06.sis.ccti.ull.es[10.4.9.108]
Dec 31 09:57:07 ec1.ccti.ull.es postfix/smtpd[3857]: connect from localhost.localdomain[127.0.0.1]
Dec 31 09:57:07 ec1.ccti.ull.es postfix/smtpd[3857]: 12D2B8C146: client=localhost.localdomain[127.0.0.1]
Dec 31 09:57:07 ec1.ccti.ull.es postfix/cleanup[3854]: 12D2B8C146: message-id=<dovecot-1293789425-820898-0@mb06.sis.ccti.ull.es>
Dec 31 09:57:07 ec1.ccti.ull.es postfix/smtp[4773]: 02A048C128: to=<usuarios_ccti-owner@listas.ccti.ull.es>, relay=localhost[127.0.0.1], delay=0, status=sent (250 Ok: queued as 12D2B8C146)
Dec 31 09:57:07 ec1.ccti.ull.es postfix/qmgr[30207]: 12D2B8C146: from=<>, size=3708, nrcpt=1 (queue active)
Dec 31 09:57:07 ec1.ccti.ull.es postfix/qmgr[30207]: 02A048C128: removed
Dec 31 09:57:07 ec1.ccti.ull.es postfix/smtpd[3857]: disconnect from localhost.localdomain[127.0.0.1]
Dec 31 09:57:07 ec1.ccti.ull.es postfix/smtp[3847]: certificate verification failed for mx02.puc.rediris.es: num=20:unable to get local issuer certificate
Dec 31 09:57:07 ec1.ccti.ull.es postfix/smtp[3847]: certificate verification failed for mx02.puc.rediris.es: num=27:certificate not trusted
Dec 31 09:57:07 ec1.ccti.ull.es postfix/smtp[3847]: Server certificate could not be verified
Dec 31 09:57:07 ec1.ccti.ull.es postfix/smtp[5130]: certificate verification failed for mx02.puc.rediris.es: num=20:unable to get local issuer certificate
Dec 31 09:57:07 ec1.ccti.ull.es postfix/smtp[5130]: certificate verification failed for mx02.puc.rediris.es: num=27:certificate not trusted
Dec 31 09:57:07 ec1.ccti.ull.es postfix/smtp[5130]: Server certificate could not be verified
Dec 31 09:57:07 ec1.ccti.ull.es postfix/smtp[3847]: C35808C134: to=<usuarios_ccti-owner@listas.ccti.ull.es>, relay=mx02.puc.rediris.es[130.206.18.8], delay=1, status=sent (250 OK id=1PYbjG-000327-Db)
Dec 31 09:57:07 ec1.ccti.ull.es postfix/qmgr[30207]: C35808C134: removed
Dec 31 09:57:08 ec1.ccti.ull.es postfix/smtp[5130]: 12D2B8C146: to=<usuarios_ccti-owner@listas.ccti.ull.es>, relay=mx02.puc.rediris.es[130.206.18.3], delay=1, status=sent (250 OK id=1PYbjG-0006MN-ML)
Dec 31 09:57:08 ec1.ccti.ull.es postfix/qmgr[30207]: 12D2B8C146: removed
Dec 31 09:57:43 ec1.ccti.ull.es postfix/smtpd[3857]: connect from localhost.localdomain[127.0.0.1]
Dec 31 09:57:44 ec1.ccti.ull.es postfix/smtpd[3857]: E16A68C128: client=localhost.localdomain[127.0.0.1]
Dec 31 09:57:44 ec1.ccti.ull.es postfix/cleanup[3854]: E16A68C128: message-id=<002101cba8d1$2510f290$6f32d7b0$@es>
Dec 31 09:57:44 ec1.ccti.ull.es postfix/qmgr[30207]: E16A68C128: from=<vzapata@ull.es>, size=7245, nrcpt=6 (queue active)
Dec 31 09:57:44 ec1.ccti.ull.es postfix/smtpd[3857]: disconnect from localhost.localdomain[127.0.0.1]
Dec 31 09:57:44 ec1.ccti.ull.es postfix/smtp[3847]: certificate peer name verification failed for gmail-smtp-in.l.google.com: CommonName mis-match: mx.google.com
Dec 31 09:57:45 ec1.ccti.ull.es postfix/smtp[3847]: E16A68C128: to=<aaronrodriguezgonzalez@gmail.com>, relay=gmail-smtp-in.l.google.com[209.85.229.27], delay=2, status=sent (250 2.0.0 OK 1293789456 r1si22817514wbr.23)
Dec 31 09:57:45 ec1.ccti.ull.es postfix/smtp[3847]: E16A68C128: to=<alexismesa@gmail.com>, relay=gmail-smtp-in.l.google.com[209.85.229.27], delay=2, status=sent (250 2.0.0 OK 1293789456 r1si22817514wbr.23)
Dec 31 09:57:45 ec1.ccti.ull.es postfix/smtp[3847]: E16A68C128: to=<carolinamava@gmail.com>, relay=gmail-smtp-in.l.google.com[209.85.229.27], delay=2, status=sent (250 2.0.0 OK 1293789456 r1si22817514wbr.23)
Dec 31 09:57:45 ec1.ccti.ull.es postfix/smtp[3847]: E16A68C128: to=<mfermarin@gmail.com>, relay=gmail-smtp-in.l.google.com[209.85.229.27], delay=2, status=sent (250 2.0.0 OK 1293789456 r1si22817514wbr.23)
Dec 31 09:57:45 ec1.ccti.ull.es postfix/smtp[3847]: E16A68C128: to=<saramageo@gmail.com>, relay=gmail-smtp-in.l.google.com[209.85.229.27], delay=2, status=sent (250 2.0.0 OK 1293789456 r1si22817514wbr.23)
Dec 31 09:57:46 ec1.ccti.ull.es postfix/smtp[5130]: E16A68C128: to=<jtorralbo@tenerife.es>, relay=mx.tenerife.es[89.140.28.3], delay=3, status=sent (250 Requested mail action okay, completed.)
Dec 31 09:57:46 ec1.ccti.ull.es postfix/qmgr[30207]: E16A68C128: removed
Dec 31 09:57:52 ec1.ccti.ull.es postfix/smtpd[3857]: connect from localhost.localdomain[127.0.0.1]
Dec 31 09:57:52 ec1.ccti.ull.es postfix/smtpd[3857]: lost connection after CONNECT from localhost.localdomain[127.0.0.1]
Dec 31 09:57:52 ec1.ccti.ull.es postfix/smtpd[3857]: disconnect from localhost.localdomain[127.0.0.1]
Dec 31 09:57:54 ec1.ccti.ull.es postfix/smtpd[3857]: connect from localhost.localdomain[127.0.0.1]
Dec 31 09:57:54 ec1.ccti.ull.es postfix/smtpd[3857]: 824218C128: client=localhost.localdomain[127.0.0.1]
Dec 31 09:57:54 ec1.ccti.ull.es postfix/cleanup[3854]: 824218C128: message-id=<CDB1E4B6FDC44DDC8B50402817017C39@Leslie>
Dec 31 09:57:54 ec1.ccti.ull.es postfix/qmgr[30207]: 824218C128: from=<lbobb@ull.es>, size=1837, nrcpt=1 (queue active)
Dec 31 09:57:54 ec1.ccti.ull.es postfix/smtpd[3857]: disconnect from localhost.localdomain[127.0.0.1]
Dec 31 09:57:54 ec1.ccti.ull.es postfix/smtp[3847]: 824218C128: to=<eusosa@ull.es>, relay=smtpmb.ccti.ull.es[10.4.8.40], delay=0, status=sent (250 2.0.0 Ok: queued as ADE791FA2A)
Dec 31 09:57:54 ec1.ccti.ull.es postfix/qmgr[30207]: 824218C128: removed
Dec 31 09:57:55 ec1.ccti.ull.es postfix/smtpd[692]: connect from systemon2.sis.ccti.ull.es[193.145.96.92]
Dec 31 09:57:55 ec1.ccti.ull.es postfix/smtpd[692]: disconnect from systemon2.sis.ccti.ull.es[193.145.96.92]
Dec 31 09:58:02 ec1.ccti.ull.es postfix/smtpd[692]: connect from unknown[10.100.2.1]
Dec 31 09:58:02 ec1.ccti.ull.es postfix/smtpd[692]: lost connection after HELO from unknown[10.100.2.1]
Dec 31 09:58:02 ec1.ccti.ull.es postfix/smtpd[692]: disconnect from unknown[10.100.2.1]
Dec 31 09:58:05 ec1.ccti.ull.es postfix/smtpd[692]: connect from mb03.sis.ccti.ull.es[10.4.9.105]
Dec 31 09:58:05 ec1.ccti.ull.es postfix/smtpd[692]: 0F6088C128: client=mb03.sis.ccti.ull.es[10.4.9.105]
Dec 31 09:58:05 ec1.ccti.ull.es postfix/cleanup[3854]: 0F6088C128: message-id=<dovecot-1293789484-186081-0@mb03.sis.ccti.ull.es>
Dec 31 09:58:05 ec1.ccti.ull.es postfix/smtpd[692]: disconnect from mb03.sis.ccti.ull.es[10.4.9.105]
Dec 31 09:58:05 ec1.ccti.ull.es postfix/qmgr[30207]: 0F6088C128: from=<>, size=3521, nrcpt=1 (queue active)
Dec 31 09:58:05 ec1.ccti.ull.es postfix/smtpd[3857]: connect from localhost.localdomain[127.0.0.1]
Dec 31 09:58:05 ec1.ccti.ull.es postfix/smtpd[3857]: 213C18C134: client=localhost.localdomain[127.0.0.1]
Dec 31 09:58:05 ec1.ccti.ull.es postfix/cleanup[3854]: 213C18C134: message-id=<dovecot-1293789484-186081-0@mb03.sis.ccti.ull.es>
Dec 31 09:58:05 ec1.ccti.ull.es postfix/smtp[4773]: 0F6088C128: to=<usuarios_ccti-owner@listas.ccti.ull.es>, relay=localhost[127.0.0.1], delay=0, status=sent (250 Ok: queued as 213C18C134)
Dec 31 09:58:05 ec1.ccti.ull.es postfix/qmgr[30207]: 213C18C134: from=<>, size=3725, nrcpt=1 (queue active)
Dec 31 09:58:05 ec1.ccti.ull.es postfix/smtpd[3857]: disconnect from localhost.localdomain[127.0.0.1]
Dec 31 09:58:05 ec1.ccti.ull.es postfix/qmgr[30207]: 0F6088C128: removed
Dec 31 09:58:05 ec1.ccti.ull.es postfix/smtp[5130]: certificate verification failed for mx02.puc.rediris.es: num=20:unable to get local issuer certificate
Dec 31 09:58:05 ec1.ccti.ull.es postfix/smtp[5130]: certificate verification failed for mx02.puc.rediris.es: num=27:certificate not trusted
Dec 31 09:58:06 ec1.ccti.ull.es postfix/smtp[5130]: Server certificate could not be verified
Dec 31 09:58:06 ec1.ccti.ull.es postfix/smtp[5130]: 213C18C134: to=<usuarios_ccti-owner@listas.ccti.ull.es>, relay=mx02.puc.rediris.es[130.206.18.13], delay=1, status=sent (250 OK id=1PYbkC-0001TD-S9)
Dec 31 09:58:06 ec1.ccti.ull.es postfix/qmgr[30207]: 213C18C134: removed
Dec 31 09:58:48 ec1.ccti.ull.es postfix/smtpd[692]: connect from systemon3.sis.ccti.ull.es[10.107.26.51]
Dec 31 09:58:48 ec1.ccti.ull.es postfix/smtpd[692]: disconnect from systemon3.sis.ccti.ull.es[10.107.26.51]
Dec 31 09:58:58 ec1.ccti.ull.es postfix/smtpd[3857]: connect from localhost.localdomain[127.0.0.1]
Dec 31 09:58:59 ec1.ccti.ull.es postfix/smtpd[3857]: E0E688C128: client=localhost.localdomain[127.0.0.1]
Dec 31 09:58:59 ec1.ccti.ull.es postfix/cleanup[3854]: E0E688C128: message-id=<92E12CB7C61B45178302C0B12AD38A38@Leslie>
Dec 31 09:58:59 ec1.ccti.ull.es postfix/qmgr[30207]: E0E688C128: from=<lbobb@ull.es>, size=15638, nrcpt=1 (queue active)
Dec 31 09:58:59 ec1.ccti.ull.es postfix/smtpd[3857]: disconnect from localhost.localdomain[127.0.0.1]
Dec 31 09:59:00 ec1.ccti.ull.es postfix/smtp[3847]: E0E688C128: to=<raquelmarrerocazorla@yahoo.es>, relay=mx2.mail.eu.yahoo.com[77.238.184.241], delay=2, status=sent (250 ok dirdel)
Dec 31 09:59:00 ec1.ccti.ull.es postfix/qmgr[30207]: E0E688C128: removed
Dec 31 09:59:03 ec1.ccti.ull.es postfix/smtpd[3857]: connect from localhost.localdomain[127.0.0.1]
Dec 31 09:59:03 ec1.ccti.ull.es postfix/smtpd[3857]: 779BF8C128: client=localhost.localdomain[127.0.0.1]
Dec 31 09:59:03 ec1.ccti.ull.es postfix/smtpd[692]: connect from unknown[10.100.2.1]
Dec 31 09:59:03 ec1.ccti.ull.es postfix/cleanup[3854]: 779BF8C128: message-id=<989163F04A9D4C269549465C961EDA13@equipo7c247d5b>
Dec 31 09:59:03 ec1.ccti.ull.es postfix/qmgr[30207]: 779BF8C128: from=<hjimenez@ull.es>, size=3861, nrcpt=1 (queue active)
Dec 31 09:59:03 ec1.ccti.ull.es postfix/smtpd[3857]: disconnect from localhost.localdomain[127.0.0.1]
Dec 31 09:59:03 ec1.ccti.ull.es postfix/smtpd[692]: lost connection after HELO from unknown[10.100.2.1]
Dec 31 09:59:03 ec1.ccti.ull.es postfix/smtpd[692]: disconnect from unknown[10.100.2.1]
Dec 31 09:59:03 ec1.ccti.ull.es postfix/smtp[5130]: certificate peer name verification failed for gmail-smtp-in.l.google.com: CommonName mis-match: mx.google.com
Dec 31 09:59:04 ec1.ccti.ull.es postfix/smtpd[692]: connect from mb04.sis.ccti.ull.es[10.4.9.106]
Dec 31 09:59:04 ec1.ccti.ull.es postfix/smtpd[692]: 523518C134: client=mb04.sis.ccti.ull.es[10.4.9.106]
Dec 31 09:59:04 ec1.ccti.ull.es postfix/cleanup[3854]: 523518C134: message-id=<dovecot-1293789543-283829-0@mb04.sis.ccti.ull.es>
Dec 31 09:59:04 ec1.ccti.ull.es postfix/qmgr[30207]: 523518C134: from=<>, size=3504, nrcpt=1 (queue active)
Dec 31 09:59:04 ec1.ccti.ull.es postfix/smtpd[692]: disconnect from mb04.sis.ccti.ull.es[10.4.9.106]
Dec 31 09:59:04 ec1.ccti.ull.es postfix/smtpd[3857]: connect from localhost.localdomain[127.0.0.1]
Dec 31 09:59:04 ec1.ccti.ull.es postfix/smtpd[3857]: 644BF8C146: client=localhost.localdomain[127.0.0.1]
Dec 31 09:59:04 ec1.ccti.ull.es postfix/cleanup[3854]: 644BF8C146: message-id=<dovecot-1293789543-283829-0@mb04.sis.ccti.ull.es>
Dec 31 09:59:04 ec1.ccti.ull.es postfix/smtp[5130]: 779BF8C128: to=<yoyiluis@gmail.com>, relay=gmail-smtp-in.l.google.com[209.85.229.27], delay=1, status=sent (250 2.0.0 OK 1293789535 m29si22822643wej.31)
Dec 31 09:59:04 ec1.ccti.ull.es postfix/qmgr[30207]: 779BF8C128: removed
Dec 31 09:59:04 ec1.ccti.ull.es postfix/smtp[4773]: 523518C134: to=<usuarios_ccti-owner@listas.ccti.ull.es>, relay=localhost[127.0.0.1], delay=0, status=sent (250 Ok: queued as 644BF8C146)
Dec 31 09:59:04 ec1.ccti.ull.es postfix/qmgr[30207]: 644BF8C146: from=<>, size=3708, nrcpt=1 (queue active)
Dec 31 09:59:04 ec1.ccti.ull.es postfix/smtpd[3857]: disconnect from localhost.localdomain[127.0.0.1]
Dec 31 09:59:04 ec1.ccti.ull.es postfix/qmgr[30207]: 523518C134: removed
Dec 31 09:59:05 ec1.ccti.ull.es postfix/smtpd[692]: connect from mb06.sis.ccti.ull.es[10.4.9.108]
Dec 31 09:59:05 ec1.ccti.ull.es postfix/smtpd[692]: E8FD88C128: client=mb06.sis.ccti.ull.es[10.4.9.108]
Dec 31 09:59:05 ec1.ccti.ull.es postfix/cleanup[3854]: E8FD88C128: message-id=<dovecot-1293789543-954363-0@mb06.sis.ccti.ull.es>
Dec 31 09:59:05 ec1.ccti.ull.es postfix/qmgr[30207]: E8FD88C128: from=<>, size=3525, nrcpt=1 (queue active)
Dec 31 09:59:05 ec1.ccti.ull.es postfix/smtpd[692]: disconnect from mb06.sis.ccti.ull.es[10.4.9.108]
Dec 31 09:59:05 ec1.ccti.ull.es postfix/smtpd[3857]: connect from localhost.localdomain[127.0.0.1]
Dec 31 09:59:05 ec1.ccti.ull.es postfix/smtp[3847]: certificate verification failed for mx02.puc.rediris.es: num=20:unable to get local issuer certificate
Dec 31 09:59:05 ec1.ccti.ull.es postfix/smtp[3847]: certificate verification failed for mx02.puc.rediris.es: num=27:certificate not trusted
Dec 31 09:59:05 ec1.ccti.ull.es postfix/smtpd[3857]: 065478C134: client=localhost.localdomain[127.0.0.1]
Dec 31 09:59:05 ec1.ccti.ull.es postfix/cleanup[3854]: 065478C134: message-id=<dovecot-1293789543-954363-0@mb06.sis.ccti.ull.es>
Dec 31 09:59:05 ec1.ccti.ull.es postfix/smtp[4773]: E8FD88C128: to=<usuarios_ccti-owner@listas.ccti.ull.es>, relay=localhost[127.0.0.1], delay=1, status=sent (250 Ok: queued as 065478C134)
Dec 31 09:59:05 ec1.ccti.ull.es postfix/qmgr[30207]: 065478C134: from=<>, size=3729, nrcpt=1 (queue active)
Dec 31 09:59:05 ec1.ccti.ull.es postfix/qmgr[30207]: E8FD88C128: removed
Dec 31 09:59:05 ec1.ccti.ull.es postfix/smtpd[3857]: disconnect from localhost.localdomain[127.0.0.1]
Dec 31 09:59:05 ec1.ccti.ull.es postfix/smtp[3847]: Server certificate could not be verified
Dec 31 09:59:05 ec1.ccti.ull.es postfix/smtp[3847]: 644BF8C146: to=<usuarios_ccti-owner@listas.ccti.ull.es>, relay=mx02.puc.rediris.es[130.206.18.8], delay=1, status=sent (250 OK id=1PYblA-0003Ee-2T)
Dec 31 09:59:05 ec1.ccti.ull.es postfix/qmgr[30207]: 644BF8C146: removed
Dec 31 09:59:05 ec1.ccti.ull.es postfix/smtp[5130]: certificate verification failed for mx02.puc.rediris.es: num=20:unable to get local issuer certificate
Dec 31 09:59:05 ec1.ccti.ull.es postfix/smtp[5130]: certificate verification failed for mx02.puc.rediris.es: num=27:certificate not trusted
Dec 31 09:59:05 ec1.ccti.ull.es postfix/smtp[5130]: Server certificate could not be verified
Dec 31 09:59:06 ec1.ccti.ull.es postfix/smtp[5130]: 065478C134: to=<usuarios_ccti-owner@listas.ccti.ull.es>, relay=mx02.puc.rediris.es[130.206.18.13], delay=1, status=sent (250 OK id=1PYblA-0001bZ-NX)
Dec 31 09:59:06 ec1.ccti.ull.es postfix/qmgr[30207]: 065478C134: removed
Dec 31 09:59:31 ec1.ccti.ull.es postfix/smtpd[6346]: connect from systemon2.sis.ccti.ull.es[193.145.96.92]
Dec 31 09:59:31 ec1.ccti.ull.es postfix/smtpd[6346]: disconnect from systemon2.sis.ccti.ull.es[193.145.96.92]
Dec 31 10:00:01 ec1.ccti.ull.es postfix/smtpd[3857]: connect from localhost.localdomain[127.0.0.1]
Dec 31 10:00:01 ec1.ccti.ull.es postfix/smtpd[3857]: disconnect from localhost.localdomain[127.0.0.1]
Dec 31 10:00:02 ec1.ccti.ull.es postfix/smtpd[692]: connect from mb01.sis.ccti.ull.es[10.4.9.103]
Dec 31 10:00:02 ec1.ccti.ull.es postfix/smtpd[692]: AF8F68C128: client=mb01.sis.ccti.ull.es[10.4.9.103]
Dec 31 10:00:02 ec1.ccti.ull.es postfix/cleanup[3854]: AF8F68C128: message-id=<dovecot-1293789602-156186-0@mb01.sis.ccti.ull.es>
Dec 31 10:00:02 ec1.ccti.ull.es postfix/smtpd[692]: disconnect from mb01.sis.ccti.ull.es[10.4.9.103]
Dec 31 10:00:02 ec1.ccti.ull.es postfix/qmgr[30207]: AF8F68C128: from=<>, size=3523, nrcpt=1 (queue active)
Dec 31 10:00:02 ec1.ccti.ull.es postfix/smtpd[3857]: connect from localhost.localdomain[127.0.0.1]
Dec 31 10:00:02 ec1.ccti.ull.es postfix/smtpd[3857]: C1CED8C134: client=localhost.localdomain[127.0.0.1]
Dec 31 10:00:02 ec1.ccti.ull.es postfix/cleanup[3854]: C1CED8C134: message-id=<dovecot-1293789602-156186-0@mb01.sis.ccti.ull.es>
Dec 31 10:00:03 ec1.ccti.ull.es postfix/qmgr[30207]: C1CED8C134: from=<>, size=3727, nrcpt=1 (queue active)
Dec 31 10:00:03 ec1.ccti.ull.es postfix/smtp[4773]: AF8F68C128: to=<usuarios_ccti-owner@listas.ccti.ull.es>, relay=localhost[127.0.0.1], delay=0, status=sent (250 Ok: queued as C1CED8C134)
Dec 31 10:00:03 ec1.ccti.ull.es postfix/qmgr[30207]: AF8F68C128: removed
Dec 31 10:00:03 ec1.ccti.ull.es postfix/smtpd[3857]: disconnect from localhost.localdomain[127.0.0.1]
Dec 31 10:00:03 ec1.ccti.ull.es postfix/smtpd[692]: connect from mb01.sis.ccti.ull.es[10.4.9.103]
Dec 31 10:00:03 ec1.ccti.ull.es postfix/smtpd[692]: 039F68C128: client=mb01.sis.ccti.ull.es[10.4.9.103]
Dec 31 10:00:03 ec1.ccti.ull.es postfix/cleanup[3854]: 039F68C128: message-id=<dovecot-1293789602-332369-0@mb01.sis.ccti.ull.es>
Dec 31 10:00:03 ec1.ccti.ull.es postfix/qmgr[30207]: 039F68C128: from=<>, size=3498, nrcpt=1 (queue active)
Dec 31 10:00:03 ec1.ccti.ull.es postfix/smtpd[692]: disconnect from mb01.sis.ccti.ull.es[10.4.9.103]
Dec 31 10:00:03 ec1.ccti.ull.es postfix/smtpd[3857]: connect from localhost.localdomain[127.0.0.1]
Dec 31 10:00:03 ec1.ccti.ull.es postfix/smtpd[3857]: 140B78C146: client=localhost.localdomain[127.0.0.1]
Dec 31 10:00:03 ec1.ccti.ull.es postfix/cleanup[3854]: 140B78C146: message-id=<dovecot-1293789602-332369-0@mb01.sis.ccti.ull.es>
Dec 31 10:00:03 ec1.ccti.ull.es postfix/smtp[4773]: 039F68C128: to=<usuarios_ccti-owner@listas.ccti.ull.es>, relay=localhost[127.0.0.1], delay=0, status=sent (250 Ok: queued as 140B78C146)
Dec 31 10:00:03 ec1.ccti.ull.es postfix/qmgr[30207]: 140B78C146: from=<>, size=3702, nrcpt=1 (queue active)
Dec 31 10:00:03 ec1.ccti.ull.es postfix/qmgr[30207]: 039F68C128: removed
Dec 31 10:00:03 ec1.ccti.ull.es postfix/smtpd[3857]: disconnect from localhost.localdomain[127.0.0.1]
Dec 31 10:00:03 ec1.ccti.ull.es postfix/smtp[3847]: certificate verification failed for mx01.puc.rediris.es: num=20:unable to get local issuer certificate
Dec 31 10:00:03 ec1.ccti.ull.es postfix/smtp[3847]: certificate verification failed for mx01.puc.rediris.es: num=27:certificate not trusted
Dec 31 10:00:03 ec1.ccti.ull.es postfix/smtp[3847]: Server certificate could not be verified
Dec 31 10:00:03 ec1.ccti.ull.es postfix/smtp[5130]: certificate verification failed for mx01.puc.rediris.es: num=20:unable to get local issuer certificate
Dec 31 10:00:03 ec1.ccti.ull.es postfix/smtp[5130]: certificate verification failed for mx01.puc.rediris.es: num=27:certificate not trusted
Dec 31 10:00:03 ec1.ccti.ull.es postfix/smtp[5130]: Server certificate could not be verified
Dec 31 10:00:04 ec1.ccti.ull.es postfix/smtp[3847]: C1CED8C134: to=<usuarios_ccti-owner@listas.ccti.ull.es>, relay=mx01.puc.rediris.es[130.206.18.7], delay=1, status=sent (250 OK id=1PYbm6-0003m7-Gw)
Dec 31 10:00:04 ec1.ccti.ull.es postfix/qmgr[30207]: C1CED8C134: removed
Dec 31 10:00:04 ec1.ccti.ull.es postfix/smtp[5130]: 140B78C146: to=<usuarios_ccti-owner@listas.ccti.ull.es>, relay=mx01.puc.rediris.es[130.206.18.10], delay=1, status=sent (250 OK id=1PYbm6-000203-OJ)
Dec 31 10:00:04 ec1.ccti.ull.es postfix/qmgr[30207]: 140B78C146: removed
Dec 31 10:00:05 ec1.ccti.ull.es postfix/smtpd[692]: connect from unknown[10.100.2.1]
Dec 31 10:00:05 ec1.ccti.ull.es postfix/smtpd[692]: lost connection after HELO from unknown[10.100.2.1]
Dec 31 10:00:05 ec1.ccti.ull.es postfix/smtpd[692]: disconnect from unknown[10.100.2.1]
Dec 31 10:00:06 ec1.ccti.ull.es postfix/smtpd[692]: connect from mb04.sis.ccti.ull.es[10.4.9.106]
Dec 31 10:00:06 ec1.ccti.ull.es postfix/smtpd[692]: AF33D8C128: client=mb04.sis.ccti.ull.es[10.4.9.106]
Dec 31 10:00:06 ec1.ccti.ull.es postfix/cleanup[3854]: AF33D8C128: message-id=<dovecot-1293789605-782444-0@mb04.sis.ccti.ull.es>
Dec 31 10:00:06 ec1.ccti.ull.es postfix/smtpd[692]: disconnect from mb04.sis.ccti.ull.es[10.4.9.106]
Dec 31 10:00:06 ec1.ccti.ull.es postfix/qmgr[30207]: AF33D8C128: from=<>, size=3495, nrcpt=1 (queue active)
Dec 31 10:00:06 ec1.ccti.ull.es postfix/smtpd[3857]: connect from localhost.localdomain[127.0.0.1]
Dec 31 10:00:06 ec1.ccti.ull.es postfix/smtpd[3857]: C0CB08C134: client=localhost.localdomain[127.0.0.1]
Dec 31 10:00:06 ec1.ccti.ull.es postfix/cleanup[3854]: C0CB08C134: message-id=<dovecot-1293789605-782444-0@mb04.sis.ccti.ull.es>
Dec 31 10:00:07 ec1.ccti.ull.es postfix/smtp[4773]: AF33D8C128: to=<usuarios_ccti-owner@listas.ccti.ull.es>, relay=localhost[127.0.0.1], delay=0, status=sent (250 Ok: queued as C0CB08C134)
Dec 31 10:00:07 ec1.ccti.ull.es postfix/qmgr[30207]: C0CB08C134: from=<>, size=3699, nrcpt=1 (queue active)
Dec 31 10:00:07 ec1.ccti.ull.es postfix/qmgr[30207]: AF33D8C128: removed
Dec 31 10:00:07 ec1.ccti.ull.es postfix/smtpd[3857]: disconnect from localhost.localdomain[127.0.0.1]
Dec 31 10:00:07 ec1.ccti.ull.es postfix/smtpd[692]: connect from mb04.sis.ccti.ull.es[10.4.9.106]
Dec 31 10:00:07 ec1.ccti.ull.es postfix/smtpd[692]: 114D48C128: client=mb04.sis.ccti.ull.es[10.4.9.106]
Dec 31 10:00:07 ec1.ccti.ull.es postfix/cleanup[3854]: 114D48C128: message-id=<dovecot-1293789606-312525-0@mb04.sis.ccti.ull.es>
Dec 31 10:00:07 ec1.ccti.ull.es postfix/qmgr[30207]: 114D48C128: from=<>, size=3504, nrcpt=1 (queue active)
Dec 31 10:00:07 ec1.ccti.ull.es postfix/smtpd[692]: disconnect from mb04.sis.ccti.ull.es[10.4.9.106]
Dec 31 10:00:07 ec1.ccti.ull.es postfix/smtpd[3857]: connect from localhost.localdomain[127.0.0.1]
Dec 31 10:00:07 ec1.ccti.ull.es postfix/smtpd[3857]: 21C988C146: client=localhost.localdomain[127.0.0.1]
Dec 31 10:00:07 ec1.ccti.ull.es postfix/cleanup[3854]: 21C988C146: message-id=<dovecot-1293789606-312525-0@mb04.sis.ccti.ull.es>
Dec 31 10:00:07 ec1.ccti.ull.es postfix/qmgr[30207]: 21C988C146: from=<>, size=3708, nrcpt=1 (queue active)
