Dec 31 06:25:33 ec1.ccti.ull.es postfix/smtpd[16373]: connect from unknown[10.100.2.1]
Dec 31 06:25:33 ec1.ccti.ull.es postfix/smtpd[16373]: lost connection after HELO from unknown[10.100.2.1]
Dec 31 06:25:33 ec1.ccti.ull.es postfix/smtpd[16373]: disconnect from unknown[10.100.2.1]
Dec 31 06:26:11 ec1.ccti.ull.es postfix/smtpd[16373]: connect from systemon2.sis.ccti.ull.es[193.145.96.92]
Dec 31 06:26:11 ec1.ccti.ull.es postfix/smtpd[16373]: disconnect from systemon2.sis.ccti.ull.es[193.145.96.92]
Dec 31 06:26:34 ec1.ccti.ull.es postfix/smtpd[16373]: connect from unknown[10.100.2.1]
Dec 31 06:26:34 ec1.ccti.ull.es postfix/smtpd[16373]: lost connection after HELO from unknown[10.100.2.1]
Dec 31 06:26:34 ec1.ccti.ull.es postfix/smtpd[16373]: disconnect from unknown[10.100.2.1]
Dec 31 06:27:07 ec1.ccti.ull.es postfix/smtpd[16373]: connect from systemon3.sis.ccti.ull.es[10.107.26.51]
Dec 31 06:27:07 ec1.ccti.ull.es postfix/smtpd[16373]: disconnect from systemon3.sis.ccti.ull.es[10.107.26.51]
Dec 31 06:27:35 ec1.ccti.ull.es postfix/smtpd[16373]: connect from unknown[10.100.2.1]
Dec 31 06:27:35 ec1.ccti.ull.es postfix/smtpd[16373]: lost connection after HELO from unknown[10.100.2.1]
Dec 31 06:27:35 ec1.ccti.ull.es postfix/smtpd[16373]: disconnect from unknown[10.100.2.1]
Dec 31 06:27:40 ec1.ccti.ull.es postfix/smtpd[27432]: connect from localhost.localdomain[127.0.0.1]
Dec 31 06:27:40 ec1.ccti.ull.es postfix/smtpd[27432]: lost connection after CONNECT from localhost.localdomain[127.0.0.1]
Dec 31 06:27:40 ec1.ccti.ull.es postfix/smtpd[27432]: disconnect from localhost.localdomain[127.0.0.1]
Dec 31 06:27:55 ec1.ccti.ull.es postfix/smtpd[16373]: connect from systemon2.sis.ccti.ull.es[193.145.96.92]
Dec 31 06:27:55 ec1.ccti.ull.es postfix/smtpd[16373]: disconnect from systemon2.sis.ccti.ull.es[193.145.96.92]
Dec 31 06:27:56 ec1.ccti.ull.es postfix/qmgr[30207]: 64EFF8C138: from=<mamolina@ull.es>, size=533761, nrcpt=1 (queue active)
Dec 31 06:27:56 ec1.ccti.ull.es postfix/qmgr[30207]: B4BC78C176: from=<double-bounce@mailbox04.ccti.ull.es>, size=1824, nrcpt=1 (queue active)
Dec 31 06:27:56 ec1.ccti.ull.es postfix/qmgr[30207]: BD8A08C156: from=<aflopez@ull.es>, size=1475, nrcpt=1 (queue active)
Dec 31 06:27:56 ec1.ccti.ull.es postfix/qmgr[30207]: 1061F8C0F1: from=<>, size=5183, nrcpt=1 (queue active)
Dec 31 06:27:56 ec1.ccti.ull.es postfix/qmgr[30207]: 057838C137: from=<>, size=5399, nrcpt=1 (queue active)
Dec 31 06:27:56 ec1.ccti.ull.es postfix/qmgr[30207]: 81E358C149: from=<>, size=4008, nrcpt=1 (queue active)
Dec 31 06:27:56 ec1.ccti.ull.es postfix/qmgr[30207]: 8DE078C12D: from=<pfernan@ull.es>, size=196409, nrcpt=1 (queue active)
Dec 31 06:27:56 ec1.ccti.ull.es postfix/smtp[27478]: connect to mb04.sis.ccti.ull.es[10.4.9.106]: No route to host (port 25)
Dec 31 06:27:56 ec1.ccti.ull.es postfix/smtp[27478]: B4BC78C176: to=<postmaster@mb04.sis.ccti.ull.es>, relay=none, delay=293042, status=deferred (connect to mb04.sis.ccti.ull.es[10.4.9.106]: No route to host)
Dec 31 06:27:56 ec1.ccti.ull.es postfix/smtp[27481]: certificate verification failed for mx.mad.interhost.com: num=18:self signed certificate
Dec 31 06:27:56 ec1.ccti.ull.es postfix/smtp[27481]: Server certificate could not be verified
Dec 31 06:27:56 ec1.ccti.ull.es postfix/smtp[27478]: certificate verification failed for mailserver.ikeafamily.net: num=18:self signed certificate
Dec 31 06:27:56 ec1.ccti.ull.es postfix/smtp[27478]: certificate peer name verification failed for mailserver.ikeafamily.net: CommonName mis-match: imap.ikeasi.com
Dec 31 06:27:56 ec1.ccti.ull.es postfix/smtp[27478]: Server certificate could not be verified
Dec 31 06:27:56 ec1.ccti.ull.es postfix/smtp[27481]: 1061F8C0F1: host mx.mad.interhost.com[213.134.32.172] said: 450 4.1.1 <boletin-bounces@appinformatica.com>: Recipient address rejected: undeliverable address: host mbox.mad.interhost.com[213.134.33.73] said: 550 <boletin-bounces@appinformatica.com>: Recipient address rejected: User unknown in virtual mailbox table (in reply to RCPT TO command) (in reply to RCPT TO command)
Dec 31 06:27:57 ec1.ccti.ull.es postfix/smtp[27478]: 81E358C149: to=<emailing.ve@ikeafamily.net>, relay=mailserver.ikeafamily.net[84.124.59.151], delay=39507, status=deferred (host mailserver.ikeafamily.net[84.124.59.151] said: 454 4.7.1 <emailing.ve@ikeafamily.net>: Relay access denied (in reply to RCPT TO command))
Dec 31 06:27:57 ec1.ccti.ull.es postfix/smtp[27481]: certificate verification failed for mx2.mad.interhost.com: num=18:self signed certificate
Dec 31 06:27:57 ec1.ccti.ull.es postfix/smtp[27481]: Server certificate could not be verified
Dec 31 06:27:57 ec1.ccti.ull.es postfix/smtp[27481]: 1061F8C0F1: to=<boletin-bounces@appinformatica.com>, relay=mx2.mad.interhost.com[213.134.32.230], delay=69998, status=deferred (host mx2.mad.interhost.com[213.134.32.230] said: 450 4.1.1 <boletin-bounces@appinformatica.com>: Recipient address rejected: undeliverable address: host mbox.mad.interhost.com[213.134.33.73] said: 550 <boletin-bounces@appinformatica.com>: Recipient address rejected: User unknown in virtual mailbox table (in reply to RCPT TO command) (in reply to RCPT TO command))
Dec 31 06:27:57 ec1.ccti.ull.es postfix/smtp[27479]: connect to ciutateatre.com[210.188.199.218]: No route to host (port 25)
Dec 31 06:27:57 ec1.ccti.ull.es postfix/smtp[27479]: BD8A08C156: to=<acaballeria@ciutateatre.com>, relay=none, delay=117902, status=deferred (connect to ciutateatre.com[210.188.199.218]: No route to host)
Dec 31 06:28:00 ec1.ccti.ull.es postfix/smtp[27482]: certificate verification failed for mail.valoresintegrados.com: num=18:self signed certificate
Dec 31 06:28:00 ec1.ccti.ull.es postfix/smtp[27482]: certificate peer name verification failed for mail.valoresintegrados.com: CommonName mis-match: hd-t1595cl.privatedns.com
Dec 31 06:28:00 ec1.ccti.ull.es postfix/smtp[27482]: Server certificate could not be verified
Dec 31 06:28:00 ec1.ccti.ull.es postfix/smtp[27482]: 057838C137: to=<internacional.es-bounces@valoresintegrados.com>, relay=mail.valoresintegrados.com[209.172.34.202], delay=7263, status=deferred (host mail.valoresintegrados.com[209.172.34.202] said: 421 Unexpected failure, please try later (in reply to RCPT TO command))
Dec 31 06:28:26 ec1.ccti.ull.es postfix/smtp[27483]: connect to bbtk.ull.es[193.145.118.38]: Connection timed out (port 25)
Dec 31 06:28:26 ec1.ccti.ull.es postfix/smtp[27483]: 8DE078C12D: to=<dgarcia@bbtk.ull.es>, relay=none, delay=68261, status=deferred (connect to bbtk.ull.es[193.145.118.38]: Connection timed out)
Dec 31 06:28:36 ec1.ccti.ull.es postfix/smtpd[27590]: connect from unknown[10.100.2.1]
Dec 31 06:28:36 ec1.ccti.ull.es postfix/smtpd[27590]: lost connection after HELO from unknown[10.100.2.1]
Dec 31 06:28:36 ec1.ccti.ull.es postfix/smtpd[27590]: disconnect from unknown[10.100.2.1]
Dec 31 06:28:42 ec1.ccti.ull.es postfix/smtp[27477]: 64EFF8C138: to=<rcuentas@ill.es>, relay=none, delay=246980, status=deferred (Host or domain name not found. Name service error for name=ill.es type=MX: Host not found, try again)
Dec 31 06:28:48 ec1.ccti.ull.es postfix/smtpd[27590]: connect from systemon3.sis.ccti.ull.es[10.107.26.51]
Dec 31 06:28:48 ec1.ccti.ull.es postfix/smtpd[27590]: disconnect from systemon3.sis.ccti.ull.es[10.107.26.51]
Dec 31 06:29:37 ec1.ccti.ull.es postfix/smtpd[27590]: connect from unknown[10.100.2.1]
Dec 31 06:29:37 ec1.ccti.ull.es postfix/smtpd[27590]: lost connection after HELO from unknown[10.100.2.1]
Dec 31 06:29:37 ec1.ccti.ull.es postfix/smtpd[27590]: disconnect from unknown[10.100.2.1]
Dec 31 06:30:02 ec1.ccti.ull.es postfix/smtpd[27863]: connect from localhost.localdomain[127.0.0.1]
Dec 31 06:30:02 ec1.ccti.ull.es postfix/smtpd[27863]: disconnect from localhost.localdomain[127.0.0.1]
Dec 31 06:30:38 ec1.ccti.ull.es postfix/smtpd[27590]: connect from unknown[10.100.2.1]
Dec 31 06:30:38 ec1.ccti.ull.es postfix/smtpd[27590]: lost connection after HELO from unknown[10.100.2.1]
Dec 31 06:30:38 ec1.ccti.ull.es postfix/smtpd[27590]: disconnect from unknown[10.100.2.1]
Dec 31 06:30:40 ec1.ccti.ull.es postfix/smtpd[27863]: connect from localhost.localdomain[127.0.0.1]
Dec 31 06:30:40 ec1.ccti.ull.es postfix/smtpd[27863]: lost connection after CONNECT from localhost.localdomain[127.0.0.1]
Dec 31 06:30:40 ec1.ccti.ull.es postfix/smtpd[27863]: disconnect from localhost.localdomain[127.0.0.1]
Dec 31 06:31:11 ec1.ccti.ull.es postfix/smtpd[27590]: connect from systemon2.sis.ccti.ull.es[193.145.96.92]
Dec 31 06:31:11 ec1.ccti.ull.es postfix/smtpd[27590]: disconnect from systemon2.sis.ccti.ull.es[193.145.96.92]
Dec 31 06:31:39 ec1.ccti.ull.es postfix/smtpd[27590]: connect from unknown[10.100.2.1]
Dec 31 06:31:39 ec1.ccti.ull.es postfix/smtpd[27590]: lost connection after HELO from unknown[10.100.2.1]
Dec 31 06:31:39 ec1.ccti.ull.es postfix/smtpd[27590]: disconnect from unknown[10.100.2.1]
Dec 31 06:32:07 ec1.ccti.ull.es postfix/smtpd[27590]: connect from systemon3.sis.ccti.ull.es[10.107.26.51]
Dec 31 06:32:07 ec1.ccti.ull.es postfix/smtpd[27590]: disconnect from systemon3.sis.ccti.ull.es[10.107.26.51]
Dec 31 06:32:30 ec1.ccti.ull.es postfix/anvil[2953]: statistics: max connection rate 1/60s for (smtp:193.145.96.92) at Dec 31 06:22:55
Dec 31 06:32:30 ec1.ccti.ull.es postfix/anvil[2953]: statistics: max connection count 1 for (smtp:193.145.96.92) at Dec 31 06:22:55
Dec 31 06:32:30 ec1.ccti.ull.es postfix/anvil[2953]: statistics: max cache size 2 at Dec 31 06:23:48
Dec 31 06:32:40 ec1.ccti.ull.es postfix/smtpd[27590]: connect from unknown[10.100.2.1]
Dec 31 06:32:40 ec1.ccti.ull.es postfix/smtpd[27590]: lost connection after HELO from unknown[10.100.2.1]
Dec 31 06:32:40 ec1.ccti.ull.es postfix/smtpd[27590]: disconnect from unknown[10.100.2.1]
Dec 31 06:32:50 ec1.ccti.ull.es postfix/smtpd[27590]: connect from mp01.ccti.ull.es[10.4.9.101]
Dec 31 06:32:51 ec1.ccti.ull.es postfix/smtpd[27590]: 1464B8C128: client=mp01.ccti.ull.es[10.4.9.101]
Dec 31 06:32:51 ec1.ccti.ull.es postfix/cleanup[28503]: 1464B8C128: message-id=<ee64623e48434bd9a322a3bdadf541c6@boletines.universia.es>
Dec 31 06:32:51 ec1.ccti.ull.es postfix/qmgr[30207]: 1464B8C128: from=<becas@boletines.universia.es>, size=43119, nrcpt=1 (queue active)
Dec 31 06:32:51 ec1.ccti.ull.es postfix/smtpd[27590]: disconnect from mp01.ccti.ull.es[10.4.9.101]
Dec 31 06:32:51 ec1.ccti.ull.es postfix/smtpd[28505]: connect from localhost.localdomain[127.0.0.1]
Dec 31 06:32:51 ec1.ccti.ull.es postfix/smtpd[28505]: 2D3AD8C12A: client=localhost.localdomain[127.0.0.1]
Dec 31 06:32:51 ec1.ccti.ull.es postfix/cleanup[28503]: 2D3AD8C12A: message-id=<ee64623e48434bd9a322a3bdadf541c6@boletines.universia.es>
Dec 31 06:32:51 ec1.ccti.ull.es postfix/qmgr[30207]: 2D3AD8C12A: from=<becas@boletines.universia.es>, size=43306, nrcpt=1 (queue active)
Dec 31 06:32:51 ec1.ccti.ull.es postfix/smtp[28504]: 1464B8C128: to=<carbaro1976@gmail.com>, relay=localhost[127.0.0.1], delay=0, status=sent (250 Ok: queued as 2D3AD8C12A)
Dec 31 06:32:51 ec1.ccti.ull.es postfix/qmgr[30207]: 1464B8C128: removed
Dec 31 06:32:51 ec1.ccti.ull.es postfix/smtpd[28505]: disconnect from localhost.localdomain[127.0.0.1]
Dec 31 06:32:51 ec1.ccti.ull.es postfix/smtp[28506]: certificate peer name verification failed for gmail-smtp-in.l.google.com: CommonName mis-match: mx.google.com
Dec 31 06:32:53 ec1.ccti.ull.es postfix/smtp[28506]: 2D3AD8C12A: to=<carbaro1976@gmail.com>, relay=gmail-smtp-in.l.google.com[209.85.229.27], delay=2, status=sent (250 2.0.0 OK 1293777164 o51si22647361wee.136)
Dec 31 06:32:53 ec1.ccti.ull.es postfix/qmgr[30207]: 2D3AD8C12A: removed
Dec 31 06:32:55 ec1.ccti.ull.es postfix/smtpd[27590]: connect from systemon2.sis.ccti.ull.es[193.145.96.92]
Dec 31 06:32:55 ec1.ccti.ull.es postfix/smtpd[27590]: disconnect from systemon2.sis.ccti.ull.es[193.145.96.92]
Dec 31 06:33:40 ec1.ccti.ull.es postfix/smtpd[28505]: connect from localhost.localdomain[127.0.0.1]
Dec 31 06:33:40 ec1.ccti.ull.es postfix/smtpd[28505]: lost connection after CONNECT from localhost.localdomain[127.0.0.1]
Dec 31 06:33:40 ec1.ccti.ull.es postfix/smtpd[28505]: disconnect from localhost.localdomain[127.0.0.1]
Dec 31 06:33:41 ec1.ccti.ull.es postfix/smtpd[27590]: connect from unknown[10.100.2.1]
Dec 31 06:33:41 ec1.ccti.ull.es postfix/smtpd[27590]: lost connection after HELO from unknown[10.100.2.1]
Dec 31 06:33:41 ec1.ccti.ull.es postfix/smtpd[27590]: disconnect from unknown[10.100.2.1]
Dec 31 06:33:48 ec1.ccti.ull.es postfix/smtpd[27590]: connect from systemon3.sis.ccti.ull.es[10.107.26.51]
Dec 31 06:33:48 ec1.ccti.ull.es postfix/smtpd[27590]: disconnect from systemon3.sis.ccti.ull.es[10.107.26.51]
Dec 31 06:33:50 ec1.ccti.ull.es postfix/smtpd[28661]: connect from systemon3.sis.ccti.ull.es[10.107.26.51]
Dec 31 06:33:50 ec1.ccti.ull.es postfix/smtpd[28661]: disconnect from systemon3.sis.ccti.ull.es[10.107.26.51]
Dec 31 06:34:04 ec1.ccti.ull.es postfix/smtpd[27590]: connect from mp01.ccti.ull.es[10.4.9.101]
Dec 31 06:34:04 ec1.ccti.ull.es postfix/smtpd[27590]: 6E65C8C128: client=mp01.ccti.ull.es[10.4.9.101]
Dec 31 06:34:04 ec1.ccti.ull.es postfix/cleanup[28503]: 6E65C8C128: message-id=<522675583.755167511293777228232@ecmessenger>
Dec 31 06:34:04 ec1.ccti.ull.es postfix/qmgr[30207]: 6E65C8C128: from=<gbounce-2146266627-2123-250115217-1293777228232@bounce.promocion-ofertas.net>, size=10863, nrcpt=1 (queue active)
Dec 31 06:34:04 ec1.ccti.ull.es postfix/smtpd[27590]: disconnect from mp01.ccti.ull.es[10.4.9.101]
Dec 31 06:34:04 ec1.ccti.ull.es postfix/smtpd[28505]: connect from localhost.localdomain[127.0.0.1]
Dec 31 06:34:04 ec1.ccti.ull.es postfix/smtpd[28505]: 82F458C12A: client=localhost.localdomain[127.0.0.1]
Dec 31 06:34:04 ec1.ccti.ull.es postfix/cleanup[28503]: 82F458C12A: message-id=<522675583.755167511293777228232@ecmessenger>
Dec 31 06:34:04 ec1.ccti.ull.es postfix/smtp[28504]: 6E65C8C128: to=<lamolda@etsii.ull.es>, relay=localhost[127.0.0.1], delay=0, status=sent (250 Ok: queued as 82F458C12A)
Dec 31 06:34:04 ec1.ccti.ull.es postfix/qmgr[30207]: 82F458C12A: from=<gbounce-2146266627-2123-250115217-1293777228232@bounce.promocion-ofertas.net>, size=11049, nrcpt=1 (queue active)
Dec 31 06:34:04 ec1.ccti.ull.es postfix/qmgr[30207]: 6E65C8C128: removed
Dec 31 06:34:04 ec1.ccti.ull.es postfix/smtpd[28505]: disconnect from localhost.localdomain[127.0.0.1]
Dec 31 06:34:05 ec1.ccti.ull.es postfix/smtp[28506]: certificate verification failed for mx01.puc.rediris.es: num=20:unable to get local issuer certificate
Dec 31 06:34:05 ec1.ccti.ull.es postfix/smtp[28506]: certificate verification failed for mx01.puc.rediris.es: num=27:certificate not trusted
Dec 31 06:34:05 ec1.ccti.ull.es postfix/smtp[28506]: Server certificate could not be verified
Dec 31 06:34:12 ec1.ccti.ull.es postfix/smtp[28506]: 82F458C12A: to=<lamolda@etsii.ull.es>, relay=mx01.puc.rediris.es[130.206.18.10], delay=8, status=sent (250 OK id=1PYYYm-0000oV-Tq)
Dec 31 06:34:12 ec1.ccti.ull.es postfix/qmgr[30207]: 82F458C12A: removed
Dec 31 06:34:42 ec1.ccti.ull.es postfix/smtpd[27590]: connect from unknown[10.100.2.1]
Dec 31 06:34:42 ec1.ccti.ull.es postfix/smtpd[27590]: lost connection after HELO from unknown[10.100.2.1]
Dec 31 06:34:42 ec1.ccti.ull.es postfix/smtpd[27590]: disconnect from unknown[10.100.2.1]
Dec 31 06:35:01 ec1.ccti.ull.es postfix/smtpd[28505]: connect from localhost.localdomain[127.0.0.1]
Dec 31 06:35:01 ec1.ccti.ull.es postfix/smtpd[28505]: disconnect from localhost.localdomain[127.0.0.1]
Dec 31 06:35:32 ec1.ccti.ull.es postfix/smtpd[27590]: connect from systemon3.sis.ccti.ull.es[10.107.26.51]
Dec 31 06:35:32 ec1.ccti.ull.es postfix/smtpd[27590]: disconnect from systemon3.sis.ccti.ull.es[10.107.26.51]
Dec 31 06:35:43 ec1.ccti.ull.es postfix/smtpd[27590]: connect from unknown[10.100.2.1]
Dec 31 06:35:43 ec1.ccti.ull.es postfix/smtpd[27590]: lost connection after HELO from unknown[10.100.2.1]
Dec 31 06:35:43 ec1.ccti.ull.es postfix/smtpd[27590]: disconnect from unknown[10.100.2.1]
Dec 31 06:36:11 ec1.ccti.ull.es postfix/smtpd[27590]: connect from systemon2.sis.ccti.ull.es[193.145.96.92]
Dec 31 06:36:11 ec1.ccti.ull.es postfix/smtpd[27590]: disconnect from systemon2.sis.ccti.ull.es[193.145.96.92]
Dec 31 06:36:40 ec1.ccti.ull.es postfix/smtpd[28505]: connect from localhost.localdomain[127.0.0.1]
Dec 31 06:36:40 ec1.ccti.ull.es postfix/smtpd[28505]: lost connection after CONNECT from localhost.localdomain[127.0.0.1]
Dec 31 06:36:40 ec1.ccti.ull.es postfix/smtpd[28505]: disconnect from localhost.localdomain[127.0.0.1]
Dec 31 06:36:44 ec1.ccti.ull.es postfix/smtpd[27590]: connect from unknown[10.100.2.1]
Dec 31 06:36:44 ec1.ccti.ull.es postfix/smtpd[27590]: lost connection after HELO from unknown[10.100.2.1]
Dec 31 06:36:44 ec1.ccti.ull.es postfix/smtpd[27590]: disconnect from unknown[10.100.2.1]
Dec 31 06:37:02 ec1.ccti.ull.es postfix/smtpd[27590]: connect from mp01.ccti.ull.es[10.4.9.101]
Dec 31 06:37:02 ec1.ccti.ull.es postfix/smtpd[27590]: 461B08C128: client=mp01.ccti.ull.es[10.4.9.101]
Dec 31 06:37:02 ec1.ccti.ull.es postfix/cleanup[29383]: 461B08C128: message-id=<LYRIS-7270716-981985-2010.12.31-07.00.15--jsalazar#ull.es@dbaseserver.mistermail.nl>
Dec 31 06:37:02 ec1.ccti.ull.es postfix/qmgr[30207]: 461B08C128: from=<bounce-981985-7270716@dbaseserver.mistermail.nl>, size=27411, nrcpt=1 (queue active)
Dec 31 06:37:02 ec1.ccti.ull.es postfix/smtpd[27590]: disconnect from mp01.ccti.ull.es[10.4.9.101]
Dec 31 06:37:02 ec1.ccti.ull.es postfix/smtpd[28505]: connect from localhost.localdomain[127.0.0.1]
Dec 31 06:37:02 ec1.ccti.ull.es postfix/smtpd[28505]: 5DAE88C12A: client=localhost.localdomain[127.0.0.1]
Dec 31 06:37:02 ec1.ccti.ull.es postfix/cleanup[29383]: 5DAE88C12A: message-id=<LYRIS-7270716-981985-2010.12.31-07.00.15--jsalazar#ull.es@dbaseserver.mistermail.nl>
Dec 31 06:37:02 ec1.ccti.ull.es postfix/smtp[29384]: 461B08C128: to=<jlorsal@gmail.com>, relay=localhost[127.0.0.1], delay=0, status=sent (250 Ok: queued as 5DAE88C12A)
Dec 31 06:37:02 ec1.ccti.ull.es postfix/qmgr[30207]: 5DAE88C12A: from=<bounce-981985-7270716@dbaseserver.mistermail.nl>, size=27594, nrcpt=1 (queue active)
Dec 31 06:37:02 ec1.ccti.ull.es postfix/smtpd[28505]: disconnect from localhost.localdomain[127.0.0.1]
Dec 31 06:37:02 ec1.ccti.ull.es postfix/qmgr[30207]: 461B08C128: removed
Dec 31 06:37:03 ec1.ccti.ull.es postfix/smtp[29385]: certificate peer name verification failed for gmail-smtp-in.l.google.com: CommonName mis-match: mx.google.com
Dec 31 06:37:04 ec1.ccti.ull.es postfix/smtp[29385]: 5DAE88C12A: to=<jlorsal@gmail.com>, relay=gmail-smtp-in.l.google.com[209.85.229.27], delay=2, status=sent (250 2.0.0 OK 1293777414 l7si22655037wba.89)
Dec 31 06:37:04 ec1.ccti.ull.es postfix/qmgr[30207]: 5DAE88C12A: removed
Dec 31 06:37:45 ec1.ccti.ull.es postfix/smtpd[27590]: connect from unknown[10.100.2.1]
Dec 31 06:37:45 ec1.ccti.ull.es postfix/smtpd[27590]: lost connection after HELO from unknown[10.100.2.1]
Dec 31 06:37:45 ec1.ccti.ull.es postfix/smtpd[27590]: disconnect from unknown[10.100.2.1]
Dec 31 06:38:46 ec1.ccti.ull.es postfix/smtpd[27590]: connect from unknown[10.100.2.1]
Dec 31 06:38:46 ec1.ccti.ull.es postfix/smtpd[27590]: lost connection after HELO from unknown[10.100.2.1]
Dec 31 06:38:46 ec1.ccti.ull.es postfix/smtpd[27590]: disconnect from unknown[10.100.2.1]
Dec 31 06:38:48 ec1.ccti.ull.es postfix/smtpd[27590]: connect from systemon3.sis.ccti.ull.es[10.107.26.51]
Dec 31 06:38:48 ec1.ccti.ull.es postfix/smtpd[27590]: disconnect from systemon3.sis.ccti.ull.es[10.107.26.51]
Dec 31 06:38:50 ec1.ccti.ull.es postfix/smtpd[29701]: connect from systemon3.sis.ccti.ull.es[10.107.26.51]
Dec 31 06:38:50 ec1.ccti.ull.es postfix/smtpd[29701]: disconnect from systemon3.sis.ccti.ull.es[10.107.26.51]
Dec 31 06:39:31 ec1.ccti.ull.es postfix/smtpd[29701]: connect from systemon2.sis.ccti.ull.es[193.145.96.92]
Dec 31 06:39:31 ec1.ccti.ull.es postfix/smtpd[29701]: disconnect from systemon2.sis.ccti.ull.es[193.145.96.92]
Dec 31 06:39:40 ec1.ccti.ull.es postfix/smtpd[29844]: connect from localhost.localdomain[127.0.0.1]
Dec 31 06:39:40 ec1.ccti.ull.es postfix/smtpd[29844]: lost connection after CONNECT from localhost.localdomain[127.0.0.1]
Dec 31 06:39:40 ec1.ccti.ull.es postfix/smtpd[29844]: disconnect from localhost.localdomain[127.0.0.1]
Dec 31 06:39:47 ec1.ccti.ull.es postfix/smtpd[27590]: connect from unknown[10.100.2.1]
Dec 31 06:39:47 ec1.ccti.ull.es postfix/smtpd[27590]: lost connection after HELO from unknown[10.100.2.1]
Dec 31 06:39:47 ec1.ccti.ull.es postfix/smtpd[27590]: disconnect from unknown[10.100.2.1]
Dec 31 06:40:01 ec1.ccti.ull.es postfix/smtpd[29844]: connect from localhost.localdomain[127.0.0.1]
Dec 31 06:40:01 ec1.ccti.ull.es postfix/smtpd[29844]: disconnect from localhost.localdomain[127.0.0.1]
Dec 31 06:40:48 ec1.ccti.ull.es postfix/smtpd[27590]: connect from unknown[10.100.2.1]
Dec 31 06:40:48 ec1.ccti.ull.es postfix/smtpd[27590]: lost connection after HELO from unknown[10.100.2.1]
Dec 31 06:40:48 ec1.ccti.ull.es postfix/smtpd[27590]: disconnect from unknown[10.100.2.1]
Dec 31 06:41:11 ec1.ccti.ull.es postfix/smtpd[27590]: connect from systemon2.sis.ccti.ull.es[193.145.96.92]
Dec 31 06:41:11 ec1.ccti.ull.es postfix/smtpd[27590]: disconnect from systemon2.sis.ccti.ull.es[193.145.96.92]
Dec 31 06:41:49 ec1.ccti.ull.es postfix/smtpd[27590]: connect from unknown[10.100.2.1]
Dec 31 06:41:49 ec1.ccti.ull.es postfix/smtpd[27590]: lost connection after HELO from unknown[10.100.2.1]
Dec 31 06:41:49 ec1.ccti.ull.es postfix/smtpd[27590]: disconnect from unknown[10.100.2.1]
Dec 31 06:41:59 ec1.ccti.ull.es postfix/smtpd[27590]: connect from mp02.ccti.ull.es[10.4.9.102]
Dec 31 06:41:59 ec1.ccti.ull.es postfix/smtpd[27590]: 839FB8C128: client=mp02.ccti.ull.es[10.4.9.102]
Dec 31 06:41:59 ec1.ccti.ull.es postfix/cleanup[30414]: 839FB8C128: message-id=<595122505.856591061293777707046@ecmessenger>
Dec 31 06:41:59 ec1.ccti.ull.es postfix/qmgr[30207]: 839FB8C128: from=<gbounce-5646850273-5583-550194359-1293777707046@bounce.news.tuoferta-deldia.com>, size=15508, nrcpt=1 (queue active)
Dec 31 06:41:59 ec1.ccti.ull.es postfix/smtpd[27590]: disconnect from mp02.ccti.ull.es[10.4.9.102]
Dec 31 06:41:59 ec1.ccti.ull.es postfix/smtpd[30418]: connect from localhost.localdomain[127.0.0.1]
Dec 31 06:41:59 ec1.ccti.ull.es postfix/smtpd[30418]: 9B7D28C12A: client=localhost.localdomain[127.0.0.1]
Dec 31 06:41:59 ec1.ccti.ull.es postfix/cleanup[30414]: 9B7D28C12A: message-id=<595122505.856591061293777707046@ecmessenger>
Dec 31 06:41:59 ec1.ccti.ull.es postfix/qmgr[30207]: 9B7D28C12A: from=<gbounce-5646850273-5583-550194359-1293777707046@bounce.news.tuoferta-deldia.com>, size=15697, nrcpt=1 (queue active)
Dec 31 06:41:59 ec1.ccti.ull.es postfix/smtp[30417]: 839FB8C128: to=<terestrancari@gmail.com>, relay=localhost[127.0.0.1], delay=0, status=sent (250 Ok: queued as 9B7D28C12A)
Dec 31 06:41:59 ec1.ccti.ull.es postfix/smtpd[30418]: disconnect from localhost.localdomain[127.0.0.1]
Dec 31 06:41:59 ec1.ccti.ull.es postfix/qmgr[30207]: 839FB8C128: removed
Dec 31 06:42:00 ec1.ccti.ull.es postfix/smtp[30419]: certificate peer name verification failed for gmail-smtp-in.l.google.com: CommonName mis-match: mx.google.com
Dec 31 06:42:00 ec1.ccti.ull.es postfix/smtp[30419]: 9B7D28C12A: to=<terestrancari@gmail.com>, relay=gmail-smtp-in.l.google.com[209.85.229.27], delay=1, status=sent (250 2.0.0 OK 1293777711 n8si22652413wby.100)
Dec 31 06:42:00 ec1.ccti.ull.es postfix/qmgr[30207]: 9B7D28C12A: removed
Dec 31 06:42:07 ec1.ccti.ull.es postfix/smtpd[27590]: connect from systemon3.sis.ccti.ull.es[10.107.26.51]
Dec 31 06:42:07 ec1.ccti.ull.es postfix/smtpd[27590]: disconnect from systemon3.sis.ccti.ull.es[10.107.26.51]
Dec 31 06:42:30 ec1.ccti.ull.es postfix/anvil[2953]: statistics: max connection rate 1/60s for (smtp:10.4.9.101) at Dec 31 06:32:51
Dec 31 06:42:30 ec1.ccti.ull.es postfix/anvil[2953]: statistics: max connection count 1 for (smtp:10.4.9.101) at Dec 31 06:32:51
Dec 31 06:42:30 ec1.ccti.ull.es postfix/anvil[2953]: statistics: max message rate 1/60s for (smtp:10.4.9.101) at Dec 31 06:32:51
Dec 31 06:42:30 ec1.ccti.ull.es postfix/anvil[2953]: statistics: max recipient rate 1/60s for (smtp:10.4.9.101) at Dec 31 06:32:51
Dec 31 06:42:30 ec1.ccti.ull.es postfix/anvil[2953]: statistics: max cache size 4 at Dec 31 06:33:50
Dec 31 06:42:41 ec1.ccti.ull.es postfix/smtpd[30418]: connect from localhost.localdomain[127.0.0.1]
Dec 31 06:42:41 ec1.ccti.ull.es postfix/smtpd[30418]: lost connection after CONNECT from localhost.localdomain[127.0.0.1]
Dec 31 06:42:41 ec1.ccti.ull.es postfix/smtpd[30418]: disconnect from localhost.localdomain[127.0.0.1]
Dec 31 06:42:50 ec1.ccti.ull.es postfix/smtpd[27590]: connect from unknown[10.100.2.1]
Dec 31 06:42:50 ec1.ccti.ull.es postfix/smtpd[27590]: lost connection after HELO from unknown[10.100.2.1]
Dec 31 06:42:50 ec1.ccti.ull.es postfix/smtpd[27590]: disconnect from unknown[10.100.2.1]
Dec 31 06:43:09 ec1.ccti.ull.es postfix/smtpd[27590]: connect from mp01.ccti.ull.es[10.4.9.101]
Dec 31 06:43:09 ec1.ccti.ull.es postfix/smtpd[27590]: A833B8C128: client=mp01.ccti.ull.es[10.4.9.101]
Dec 31 06:43:09 ec1.ccti.ull.es postfix/cleanup[30414]: A833B8C128: message-id=<LYRIS-7362842-981985-2010.12.31-07.00.15--jmerino#ull.es@dbaseserver.mistermail.nl>
Dec 31 06:43:09 ec1.ccti.ull.es postfix/qmgr[30207]: A833B8C128: from=<bounce-981985-7362842@dbaseserver.mistermail.nl>, size=27503, nrcpt=1 (queue active)
Dec 31 06:43:09 ec1.ccti.ull.es postfix/smtpd[27590]: disconnect from mp01.ccti.ull.es[10.4.9.101]
Dec 31 06:43:09 ec1.ccti.ull.es postfix/smtpd[30418]: connect from localhost.localdomain[127.0.0.1]
Dec 31 06:43:09 ec1.ccti.ull.es postfix/smtpd[30418]: BB2D68C12A: client=localhost.localdomain[127.0.0.1]
Dec 31 06:43:09 ec1.ccti.ull.es postfix/cleanup[30414]: BB2D68C12A: message-id=<LYRIS-7362842-981985-2010.12.31-07.00.15--jmerino#ull.es@dbaseserver.mistermail.nl>
Dec 31 06:43:09 ec1.ccti.ull.es postfix/qmgr[30207]: BB2D68C12A: from=<bounce-981985-7362842@dbaseserver.mistermail.nl>, size=27685, nrcpt=1 (queue active)
Dec 31 06:43:09 ec1.ccti.ull.es postfix/smtp[30417]: A833B8C128: to=<txavea@gmail.com>, relay=localhost[127.0.0.1], delay=0, status=sent (250 Ok: queued as BB2D68C12A)
Dec 31 06:43:09 ec1.ccti.ull.es postfix/qmgr[30207]: A833B8C128: removed
Dec 31 06:43:09 ec1.ccti.ull.es postfix/smtpd[30418]: disconnect from localhost.localdomain[127.0.0.1]
Dec 31 06:43:10 ec1.ccti.ull.es postfix/smtp[30419]: certificate peer name verification failed for gmail-smtp-in.l.google.com: CommonName mis-match: mx.google.com
Dec 31 06:43:11 ec1.ccti.ull.es postfix/smtp[30419]: BB2D68C12A: to=<txavea@gmail.com>, relay=gmail-smtp-in.l.google.com[209.85.229.27], delay=2, status=sent (250 2.0.0 OK 1293777782 n15si22662203wed.96)
Dec 31 06:43:11 ec1.ccti.ull.es postfix/qmgr[30207]: BB2D68C12A: removed
Dec 31 06:43:48 ec1.ccti.ull.es postfix/smtpd[27590]: connect from systemon3.sis.ccti.ull.es[10.107.26.51]
Dec 31 06:43:48 ec1.ccti.ull.es postfix/smtpd[27590]: disconnect from systemon3.sis.ccti.ull.es[10.107.26.51]
Dec 31 06:43:51 ec1.ccti.ull.es postfix/smtpd[27590]: connect from unknown[10.100.2.1]
Dec 31 06:43:51 ec1.ccti.ull.es postfix/smtpd[27590]: lost connection after HELO from unknown[10.100.2.1]
Dec 31 06:43:51 ec1.ccti.ull.es postfix/smtpd[27590]: disconnect from unknown[10.100.2.1]
Dec 31 06:44:31 ec1.ccti.ull.es postfix/smtpd[30828]: connect from systemon2.sis.ccti.ull.es[193.145.96.92]
Dec 31 06:44:31 ec1.ccti.ull.es postfix/smtpd[30828]: disconnect from systemon2.sis.ccti.ull.es[193.145.96.92]
Dec 31 06:44:34 ec1.ccti.ull.es postfix/smtpd[27590]: connect from mp02.ccti.ull.es[10.4.9.102]
Dec 31 06:44:34 ec1.ccti.ull.es postfix/smtpd[27590]: 6F49E8C128: client=mp02.ccti.ull.es[10.4.9.102]
Dec 31 06:44:34 ec1.ccti.ull.es postfix/cleanup[30414]: 6F49E8C128: message-id=<33171119.1293775693694.JavaMail.postal@postal>
Dec 31 06:44:34 ec1.ccti.ull.es postfix/smtpd[27590]: disconnect from mp02.ccti.ull.es[10.4.9.102]
Dec 31 06:44:34 ec1.ccti.ull.es postfix/qmgr[30207]: 6F49E8C128: from=<la.caja.de.canarias@atca.es>, size=63748, nrcpt=1 (queue active)
Dec 31 06:44:34 ec1.ccti.ull.es postfix/smtpd[30418]: connect from localhost.localdomain[127.0.0.1]
Dec 31 06:44:34 ec1.ccti.ull.es postfix/smtpd[30418]: 842E78C12A: client=localhost.localdomain[127.0.0.1]
Dec 31 06:44:34 ec1.ccti.ull.es postfix/cleanup[30414]: 842E78C12A: message-id=<33171119.1293775693694.JavaMail.postal@postal>
Dec 31 06:44:34 ec1.ccti.ull.es postfix/qmgr[30207]: 842E78C12A: from=<la.caja.de.canarias@atca.es>, size=63934, nrcpt=1 (queue active)
Dec 31 06:44:34 ec1.ccti.ull.es postfix/smtp[30417]: 6F49E8C128: to=<ezanardi@conysis.com>, relay=localhost[127.0.0.1], delay=0, status=sent (250 Ok: queued as 842E78C12A)
Dec 31 06:44:34 ec1.ccti.ull.es postfix/qmgr[30207]: 6F49E8C128: removed
Dec 31 06:44:34 ec1.ccti.ull.es postfix/smtpd[30418]: disconnect from localhost.localdomain[127.0.0.1]
Dec 31 06:44:36 ec1.ccti.ull.es postfix/qmgr[30207]: F1A5C8C142: from=<>, size=5171, nrcpt=1 (queue active)
Dec 31 06:44:36 ec1.ccti.ull.es postfix/qmgr[30207]: 590278C0FF: from=<>, size=4103, nrcpt=1 (queue active)
Dec 31 06:44:36 ec1.ccti.ull.es postfix/qmgr[30207]: A03878C15F: from=<jtally@ull.es>, size=3545, nrcpt=1 (queue active)
Dec 31 06:44:36 ec1.ccti.ull.es postfix/qmgr[30207]: 23AD68C17D: from=<communication@cae-acq.ccemails.com>, size=9965, nrcpt=1 (queue active)
Dec 31 06:44:36 ec1.ccti.ull.es postfix/qmgr[30207]: DCA2E8C153: from=<mmolipol@ull.es>, size=1388580, nrcpt=14 (queue active)
Dec 31 06:44:36 ec1.ccti.ull.es postfix/qmgr[30207]: 9A53C8C159: from=<>, size=4040, nrcpt=1 (queue active)
Dec 31 06:44:36 ec1.ccti.ull.es postfix/qmgr[30207]: 3504C8C16D: from=<>, size=4792, nrcpt=1 (queue active)
Dec 31 06:44:36 ec1.ccti.ull.es postfix/qmgr[30207]: 425728C173: from=<>, size=4400, nrcpt=1 (queue active)
Dec 31 06:44:36 ec1.ccti.ull.es postfix/smtp[30848]: certificate verification failed for mx.mad.interhost.com: num=18:self signed certificate
Dec 31 06:44:36 ec1.ccti.ull.es postfix/smtp[30849]: certificate verification failed for mailserver.ikeafamily.net: num=18:self signed certificate
Dec 31 06:44:36 ec1.ccti.ull.es postfix/smtp[30849]: certificate peer name verification failed for mailserver.ikeafamily.net: CommonName mis-match: imap.ikeasi.com
Dec 31 06:44:36 ec1.ccti.ull.es postfix/smtp[30848]: Server certificate could not be verified
Dec 31 06:44:36 ec1.ccti.ull.es postfix/smtp[30849]: Server certificate could not be verified
Dec 31 06:44:36 ec1.ccti.ull.es postfix/smtp[30854]: certificate peer name verification failed for gmail-smtp-in.l.google.com: CommonName mis-match: mx.google.com
Dec 31 06:44:37 ec1.ccti.ull.es postfix/smtp[30849]: 590278C0FF: to=<emailing.ve@ikeafamily.net>, relay=mailserver.ikeafamily.net[84.124.59.151], delay=75282, status=deferred (host mailserver.ikeafamily.net[84.124.59.151] said: 454 4.7.1 <emailing.ve@ikeafamily.net>: Relay access denied (in reply to RCPT TO command))
Dec 31 06:44:37 ec1.ccti.ull.es postfix/smtp[30848]: F1A5C8C142: host mx.mad.interhost.com[213.134.32.172] said: 450 4.1.1 <boletin-bounces@appinformatica.com>: Recipient address rejected: undeliverable address: host mbox.mad.interhost.com[213.134.33.73] said: 550 <boletin-bounces@appinformatica.com>: Recipient address rejected: User unknown in virtual mailbox table (in reply to RCPT TO command) (in reply to RCPT TO command)
Dec 31 06:44:37 ec1.ccti.ull.es postfix/smtp[30854]: 3504C8C16D: host gmail-smtp-in.l.google.com[209.85.229.27] said: 450-4.2.1 The user you are trying to contact is receiving mail at a rate that 450-4.2.1 prevents additional messages from being delivered. Please resend your 450-4.2.1 message at a later time. If the user is able to receive mail at that 450-4.2.1 time, your message will be delivered. For more information, please 450 4.2.1 visit http://mail.google.com/support/bin/answer.py?answer=6592 c2si22655567wer.138 (in reply to RCPT TO command)
Dec 31 06:44:37 ec1.ccti.ull.es postfix/smtp[30848]: certificate verification failed for mx2.mad.interhost.com: num=18:self signed certificate
Dec 31 06:44:37 ec1.ccti.ull.es postfix/smtp[30848]: Server certificate could not be verified
Dec 31 06:44:37 ec1.ccti.ull.es postfix/smtp[30850]: connect to mx4.comcast.net[76.96.26.14]: server refused to talk to me: 554 imta29.emeryville.ca.mail.comcast.net comcast 193.145.119.217 Comcast block for spam.  Please see http://help.comcast.net/content/faq/BL000000    (port 25)
Dec 31 06:44:37 ec1.ccti.ull.es postfix/smtp[30848]: F1A5C8C142: to=<boletin-bounces@appinformatica.com>, relay=mx2.mad.interhost.com[213.134.32.231], delay=221630, status=deferred (host mx2.mad.interhost.com[213.134.32.231] said: 450 4.1.1 <boletin-bounces@appinformatica.com>: Recipient address rejected: undeliverable address: host mbox.mad.interhost.com[213.134.33.73] said: 550 <boletin-bounces@appinformatica.com>: Recipient address rejected: User unknown in virtual mailbox table (in reply to RCPT TO command) (in reply to RCPT TO command))
Dec 31 06:44:37 ec1.ccti.ull.es postfix/smtp[30854]: certificate peer name verification failed for alt1.gmail-smtp-in.l.google.com: CommonName mis-match: mx.google.com
Dec 31 06:44:37 ec1.ccti.ull.es postfix/smtp[30854]: 3504C8C16D: to=<har3barnes@gmail.com>, relay=alt1.gmail-smtp-in.l.google.com[74.125.43.27], delay=98045, status=deferred (host alt1.gmail-smtp-in.l.google.com[74.125.43.27] said: 450-4.2.1 The user you are trying to contact is receiving mail at a rate that 450-4.2.1 prevents additional messages from being delivered. Please resend your 450-4.2.1 message at a later time. If the user is able to receive mail at that 450-4.2.1 time, your message will be delivered. For more information, please 450 4.2.1 visit http://mail.google.com/support/bin/answer.py?answer=6592 l10si45876034bkw.88 (in reply to RCPT TO command))
Dec 31 06:44:38 ec1.ccti.ull.es postfix/smtp[30850]: connect to mx2a.comcast.net[76.96.30.116]: server refused to talk to me: 554 imta14.emeryville.ca.mail.comcast.net comcast 193.145.119.217 Comcast block for spam.  Please see http://help.comcast.net/content/faq/BL000000    (port 25)
Dec 31 06:44:38 ec1.ccti.ull.es postfix/smtp[30850]: connect to mx2.comcast.net[76.96.30.116]: server refused to talk to me: 554 imta14.emeryville.ca.mail.comcast.net comcast 193.145.119.217 Comcast Blocked for spam. Please see http://help.comcast.net/content/faq/BL000000   (port 25)
Dec 31 06:44:38 ec1.ccti.ull.es postfix/smtp[30850]: connect to mx1.comcast.net[76.96.62.116]: server refused to talk to me: 554 imta17.westchester.pa.mail.comcast.net comcast 193.145.119.217 Comcast block for spam.  Please see http://help.comcast.net/content/faq/BL000000    (port 25)
Dec 31 06:44:39 ec1.ccti.ull.es postfix/smtp[30850]: connect to mx2b.comcast.net[76.96.30.116]: server refused to talk to me: 554 imta14.emeryville.ca.mail.comcast.net comcast 193.145.119.217 Comcast Blocked for spam. Please see http://help.comcast.net/content/faq/BL000000   (port 25)
Dec 31 06:44:39 ec1.ccti.ull.es postfix/smtp[30850]: connect to mx1a.comcast.net[76.96.62.116]: server refused to talk to me: 554 imta17.westchester.pa.mail.comcast.net comcast 193.145.119.217 Comcast Blocked for spam. Please see http://help.comcast.net/content/faq/BL000000   (port 25)
Dec 31 06:44:40 ec1.ccti.ull.es postfix/smtp[30850]: connect to mx3.comcast.net[76.96.58.14]: server refused to talk to me: 554 imta38.westchester.pa.mail.comcast.net comcast 193.145.119.217 Comcast block for spam.  Please see http://help.comcast.net/content/faq/BL000000    (port 25)
Dec 31 06:44:40 ec1.ccti.ull.es postfix/smtp[30850]: connect to mx1b.comcast.net[76.96.62.116]: server refused to talk to me: 554 imta17.westchester.pa.mail.comcast.net comcast 193.145.119.217 Comcast Blocked for spam. Please see http://help.comcast.net/content/faq/BL000000   (port 25)
Dec 31 06:44:40 ec1.ccti.ull.es postfix/smtp[30850]: A03878C15F: to=<mercime@comcast.net>, relay=none, delay=311399, status=deferred (connect to mx1b.comcast.net[76.96.62.116]: server refused to talk to me: 554 imta17.westchester.pa.mail.comcast.net comcast 193.145.119.217 Comcast Blocked for spam. Please see http://help.comcast.net/content/faq/BL000000  )
Dec 31 06:44:52 ec1.ccti.ull.es postfix/smtpd[27590]: connect from unknown[10.100.2.1]
Dec 31 06:44:52 ec1.ccti.ull.es postfix/smtpd[27590]: lost connection after HELO from unknown[10.100.2.1]
Dec 31 06:44:52 ec1.ccti.ull.es postfix/smtpd[27590]: disconnect from unknown[10.100.2.1]
Dec 31 06:44:59 ec1.ccti.ull.es postfix/smtp[30419]: 842E78C12A: to=<ezanardi@conysis.com>, relay=mail.conysis.com[212.34.136.14], delay=25, status=sent (250 OK id=1PYYjJ-0000wn-AI)
Dec 31 06:44:59 ec1.ccti.ull.es postfix/qmgr[30207]: 842E78C12A: removed
Dec 31 06:45:01 ec1.ccti.ull.es postfix/smtpd[30418]: connect from localhost.localdomain[127.0.0.1]
Dec 31 06:45:01 ec1.ccti.ull.es postfix/smtpd[30418]: disconnect from localhost.localdomain[127.0.0.1]
Dec 31 06:45:06 ec1.ccti.ull.es postfix/smtp[30851]: connect to alg1.algebra.matfun.ull.es[193.145.105.233]: Connection timed out (port 25)
Dec 31 06:45:06 ec1.ccti.ull.es postfix/smtp[30851]: 23AD68C17D: to=<eaca99@alg1.algebra.matfun.ull.es>, relay=none, delay=333492, status=deferred (connect to alg1.algebra.matfun.ull.es[193.145.105.233]: Connection timed out)
Dec 31 06:45:06 ec1.ccti.ull.es postfix/smtp[30855]: connect to webfulp.fulp.ulpgc.es[193.145.143.71]: Connection timed out (port 25)
Dec 31 06:45:06 ec1.ccti.ull.es postfix/smtp[30855]: 425728C173: to=<root@webfulp.fulp.ulpgc.es>, relay=none, delay=241342, status=deferred (connect to webfulp.fulp.ulpgc.es[193.145.143.71]: Connection timed out)
Dec 31 06:45:06 ec1.ccti.ull.es postfix/smtp[30853]: connect to esquimaling.com[184.106.216.67]: Connection timed out (port 25)
Dec 31 06:45:06 ec1.ccti.ull.es postfix/smtp[30853]: 9A53C8C159: to=<listbounces@esquimaling.com>, relay=none, delay=241417, status=deferred (connect to esquimaling.com[184.106.216.67]: Connection timed out)
Dec 31 06:45:06 ec1.ccti.ull.es postfix/smtp[30852]: connect to a445.b.akamai.net[130.206.192.31]: Connection timed out (port 25)
Dec 31 06:45:36 ec1.ccti.ull.es postfix/smtp[30852]: connect to a445.b.akamai.net[130.206.192.39]: Connection timed out (port 25)
Dec 31 06:45:37 ec1.ccti.ull.es postfix/smtp[30852]: DCA2E8C153: to=<esther.pons@man.mcu.es>, relay=none, delay=216819, status=deferred (connect to a445.b.akamai.net[130.206.192.39]: Connection timed out)
Dec 31 06:45:41 ec1.ccti.ull.es postfix/smtpd[30418]: connect from localhost.localdomain[127.0.0.1]
Dec 31 06:45:41 ec1.ccti.ull.es postfix/smtpd[30418]: lost connection after CONNECT from localhost.localdomain[127.0.0.1]
Dec 31 06:45:41 ec1.ccti.ull.es postfix/smtpd[30418]: disconnect from localhost.localdomain[127.0.0.1]
Dec 31 06:45:53 ec1.ccti.ull.es postfix/smtpd[27590]: connect from unknown[10.100.2.1]
Dec 31 06:45:53 ec1.ccti.ull.es postfix/smtpd[27590]: lost connection after HELO from unknown[10.100.2.1]
Dec 31 06:45:53 ec1.ccti.ull.es postfix/smtpd[27590]: disconnect from unknown[10.100.2.1]
Dec 31 06:46:11 ec1.ccti.ull.es postfix/smtpd[27590]: connect from systemon2.sis.ccti.ull.es[193.145.96.92]
Dec 31 06:46:11 ec1.ccti.ull.es postfix/smtpd[27590]: disconnect from systemon2.sis.ccti.ull.es[193.145.96.92]
Dec 31 06:46:21 ec1.ccti.ull.es postfix/smtpd[27590]: connect from mp01.ccti.ull.es[10.4.9.101]
Dec 31 06:46:21 ec1.ccti.ull.es postfix/smtpd[27590]: ADC628C128: client=mp01.ccti.ull.es[10.4.9.101]
Dec 31 06:46:21 ec1.ccti.ull.es postfix/cleanup[31349]: ADC628C128: message-id=<000e0cd2befa2a3e050498af280c@google.com>
Dec 31 06:46:21 ec1.ccti.ull.es postfix/qmgr[30207]: ADC628C128: from=<3L3wdTRQKBxY2AA270w70DFE-9AD0B7K2AA270.yA81D2G0L3G77.0E@alerts.bounces.google.com>, size=18514, nrcpt=1 (queue active)
Dec 31 06:46:21 ec1.ccti.ull.es postfix/smtpd[27590]: disconnect from mp01.ccti.ull.es[10.4.9.101]
Dec 31 06:46:21 ec1.ccti.ull.es postfix/smtpd[30418]: connect from localhost.localdomain[127.0.0.1]
Dec 31 06:46:21 ec1.ccti.ull.es postfix/smtpd[30418]: C86498C12A: client=localhost.localdomain[127.0.0.1]
Dec 31 06:46:21 ec1.ccti.ull.es postfix/cleanup[31349]: C86498C12A: message-id=<000e0cd2befa2a3e050498af280c@google.com>
Dec 31 06:46:21 ec1.ccti.ull.es postfix/smtp[31352]: ADC628C128: to=<frguezh@gmail.com>, relay=localhost[127.0.0.1], delay=0, status=sent (250 Ok: queued as C86498C12A)
Dec 31 06:46:21 ec1.ccti.ull.es postfix/qmgr[30207]: C86498C12A: from=<3L3wdTRQKBxY2AA270w70DFE-9AD0B7K2AA270.yA81D2G0L3G77.0E@alerts.bounces.google.com>, size=18697, nrcpt=1 (queue active)
Dec 31 06:46:21 ec1.ccti.ull.es postfix/qmgr[30207]: ADC628C128: removed
Dec 31 06:46:21 ec1.ccti.ull.es postfix/smtpd[30418]: disconnect from localhost.localdomain[127.0.0.1]
Dec 31 06:46:22 ec1.ccti.ull.es postfix/smtp[30851]: certificate peer name verification failed for gmail-smtp-in.l.google.com: CommonName mis-match: mx.google.com
Dec 31 06:46:23 ec1.ccti.ull.es postfix/smtp[30851]: C86498C12A: to=<frguezh@gmail.com>, relay=gmail-smtp-in.l.google.com[209.85.229.27], delay=2, status=sent (250 2.0.0 OK 1293777973 p3si12872749wer.89)
Dec 31 06:46:23 ec1.ccti.ull.es postfix/qmgr[30207]: C86498C12A: removed
Dec 31 06:46:54 ec1.ccti.ull.es postfix/smtpd[27590]: connect from unknown[10.100.2.1]
Dec 31 06:46:54 ec1.ccti.ull.es postfix/smtpd[27590]: lost connection after HELO from unknown[10.100.2.1]
Dec 31 06:46:54 ec1.ccti.ull.es postfix/smtpd[27590]: disconnect from unknown[10.100.2.1]
Dec 31 06:47:07 ec1.ccti.ull.es postfix/smtpd[27590]: connect from systemon3.sis.ccti.ull.es[10.107.26.51]
Dec 31 06:47:07 ec1.ccti.ull.es postfix/smtpd[27590]: disconnect from systemon3.sis.ccti.ull.es[10.107.26.51]
Dec 31 06:47:55 ec1.ccti.ull.es postfix/smtpd[27590]: connect from unknown[10.100.2.1]
Dec 31 06:47:55 ec1.ccti.ull.es postfix/smtpd[27590]: lost connection after HELO from unknown[10.100.2.1]
Dec 31 06:47:55 ec1.ccti.ull.es postfix/smtpd[27590]: disconnect from unknown[10.100.2.1]
Dec 31 06:47:58 ec1.ccti.ull.es postfix/smtpd[27590]: connect from mp01.ccti.ull.es[10.4.9.101]
Dec 31 06:47:58 ec1.ccti.ull.es postfix/smtpd[27590]: 724168C128: client=mp01.ccti.ull.es[10.4.9.101]
Dec 31 06:47:58 ec1.ccti.ull.es postfix/cleanup[31349]: 724168C128: message-id=<20101231064155.787D222006C@parmenides.ictnet.es>
Dec 31 06:47:58 ec1.ccti.ull.es postfix/qmgr[30207]: 724168C128: from=<pronews-bounces@cv.ictnet.es>, size=31066, nrcpt=1 (queue active)
Dec 31 06:47:58 ec1.ccti.ull.es postfix/smtpd[27590]: disconnect from mp01.ccti.ull.es[10.4.9.101]
Dec 31 06:47:58 ec1.ccti.ull.es postfix/smtpd[30418]: connect from localhost.localdomain[127.0.0.1]
Dec 31 06:47:58 ec1.ccti.ull.es postfix/smtpd[30418]: 854D38C12A: client=localhost.localdomain[127.0.0.1]
Dec 31 06:47:58 ec1.ccti.ull.es postfix/cleanup[31349]: 854D38C12A: message-id=<20101231064155.787D222006C@parmenides.ictnet.es>
Dec 31 06:47:58 ec1.ccti.ull.es postfix/qmgr[30207]: 854D38C12A: from=<pronews-bounces@cv.ictnet.es>, size=31250, nrcpt=1 (queue active)
Dec 31 06:47:58 ec1.ccti.ull.es postfix/smtp[31352]: 724168C128: to=<joluroga@gmail.com>, relay=localhost[127.0.0.1], delay=0, status=sent (250 Ok: queued as 854D38C12A)
Dec 31 06:47:58 ec1.ccti.ull.es postfix/qmgr[30207]: 724168C128: removed
Dec 31 06:47:58 ec1.ccti.ull.es postfix/smtpd[30418]: disconnect from localhost.localdomain[127.0.0.1]
Dec 31 06:47:58 ec1.ccti.ull.es postfix/smtp[30851]: certificate peer name verification failed for gmail-smtp-in.l.google.com: CommonName mis-match: mx.google.com
Dec 31 06:47:59 ec1.ccti.ull.es postfix/smtp[30851]: 854D38C12A: to=<joluroga@gmail.com>, relay=gmail-smtp-in.l.google.com[209.85.229.27], delay=1, status=sent (250 2.0.0 OK 1293778070 f6si16058746wed.140)
Dec 31 06:47:59 ec1.ccti.ull.es postfix/qmgr[30207]: 854D38C12A: removed
Dec 31 06:48:41 ec1.ccti.ull.es postfix/smtpd[30418]: connect from localhost.localdomain[127.0.0.1]
Dec 31 06:48:41 ec1.ccti.ull.es postfix/smtpd[30418]: lost connection after CONNECT from localhost.localdomain[127.0.0.1]
Dec 31 06:48:41 ec1.ccti.ull.es postfix/smtpd[30418]: disconnect from localhost.localdomain[127.0.0.1]
Dec 31 06:48:48 ec1.ccti.ull.es postfix/smtpd[27590]: connect from systemon3.sis.ccti.ull.es[10.107.26.51]
Dec 31 06:48:48 ec1.ccti.ull.es postfix/smtpd[27590]: disconnect from systemon3.sis.ccti.ull.es[10.107.26.51]
Dec 31 06:48:50 ec1.ccti.ull.es postfix/smtpd[31757]: connect from systemon3.sis.ccti.ull.es[10.107.26.51]
Dec 31 06:48:50 ec1.ccti.ull.es postfix/smtpd[31757]: disconnect from systemon3.sis.ccti.ull.es[10.107.26.51]
Dec 31 06:48:56 ec1.ccti.ull.es postfix/smtpd[27590]: connect from unknown[10.100.2.1]
Dec 31 06:48:56 ec1.ccti.ull.es postfix/smtpd[27590]: lost connection after HELO from unknown[10.100.2.1]
Dec 31 06:48:56 ec1.ccti.ull.es postfix/smtpd[27590]: disconnect from unknown[10.100.2.1]
Dec 31 06:49:57 ec1.ccti.ull.es postfix/smtpd[27590]: connect from unknown[10.100.2.1]
Dec 31 06:49:57 ec1.ccti.ull.es postfix/smtpd[27590]: lost connection after HELO from unknown[10.100.2.1]
Dec 31 06:49:57 ec1.ccti.ull.es postfix/smtpd[27590]: disconnect from unknown[10.100.2.1]
Dec 31 06:50:01 ec1.ccti.ull.es postfix/smtpd[30418]: connect from localhost.localdomain[127.0.0.1]
Dec 31 06:50:01 ec1.ccti.ull.es postfix/smtpd[30418]: disconnect from localhost.localdomain[127.0.0.1]
Dec 31 06:50:32 ec1.ccti.ull.es postfix/smtpd[27590]: connect from systemon3.sis.ccti.ull.es[10.107.26.51]
Dec 31 06:50:32 ec1.ccti.ull.es postfix/smtpd[27590]: disconnect from systemon3.sis.ccti.ull.es[10.107.26.51]
Dec 31 06:50:58 ec1.ccti.ull.es postfix/smtpd[27590]: connect from unknown[10.100.2.1]
Dec 31 06:50:58 ec1.ccti.ull.es postfix/smtpd[27590]: lost connection after HELO from unknown[10.100.2.1]
Dec 31 06:50:58 ec1.ccti.ull.es postfix/smtpd[27590]: disconnect from unknown[10.100.2.1]
Dec 31 06:51:11 ec1.ccti.ull.es postfix/smtpd[27590]: connect from systemon2.sis.ccti.ull.es[193.145.96.92]
Dec 31 06:51:11 ec1.ccti.ull.es postfix/smtpd[27590]: disconnect from systemon2.sis.ccti.ull.es[193.145.96.92]
Dec 31 06:51:41 ec1.ccti.ull.es postfix/smtpd[32427]: connect from localhost.localdomain[127.0.0.1]
Dec 31 06:51:41 ec1.ccti.ull.es postfix/smtpd[32427]: lost connection after CONNECT from localhost.localdomain[127.0.0.1]
Dec 31 06:51:41 ec1.ccti.ull.es postfix/smtpd[32427]: disconnect from localhost.localdomain[127.0.0.1]
Dec 31 06:51:59 ec1.ccti.ull.es postfix/smtpd[27590]: connect from unknown[10.100.2.1]
Dec 31 06:51:59 ec1.ccti.ull.es postfix/smtpd[27590]: lost connection after HELO from unknown[10.100.2.1]
Dec 31 06:51:59 ec1.ccti.ull.es postfix/smtpd[27590]: disconnect from unknown[10.100.2.1]
Dec 31 06:52:07 ec1.ccti.ull.es postfix/smtpd[27590]: connect from systemon3.sis.ccti.ull.es[10.107.26.51]
Dec 31 06:52:07 ec1.ccti.ull.es postfix/smtpd[27590]: disconnect from systemon3.sis.ccti.ull.es[10.107.26.51]
Dec 31 06:52:30 ec1.ccti.ull.es postfix/anvil[2953]: statistics: max connection rate 1/60s for (smtp:10.4.9.101) at Dec 31 06:43:09
Dec 31 06:52:30 ec1.ccti.ull.es postfix/anvil[2953]: statistics: max connection count 1 for (smtp:10.4.9.101) at Dec 31 06:43:09
Dec 31 06:52:30 ec1.ccti.ull.es postfix/anvil[2953]: statistics: max message rate 1/60s for (smtp:10.4.9.101) at Dec 31 06:43:09
Dec 31 06:52:30 ec1.ccti.ull.es postfix/anvil[2953]: statistics: max recipient rate 1/60s for (smtp:10.4.9.101) at Dec 31 06:43:09
Dec 31 06:52:30 ec1.ccti.ull.es postfix/anvil[2953]: statistics: max cache size 3 at Dec 31 06:44:34
Dec 31 06:53:00 ec1.ccti.ull.es postfix/smtpd[27590]: connect from unknown[10.100.2.1]
Dec 31 06:53:00 ec1.ccti.ull.es postfix/smtpd[27590]: lost connection after HELO from unknown[10.100.2.1]
Dec 31 06:53:00 ec1.ccti.ull.es postfix/smtpd[27590]: disconnect from unknown[10.100.2.1]
Dec 31 06:53:48 ec1.ccti.ull.es postfix/smtpd[27590]: connect from systemon3.sis.ccti.ull.es[10.107.26.51]
Dec 31 06:53:48 ec1.ccti.ull.es postfix/smtpd[27590]: disconnect from systemon3.sis.ccti.ull.es[10.107.26.51]
Dec 31 06:54:01 ec1.ccti.ull.es postfix/smtpd[27590]: connect from unknown[10.100.2.1]
Dec 31 06:54:01 ec1.ccti.ull.es postfix/smtpd[27590]: lost connection after HELO from unknown[10.100.2.1]
Dec 31 06:54:01 ec1.ccti.ull.es postfix/smtpd[27590]: disconnect from unknown[10.100.2.1]
Dec 31 06:54:31 ec1.ccti.ull.es postfix/smtpd[416]: connect from systemon2.sis.ccti.ull.es[193.145.96.92]
Dec 31 06:54:31 ec1.ccti.ull.es postfix/smtpd[416]: disconnect from systemon2.sis.ccti.ull.es[193.145.96.92]
Dec 31 06:54:41 ec1.ccti.ull.es postfix/smtpd[448]: connect from localhost.localdomain[127.0.0.1]
Dec 31 06:54:41 ec1.ccti.ull.es postfix/smtpd[448]: lost connection after CONNECT from localhost.localdomain[127.0.0.1]
Dec 31 06:54:41 ec1.ccti.ull.es postfix/smtpd[448]: disconnect from localhost.localdomain[127.0.0.1]
Dec 31 06:55:01 ec1.ccti.ull.es postfix/smtpd[448]: connect from localhost.localdomain[127.0.0.1]
Dec 31 06:55:01 ec1.ccti.ull.es postfix/smtpd[448]: disconnect from localhost.localdomain[127.0.0.1]
Dec 31 06:55:02 ec1.ccti.ull.es postfix/smtpd[27590]: connect from unknown[10.100.2.1]
Dec 31 06:55:02 ec1.ccti.ull.es postfix/smtpd[27590]: lost connection after HELO from unknown[10.100.2.1]
Dec 31 06:55:02 ec1.ccti.ull.es postfix/smtpd[27590]: disconnect from unknown[10.100.2.1]
Dec 31 06:56:03 ec1.ccti.ull.es postfix/smtpd[27590]: connect from unknown[10.100.2.1]
Dec 31 06:56:03 ec1.ccti.ull.es postfix/smtpd[27590]: lost connection after HELO from unknown[10.100.2.1]
Dec 31 06:56:03 ec1.ccti.ull.es postfix/smtpd[27590]: disconnect from unknown[10.100.2.1]
Dec 31 06:56:11 ec1.ccti.ull.es postfix/smtpd[27590]: connect from systemon2.sis.ccti.ull.es[193.145.96.92]
Dec 31 06:56:11 ec1.ccti.ull.es postfix/smtpd[27590]: disconnect from systemon2.sis.ccti.ull.es[193.145.96.92]
Dec 31 06:57:04 ec1.ccti.ull.es postfix/smtpd[27590]: connect from unknown[10.100.2.1]
