Dec 31 09:32:48 ec1.ccti.ull.es postfix/smtpd[32500]: disconnect from localhost.localdomain[127.0.0.1]
Dec 31 09:32:48 ec1.ccti.ull.es postfix/smtp[468]: E26A18C13A: to=<communication@cae-acq.ccemails.com>, relay=smtp1.emv2.com[81.92.115.245], delay=1, status=sent (250 2.0.0 Ok: queued as A83117F92)
Dec 31 09:32:48 ec1.ccti.ull.es postfix/qmgr[30207]: E26A18C13A: removed
Dec 31 09:32:53 ec1.ccti.ull.es postfix/smtpd[27264]: connect from mp01.ccti.ull.es[10.4.9.101]
Dec 31 09:32:53 ec1.ccti.ull.es postfix/smtpd[27264]: 9C14F8C134: client=mp01.ccti.ull.es[10.4.9.101]
Dec 31 09:32:53 ec1.ccti.ull.es postfix/cleanup[32498]: 9C14F8C134: message-id=<210251739.49215.1293787902211@p2enginer1.emv2.com>
Dec 31 09:32:53 ec1.ccti.ull.es postfix/smtpd[27264]: disconnect from mp01.ccti.ull.es[10.4.9.101]
Dec 31 09:32:53 ec1.ccti.ull.es postfix/qmgr[30207]: 9C14F8C134: from=<communication@cae-acq.ccemails.com>, size=8451, nrcpt=1 (queue active)
Dec 31 09:32:53 ec1.ccti.ull.es postfix/smtpd[32500]: connect from localhost.localdomain[127.0.0.1]
Dec 31 09:32:53 ec1.ccti.ull.es postfix/smtpd[32500]: AE20A8C13A: client=localhost.localdomain[127.0.0.1]
Dec 31 09:32:53 ec1.ccti.ull.es postfix/cleanup[32498]: AE20A8C13A: message-id=<210251739.49215.1293787902211@p2enginer1.emv2.com>
Dec 31 09:32:53 ec1.ccti.ull.es postfix/qmgr[30207]: AE20A8C13A: from=<communication@cae-acq.ccemails.com>, size=8643, nrcpt=1 (queue active)
Dec 31 09:32:53 ec1.ccti.ull.es postfix/smtp[32499]: 9C14F8C134: to=<Carlos.J.Alvarez@gmail.com>, relay=localhost[127.0.0.1], delay=0, status=sent (250 Ok: queued as AE20A8C13A)
Dec 31 09:32:53 ec1.ccti.ull.es postfix/qmgr[30207]: 9C14F8C134: removed
Dec 31 09:32:53 ec1.ccti.ull.es postfix/smtpd[32500]: disconnect from localhost.localdomain[127.0.0.1]
Dec 31 09:32:54 ec1.ccti.ull.es postfix/smtp[465]: certificate peer name verification failed for gmail-smtp-in.l.google.com: CommonName mis-match: mx.google.com
Dec 31 09:32:55 ec1.ccti.ull.es postfix/smtp[465]: AE20A8C13A: to=<Carlos.J.Alvarez@gmail.com>, relay=gmail-smtp-in.l.google.com[209.85.229.27], delay=1, status=sent (250 2.0.0 OK 1293787965 l7si22785633wba.89)
Dec 31 09:32:55 ec1.ccti.ull.es postfix/qmgr[30207]: AE20A8C13A: removed
Dec 31 09:32:55 ec1.ccti.ull.es postfix/smtpd[692]: connect from systemon2.sis.ccti.ull.es[193.145.96.92]
Dec 31 09:32:55 ec1.ccti.ull.es postfix/smtpd[692]: disconnect from systemon2.sis.ccti.ull.es[193.145.96.92]
Dec 31 09:33:03 ec1.ccti.ull.es postfix/smtpd[32500]: connect from localhost.localdomain[127.0.0.1]
Dec 31 09:33:03 ec1.ccti.ull.es postfix/smtpd[32500]: EB59E8C134: client=localhost.localdomain[127.0.0.1]
Dec 31 09:33:03 ec1.ccti.ull.es postfix/cleanup[32498]: EB59E8C134: message-id=<8B2F8350166D47969A1640ED2B5EAF58@MARU>
Dec 31 09:33:03 ec1.ccti.ull.es postfix/qmgr[30207]: EB59E8C134: from=<dravina@ull.es>, size=2054, nrcpt=1 (queue active)
Dec 31 09:33:03 ec1.ccti.ull.es postfix/smtpd[32500]: disconnect from localhost.localdomain[127.0.0.1]
Dec 31 09:33:03 ec1.ccti.ull.es postfix/smtpd[27264]: connect from mb02.sis.ccti.ull.es[10.4.9.104]
Dec 31 09:33:03 ec1.ccti.ull.es postfix/smtpd[27264]: B811F8C13A: client=mb02.sis.ccti.ull.es[10.4.9.104]
Dec 31 09:33:03 ec1.ccti.ull.es postfix/cleanup[32498]: B811F8C13A: message-id=<dovecot-1293787983-537504-0@mb02.sis.ccti.ull.es>
Dec 31 09:33:03 ec1.ccti.ull.es postfix/smtpd[27264]: disconnect from mb02.sis.ccti.ull.es[10.4.9.104]
Dec 31 09:33:03 ec1.ccti.ull.es postfix/qmgr[30207]: B811F8C13A: from=<>, size=4218, nrcpt=1 (queue active)
Dec 31 09:33:03 ec1.ccti.ull.es postfix/smtpd[32500]: connect from localhost.localdomain[127.0.0.1]
Dec 31 09:33:03 ec1.ccti.ull.es postfix/smtpd[32500]: C97988C146: client=localhost.localdomain[127.0.0.1]
Dec 31 09:33:04 ec1.ccti.ull.es postfix/cleanup[32498]: C97988C146: message-id=<dovecot-1293787983-537504-0@mb02.sis.ccti.ull.es>
Dec 31 09:33:04 ec1.ccti.ull.es postfix/smtp[32499]: B811F8C13A: to=<communication@cae-acq.ccemails.com>, relay=localhost[127.0.0.1], delay=0, status=sent (250 Ok: queued as C97988C146)
Dec 31 09:33:04 ec1.ccti.ull.es postfix/qmgr[30207]: C97988C146: from=<>, size=4418, nrcpt=1 (queue active)
Dec 31 09:33:04 ec1.ccti.ull.es postfix/smtpd[32500]: disconnect from localhost.localdomain[127.0.0.1]
Dec 31 09:33:04 ec1.ccti.ull.es postfix/qmgr[30207]: B811F8C13A: removed
Dec 31 09:33:04 ec1.ccti.ull.es postfix/smtp[466]: C97988C146: to=<communication@cae-acq.ccemails.com>, relay=smtp1.emv2.com[81.92.115.245], delay=1, status=sent (250 2.0.0 Ok: queued as DFA777FA6)
Dec 31 09:33:04 ec1.ccti.ull.es postfix/qmgr[30207]: C97988C146: removed
Dec 31 09:33:13 ec1.ccti.ull.es postfix/smtpd[692]: connect from mp02.ccti.ull.es[10.4.9.102]
Dec 31 09:33:13 ec1.ccti.ull.es postfix/smtpd[692]: 2D9E98C13A: client=mp02.ccti.ull.es[10.4.9.102]
Dec 31 09:33:13 ec1.ccti.ull.es postfix/cleanup[32498]: 2D9E98C13A: message-id=<210252487.49215.1293787927746@p2enginer1.emv2.com>
Dec 31 09:33:13 ec1.ccti.ull.es postfix/qmgr[30207]: 2D9E98C13A: from=<communication@cae-acq.ccemails.com>, size=8445, nrcpt=1 (queue active)
Dec 31 09:33:13 ec1.ccti.ull.es postfix/smtpd[692]: disconnect from mp02.ccti.ull.es[10.4.9.102]
Dec 31 09:33:13 ec1.ccti.ull.es postfix/smtpd[32500]: connect from localhost.localdomain[127.0.0.1]
Dec 31 09:33:13 ec1.ccti.ull.es postfix/smtpd[32500]: 3F5668C146: client=localhost.localdomain[127.0.0.1]
Dec 31 09:33:13 ec1.ccti.ull.es postfix/cleanup[32498]: 3F5668C146: message-id=<210252487.49215.1293787927746@p2enginer1.emv2.com>
Dec 31 09:33:13 ec1.ccti.ull.es postfix/smtp[32499]: 2D9E98C13A: to=<vbatista08@gmail.com>, relay=localhost[127.0.0.1], delay=0, status=sent (250 Ok: queued as 3F5668C146)
Dec 31 09:33:13 ec1.ccti.ull.es postfix/qmgr[30207]: 3F5668C146: from=<communication@cae-acq.ccemails.com>, size=8631, nrcpt=1 (queue active)
Dec 31 09:33:13 ec1.ccti.ull.es postfix/qmgr[30207]: 2D9E98C13A: removed
Dec 31 09:33:13 ec1.ccti.ull.es postfix/smtpd[32500]: disconnect from localhost.localdomain[127.0.0.1]
Dec 31 09:33:13 ec1.ccti.ull.es postfix/smtp[467]: certificate peer name verification failed for gmail-smtp-in.l.google.com: CommonName mis-match: mx.google.com
Dec 31 09:33:13 ec1.ccti.ull.es postfix/smtp[32503]: EB59E8C134: to=<carlosperez@seguros-carlosperez.com>, relay=mail.seguros-carlosperez.com[217.70.240.131], delay=11, status=sent (250 2.0.0 oBV9WxlW020455 Message accepted for delivery)
Dec 31 09:33:13 ec1.ccti.ull.es postfix/qmgr[30207]: EB59E8C134: removed
Dec 31 09:33:14 ec1.ccti.ull.es postfix/smtp[467]: 3F5668C146: to=<vbatista08@gmail.com>, relay=gmail-smtp-in.l.google.com[209.85.229.27], delay=1, status=sent (250 2.0.0 OK 1293787985 34si22797598wba.19)
Dec 31 09:33:14 ec1.ccti.ull.es postfix/qmgr[30207]: 3F5668C146: removed
Dec 31 09:33:30 ec1.ccti.ull.es postfix/smtpd[27264]: connect from mp01.ccti.ull.es[10.4.9.101]
Dec 31 09:33:30 ec1.ccti.ull.es postfix/smtpd[27264]: D3DC98C134: client=mp01.ccti.ull.es[10.4.9.101]
Dec 31 09:33:30 ec1.ccti.ull.es postfix/cleanup[32498]: D3DC98C134: message-id=<210220321.49215.1293787999923@p2enginer1.emv2.com>
Dec 31 09:33:31 ec1.ccti.ull.es postfix/smtpd[27264]: disconnect from mp01.ccti.ull.es[10.4.9.101]
Dec 31 09:33:31 ec1.ccti.ull.es postfix/qmgr[30207]: D3DC98C134: from=<communication@cae-acq.ccemails.com>, size=8455, nrcpt=1 (queue active)
Dec 31 09:33:31 ec1.ccti.ull.es postfix/smtpd[32500]: connect from localhost.localdomain[127.0.0.1]
Dec 31 09:33:31 ec1.ccti.ull.es postfix/smtpd[32500]: E6B618C13A: client=localhost.localdomain[127.0.0.1]
Dec 31 09:33:31 ec1.ccti.ull.es postfix/cleanup[32498]: E6B618C13A: message-id=<210220321.49215.1293787999923@p2enginer1.emv2.com>
Dec 31 09:33:31 ec1.ccti.ull.es postfix/smtp[32499]: D3DC98C134: to=<jsbedford@gmail.com>, relay=localhost[127.0.0.1], delay=1, status=sent (250 Ok: queued as E6B618C13A)
Dec 31 09:33:31 ec1.ccti.ull.es postfix/qmgr[30207]: E6B618C13A: from=<communication@cae-acq.ccemails.com>, size=8640, nrcpt=1 (queue active)
Dec 31 09:33:31 ec1.ccti.ull.es postfix/qmgr[30207]: D3DC98C134: removed
Dec 31 09:33:31 ec1.ccti.ull.es postfix/smtpd[32500]: disconnect from localhost.localdomain[127.0.0.1]
Dec 31 09:33:31 ec1.ccti.ull.es postfix/smtp[468]: certificate peer name verification failed for gmail-smtp-in.l.google.com: CommonName mis-match: mx.google.com
Dec 31 09:33:32 ec1.ccti.ull.es postfix/smtp[468]: E6B618C13A: to=<jsbedford@gmail.com>, relay=gmail-smtp-in.l.google.com[209.85.229.27], delay=1, status=sent (250 2.0.0 OK 1293788002 f33si22796828wej.53)
Dec 31 09:33:32 ec1.ccti.ull.es postfix/qmgr[30207]: E6B618C13A: removed
Dec 31 09:33:38 ec1.ccti.ull.es postfix/smtpd[692]: connect from unknown[10.100.2.1]
Dec 31 09:33:38 ec1.ccti.ull.es postfix/smtpd[692]: lost connection after HELO from unknown[10.100.2.1]
Dec 31 09:33:38 ec1.ccti.ull.es postfix/smtpd[692]: disconnect from unknown[10.100.2.1]
Dec 31 09:33:39 ec1.ccti.ull.es postfix/smtpd[27264]: connect from mb04.sis.ccti.ull.es[10.4.9.106]
Dec 31 09:33:39 ec1.ccti.ull.es postfix/smtpd[27264]: CBC5E8C134: client=mb04.sis.ccti.ull.es[10.4.9.106]
Dec 31 09:33:39 ec1.ccti.ull.es postfix/cleanup[32498]: CBC5E8C134: message-id=<dovecot-1293788019-667804-0@mb04.sis.ccti.ull.es>
Dec 31 09:33:39 ec1.ccti.ull.es postfix/smtpd[27264]: disconnect from mb04.sis.ccti.ull.es[10.4.9.106]
Dec 31 09:33:39 ec1.ccti.ull.es postfix/qmgr[30207]: CBC5E8C134: from=<>, size=4226, nrcpt=1 (queue active)
Dec 31 09:33:39 ec1.ccti.ull.es postfix/smtpd[32500]: connect from localhost.localdomain[127.0.0.1]
Dec 31 09:33:40 ec1.ccti.ull.es postfix/smtpd[32500]: DDA558C13A: client=localhost.localdomain[127.0.0.1]
Dec 31 09:33:40 ec1.ccti.ull.es postfix/cleanup[32498]: DDA558C13A: message-id=<dovecot-1293788019-667804-0@mb04.sis.ccti.ull.es>
Dec 31 09:33:40 ec1.ccti.ull.es postfix/qmgr[30207]: DDA558C13A: from=<>, size=4426, nrcpt=1 (queue active)
Dec 31 09:33:40 ec1.ccti.ull.es postfix/smtp[32499]: CBC5E8C134: to=<communication@cae-acq.ccemails.com>, relay=localhost[127.0.0.1], delay=1, status=sent (250 Ok: queued as DDA558C13A)
Dec 31 09:33:40 ec1.ccti.ull.es postfix/qmgr[30207]: CBC5E8C134: removed
Dec 31 09:33:40 ec1.ccti.ull.es postfix/smtpd[32500]: disconnect from localhost.localdomain[127.0.0.1]
Dec 31 09:33:40 ec1.ccti.ull.es postfix/smtp[465]: DDA558C13A: to=<communication@cae-acq.ccemails.com>, relay=smtp1.emv2.com[81.92.115.245], delay=1, status=sent (250 2.0.0 Ok: queued as A23907FAD)
Dec 31 09:33:40 ec1.ccti.ull.es postfix/qmgr[30207]: DDA558C13A: removed
Dec 31 09:33:47 ec1.ccti.ull.es postfix/smtpd[692]: connect from mp02.ccti.ull.es[10.4.9.102]
Dec 31 09:33:47 ec1.ccti.ull.es postfix/smtpd[692]: 652058C134: client=mp02.ccti.ull.es[10.4.9.102]
Dec 31 09:33:47 ec1.ccti.ull.es postfix/cleanup[32498]: 652058C134: message-id=<210208276.49215.1293788016483@p2enginer1.emv2.com>
Dec 31 09:33:47 ec1.ccti.ull.es postfix/qmgr[30207]: 652058C134: from=<communication@cae-acq.ccemails.com>, size=8433, nrcpt=1 (queue active)
Dec 31 09:33:47 ec1.ccti.ull.es postfix/smtpd[692]: disconnect from mp02.ccti.ull.es[10.4.9.102]
Dec 31 09:33:47 ec1.ccti.ull.es postfix/smtpd[32500]: connect from localhost.localdomain[127.0.0.1]
Dec 31 09:33:47 ec1.ccti.ull.es postfix/smtpd[32500]: 772078C13A: client=localhost.localdomain[127.0.0.1]
Dec 31 09:33:47 ec1.ccti.ull.es postfix/cleanup[32498]: 772078C13A: message-id=<210208276.49215.1293788016483@p2enginer1.emv2.com>
Dec 31 09:33:47 ec1.ccti.ull.es postfix/qmgr[30207]: 772078C13A: from=<communication@cae-acq.ccemails.com>, size=8620, nrcpt=1 (queue active)
Dec 31 09:33:47 ec1.ccti.ull.es postfix/smtp[32499]: 652058C134: to=<boadajuarez@gmail.com>, relay=localhost[127.0.0.1], delay=0, status=sent (250 Ok: queued as 772078C13A)
Dec 31 09:33:47 ec1.ccti.ull.es postfix/qmgr[30207]: 652058C134: removed
Dec 31 09:33:47 ec1.ccti.ull.es postfix/smtpd[32500]: disconnect from localhost.localdomain[127.0.0.1]
Dec 31 09:33:48 ec1.ccti.ull.es postfix/smtp[466]: certificate peer name verification failed for gmail-smtp-in.l.google.com: CommonName mis-match: mx.google.com
Dec 31 09:33:48 ec1.ccti.ull.es postfix/smtpd[27264]: connect from systemon3.sis.ccti.ull.es[10.107.26.51]
Dec 31 09:33:48 ec1.ccti.ull.es postfix/smtpd[27264]: disconnect from systemon3.sis.ccti.ull.es[10.107.26.51]
Dec 31 09:33:48 ec1.ccti.ull.es postfix/smtp[466]: 772078C13A: to=<boadajuarez@gmail.com>, relay=gmail-smtp-in.l.google.com[209.85.229.27], delay=1, status=sent (250 2.0.0 OK 1293788019 m22si22793898wbm.39)
Dec 31 09:33:48 ec1.ccti.ull.es postfix/qmgr[30207]: 772078C13A: removed
Dec 31 09:33:50 ec1.ccti.ull.es postfix/smtpd[896]: connect from systemon3.sis.ccti.ull.es[10.107.26.51]
Dec 31 09:33:50 ec1.ccti.ull.es postfix/smtpd[896]: disconnect from systemon3.sis.ccti.ull.es[10.107.26.51]
Dec 31 09:33:50 ec1.ccti.ull.es postfix/smtpd[692]: connect from mp02.ccti.ull.es[10.4.9.102]
Dec 31 09:33:50 ec1.ccti.ull.es postfix/smtpd[692]: C25228C134: client=mp02.ccti.ull.es[10.4.9.102]
Dec 31 09:33:50 ec1.ccti.ull.es postfix/cleanup[32498]: C25228C134: message-id=<210210618.49215.1293788019878@p2enginer1.emv2.com>
Dec 31 09:33:50 ec1.ccti.ull.es postfix/qmgr[30207]: C25228C134: from=<communication@cae-acq.ccemails.com>, size=8445, nrcpt=1 (queue active)
Dec 31 09:33:50 ec1.ccti.ull.es postfix/smtpd[692]: disconnect from mp02.ccti.ull.es[10.4.9.102]
Dec 31 09:33:50 ec1.ccti.ull.es postfix/smtpd[32500]: connect from localhost.localdomain[127.0.0.1]
Dec 31 09:33:50 ec1.ccti.ull.es postfix/smtpd[32500]: D4EE58C13A: client=localhost.localdomain[127.0.0.1]
Dec 31 09:33:51 ec1.ccti.ull.es postfix/cleanup[32498]: D4EE58C13A: message-id=<210210618.49215.1293788019878@p2enginer1.emv2.com>
Dec 31 09:33:51 ec1.ccti.ull.es postfix/smtp[32499]: C25228C134: to=<mramirezmu@gmail.com>, relay=localhost[127.0.0.1], delay=1, status=sent (250 Ok: queued as D4EE58C13A)
Dec 31 09:33:51 ec1.ccti.ull.es postfix/qmgr[30207]: D4EE58C13A: from=<communication@cae-acq.ccemails.com>, size=8631, nrcpt=1 (queue active)
Dec 31 09:33:51 ec1.ccti.ull.es postfix/qmgr[30207]: C25228C134: removed
Dec 31 09:33:51 ec1.ccti.ull.es postfix/smtpd[32500]: disconnect from localhost.localdomain[127.0.0.1]
Dec 31 09:33:51 ec1.ccti.ull.es postfix/smtpd[32500]: connect from localhost.localdomain[127.0.0.1]
Dec 31 09:33:51 ec1.ccti.ull.es postfix/smtpd[32500]: lost connection after CONNECT from localhost.localdomain[127.0.0.1]
Dec 31 09:33:51 ec1.ccti.ull.es postfix/smtpd[32500]: disconnect from localhost.localdomain[127.0.0.1]
Dec 31 09:33:51 ec1.ccti.ull.es postfix/smtp[32503]: certificate peer name verification failed for gmail-smtp-in.l.google.com: CommonName mis-match: mx.google.com
Dec 31 09:33:51 ec1.ccti.ull.es postfix/smtp[32503]: D4EE58C13A: to=<mramirezmu@gmail.com>, relay=gmail-smtp-in.l.google.com[209.85.229.27], delay=1, status=sent (250 2.0.0 OK 1293788022 c39si22788196wek.98)
Dec 31 09:33:51 ec1.ccti.ull.es postfix/qmgr[30207]: D4EE58C13A: removed
Dec 31 09:34:07 ec1.ccti.ull.es postfix/smtpd[27264]: connect from mb05.sis.ccti.ull.es[10.4.9.107]
Dec 31 09:34:07 ec1.ccti.ull.es postfix/smtpd[27264]: CAD108C134: client=mb05.sis.ccti.ull.es[10.4.9.107]
Dec 31 09:34:07 ec1.ccti.ull.es postfix/cleanup[32498]: CAD108C134: message-id=<dovecot-1293788047-618932-0@mb05.sis.ccti.ull.es>
Dec 31 09:34:07 ec1.ccti.ull.es postfix/smtpd[27264]: disconnect from mb05.sis.ccti.ull.es[10.4.9.107]
Dec 31 09:34:07 ec1.ccti.ull.es postfix/qmgr[30207]: CAD108C134: from=<>, size=4220, nrcpt=1 (queue active)
Dec 31 09:34:07 ec1.ccti.ull.es postfix/smtpd[32500]: connect from localhost.localdomain[127.0.0.1]
Dec 31 09:34:08 ec1.ccti.ull.es postfix/smtpd[32500]: DBD608C13A: client=localhost.localdomain[127.0.0.1]
Dec 31 09:34:08 ec1.ccti.ull.es postfix/cleanup[32498]: DBD608C13A: message-id=<dovecot-1293788047-618932-0@mb05.sis.ccti.ull.es>
Dec 31 09:34:08 ec1.ccti.ull.es postfix/smtp[32499]: CAD108C134: to=<communication@cae-acq.ccemails.com>, relay=localhost[127.0.0.1], delay=1, status=sent (250 Ok: queued as DBD608C13A)
Dec 31 09:34:08 ec1.ccti.ull.es postfix/qmgr[30207]: DBD608C13A: from=<>, size=4420, nrcpt=1 (queue active)
Dec 31 09:34:08 ec1.ccti.ull.es postfix/smtpd[32500]: disconnect from localhost.localdomain[127.0.0.1]
Dec 31 09:34:08 ec1.ccti.ull.es postfix/qmgr[30207]: CAD108C134: removed
Dec 31 09:34:08 ec1.ccti.ull.es postfix/smtp[466]: DBD608C13A: to=<communication@cae-acq.ccemails.com>, relay=smtp1.emv2.com[81.92.115.245], delay=1, status=sent (250 2.0.0 Ok: queued as 1B1727FB2)
Dec 31 09:34:08 ec1.ccti.ull.es postfix/qmgr[30207]: DBD608C13A: removed
Dec 31 09:34:23 ec1.ccti.ull.es postfix/smtpd[692]: connect from mp01.ccti.ull.es[10.4.9.101]
Dec 31 09:34:23 ec1.ccti.ull.es postfix/smtpd[692]: 03F478C134: client=mp01.ccti.ull.es[10.4.9.101]
Dec 31 09:34:23 ec1.ccti.ull.es postfix/cleanup[32498]: 03F478C134: message-id=<210188414.49215.1293788051994@p2enginer1.emv2.com>
Dec 31 09:34:23 ec1.ccti.ull.es postfix/smtpd[692]: disconnect from mp01.ccti.ull.es[10.4.9.101]
Dec 31 09:34:23 ec1.ccti.ull.es postfix/qmgr[30207]: 03F478C134: from=<communication@cae-acq.ccemails.com>, size=8440, nrcpt=1 (queue active)
Dec 31 09:34:23 ec1.ccti.ull.es postfix/smtpd[32500]: connect from localhost.localdomain[127.0.0.1]
Dec 31 09:34:23 ec1.ccti.ull.es postfix/smtpd[32500]: 169F88C13A: client=localhost.localdomain[127.0.0.1]
Dec 31 09:34:23 ec1.ccti.ull.es postfix/cleanup[32498]: 169F88C13A: message-id=<210188414.49215.1293788051994@p2enginer1.emv2.com>
Dec 31 09:34:23 ec1.ccti.ull.es postfix/smtp[32499]: 03F478C134: to=<lorenzo@isaatc.ull.es>, relay=localhost[127.0.0.1], delay=0, status=sent (250 Ok: queued as 169F88C13A)
Dec 31 09:34:23 ec1.ccti.ull.es postfix/qmgr[30207]: 169F88C13A: from=<communication@cae-acq.ccemails.com>, size=8627, nrcpt=1 (queue active)
Dec 31 09:34:23 ec1.ccti.ull.es postfix/qmgr[30207]: 03F478C134: removed
Dec 31 09:34:23 ec1.ccti.ull.es postfix/smtpd[32500]: disconnect from localhost.localdomain[127.0.0.1]
Dec 31 09:34:23 ec1.ccti.ull.es postfix/smtp[465]: certificate verification failed for mx02.puc.rediris.es: num=20:unable to get local issuer certificate
Dec 31 09:34:23 ec1.ccti.ull.es postfix/smtp[465]: certificate verification failed for mx02.puc.rediris.es: num=27:certificate not trusted
Dec 31 09:34:24 ec1.ccti.ull.es postfix/smtp[465]: Server certificate could not be verified
Dec 31 09:34:24 ec1.ccti.ull.es postfix/smtpd[27264]: connect from mp02.ccti.ull.es[10.4.9.102]
Dec 31 09:34:24 ec1.ccti.ull.es postfix/smtpd[27264]: 2C2A68C134: client=mp02.ccti.ull.es[10.4.9.102]
Dec 31 09:34:24 ec1.ccti.ull.es postfix/cleanup[32498]: 2C2A68C134: message-id=<210175895.49215.1293788052911@p2enginer1.emv2.com>
Dec 31 09:34:24 ec1.ccti.ull.es postfix/smtpd[27264]: disconnect from mp02.ccti.ull.es[10.4.9.102]
Dec 31 09:34:24 ec1.ccti.ull.es postfix/qmgr[30207]: 2C2A68C134: from=<communication@cae-acq.ccemails.com>, size=8451, nrcpt=1 (queue active)
Dec 31 09:34:24 ec1.ccti.ull.es postfix/smtpd[32500]: connect from localhost.localdomain[127.0.0.1]
Dec 31 09:34:24 ec1.ccti.ull.es postfix/smtpd[32500]: 3D7D78C146: client=localhost.localdomain[127.0.0.1]
Dec 31 09:34:24 ec1.ccti.ull.es postfix/cleanup[32498]: 3D7D78C146: message-id=<210175895.49215.1293788052911@p2enginer1.emv2.com>
Dec 31 09:34:24 ec1.ccti.ull.es postfix/smtp[32499]: 2C2A68C134: to=<info@feu.ull.es>, relay=localhost[127.0.0.1], delay=0, status=sent (250 Ok: queued as 3D7D78C146)
Dec 31 09:34:24 ec1.ccti.ull.es postfix/qmgr[30207]: 3D7D78C146: from=<communication@cae-acq.ccemails.com>, size=8632, nrcpt=1 (queue active)
Dec 31 09:34:24 ec1.ccti.ull.es postfix/qmgr[30207]: 2C2A68C134: removed
Dec 31 09:34:24 ec1.ccti.ull.es postfix/smtpd[32500]: disconnect from localhost.localdomain[127.0.0.1]
Dec 31 09:34:24 ec1.ccti.ull.es postfix/smtp[32503]: certificate verification failed for mx01.puc.rediris.es: num=20:unable to get local issuer certificate
Dec 31 09:34:24 ec1.ccti.ull.es postfix/smtp[32503]: certificate verification failed for mx01.puc.rediris.es: num=27:certificate not trusted
Dec 31 09:34:25 ec1.ccti.ull.es postfix/smtp[32503]: Server certificate could not be verified
Dec 31 09:34:28 ec1.ccti.ull.es postfix/smtp[32503]: 3D7D78C146: to=<info@feu.ull.es>, relay=mx01.puc.rediris.es[130.206.18.7], delay=3, status=sent (250 OK id=1PYbNH-0000ZR-U3)
Dec 31 09:34:28 ec1.ccti.ull.es postfix/qmgr[30207]: 3D7D78C146: removed
Dec 31 09:34:36 ec1.ccti.ull.es postfix/smtp[465]: 169F88C13A: to=<lorenzo@isaatc.ull.es>, relay=mx02.puc.rediris.es[130.206.18.13], delay=13, status=sent (250 OK id=1PYbNG-0006uP-RF)
Dec 31 09:34:36 ec1.ccti.ull.es postfix/qmgr[30207]: 169F88C13A: removed
Dec 31 09:34:39 ec1.ccti.ull.es postfix/smtpd[692]: connect from unknown[10.100.2.1]
Dec 31 09:34:39 ec1.ccti.ull.es postfix/smtpd[692]: lost connection after HELO from unknown[10.100.2.1]
Dec 31 09:34:39 ec1.ccti.ull.es postfix/smtpd[692]: disconnect from unknown[10.100.2.1]
Dec 31 09:34:40 ec1.ccti.ull.es postfix/smtpd[27264]: connect from mp02.ccti.ull.es[10.4.9.102]
Dec 31 09:34:40 ec1.ccti.ull.es postfix/smtpd[27264]: D417E8C134: client=mp02.ccti.ull.es[10.4.9.102]
Dec 31 09:34:40 ec1.ccti.ull.es postfix/cleanup[32498]: D417E8C134: message-id=<210177384.49215.1293788067587@p2enginer1.emv2.com>
Dec 31 09:34:41 ec1.ccti.ull.es postfix/qmgr[30207]: D417E8C134: from=<communication@cae-acq.ccemails.com>, size=8597, nrcpt=1 (queue active)
Dec 31 09:34:41 ec1.ccti.ull.es postfix/smtpd[27264]: disconnect from mp02.ccti.ull.es[10.4.9.102]
Dec 31 09:34:41 ec1.ccti.ull.es postfix/smtpd[32500]: connect from localhost.localdomain[127.0.0.1]
Dec 31 09:34:41 ec1.ccti.ull.es postfix/smtpd[32500]: E77918C13A: client=localhost.localdomain[127.0.0.1]
Dec 31 09:34:41 ec1.ccti.ull.es postfix/cleanup[32498]: E77918C13A: message-id=<210177384.49215.1293788067587@p2enginer1.emv2.com>
Dec 31 09:34:41 ec1.ccti.ull.es postfix/smtp[32499]: D417E8C134: to=<Jorge.Riera.Ledesma@gmail.com>, relay=localhost[127.0.0.1], delay=1, status=sent (250 Ok: queued as E77918C13A)
Dec 31 09:34:41 ec1.ccti.ull.es postfix/qmgr[30207]: E77918C13A: from=<communication@cae-acq.ccemails.com>, size=8792, nrcpt=1 (queue active)
Dec 31 09:34:41 ec1.ccti.ull.es postfix/qmgr[30207]: D417E8C134: removed
Dec 31 09:34:41 ec1.ccti.ull.es postfix/smtpd[32500]: disconnect from localhost.localdomain[127.0.0.1]
Dec 31 09:34:41 ec1.ccti.ull.es postfix/smtp[468]: certificate peer name verification failed for gmail-smtp-in.l.google.com: CommonName mis-match: mx.google.com
Dec 31 09:34:43 ec1.ccti.ull.es postfix/smtp[468]: E77918C13A: to=<Jorge.Riera.Ledesma@gmail.com>, relay=gmail-smtp-in.l.google.com[209.85.229.27], delay=3, status=sent (250 2.0.0 OK 1293788074 c50si22804796wer.10)
Dec 31 09:34:43 ec1.ccti.ull.es postfix/qmgr[30207]: E77918C13A: removed
Dec 31 09:34:47 ec1.ccti.ull.es postfix/smtpd[692]: connect from mp01.ccti.ull.es[10.4.9.101]
Dec 31 09:34:48 ec1.ccti.ull.es postfix/smtpd[692]: E04EE8C134: client=mp01.ccti.ull.es[10.4.9.101]
Dec 31 09:34:48 ec1.ccti.ull.es postfix/cleanup[32498]: E04EE8C134: message-id=<210182093.49215.1293788074169@p2enginer1.emv2.com>
Dec 31 09:34:48 ec1.ccti.ull.es postfix/qmgr[30207]: E04EE8C134: from=<communication@cae-acq.ccemails.com>, size=8428, nrcpt=1 (queue active)
Dec 31 09:34:48 ec1.ccti.ull.es postfix/smtpd[692]: disconnect from mp01.ccti.ull.es[10.4.9.101]
Dec 31 09:34:48 ec1.ccti.ull.es postfix/smtpd[32500]: connect from localhost.localdomain[127.0.0.1]
Dec 31 09:34:48 ec1.ccti.ull.es postfix/smtpd[32500]: F38478C13A: client=localhost.localdomain[127.0.0.1]
Dec 31 09:34:48 ec1.ccti.ull.es postfix/cleanup[32498]: F38478C13A: message-id=<210182093.49215.1293788074169@p2enginer1.emv2.com>
Dec 31 09:34:48 ec1.ccti.ull.es postfix/smtp[32499]: E04EE8C134: to=<cdwehbe@gmail.com>, relay=localhost[127.0.0.1], delay=1, status=sent (250 Ok: queued as F38478C13A)
Dec 31 09:34:48 ec1.ccti.ull.es postfix/qmgr[30207]: F38478C13A: from=<communication@cae-acq.ccemails.com>, size=8611, nrcpt=1 (queue active)
Dec 31 09:34:48 ec1.ccti.ull.es postfix/qmgr[30207]: E04EE8C134: removed
Dec 31 09:34:48 ec1.ccti.ull.es postfix/smtpd[32500]: disconnect from localhost.localdomain[127.0.0.1]
Dec 31 09:34:48 ec1.ccti.ull.es postfix/smtp[467]: certificate peer name verification failed for gmail-smtp-in.l.google.com: CommonName mis-match: mx.google.com
Dec 31 09:34:49 ec1.ccti.ull.es postfix/smtp[467]: F38478C13A: to=<cdwehbe@gmail.com>, relay=gmail-smtp-in.l.google.com[209.85.229.27], delay=2, status=sent (250 2.0.0 OK 1293788079 o18si22789511wbo.77)
Dec 31 09:34:49 ec1.ccti.ull.es postfix/qmgr[30207]: F38478C13A: removed
Dec 31 09:34:58 ec1.ccti.ull.es postfix/smtpd[32500]: connect from localhost.localdomain[127.0.0.1]
Dec 31 09:34:58 ec1.ccti.ull.es postfix/smtpd[32500]: 9645C8C134: client=localhost.localdomain[127.0.0.1]
Dec 31 09:34:58 ec1.ccti.ull.es postfix/cleanup[32498]: 9645C8C134: message-id=<000001cba8ce$074c6e90$15e54bb0$@es>
Dec 31 09:34:58 ec1.ccti.ull.es postfix/qmgr[30207]: 9645C8C134: from=<amorera@ull.es>, size=2926, nrcpt=1 (queue active)
Dec 31 09:34:58 ec1.ccti.ull.es postfix/smtpd[32500]: disconnect from localhost.localdomain[127.0.0.1]
Dec 31 09:34:59 ec1.ccti.ull.es postfix/smtp[466]: certificate verification failed for mail.vigueraeditores.com: num=18:self signed certificate
Dec 31 09:34:59 ec1.ccti.ull.es postfix/smtp[466]: certificate verification failed for mail.vigueraeditores.com: num=10:certificate has expired
Dec 31 09:34:59 ec1.ccti.ull.es postfix/smtp[466]: certificate verification failed for mail.vigueraeditores.com:certificate has expired
Dec 31 09:34:59 ec1.ccti.ull.es postfix/smtp[466]: certificate peer name verification failed for mail.vigueraeditores.com: CommonName mis-match: datagrama02.veditores.of
Dec 31 09:34:59 ec1.ccti.ull.es postfix/smtp[466]: certificate verification failed for mail.vigueraeditores.com:certificate has expired
Dec 31 09:34:59 ec1.ccti.ull.es postfix/smtp[466]: Server certificate could not be verified
Dec 31 09:34:59 ec1.ccti.ull.es postfix/smtp[466]: 9645C8C134: to=<mailing@revneurol.com>, relay=mail.vigueraeditores.com[212.9.74.162], delay=1, status=sent (250 2.0.0 Ok: queued as 32F28B1400C)
Dec 31 09:34:59 ec1.ccti.ull.es postfix/qmgr[30207]: 9645C8C134: removed
Dec 31 09:35:02 ec1.ccti.ull.es postfix/smtpd[32500]: connect from localhost.localdomain[127.0.0.1]
Dec 31 09:35:02 ec1.ccti.ull.es postfix/smtpd[32500]: disconnect from localhost.localdomain[127.0.0.1]
Dec 31 09:35:06 ec1.ccti.ull.es postfix/smtpd[27264]: connect from mp02.ccti.ull.es[10.4.9.102]
Dec 31 09:35:07 ec1.ccti.ull.es postfix/smtpd[27264]: D9AE58C134: client=mp02.ccti.ull.es[10.4.9.102]
Dec 31 09:35:07 ec1.ccti.ull.es postfix/cleanup[32498]: D9AE58C134: message-id=<210196488.49215.1293788095831@p2enginer1.emv2.com>
Dec 31 09:35:07 ec1.ccti.ull.es postfix/qmgr[30207]: D9AE58C134: from=<communication@cae-acq.ccemails.com>, size=8426, nrcpt=1 (queue active)
Dec 31 09:35:07 ec1.ccti.ull.es postfix/smtpd[27264]: disconnect from mp02.ccti.ull.es[10.4.9.102]
Dec 31 09:35:07 ec1.ccti.ull.es postfix/smtpd[32500]: connect from localhost.localdomain[127.0.0.1]
Dec 31 09:35:07 ec1.ccti.ull.es postfix/smtpd[32500]: ECB758C13A: client=localhost.localdomain[127.0.0.1]
Dec 31 09:35:07 ec1.ccti.ull.es postfix/cleanup[32498]: ECB758C13A: message-id=<210196488.49215.1293788095831@p2enginer1.emv2.com>
Dec 31 09:35:07 ec1.ccti.ull.es postfix/qmgr[30207]: ECB758C13A: from=<communication@cae-acq.ccemails.com>, size=8607, nrcpt=1 (queue active)
Dec 31 09:35:07 ec1.ccti.ull.es postfix/smtp[32499]: D9AE58C134: to=<info@feu.ull.es>, relay=localhost[127.0.0.1], delay=1, status=sent (250 Ok: queued as ECB758C13A)
Dec 31 09:35:07 ec1.ccti.ull.es postfix/smtpd[32500]: disconnect from localhost.localdomain[127.0.0.1]
Dec 31 09:35:07 ec1.ccti.ull.es postfix/qmgr[30207]: D9AE58C134: removed
Dec 31 09:35:07 ec1.ccti.ull.es postfix/smtp[32503]: certificate verification failed for mx02.puc.rediris.es: num=20:unable to get local issuer certificate
Dec 31 09:35:07 ec1.ccti.ull.es postfix/smtp[32503]: certificate verification failed for mx02.puc.rediris.es: num=27:certificate not trusted
Dec 31 09:35:07 ec1.ccti.ull.es postfix/smtp[32503]: Server certificate could not be verified
Dec 31 09:35:10 ec1.ccti.ull.es postfix/smtpd[692]: connect from cw2.ccti.ull.es[10.100.2.92]
Dec 31 09:35:10 ec1.ccti.ull.es postfix/smtpd[692]: B8B008C134: client=cw2.ccti.ull.es[10.100.2.92]
Dec 31 09:35:10 ec1.ccti.ull.es postfix/cleanup[32498]: B8B008C134: message-id=<20101231093510.ci4grhhrswssgs00@correoweb.ccti.ull.es>
Dec 31 09:35:10 ec1.ccti.ull.es postfix/smtpd[692]: disconnect from cw2.ccti.ull.es[10.100.2.92]
Dec 31 09:35:10 ec1.ccti.ull.es postfix/qmgr[30207]: B8B008C134: from=<amarfer@ull.es>, size=1937, nrcpt=1 (queue active)
Dec 31 09:35:10 ec1.ccti.ull.es postfix/smtpd[32500]: connect from localhost.localdomain[127.0.0.1]
Dec 31 09:35:10 ec1.ccti.ull.es postfix/smtpd[32500]: CC0C18C146: client=localhost.localdomain[127.0.0.1]
Dec 31 09:35:11 ec1.ccti.ull.es postfix/cleanup[32498]: CC0C18C146: message-id=<20101231093510.ci4grhhrswssgs00@correoweb.ccti.ull.es>
Dec 31 09:35:11 ec1.ccti.ull.es postfix/smtp[32499]: B8B008C134: to=<msucar@uniovi.es>, relay=localhost[127.0.0.1], delay=0, status=sent (250 Ok: queued as CC0C18C146)
Dec 31 09:35:11 ec1.ccti.ull.es postfix/smtpd[32500]: disconnect from localhost.localdomain[127.0.0.1]
Dec 31 09:35:11 ec1.ccti.ull.es postfix/qmgr[30207]: CC0C18C146: from=<amarfer@ull.es>, size=2119, nrcpt=1 (queue active)
Dec 31 09:35:11 ec1.ccti.ull.es postfix/qmgr[30207]: B8B008C134: removed
Dec 31 09:35:11 ec1.ccti.ull.es postfix/smtp[465]: connect to primera.net.uniovi.es[156.35.11.21]: Connection refused (port 25)
Dec 31 09:35:11 ec1.ccti.ull.es postfix/smtp[465]: CC0C18C146: to=<msucar@uniovi.es>, relay=xanes.net.uniovi.es[156.35.11.6], delay=1, status=sent (250 2.5.0 Ok.)
Dec 31 09:35:11 ec1.ccti.ull.es postfix/qmgr[30207]: CC0C18C146: removed
Dec 31 09:35:13 ec1.ccti.ull.es postfix/smtp[32503]: ECB758C13A: to=<info@feu.ull.es>, relay=mx02.puc.rediris.es[130.206.18.4], delay=7, status=sent (250 OK id=1PYbNy-0005C5-Sx)
Dec 31 09:35:13 ec1.ccti.ull.es postfix/qmgr[30207]: ECB758C13A: removed
Dec 31 09:35:22 ec1.ccti.ull.es postfix/smtpd[27264]: connect from mp01.ccti.ull.es[10.4.9.101]
Dec 31 09:35:23 ec1.ccti.ull.es postfix/smtpd[27264]: D9F988C134: client=mp01.ccti.ull.es[10.4.9.101]
Dec 31 09:35:23 ec1.ccti.ull.es postfix/cleanup[32498]: D9F988C134: message-id=<210201413.49215.1293788111932@p2enginer1.emv2.com>
Dec 31 09:35:23 ec1.ccti.ull.es postfix/smtpd[27264]: disconnect from mp01.ccti.ull.es[10.4.9.101]
Dec 31 09:35:23 ec1.ccti.ull.es postfix/qmgr[30207]: D9F988C134: from=<communication@cae-acq.ccemails.com>, size=8449, nrcpt=1 (queue active)
Dec 31 09:35:23 ec1.ccti.ull.es postfix/smtpd[32500]: connect from localhost.localdomain[127.0.0.1]
Dec 31 09:35:23 ec1.ccti.ull.es postfix/smtpd[32500]: EBBF38C13A: client=localhost.localdomain[127.0.0.1]
Dec 31 09:35:23 ec1.ccti.ull.es postfix/cleanup[32498]: EBBF38C13A: message-id=<210201413.49215.1293788111932@p2enginer1.emv2.com>
Dec 31 09:35:23 ec1.ccti.ull.es postfix/smtp[32499]: D9F988C134: to=<margaritariveroalvarez@gmail.com>, relay=localhost[127.0.0.1], delay=1, status=sent (250 Ok: queued as EBBF38C13A)
Dec 31 09:35:23 ec1.ccti.ull.es postfix/qmgr[30207]: EBBF38C13A: from=<communication@cae-acq.ccemails.com>, size=8647, nrcpt=1 (queue active)
Dec 31 09:35:23 ec1.ccti.ull.es postfix/qmgr[30207]: D9F988C134: removed
Dec 31 09:35:23 ec1.ccti.ull.es postfix/smtpd[32500]: disconnect from localhost.localdomain[127.0.0.1]
Dec 31 09:35:23 ec1.ccti.ull.es postfix/smtp[468]: certificate peer name verification failed for gmail-smtp-in.l.google.com: CommonName mis-match: mx.google.com
Dec 31 09:35:24 ec1.ccti.ull.es postfix/smtp[468]: EBBF38C13A: to=<margaritariveroalvarez@gmail.com>, relay=gmail-smtp-in.l.google.com[209.85.229.27], delay=2, status=sent (250 2.0.0 OK 1293788115 o62si22774600wee.185)
Dec 31 09:35:24 ec1.ccti.ull.es postfix/qmgr[30207]: EBBF38C13A: removed
Dec 31 09:35:31 ec1.ccti.ull.es postfix/smtpd[32500]: connect from localhost.localdomain[127.0.0.1]
Dec 31 09:35:31 ec1.ccti.ull.es postfix/smtpd[32500]: D16EA8C134: client=localhost.localdomain[127.0.0.1]
Dec 31 09:35:32 ec1.ccti.ull.es postfix/cleanup[32498]: D16EA8C134: message-id=<000a01cba8ce$096cdd90$1c4698b0$@es>
Dec 31 09:35:32 ec1.ccti.ull.es postfix/qmgr[30207]: D16EA8C134: from=<vzapata@ull.es>, size=96150, nrcpt=1 (queue active)
Dec 31 09:35:32 ec1.ccti.ull.es postfix/smtpd[32500]: disconnect from localhost.localdomain[127.0.0.1]
Dec 31 09:35:32 ec1.ccti.ull.es postfix/smtpd[692]: connect from systemon3.sis.ccti.ull.es[10.107.26.51]
Dec 31 09:35:32 ec1.ccti.ull.es postfix/smtpd[692]: disconnect from systemon3.sis.ccti.ull.es[10.107.26.51]
Dec 31 09:35:32 ec1.ccti.ull.es postfix/smtp[467]: certificate peer name verification failed for gmail-smtp-in.l.google.com: CommonName mis-match: mx.google.com
Dec 31 09:35:33 ec1.ccti.ull.es postfix/smtp[467]: D16EA8C134: to=<silviaacostag@gmail.com>, relay=gmail-smtp-in.l.google.com[209.85.229.27], delay=2, status=sent (250 2.0.0 OK 1293788124 g47si22782033wej.143)
Dec 31 09:35:33 ec1.ccti.ull.es postfix/qmgr[30207]: D16EA8C134: removed
Dec 31 09:35:39 ec1.ccti.ull.es postfix/smtpd[27264]: connect from mp02.ccti.ull.es[10.4.9.102]
Dec 31 09:35:39 ec1.ccti.ull.es postfix/smtpd[27264]: E54268C134: client=mp02.ccti.ull.es[10.4.9.102]
Dec 31 09:35:39 ec1.ccti.ull.es postfix/cleanup[32498]: E54268C134: message-id=<210267738.49215.1293788125094@p2enginer1.emv2.com>
Dec 31 09:35:39 ec1.ccti.ull.es postfix/smtpd[27264]: disconnect from mp02.ccti.ull.es[10.4.9.102]
Dec 31 09:35:39 ec1.ccti.ull.es postfix/qmgr[30207]: E54268C134: from=<communication@cae-acq.ccemails.com>, size=8574, nrcpt=1 (queue active)
Dec 31 09:35:39 ec1.ccti.ull.es postfix/smtpd[32500]: connect from localhost.localdomain[127.0.0.1]
Dec 31 09:35:39 ec1.ccti.ull.es postfix/smtpd[32500]: 0578A8C13A: client=localhost.localdomain[127.0.0.1]
Dec 31 09:35:39 ec1.ccti.ull.es postfix/cleanup[32498]: 0578A8C13A: message-id=<210267738.49215.1293788125094@p2enginer1.emv2.com>
Dec 31 09:35:39 ec1.ccti.ull.es postfix/smtp[32499]: E54268C134: to=<ncapuj@gmail.com>, relay=localhost[127.0.0.1], delay=1, status=sent (250 Ok: queued as 0578A8C13A)
Dec 31 09:35:39 ec1.ccti.ull.es postfix/qmgr[30207]: 0578A8C13A: from=<communication@cae-acq.ccemails.com>, size=8756, nrcpt=1 (queue active)
Dec 31 09:35:39 ec1.ccti.ull.es postfix/qmgr[30207]: E54268C134: removed
Dec 31 09:35:39 ec1.ccti.ull.es postfix/smtpd[32500]: disconnect from localhost.localdomain[127.0.0.1]
Dec 31 09:35:39 ec1.ccti.ull.es postfix/smtp[468]: certificate peer name verification failed for gmail-smtp-in.l.google.com: CommonName mis-match: mx.google.com
Dec 31 09:35:40 ec1.ccti.ull.es postfix/smtpd[692]: connect from unknown[10.100.2.1]
Dec 31 09:35:40 ec1.ccti.ull.es postfix/smtpd[692]: lost connection after HELO from unknown[10.100.2.1]
Dec 31 09:35:40 ec1.ccti.ull.es postfix/smtpd[692]: disconnect from unknown[10.100.2.1]
Dec 31 09:35:41 ec1.ccti.ull.es postfix/smtp[468]: 0578A8C13A: to=<ncapuj@gmail.com>, relay=gmail-smtp-in.l.google.com[209.85.229.27], delay=2, status=sent (250 2.0.0 OK 1293788132 x24si22786589wbx.12)
Dec 31 09:35:41 ec1.ccti.ull.es postfix/qmgr[30207]: 0578A8C13A: removed
Dec 31 09:36:11 ec1.ccti.ull.es postfix/smtpd[27264]: connect from systemon2.sis.ccti.ull.es[193.145.96.92]
Dec 31 09:36:11 ec1.ccti.ull.es postfix/smtpd[27264]: disconnect from systemon2.sis.ccti.ull.es[193.145.96.92]
Dec 31 09:36:37 ec1.ccti.ull.es postfix/smtpd[692]: connect from mp02.ccti.ull.es[10.4.9.102]
Dec 31 09:36:37 ec1.ccti.ull.es postfix/smtpd[692]: 2B2448C134: client=mp02.ccti.ull.es[10.4.9.102]
Dec 31 09:36:37 ec1.ccti.ull.es postfix/cleanup[32498]: 2B2448C134: message-id=<handler.608462.D608462.129378799017218.ackdone@bugs.debian.org>
Dec 31 09:36:37 ec1.ccti.ull.es postfix/cleanup[32498]: 2B2448C134: resent-message-id=<32GpfGE85dO.A.CtD.XQaHNB@liszt>
Dec 31 09:36:37 ec1.ccti.ull.es postfix/smtpd[692]: disconnect from mp02.ccti.ull.es[10.4.9.102]
Dec 31 09:36:37 ec1.ccti.ull.es postfix/qmgr[30207]: 2B2448C134: from=<bounce-debian-release=ezanardi=ull.es@lists.debian.org>, size=11128, nrcpt=1 (queue active)
Dec 31 09:36:37 ec1.ccti.ull.es postfix/smtpd[32500]: connect from localhost.localdomain[127.0.0.1]
Dec 31 09:36:37 ec1.ccti.ull.es postfix/smtpd[32500]: 3D8268C13A: client=localhost.localdomain[127.0.0.1]
Dec 31 09:36:37 ec1.ccti.ull.es postfix/cleanup[32498]: 3D8268C13A: message-id=<handler.608462.D608462.129378799017218.ackdone@bugs.debian.org>
Dec 31 09:36:37 ec1.ccti.ull.es postfix/cleanup[32498]: 3D8268C13A: resent-message-id=<32GpfGE85dO.A.CtD.XQaHNB@liszt>
Dec 31 09:36:37 ec1.ccti.ull.es postfix/smtp[32499]: 2B2448C134: to=<ezanardi@conysis.com>, relay=localhost[127.0.0.1], delay=0, status=sent (250 Ok: queued as 3D8268C13A)
Dec 31 09:36:37 ec1.ccti.ull.es postfix/qmgr[30207]: 3D8268C13A: from=<bounce-debian-release=ezanardi=ull.es@lists.debian.org>, size=11314, nrcpt=1 (queue active)
Dec 31 09:36:37 ec1.ccti.ull.es postfix/qmgr[30207]: 2B2448C134: removed
Dec 31 09:36:37 ec1.ccti.ull.es postfix/smtpd[32500]: disconnect from localhost.localdomain[127.0.0.1]
Dec 31 09:36:41 ec1.ccti.ull.es postfix/smtpd[27264]: connect from unknown[10.100.2.1]
Dec 31 09:36:41 ec1.ccti.ull.es postfix/smtpd[27264]: lost connection after HELO from unknown[10.100.2.1]
Dec 31 09:36:41 ec1.ccti.ull.es postfix/smtpd[27264]: disconnect from unknown[10.100.2.1]
Dec 31 09:36:51 ec1.ccti.ull.es postfix/smtpd[32500]: connect from localhost.localdomain[127.0.0.1]
Dec 31 09:36:51 ec1.ccti.ull.es postfix/smtpd[32500]: lost connection after CONNECT from localhost.localdomain[127.0.0.1]
Dec 31 09:36:51 ec1.ccti.ull.es postfix/smtpd[32500]: disconnect from localhost.localdomain[127.0.0.1]
Dec 31 09:37:02 ec1.ccti.ull.es postfix/smtp[466]: 3D8268C13A: to=<ezanardi@conysis.com>, relay=mail.conysis.com[212.34.136.14], delay=25, status=sent (250 OK id=1PYbPn-0001O7-HI)
Dec 31 09:37:02 ec1.ccti.ull.es postfix/qmgr[30207]: 3D8268C13A: removed
Dec 31 09:37:42 ec1.ccti.ull.es postfix/smtpd[692]: connect from unknown[10.100.2.1]
Dec 31 09:37:42 ec1.ccti.ull.es postfix/smtpd[692]: lost connection after HELO from unknown[10.100.2.1]
Dec 31 09:37:42 ec1.ccti.ull.es postfix/smtpd[692]: disconnect from unknown[10.100.2.1]
Dec 31 09:37:55 ec1.ccti.ull.es postfix/smtpd[27264]: connect from systemon2.sis.ccti.ull.es[193.145.96.92]
Dec 31 09:37:55 ec1.ccti.ull.es postfix/smtpd[27264]: disconnect from systemon2.sis.ccti.ull.es[193.145.96.92]
Dec 31 09:38:43 ec1.ccti.ull.es postfix/smtpd[692]: connect from unknown[10.100.2.1]
Dec 31 09:38:43 ec1.ccti.ull.es postfix/smtpd[692]: lost connection after HELO from unknown[10.100.2.1]
Dec 31 09:38:43 ec1.ccti.ull.es postfix/smtpd[692]: disconnect from unknown[10.100.2.1]
Dec 31 09:38:48 ec1.ccti.ull.es postfix/smtpd[27264]: connect from systemon3.sis.ccti.ull.es[10.107.26.51]
Dec 31 09:38:48 ec1.ccti.ull.es postfix/smtpd[27264]: disconnect from systemon3.sis.ccti.ull.es[10.107.26.51]
Dec 31 09:38:50 ec1.ccti.ull.es postfix/smtpd[1917]: connect from systemon3.sis.ccti.ull.es[10.107.26.51]
Dec 31 09:38:50 ec1.ccti.ull.es postfix/smtpd[1917]: disconnect from systemon3.sis.ccti.ull.es[10.107.26.51]
Dec 31 09:39:06 ec1.ccti.ull.es postfix/smtpd[692]: connect from mb02.sis.ccti.ull.es[10.4.9.104]
Dec 31 09:39:06 ec1.ccti.ull.es postfix/smtpd[692]: 013A28C134: client=mb02.sis.ccti.ull.es[10.4.9.104]
Dec 31 09:39:06 ec1.ccti.ull.es postfix/cleanup[1963]: 013A28C134: message-id=<dovecot-1293788345-799080-0@mb02.sis.ccti.ull.es>
Dec 31 09:39:06 ec1.ccti.ull.es postfix/smtpd[692]: disconnect from mb02.sis.ccti.ull.es[10.4.9.104]
Dec 31 09:39:06 ec1.ccti.ull.es postfix/qmgr[30207]: 013A28C134: from=<>, size=3891, nrcpt=1 (queue active)
Dec 31 09:39:06 ec1.ccti.ull.es postfix/smtpd[1965]: connect from localhost.localdomain[127.0.0.1]
Dec 31 09:39:06 ec1.ccti.ull.es postfix/smtpd[1965]: 188C98C13A: client=localhost.localdomain[127.0.0.1]
Dec 31 09:39:06 ec1.ccti.ull.es postfix/cleanup[1963]: 188C98C13A: message-id=<dovecot-1293788345-799080-0@mb02.sis.ccti.ull.es>
Dec 31 09:39:06 ec1.ccti.ull.es postfix/qmgr[30207]: 188C98C13A: from=<>, size=4083, nrcpt=1 (queue active)
Dec 31 09:39:06 ec1.ccti.ull.es postfix/smtp[1964]: 013A28C134: to=<emailing.ve@ikeafamily.net>, relay=localhost[127.0.0.1], delay=1, status=sent (250 Ok: queued as 188C98C13A)
Dec 31 09:39:06 ec1.ccti.ull.es postfix/qmgr[30207]: 013A28C134: removed
Dec 31 09:39:06 ec1.ccti.ull.es postfix/smtpd[1965]: disconnect from localhost.localdomain[127.0.0.1]
Dec 31 09:39:06 ec1.ccti.ull.es postfix/smtp[1966]: certificate verification failed for mailserver.ikeafamily.net: num=18:self signed certificate
Dec 31 09:39:06 ec1.ccti.ull.es postfix/smtp[1966]: certificate peer name verification failed for mailserver.ikeafamily.net: CommonName mis-match: imap.ikeasi.com
Dec 31 09:39:06 ec1.ccti.ull.es postfix/smtp[1966]: Server certificate could not be verified
Dec 31 09:39:06 ec1.ccti.ull.es postfix/smtp[1966]: 188C98C13A: to=<emailing.ve@ikeafamily.net>, relay=mailserver.ikeafamily.net[84.124.59.151], delay=0, status=deferred (host mailserver.ikeafamily.net[84.124.59.151] said: 454 4.7.1 <emailing.ve@ikeafamily.net>: Relay access denied (in reply to RCPT TO command))
Dec 31 09:39:44 ec1.ccti.ull.es postfix/smtpd[27264]: connect from unknown[10.100.2.1]
Dec 31 09:39:44 ec1.ccti.ull.es postfix/smtpd[27264]: lost connection after HELO from unknown[10.100.2.1]
Dec 31 09:39:44 ec1.ccti.ull.es postfix/smtpd[27264]: disconnect from unknown[10.100.2.1]
Dec 31 09:39:51 ec1.ccti.ull.es postfix/smtpd[1965]: connect from localhost.localdomain[127.0.0.1]
Dec 31 09:39:51 ec1.ccti.ull.es postfix/smtpd[1965]: lost connection after CONNECT from localhost.localdomain[127.0.0.1]
Dec 31 09:39:51 ec1.ccti.ull.es postfix/smtpd[1965]: disconnect from localhost.localdomain[127.0.0.1]
Dec 31 09:40:02 ec1.ccti.ull.es postfix/smtpd[1965]: connect from localhost.localdomain[127.0.0.1]
Dec 31 09:40:02 ec1.ccti.ull.es postfix/smtpd[1965]: disconnect from localhost.localdomain[127.0.0.1]
Dec 31 09:40:14 ec1.ccti.ull.es postfix/smtpd[692]: connect from cw2.ccti.ull.es[10.100.2.92]
Dec 31 09:40:14 ec1.ccti.ull.es postfix/smtpd[692]: C99508C134: client=cw2.ccti.ull.es[10.100.2.92]
Dec 31 09:40:14 ec1.ccti.ull.es postfix/cleanup[1963]: C99508C134: message-id=<20101231094014.bkuh3c45s8wgc4co@correoweb.ccti.ull.es>
Dec 31 09:40:14 ec1.ccti.ull.es postfix/smtpd[692]: disconnect from cw2.ccti.ull.es[10.100.2.92]
Dec 31 09:40:14 ec1.ccti.ull.es postfix/qmgr[30207]: C99508C134: from=<jaglez@ull.es>, size=2466, nrcpt=1 (queue active)
Dec 31 09:40:14 ec1.ccti.ull.es postfix/smtpd[1965]: connect from localhost.localdomain[127.0.0.1]
Dec 31 09:40:15 ec1.ccti.ull.es postfix/smtpd[1965]: DACED8C146: client=localhost.localdomain[127.0.0.1]
Dec 31 09:40:15 ec1.ccti.ull.es postfix/cleanup[1963]: DACED8C146: message-id=<20101231094014.bkuh3c45s8wgc4co@correoweb.ccti.ull.es>
Dec 31 09:40:15 ec1.ccti.ull.es postfix/qmgr[30207]: DACED8C146: from=<jaglez@ull.es>, size=2652, nrcpt=1 (queue active)
Dec 31 09:40:15 ec1.ccti.ull.es postfix/smtp[1964]: C99508C134: to=<miguelsd74@gmail.com>, relay=localhost[127.0.0.1], delay=1, status=sent (250 Ok: queued as DACED8C146)
Dec 31 09:40:15 ec1.ccti.ull.es postfix/qmgr[30207]: C99508C134: removed
Dec 31 09:40:15 ec1.ccti.ull.es postfix/smtpd[1965]: disconnect from localhost.localdomain[127.0.0.1]
Dec 31 09:40:15 ec1.ccti.ull.es postfix/smtp[1966]: certificate peer name verification failed for gmail-smtp-in.l.google.com: CommonName mis-match: mx.google.com
Dec 31 09:40:16 ec1.ccti.ull.es postfix/smtp[1966]: DACED8C146: to=<miguelsd74@gmail.com>, relay=gmail-smtp-in.l.google.com[209.85.229.27], delay=2, status=sent (250 2.0.0 OK 1293788407 t5si22792564wes.109)
Dec 31 09:40:16 ec1.ccti.ull.es postfix/qmgr[30207]: DACED8C146: removed
Dec 31 09:40:45 ec1.ccti.ull.es postfix/smtpd[27264]: connect from unknown[10.100.2.1]
Dec 31 09:40:45 ec1.ccti.ull.es postfix/smtpd[27264]: lost connection after HELO from unknown[10.100.2.1]
Dec 31 09:40:45 ec1.ccti.ull.es postfix/smtpd[27264]: disconnect from unknown[10.100.2.1]
Dec 31 09:41:11 ec1.ccti.ull.es postfix/smtpd[692]: connect from systemon2.sis.ccti.ull.es[193.145.96.92]
Dec 31 09:41:11 ec1.ccti.ull.es postfix/smtpd[692]: disconnect from systemon2.sis.ccti.ull.es[193.145.96.92]
Dec 31 09:41:46 ec1.ccti.ull.es postfix/smtpd[27264]: connect from unknown[10.100.2.1]
Dec 31 09:41:46 ec1.ccti.ull.es postfix/smtpd[27264]: lost connection after HELO from unknown[10.100.2.1]
Dec 31 09:41:46 ec1.ccti.ull.es postfix/smtpd[27264]: disconnect from unknown[10.100.2.1]
Dec 31 09:42:00 ec1.ccti.ull.es postfix/smtpd[2642]: connect from localhost.localdomain[127.0.0.1]
Dec 31 09:42:00 ec1.ccti.ull.es postfix/smtpd[2642]: 840138C134: client=localhost.localdomain[127.0.0.1]
Dec 31 09:42:00 ec1.ccti.ull.es postfix/cleanup[2643]: 840138C134: message-id=<98C590C2FAAF47D89A4CAB09BE0DD62E@Leslie>
Dec 31 09:42:00 ec1.ccti.ull.es postfix/qmgr[30207]: 840138C134: from=<lbobb@ull.es>, size=32206, nrcpt=1 (queue active)
Dec 31 09:42:00 ec1.ccti.ull.es postfix/smtpd[2642]: disconnect from localhost.localdomain[127.0.0.1]
Dec 31 09:42:01 ec1.ccti.ull.es postfix/smtp[2644]: 840138C134: to=<jlvera@ull.es>, relay=smtpmb.ccti.ull.es[10.4.8.40], delay=0, status=sent (250 2.0.0 Ok: queued as C312A1FA20)
Dec 31 09:42:01 ec1.ccti.ull.es postfix/qmgr[30207]: 840138C134: removed
Dec 31 09:42:07 ec1.ccti.ull.es postfix/smtpd[692]: connect from systemon3.sis.ccti.ull.es[10.107.26.51]
Dec 31 09:42:07 ec1.ccti.ull.es postfix/smtpd[692]: disconnect from systemon3.sis.ccti.ull.es[10.107.26.51]
Dec 31 09:42:11 ec1.ccti.ull.es postfix/smtpd[27264]: connect from mb03.sis.ccti.ull.es[10.4.9.105]
Dec 31 09:42:11 ec1.ccti.ull.es postfix/smtpd[27264]: D4D458C134: client=mb03.sis.ccti.ull.es[10.4.9.105]
Dec 31 09:42:11 ec1.ccti.ull.es postfix/cleanup[2643]: D4D458C134: message-id=<dovecot-1293788531-712645-0@mb03.sis.ccti.ull.es>
Dec 31 09:42:12 ec1.ccti.ull.es postfix/smtpd[27264]: disconnect from mb03.sis.ccti.ull.es[10.4.9.105]
Dec 31 09:42:12 ec1.ccti.ull.es postfix/qmgr[30207]: D4D458C134: from=<>, size=4228, nrcpt=1 (queue active)
Dec 31 09:42:12 ec1.ccti.ull.es postfix/smtpd[2642]: connect from localhost.localdomain[127.0.0.1]
Dec 31 09:42:12 ec1.ccti.ull.es postfix/smtpd[2642]: E95CB8C146: client=localhost.localdomain[127.0.0.1]
Dec 31 09:42:12 ec1.ccti.ull.es postfix/cleanup[2643]: E95CB8C146: message-id=<dovecot-1293788531-712645-0@mb03.sis.ccti.ull.es>
Dec 31 09:42:12 ec1.ccti.ull.es postfix/qmgr[30207]: E95CB8C146: from=<>, size=4428, nrcpt=1 (queue active)
Dec 31 09:42:12 ec1.ccti.ull.es postfix/smtp[2680]: D4D458C134: to=<communication@cae-acq.ccemails.com>, relay=localhost[127.0.0.1], delay=1, status=sent (250 Ok: queued as E95CB8C146)
Dec 31 09:42:12 ec1.ccti.ull.es postfix/qmgr[30207]: D4D458C134: removed
Dec 31 09:42:12 ec1.ccti.ull.es postfix/smtpd[2642]: disconnect from localhost.localdomain[127.0.0.1]
Dec 31 09:42:12 ec1.ccti.ull.es postfix/smtp[2644]: E95CB8C146: to=<communication@cae-acq.ccemails.com>, relay=smtp1.emv2.com[81.92.115.245], delay=1, status=sent (250 2.0.0 Ok: queued as 264497FC3)
Dec 31 09:42:12 ec1.ccti.ull.es postfix/qmgr[30207]: E95CB8C146: removed
Dec 31 09:42:13 ec1.ccti.ull.es postfix/smtpd[692]: connect from mp01.ccti.ull.es[10.4.9.101]
Dec 31 09:42:13 ec1.ccti.ull.es postfix/smtpd[692]: 6753D8C134: client=mp01.ccti.ull.es[10.4.9.101]
Dec 31 09:42:13 ec1.ccti.ull.es postfix/cleanup[2643]: 6753D8C134: message-id=<210208880.49215.1293787995406@p2enginer1.emv2.com>
Dec 31 09:42:13 ec1.ccti.ull.es postfix/smtpd[692]: disconnect from mp01.ccti.ull.es[10.4.9.101]
Dec 31 09:42:13 ec1.ccti.ull.es postfix/qmgr[30207]: 6753D8C134: from=<communication@cae-acq.ccemails.com>, size=8436, nrcpt=1 (queue active)
Dec 31 09:42:13 ec1.ccti.ull.es postfix/smtpd[2642]: connect from localhost.localdomain[127.0.0.1]
Dec 31 09:42:13 ec1.ccti.ull.es postfix/smtpd[2642]: 79E118C146: client=localhost.localdomain[127.0.0.1]
Dec 31 09:42:13 ec1.ccti.ull.es postfix/cleanup[2643]: 79E118C146: message-id=<210208880.49215.1293787995406@p2enginer1.emv2.com>
Dec 31 09:42:13 ec1.ccti.ull.es postfix/qmgr[30207]: 79E118C146: from=<communication@cae-acq.ccemails.com>, size=8625, nrcpt=1 (queue active)
Dec 31 09:42:13 ec1.ccti.ull.es postfix/smtp[2680]: 6753D8C134: to=<mdgarciaroman@gmail.com>, relay=localhost[127.0.0.1], delay=0, status=sent (250 Ok: queued as 79E118C146)
Dec 31 09:42:13 ec1.ccti.ull.es postfix/qmgr[30207]: 6753D8C134: removed
Dec 31 09:42:13 ec1.ccti.ull.es postfix/smtpd[2642]: disconnect from localhost.localdomain[127.0.0.1]
Dec 31 09:42:14 ec1.ccti.ull.es postfix/smtp[2644]: certificate peer name verification failed for gmail-smtp-in.l.google.com: CommonName mis-match: mx.google.com
Dec 31 09:42:14 ec1.ccti.ull.es postfix/smtp[2644]: 79E118C146: to=<mdgarciaroman@gmail.com>, relay=gmail-smtp-in.l.google.com[209.85.229.27], delay=1, status=sent (250 2.0.0 OK 1293788525 b3si22785570wer.156)
Dec 31 09:42:14 ec1.ccti.ull.es postfix/qmgr[30207]: 79E118C146: removed
Dec 31 09:42:24 ec1.ccti.ull.es postfix/smtpd[27264]: connect from mp01.ccti.ull.es[10.4.9.101]
Dec 31 09:42:24 ec1.ccti.ull.es postfix/smtpd[27264]: 788958C134: client=mp01.ccti.ull.es[10.4.9.101]
Dec 31 09:42:24 ec1.ccti.ull.es postfix/cleanup[2643]: 788958C134: message-id=<210220957.49215.1293788028931@p2enginer1.emv2.com>
Dec 31 09:42:24 ec1.ccti.ull.es postfix/smtpd[27264]: disconnect from mp01.ccti.ull.es[10.4.9.101]
Dec 31 09:42:24 ec1.ccti.ull.es postfix/qmgr[30207]: 788958C134: from=<communication@cae-acq.ccemails.com>, size=8436, nrcpt=1 (queue active)
Dec 31 09:42:24 ec1.ccti.ull.es postfix/smtpd[2642]: connect from localhost.localdomain[127.0.0.1]
Dec 31 09:42:24 ec1.ccti.ull.es postfix/smtpd[2642]: 899528C146: client=localhost.localdomain[127.0.0.1]
